tsan_compiler.sh: using /opt/tsan-llvm/bin/clang (clang version 19.0.0git (https://github.com/focs-lab/llvm-project f3deebfbab602f4e05289e0acbde0efd06b8058c)) [frozen copy, TSAN_AUDIT_HASH=f3deebfbab60]
==> Running in test-only mode.
./redis.sh: line 246: warning: setlocale: LC_ALL: cannot change locale (en_US.UTF-8): No such file or directory
==> Checking for pre-existing redis-server processes before running benchmarks.
==> Switching to polygon directory for tests.
==> Testing orig
PING_INLINE 3498069.75
PING_MBULK 4904157.00
SET 3031660.50
GET 3877705.75
INCR 3691690.00
RPUSH 2874850.75
LPOP 2416541.00
RPOP 4486314.00
SADD 3426191.75
HSET 2393416.25
SPOP 4168533.50
ZADD 2366830.75
ZPOPMIN 4066861.75
LPUSH 2648751.25
LRANGE_100 123854.16
LRANGE_300 39793.77
LRANGE_500 23446.51
LRANGE_600 18493.90
MSET 489597.09
==> Found running redis-server process(es): 7766
==> Stopping redis-server with SIGTERM
==> redis-server stopped gracefully.
==> Script finished successfully. All results are in __results_redis__
