tsan_compiler.sh: ignoring LLVM_ROOT_PATH=/home/alexey/dev/llvm-project/llvm/build (not the TSan prototype tree)
tsan_compiler.sh: using /home/alexey/dev/llvm-project-focs-lab/llvm/build/bin/clang (clang version 19.0.0git (https://github.com/focs-lab/llvm-project 729521af89653b1bac211c03203ab160d5cb71d0))
==> Running in test-only mode.
==> Checking for pre-existing redis-server processes before running benchmarks.
==> Switching to polygon directory for tests.
==> Testing orig
PING_INLINE 3877705.75
PING_MBULK 5716846.00
SET 3013397.75
GET 3803984.75
INCR 3970031.75
RPUSH 2908279.00
LPOP 2464157.75
RPOP 4589211.00
SADD 3414498.25
HSET 2526383.75
SPOP 4880234.00
ZADD 2310503.50
ZPOPMIN 4547491.00
LPUSH 2682166.25
LRANGE_100 131789.98
LRANGE_300 39620.16
LRANGE_500 23178.90
LRANGE_600 18418.18
MSET 480228.59
==> Found running redis-server process(es): 64680
==> Stopping redis-server with SIGTERM
==> redis-server stopped gracefully.
==> Script finished successfully. All results are in __results_redis__
