tsan_compiler.sh: ignoring LLVM_ROOT_PATH=/home/alexey/dev/llvm-project/llvm/build (not the TSan prototype tree)
tsan_compiler.sh: using /home/alexey/dev/llvm-project-focs-lab/llvm/build/bin/clang (clang version 19.0.0git (https://github.com/focs-lab/llvm-project 729521af89653b1bac211c03203ab160d5cb71d0))
==> Running in test-only mode.
==> Checking for pre-existing redis-server processes before running benchmarks.
==> Switching to polygon directory for tests.
==> Testing lo
PING_INLINE 495762.16
PING_MBULK 833012.50
SET 341333.34
GET 423559.69
INCR 427724.66
RPUSH 260919.91
LPOP 239706.14
RPOP 492104.28
SADD 358326.62
HSET 275757.44
SPOP 510954.06
ZADD 300705.75
ZPOPMIN 497735.31
LPUSH 222618.61
LRANGE_100 23710.60
LRANGE_300 8595.94
LRANGE_500 5273.05
LRANGE_600 4351.66
MSET 62506.23
==> Found running redis-server process(es): 2152441
==> Stopping redis-server with SIGTERM
==> redis-server stopped gracefully.
==> Script finished successfully. All results are in __results_redis__
