tsan_compiler.sh: ignoring LLVM_ROOT_PATH=/home/alexey/dev/llvm-project/llvm/build (not the TSan prototype tree)
tsan_compiler.sh: using /home/alexey/dev/llvm-project-focs-lab/llvm/build/bin/clang (clang version 19.0.0git (https://github.com/focs-lab/llvm-project 729521af89653b1bac211c03203ab160d5cb71d0))
==> Running in test-only mode.
==> Checking for pre-existing redis-server processes before running benchmarks.
==> Switching to polygon directory for tests.
==> Testing ea
PING_INLINE 501980.94
PING_MBULK 785281.00
SET 351157.59
GET 429745.69
INCR 429561.19
RPUSH 274095.34
LPOP 235067.67
RPOP 481447.53
SADD 371499.44
HSET 275985.66
SPOP 507841.62
ZADD 289397.75
ZPOPMIN 549696.69
LPUSH 222519.58
LRANGE_100 25698.68
LRANGE_300 8726.02
LRANGE_500 5367.92
LRANGE_600 4425.47
MSET 64398.09
==> Found running redis-server process(es): 2069976
==> Stopping redis-server with SIGTERM
==> redis-server stopped gracefully.
==> Script finished successfully. All results are in __results_redis__
