tsan_compiler.sh: using /opt/tsan-llvm/bin/clang (clang version 19.0.0git (https://github.com/focs-lab/llvm-project f3deebfbab602f4e05289e0acbde0efd06b8058c)) [frozen copy, TSAN_AUDIT_HASH=f3deebfbab60]
==> Running in test-only mode.
./redis.sh: line 246: warning: setlocale: LC_ALL: cannot change locale (en_US.UTF-8): No such file or directory
==> Checking for pre-existing redis-server processes before running benchmarks.
==> Switching to polygon directory for tests.
==> Testing tsan
PING_INLINE 448430.31
PING_MBULK 698636.88
SET 318107.47
GET 391105.53
INCR 413237.50
RPUSH 237129.19
LPOP 220995.81
RPOP 440726.00
SADD 359098.34
HSET 261009.14
SPOP 501477.69
ZADD 290997.09
ZPOPMIN 484243.97
LPUSH 205811.14
LRANGE_100 23499.08
LRANGE_300 8570.54
LRANGE_500 5197.73
LRANGE_600 4323.79
MSET 57652.07
==> Found running redis-server process(es): 13347
==> Stopping redis-server with SIGTERM
==> redis-server stopped gracefully.
==> Script finished successfully. All results are in __results_redis__
