jq found, will generate JSON output to /home/alexey/tsan-experiments/tools/perf/results/nofe-d3bf9f8c39fe/ffmpeg/tsan-sound-nofe/run4/summary.json.
--- FFmpeg Benchmark Start (using /usr/bin/time) ---
Builds to test: ffmpeg-tsan-sound-nofe
Video file: ./input/WatchingEyeTexture.mkv
Runs per test: 1

--- Benchmarking: Codec [h264_libx264], Build [ffmpeg-tsan-sound-nofe] ---

[96;1mffmpeg-tsan-sound-nofe/bin/ffmpeg -hide_banner -i "./input/WatchingEyeTexture.mkv" -threads 4 -y -c:v libx264 -preset medium -crf 23  -loglevel error /dev/shm/out.mp4[0m

  Run 1/1... OK (Time: 48.32s, Mem: 578660KB)
  Results: Time(avg±std): 48.3200s ± 0s | Mem(peak): 578660KB | Runs: 1/1
--------------------------------------------------------

--- Benchmarking: Codec [copy_passthrough], Build [ffmpeg-tsan-sound-nofe] ---

[96;1mffmpeg-tsan-sound-nofe/bin/ffmpeg -hide_banner -i "./input/WatchingEyeTexture.mkv" -threads 4 -y -c:v copy -c:a copy  -loglevel error /dev/shm/out.mkv[0m

  Run 1/1... OK (Time: 0.71s, Mem: 79172KB)
  Results: Time(avg±std): .7100s ± 0s | Mem(peak): 79172KB | Runs: 1/1
--------------------------------------------------------

--- Benchmarking: Codec [mjpeg], Build [ffmpeg-tsan-sound-nofe] ---

[96;1mffmpeg-tsan-sound-nofe/bin/ffmpeg -hide_banner -i "./input/WatchingEyeTexture.mkv" -threads 4 -y -c:v mjpeg -pix_fmt yuvj420p -q:v 2  -loglevel error /dev/shm/out.avi[0m

  Run 1/1... OK (Time: 25.81s, Mem: 423184KB)
  Results: Time(avg±std): 25.8100s ± 0s | Mem(peak): 423184KB | Runs: 1/1
--------------------------------------------------------

--- Benchmarking: Codec [h265_libx265], Build [ffmpeg-tsan-sound-nofe] ---

[96;1mffmpeg-tsan-sound-nofe/bin/ffmpeg -hide_banner -i "./input/WatchingEyeTexture.mkv" -threads 4 -y -c:v libx265 -preset medium -crf 28 -tag:v hvc1  -loglevel error /dev/shm/out.mp4[0m

  Run 1/1... OK (Time: 54.73s, Mem: 1651608KB)
  Results: Time(avg±std): 54.7300s ± 0s | Mem(peak): 1651608KB | Runs: 1/1
--------------------------------------------------------

JSON results have been finalized in /home/alexey/tsan-experiments/tools/perf/results/nofe-d3bf9f8c39fe/ffmpeg/tsan-sound-nofe/run4/summary.json
Benchmark finished. CSV results are in /home/alexey/tsan-experiments/tools/perf/results/nofe-d3bf9f8c39fe/ffmpeg/tsan-sound-nofe/run4/summary.csv
