jq found, will generate JSON output to /home/alexey/tsan-experiments/tools/perf/results/stageB-d3bf9f8c39fe/ffmpeg/tsan-swmr/run1/summary.json.
--- FFmpeg Benchmark Start (using /usr/bin/time) ---
Builds to test: ffmpeg-tsan-swmr
Video file: ./input/WatchingEyeTexture.mkv
Runs per test: 1

--- Benchmarking: Codec [h264_libx264], Build [ffmpeg-tsan-swmr] ---

[96;1mffmpeg-tsan-swmr/bin/ffmpeg -hide_banner -i "./input/WatchingEyeTexture.mkv" -threads 4 -y -c:v libx264 -preset medium -crf 23  -loglevel error /dev/shm/out.mp4[0m

  Run 1/1... OK (Time: 42.8s, Mem: 577620KB)
  Results: Time(avg±std): 42.8000s ± 0s | Mem(peak): 577620KB | Runs: 1/1
--------------------------------------------------------

--- Benchmarking: Codec [copy_passthrough], Build [ffmpeg-tsan-swmr] ---

[96;1mffmpeg-tsan-swmr/bin/ffmpeg -hide_banner -i "./input/WatchingEyeTexture.mkv" -threads 4 -y -c:v copy -c:a copy  -loglevel error /dev/shm/out.mkv[0m

  Run 1/1... OK (Time: 0.68s, Mem: 81384KB)
  Results: Time(avg±std): .6800s ± 0s | Mem(peak): 81384KB | Runs: 1/1
--------------------------------------------------------

--- Benchmarking: Codec [mjpeg], Build [ffmpeg-tsan-swmr] ---

[96;1mffmpeg-tsan-swmr/bin/ffmpeg -hide_banner -i "./input/WatchingEyeTexture.mkv" -threads 4 -y -c:v mjpeg -pix_fmt yuvj420p -q:v 2  -loglevel error /dev/shm/out.avi[0m

  Run 1/1... OK (Time: 23.92s, Mem: 425808KB)
  Results: Time(avg±std): 23.9200s ± 0s | Mem(peak): 425808KB | Runs: 1/1
--------------------------------------------------------

--- Benchmarking: Codec [h265_libx265], Build [ffmpeg-tsan-swmr] ---

[96;1mffmpeg-tsan-swmr/bin/ffmpeg -hide_banner -i "./input/WatchingEyeTexture.mkv" -threads 4 -y -c:v libx265 -preset medium -crf 28 -tag:v hvc1  -loglevel error /dev/shm/out.mp4[0m

  Run 1/1... OK (Time: 51.5s, Mem: 1646692KB)
  Results: Time(avg±std): 51.5000s ± 0s | Mem(peak): 1646692KB | Runs: 1/1
--------------------------------------------------------

JSON results have been finalized in /home/alexey/tsan-experiments/tools/perf/results/stageB-d3bf9f8c39fe/ffmpeg/tsan-swmr/run1/summary.json
Benchmark finished. CSV results are in /home/alexey/tsan-experiments/tools/perf/results/stageB-d3bf9f8c39fe/ffmpeg/tsan-swmr/run1/summary.csv
