tsan_compiler.sh: using /opt/tsan-llvm/bin/clang (clang version 19.0.0git (https://github.com/focs-lab/llvm-project f3deebfbab602f4e05289e0acbde0efd06b8058c)) [frozen copy, TSAN_AUDIT_HASH=f3deebfbab60]
==> Running in test-only mode.
./redis.sh: line 246: warning: setlocale: LC_ALL: cannot change locale (en_US.UTF-8): No such file or directory
==> Checking for pre-existing redis-server processes before running benchmarks.
==> Switching to polygon directory for tests.
==> Testing tsan
PING_INLINE 490656.19
PING_MBULK 800999.25
SET 346035.12
GET 450130.97
INCR 415515.19
RPUSH 277236.66
LPOP 268688.22
RPOP 546048.62
SADD 254975.34
HSET 194162.08
SPOP 349607.38
ZADD 264280.09
ZPOPMIN 500488.75
LPUSH 243359.39
LRANGE_100 28881.33
LRANGE_300 10388.28
LRANGE_500 4389.85
LRANGE_600 3507.64
MSET 62963.19
==> Found running redis-server process(es): 23105
==> Stopping redis-server with SIGTERM
==> redis-server stopped gracefully.
==> Script finished successfully. All results are in __results_redis__
