tsan_compiler.sh: ignoring LLVM_ROOT_PATH=/home/alexey/dev/llvm-project/llvm/build (not the TSan prototype tree)
tsan_compiler.sh: using /home/alexey/dev/llvm-project-focs-lab/llvm/build/bin/clang (clang version 19.0.0git (https://github.com/focs-lab/llvm-project 729521af89653b1bac211c03203ab160d5cb71d0))
==> Running in test-only mode.
==> Checking for pre-existing redis-server processes before running benchmarks.
==> Switching to polygon directory for tests.
==> Testing sound
PING_INLINE 492346.44
PING_MBULK 792120.31
SET 331713.53
GET 430670.69
INCR 447828.12
RPUSH 273048.03
LPOP 244728.00
RPOP 488738.66
SADD 376674.72
HSET 285434.50
SPOP 527106.44
ZADD 322517.09
ZPOPMIN 508616.16
LPUSH 236010.39
LRANGE_100 24350.55
LRANGE_300 8859.64
LRANGE_500 5444.85
LRANGE_600 4474.32
MSET 60113.23
==> Found running redis-server process(es): 2597572
==> Stopping redis-server with SIGTERM
==> redis-server stopped gracefully.
==> Script finished successfully. All results are in __results_redis__
