tsan_compiler.sh: using /opt/tsan-llvm/bin/clang (clang version 19.0.0git (https://github.com/focs-lab/llvm-project f3deebfbab602f4e05289e0acbde0efd06b8058c)) [frozen copy, TSAN_AUDIT_HASH=f3deebfbab60]
==> Running in test-only mode.
./redis.sh: line 246: warning: setlocale: LC_ALL: cannot change locale (en_US.UTF-8): No such file or directory
==> Checking for pre-existing redis-server processes before running benchmarks.
==> Switching to polygon directory for tests.
==> Testing dom_peeling-ea-lo-st-swmr
PING_INLINE 480089.28
PING_MBULK 749399.25
SET 383660.34
GET 484747.25
INCR 464093.47
RPUSH 293219.28
LPOP 270766.66
RPOP 540490.56
SADD 428254.31
HSET 332510.12
SPOP 573651.38
ZADD 340069.94
ZPOPMIN 448832.66
LPUSH 185577.62
LRANGE_100 16401.47
LRANGE_300 7129.34
LRANGE_500 5427.75
LRANGE_600 5316.63
MSET 74573.92
==> Found running redis-server process(es): 15237
==> Stopping redis-server with SIGTERM
==> redis-server stopped gracefully.
==> Script finished successfully. All results are in __results_redis__
