redis orig run1 rc=0 20.7s outside_busy=0.0026 inside_busy=0.0394 foreign_cpu_share=0.0046
redis tsan run1 rc=0 81.0s outside_busy=0.0035 inside_busy=0.1963 foreign_cpu_share=0.0055
redis tsan-sound run1 rc=0 78.8s outside_busy=0.005 inside_busy=0.1964 foreign_cpu_share=0.0075
redis tsan-dom-ea-lo-st-swmr run1 rc=0 78.5s outside_busy=0.0047 inside_busy=0.1951 foreign_cpu_share=0.0072
redis tsan-dom_peeling-ea-lo-st-swmr run1 rc=0 78.9s outside_busy=0.0042 inside_busy=0.1907 foreign_cpu_share=0.0063
redis tsan-dom_peeling-ea-lo-st-swmr-wp run1 rc=0 76.9s outside_busy=0.0045 inside_busy=0.1874 foreign_cpu_share=0.007
redis tsan-st run1 rc=0 79.0s outside_busy=0.0044 inside_busy=0.1993 foreign_cpu_share=0.0068
redis tsan-stmt run1 rc=0 82.8s outside_busy=0.0036 inside_busy=0.1925 foreign_cpu_share=0.0057
redis tsan-swmr run1 rc=0 78.1s outside_busy=0.0029 inside_busy=0.2002 foreign_cpu_share=0.0044
redis tsan-lo run1 rc=0 78.7s outside_busy=0.003 inside_busy=0.2058 foreign_cpu_share=0.0045
redis tsan-ea run1 rc=0 78.7s outside_busy=0.0029 inside_busy=0.1934 foreign_cpu_share=0.0044
redis tsan-dom run1 rc=0 77.0s outside_busy=0.0028 inside_busy=0.1802 foreign_cpu_share=0.0043
redis tsan-dom_peeling run1 rc=0 77.0s outside_busy=0.0029 inside_busy=0.1866 foreign_cpu_share=0.0043
redis tsan-sound-wp run1 rc=0 79.3s outside_busy=0.0028 inside_busy=0.2043 foreign_cpu_share=0.0044
redis orig run2 rc=0 20.6s outside_busy=0.003 inside_busy=0.0418 foreign_cpu_share=0.0047
redis tsan run2 rc=0 78.1s outside_busy=0.0029 inside_busy=0.1861 foreign_cpu_share=0.0044
redis tsan-sound run2 rc=0 79.0s outside_busy=0.0028 inside_busy=0.1976 foreign_cpu_share=0.0043
redis tsan-dom-ea-lo-st-swmr run2 rc=0 77.3s outside_busy=0.0027 inside_busy=0.1885 foreign_cpu_share=0.0042
redis tsan-dom_peeling-ea-lo-st-swmr run2 rc=0 78.4s outside_busy=0.003 inside_busy=0.1964 foreign_cpu_share=0.0042
redis tsan-dom_peeling-ea-lo-st-swmr-wp run2 rc=0 77.1s outside_busy=0.0028 inside_busy=0.1863 foreign_cpu_share=0.0042
redis tsan-st run2 rc=0 79.6s outside_busy=0.0028 inside_busy=0.1963 foreign_cpu_share=0.0042
redis tsan-stmt run2 rc=0 81.2s outside_busy=0.0028 inside_busy=0.1938 foreign_cpu_share=0.0044
redis tsan-swmr run2 rc=0 78.8s outside_busy=0.0026 inside_busy=0.1966 foreign_cpu_share=0.0041
redis tsan-lo run2 rc=0 78.8s outside_busy=0.0029 inside_busy=0.1885 foreign_cpu_share=0.0042
redis tsan-ea run2 rc=0 78.1s outside_busy=0.0028 inside_busy=0.1949 foreign_cpu_share=0.0042
redis tsan-dom run2 rc=0 77.3s outside_busy=0.0028 inside_busy=0.1851 foreign_cpu_share=0.0043
redis tsan-dom_peeling run2 rc=0 79.0s outside_busy=0.0027 inside_busy=0.1984 foreign_cpu_share=0.004
redis tsan-sound-wp run2 rc=0 77.1s outside_busy=0.0026 inside_busy=0.1888 foreign_cpu_share=0.0042
redis orig run3 rc=0 20.6s outside_busy=0.0028 inside_busy=0.0377 foreign_cpu_share=0.0043
redis tsan run3 rc=0 80.1s outside_busy=0.0027 inside_busy=0.2038 foreign_cpu_share=0.0043
redis tsan-sound run3 rc=0 78.1s outside_busy=0.0026 inside_busy=0.1917 foreign_cpu_share=0.0042
redis tsan-dom-ea-lo-st-swmr run3 rc=0 78.6s outside_busy=0.0028 inside_busy=0.2002 foreign_cpu_share=0.0042
redis tsan-dom_peeling-ea-lo-st-swmr run3 rc=0 77.8s outside_busy=0.0027 inside_busy=0.1855 foreign_cpu_share=0.0041
redis tsan-dom_peeling-ea-lo-st-swmr-wp run3 rc=0 76.8s outside_busy=0.0024 inside_busy=0.1943 foreign_cpu_share=0.0043
redis tsan-st run3 rc=0 78.0s outside_busy=0.0027 inside_busy=0.1935 foreign_cpu_share=0.0041
redis tsan-stmt run3 rc=0 80.9s outside_busy=0.0027 inside_busy=0.188 foreign_cpu_share=0.0043
redis tsan-swmr run3 rc=0 77.9s outside_busy=0.0027 inside_busy=0.1919 foreign_cpu_share=0.0043
redis tsan-lo run3 rc=0 78.3s outside_busy=0.0025 inside_busy=0.1934 foreign_cpu_share=0.0042
redis tsan-ea run3 rc=0 79.1s outside_busy=0.003 inside_busy=0.202 foreign_cpu_share=0.0046
redis tsan-dom run3 rc=0 78.3s outside_busy=0.0028 inside_busy=0.1926 foreign_cpu_share=0.0043
redis tsan-dom_peeling run3 rc=0 77.4s outside_busy=0.0029 inside_busy=0.1965 foreign_cpu_share=0.0042
redis tsan-sound-wp run3 rc=0 77.6s outside_busy=0.0027 inside_busy=0.1912 foreign_cpu_share=0.0044
redis orig run4 rc=0 15.6s outside_busy=0.0031 inside_busy=0.0528 foreign_cpu_share=0.0044
redis tsan run4 rc=0 78.1s outside_busy=0.0027 inside_busy=0.1943 foreign_cpu_share=0.0041
redis tsan-sound run4 rc=0 79.5s outside_busy=0.0029 inside_busy=0.1876 foreign_cpu_share=0.0042
redis tsan-dom-ea-lo-st-swmr run4 rc=0 78.8s outside_busy=0.0028 inside_busy=0.1997 foreign_cpu_share=0.0043
redis tsan-dom_peeling-ea-lo-st-swmr run4 rc=0 77.9s outside_busy=0.0028 inside_busy=0.1934 foreign_cpu_share=0.0043
redis tsan-dom_peeling-ea-lo-st-swmr-wp run4 rc=0 77.2s outside_busy=0.0028 inside_busy=0.1934 foreign_cpu_share=0.0042
redis tsan-st run4 rc=0 78.4s outside_busy=0.0028 inside_busy=0.1844 foreign_cpu_share=0.0042
redis tsan-stmt run4 rc=0 81.4s outside_busy=0.0026 inside_busy=0.1884 foreign_cpu_share=0.0042
redis tsan-swmr run4 rc=0 78.5s outside_busy=0.0025 inside_busy=0.1983 foreign_cpu_share=0.0041
redis tsan-lo run4 rc=0 78.5s outside_busy=0.0029 inside_busy=0.192 foreign_cpu_share=0.0046
redis tsan-ea run4 rc=0 78.5s outside_busy=0.0027 inside_busy=0.19 foreign_cpu_share=0.0042
redis tsan-dom run4 rc=0 76.9s outside_busy=0.0027 inside_busy=0.1925 foreign_cpu_share=0.0042
redis tsan-dom_peeling run4 rc=0 77.5s outside_busy=0.0026 inside_busy=0.1908 foreign_cpu_share=0.0043
redis tsan-sound-wp run4 rc=0 79.0s outside_busy=0.0034 inside_busy=0.1909 foreign_cpu_share=0.0052
redis orig run5 rc=0 20.6s outside_busy=0.003 inside_busy=0.0419 foreign_cpu_share=0.0047
redis tsan run5 rc=0 78.3s outside_busy=0.0029 inside_busy=0.1974 foreign_cpu_share=0.0045
redis tsan-sound run5 rc=0 79.1s outside_busy=0.0029 inside_busy=0.1954 foreign_cpu_share=0.0044
redis tsan-dom-ea-lo-st-swmr run5 rc=0 78.1s outside_busy=0.0027 inside_busy=0.198 foreign_cpu_share=0.0041
redis tsan-dom_peeling-ea-lo-st-swmr run5 rc=0 77.2s outside_busy=0.0026 inside_busy=0.1854 foreign_cpu_share=0.0041
redis tsan-dom_peeling-ea-lo-st-swmr-wp run5 rc=0 77.0s outside_busy=0.0028 inside_busy=0.1949 foreign_cpu_share=0.0042
redis tsan-st run5 rc=0 77.7s outside_busy=0.0029 inside_busy=0.1814 foreign_cpu_share=0.0045
redis tsan-stmt run5 rc=0 81.7s outside_busy=0.0028 inside_busy=0.1912 foreign_cpu_share=0.0043
redis tsan-swmr run5 rc=0 78.5s outside_busy=0.0029 inside_busy=0.1892 foreign_cpu_share=0.0043
redis tsan-lo run5 rc=0 78.1s outside_busy=0.0029 inside_busy=0.1922 foreign_cpu_share=0.0042
redis tsan-ea run5 rc=0 78.5s outside_busy=0.0027 inside_busy=0.1919 foreign_cpu_share=0.0041
redis tsan-dom run5 rc=0 78.2s outside_busy=0.0026 inside_busy=0.1948 foreign_cpu_share=0.004
redis tsan-dom_peeling run5 rc=0 78.5s outside_busy=0.0027 inside_busy=0.1896 foreign_cpu_share=0.0044
redis tsan-sound-wp run5 rc=0 77.6s outside_busy=0.0028 inside_busy=0.1976 foreign_cpu_share=0.0044
DONE redis
