tsan_compiler.sh: ignoring LLVM_ROOT_PATH=/home/alexey/dev/llvm-project/llvm/build (not the TSan prototype tree)
tsan_compiler.sh: using /home/alexey/dev/llvm-project-focs-lab/llvm/build/bin/clang (clang version 19.0.0git (https://github.com/focs-lab/llvm-project 729521af89653b1bac211c03203ab160d5cb71d0))
==> Running in test-only mode.
==> Checking for pre-existing redis-server processes before running benchmarks.
==> Switching to polygon directory for tests.
==> Testing dom_peeling-ea-lo-st-swmr
PING_INLINE 533572.25
PING_MBULK 844259.94
SET 381413.66
GET 484713.22
INCR 481215.97
RPUSH 303257.97
LPOP 278056.69
RPOP 529617.75
SADD 405367.91
HSET 311084.56
SPOP 609286.25
ZADD 311957.59
ZPOPMIN 523794.78
LPUSH 259856.62
LRANGE_100 29229.05
LRANGE_300 10114.22
LRANGE_500 6186.15
LRANGE_600 5196.33
MSET 70094.68
==> Found running redis-server process(es): 535390
==> Stopping redis-server with SIGTERM
==> redis-server stopped gracefully.
==> Script finished successfully. All results are in __results_redis__
