jq found, will generate JSON output to /home/alexey/tsan-experiments/tools/perf/results/contention-d3bf9f8c39fe/ffmpeg-t8/ffmpeg/tsan-stmt/run2/summary.json.
--- FFmpeg Benchmark Start (using /usr/bin/time) ---
Builds to test: ffmpeg-tsan-stmt
Video file: ./input/WatchingEyeTexture.mkv
Runs per test: 1

--- Benchmarking: Codec [h264_libx264], Build [ffmpeg-tsan-stmt] ---

[96;1mffmpeg-tsan-stmt/bin/ffmpeg -hide_banner -i "./input/WatchingEyeTexture.mkv" -threads 8 -y -c:v libx264 -preset medium -crf 23  -loglevel error /dev/shm/out.mp4[0m

  Run 1/1... OK (Time: 26.52s, Mem: 641756KB)
  Results: Time(avg±std): 26.5200s ± 0s | Mem(peak): 641756KB | Runs: 1/1
--------------------------------------------------------

--- Benchmarking: Codec [copy_passthrough], Build [ffmpeg-tsan-stmt] ---

[96;1mffmpeg-tsan-stmt/bin/ffmpeg -hide_banner -i "./input/WatchingEyeTexture.mkv" -threads 8 -y -c:v copy -c:a copy  -loglevel error /dev/shm/out.mkv[0m

  Run 1/1... OK (Time: 0.47s, Mem: 82168KB)
  Results: Time(avg±std): .4700s ± 0s | Mem(peak): 82168KB | Runs: 1/1
--------------------------------------------------------

--- Benchmarking: Codec [mjpeg], Build [ffmpeg-tsan-stmt] ---

[96;1mffmpeg-tsan-stmt/bin/ffmpeg -hide_banner -i "./input/WatchingEyeTexture.mkv" -threads 8 -y -c:v mjpeg -pix_fmt yuvj420p -q:v 2  -loglevel error /dev/shm/out.avi[0m

  Run 1/1... OK (Time: 17.72s, Mem: 560632KB)
  Results: Time(avg±std): 17.7200s ± 0s | Mem(peak): 560632KB | Runs: 1/1
--------------------------------------------------------

--- Benchmarking: Codec [h265_libx265], Build [ffmpeg-tsan-stmt] ---

[96;1mffmpeg-tsan-stmt/bin/ffmpeg -hide_banner -i "./input/WatchingEyeTexture.mkv" -threads 8 -y -c:v libx265 -preset medium -crf 28 -tag:v hvc1  -loglevel error /dev/shm/out.mp4[0m

  Run 1/1... OK (Time: 52.85s, Mem: 1860736KB)
  Results: Time(avg±std): 52.8500s ± 0s | Mem(peak): 1860736KB | Runs: 1/1
--------------------------------------------------------

JSON results have been finalized in /home/alexey/tsan-experiments/tools/perf/results/contention-d3bf9f8c39fe/ffmpeg-t8/ffmpeg/tsan-stmt/run2/summary.json
Benchmark finished. CSV results are in /home/alexey/tsan-experiments/tools/perf/results/contention-d3bf9f8c39fe/ffmpeg-t8/ffmpeg/tsan-stmt/run2/summary.csv
