tsan_compiler.sh: ignoring LLVM_ROOT_PATH=/home/alexey/dev/llvm-project/llvm/build (not the TSan prototype tree)
tsan_compiler.sh: using /home/alexey/dev/llvm-project-focs-lab/llvm/build/bin/clang (clang version 19.0.0git (https://github.com/focs-lab/llvm-project 729521af89653b1bac211c03203ab160d5cb71d0))
==> Running in test-only mode.
==> Checking for pre-existing redis-server processes before running benchmarks.
==> Switching to polygon directory for tests.
==> Testing tsan
PING_INLINE 389751.19
PING_MBULK 690440.31
SET 318933.09
GET 419806.06
INCR 376376.81
RPUSH 235314.25
LPOP 211150.34
RPOP 431239.59
SADD 366923.47
HSET 257607.22
SPOP 434266.31
ZADD 260173.36
ZPOPMIN 440051.59
LPUSH 204290.34
LRANGE_100 21572.15
LRANGE_300 8121.87
LRANGE_500 5048.64
LRANGE_600 4174.22
MSET 56837.07
==> Found running redis-server process(es): 2017152
==> Stopping redis-server with SIGTERM
==> redis-server stopped gracefully.
==> Script finished successfully. All results are in __results_redis__
