tsan_compiler.sh: ignoring LLVM_ROOT_PATH=/home/alexey/dev/llvm-project/llvm/build (not the TSan prototype tree)
tsan_compiler.sh: using /home/alexey/dev/llvm-project-focs-lab/llvm/build/bin/clang (clang version 19.0.0git (https://github.com/focs-lab/llvm-project 729521af89653b1bac211c03203ab160d5cb71d0))
==> Running in test-only mode.
==> Checking for pre-existing redis-server processes before running benchmarks.
==> Switching to polygon directory for tests.
==> Testing yoff
PING_INLINE 486362.69
PING_MBULK 725488.06
SET 353640.16
GET 434977.41
INCR 400179.19
RPUSH 274214.38
LPOP 249301.77
RPOP 501980.94
SADD 371775.56
HSET 320759.22
SPOP 521338.19
ZADD 323246.53
ZPOPMIN 505276.75
LPUSH 234132.47
LRANGE_100 24959.31
LRANGE_300 8978.28
LRANGE_500 5503.96
LRANGE_600 4513.69
MSET 65196.09
==> Found running redis-server process(es): 2593941
==> Stopping redis-server with SIGTERM
==> redis-server stopped gracefully.
==> Script finished successfully. All results are in __results_redis__
