10        Threads
50        Connections per thread
10000     Requests per client


BEST RUN RESULTS
============================================================================================================================
Type         Ops/sec     Hits/sec   Misses/sec    Avg. Latency     p50 Latency     p99 Latency   p99.9 Latency       KB/sec 
----------------------------------------------------------------------------------------------------------------------------
Sets       203025.03          ---          ---         4.86714         4.51100        14.20700        20.60700     13852.08 
Gets      2028019.24         0.00   2028019.24         4.66775         4.31900        13.69500        19.71100     51273.28 
Waits           0.00          ---          ---             ---             ---             ---             ---          --- 
Totals    2231044.27         0.00   2028019.24         4.68589         4.35100        13.69500        19.83900     65125.36 


WORST RUN RESULTS
============================================================================================================================
Type         Ops/sec     Hits/sec   Misses/sec    Avg. Latency     p50 Latency     p99 Latency   p99.9 Latency       KB/sec 
----------------------------------------------------------------------------------------------------------------------------
Sets       118232.27          ---          ---         5.99394         5.43900        17.15100        25.47100      8066.80 
Gets      1181023.49         0.00   1181023.49         5.77024         5.21500        16.51100        23.67900     29859.16 
Waits           0.00          ---          ---             ---             ---             ---             ---          --- 
Totals    1299255.76         0.00   1181023.49         5.79059         5.24700        16.63900        23.80700     37925.96 


AGGREGATED AVERAGE RESULTS (25 runs)
============================================================================================================================
Type         Ops/sec     Hits/sec   Misses/sec    Avg. Latency     p50 Latency     p99 Latency   p99.9 Latency       KB/sec 
----------------------------------------------------------------------------------------------------------------------------
Sets       133439.62          ---          ---         5.46147         4.95900        16.06300        24.95900      9104.38 
Gets      1332929.84         0.00   1332929.84         5.23918         4.76700        15.48700        23.80700     33699.72 
Waits           0.00          ---          ---             ---             ---             ---             ---          --- 
Totals    1466369.46         0.00   1332929.84         5.25941         4.76700        15.55100        23.93500     42804.10 
