10        Threads
50        Connections per thread
10000     Requests per client


BEST RUN RESULTS
============================================================================================================================
Type         Ops/sec     Hits/sec   Misses/sec    Avg. Latency     p50 Latency     p99 Latency   p99.9 Latency       KB/sec 
----------------------------------------------------------------------------------------------------------------------------
Sets       187546.19          ---          ---         4.50880         4.15900        12.86300        20.86300     12795.99 
Gets      1873400.96         0.00   1873400.96         4.33506         3.96700        12.41500        19.07100     47364.15 
Waits           0.00          ---          ---             ---             ---             ---             ---          --- 
Totals    2060947.15         0.00   1873400.96         4.35087         3.98300        12.47900        19.19900     60160.13 


WORST RUN RESULTS
============================================================================================================================
Type         Ops/sec     Hits/sec   Misses/sec    Avg. Latency     p50 Latency     p99 Latency   p99.9 Latency       KB/sec 
----------------------------------------------------------------------------------------------------------------------------
Sets       148506.21          ---          ---         4.83206         4.51100        13.31100        21.75900     10132.35 
Gets      1483430.13         0.00   1483430.13         4.61608         4.28700        12.73500        20.35100     37504.73 
Waits           0.00          ---          ---             ---             ---             ---             ---          --- 
Totals    1631936.34         0.00   1483430.13         4.63574         4.31900        12.79900        20.47900     47637.08 


AGGREGATED AVERAGE RESULTS (25 runs)
============================================================================================================================
Type         Ops/sec     Hits/sec   Misses/sec    Avg. Latency     p50 Latency     p99 Latency   p99.9 Latency       KB/sec 
----------------------------------------------------------------------------------------------------------------------------
Sets       157485.35          ---          ---         4.57180         4.19100        13.05500        22.65500     10744.98 
Gets      1573122.92         0.00   1573122.92         4.38925         4.01500        12.60700        20.86300     39772.39 
Waits           0.00          ---          ---             ---             ---             ---             ---          --- 
Totals    1730608.27         0.00   1573122.92         4.40587         4.03100        12.67100        20.99100     50517.37 
