10        Threads
50        Connections per thread
10000     Requests per client


BEST RUN RESULTS
============================================================================================================================
Type         Ops/sec     Hits/sec   Misses/sec    Avg. Latency     p50 Latency     p99 Latency   p99.9 Latency       KB/sec 
----------------------------------------------------------------------------------------------------------------------------
Sets       171842.98          ---          ---         4.54759         4.15900        12.73500        20.47900     11724.58 
Gets      1716541.42         0.00   1716541.42         4.37758         3.99900        12.28700        18.55900     43398.36 
Waits           0.00          ---          ---             ---             ---             ---             ---          --- 
Totals    1888384.40         0.00   1716541.42         4.39305         4.01500        12.35100        18.68700     55122.94 


WORST RUN RESULTS
============================================================================================================================
Type         Ops/sec     Hits/sec   Misses/sec    Avg. Latency     p50 Latency     p99 Latency   p99.9 Latency       KB/sec 
----------------------------------------------------------------------------------------------------------------------------
Sets       143250.96          ---          ---         5.01763         4.63900        14.84700        24.57500      9773.79 
Gets      1430935.41         0.00   1430935.41         4.77409         4.41500        14.07900        23.03900     36177.54 
Waits           0.00          ---          ---             ---             ---             ---             ---          --- 
Totals    1574186.37         0.00   1430935.41         4.79625         4.41500        14.14300        23.16700     45951.33 


AGGREGATED AVERAGE RESULTS (25 runs)
============================================================================================================================
Type         Ops/sec     Hits/sec   Misses/sec    Avg. Latency     p50 Latency     p99 Latency   p99.9 Latency       KB/sec 
----------------------------------------------------------------------------------------------------------------------------
Sets       154386.76          ---          ---         4.66630         4.28700        13.43900        24.57500     10533.57 
Gets      1542171.00         0.00   1542171.00         4.47796         4.09500        12.92700        22.78300     38989.85 
Waits           0.00          ---          ---             ---             ---             ---             ---          --- 
Totals    1696557.75         0.00   1542171.00         4.49510         4.12700        12.99100        22.91100     49523.42 
