10        Threads
50        Connections per thread
10000     Requests per client


BEST RUN RESULTS
============================================================================================================================
Type         Ops/sec     Hits/sec   Misses/sec    Avg. Latency     p50 Latency     p99 Latency   p99.9 Latency       KB/sec 
----------------------------------------------------------------------------------------------------------------------------
Sets       228185.47          ---          ---         4.50362         4.15900        12.73500        18.81500     15568.74 
Gets      2279347.16         0.00   2279347.16         4.33889         3.98300        12.28700        18.04700     57627.46 
Waits           0.00          ---          ---             ---             ---             ---             ---          --- 
Totals    2507532.63         0.00   2279347.16         4.35388         3.98300        12.35100        18.17500     73196.20 


WORST RUN RESULTS
============================================================================================================================
Type         Ops/sec     Hits/sec   Misses/sec    Avg. Latency     p50 Latency     p99 Latency   p99.9 Latency       KB/sec 
----------------------------------------------------------------------------------------------------------------------------
Sets       145933.01          ---          ---         4.85118         4.47900        13.69500        20.73500      9956.78 
Gets      1457726.42         0.00   1457726.42         4.62944         4.25500        13.05500        19.58300     36854.88 
Waits           0.00          ---          ---             ---             ---             ---             ---          --- 
Totals    1603659.42         0.00   1457726.42         4.64962         4.28700        13.11900        19.71100     46811.66 


AGGREGATED AVERAGE RESULTS (25 runs)
============================================================================================================================
Type         Ops/sec     Hits/sec   Misses/sec    Avg. Latency     p50 Latency     p99 Latency   p99.9 Latency       KB/sec 
----------------------------------------------------------------------------------------------------------------------------
Sets       165885.97          ---          ---         4.52199         4.12700        13.18300        23.55100     11318.14 
Gets      1657036.80         0.00   1657036.80         4.35132         3.96700        12.67100        21.75900     41893.93 
Waits           0.00          ---          ---             ---             ---             ---             ---          --- 
Totals    1822922.77         0.00   1657036.80         4.36685         3.98300        12.73500        21.88700     53212.08 
