10        Threads
50        Connections per thread
10000     Requests per client


BEST RUN RESULTS
============================================================================================================================
Type         Ops/sec     Hits/sec   Misses/sec    Avg. Latency     p50 Latency     p99 Latency   p99.9 Latency       KB/sec 
----------------------------------------------------------------------------------------------------------------------------
Sets       193800.18          ---          ---         4.55988         4.19100        13.05500        28.41500     13222.69 
Gets      1935872.16         0.00   1935872.16         4.37617         3.99900        12.60700        25.34300     48943.57 
Waits           0.00          ---          ---             ---             ---             ---             ---          --- 
Totals    2129672.34         0.00   1935872.16         4.39289         4.01500        12.60700        25.59900     62166.26 


WORST RUN RESULTS
============================================================================================================================
Type         Ops/sec     Hits/sec   Misses/sec    Avg. Latency     p50 Latency     p99 Latency   p99.9 Latency       KB/sec 
----------------------------------------------------------------------------------------------------------------------------
Sets       149050.29          ---          ---         4.81278         4.47900        13.37500        21.24700     10169.47 
Gets      1488864.96         0.00   1488864.96         4.59619         4.25500        12.86300        19.71100     37642.14 
Waits           0.00          ---          ---             ---             ---             ---             ---          --- 
Totals    1637915.25         0.00   1488864.96         4.61590         4.28700        12.86300        19.83900     47811.61 


AGGREGATED AVERAGE RESULTS (25 runs)
============================================================================================================================
Type         Ops/sec     Hits/sec   Misses/sec    Avg. Latency     p50 Latency     p99 Latency   p99.9 Latency       KB/sec 
----------------------------------------------------------------------------------------------------------------------------
Sets       157957.37          ---          ---         4.55487         4.15900        13.11900        23.16700     10777.19 
Gets      1577837.94         0.00   1577837.94         4.37959         3.99900        12.60700        21.24700     39891.59 
Waits           0.00          ---          ---             ---             ---             ---             ---          --- 
Totals    1735795.31         0.00   1577837.94         4.39554         4.01500        12.67100        21.37500     50668.78 
