10        Threads
50        Connections per thread
10000     Requests per client


BEST RUN RESULTS
============================================================================================================================
Type         Ops/sec     Hits/sec   Misses/sec    Avg. Latency     p50 Latency     p99 Latency   p99.9 Latency       KB/sec 
----------------------------------------------------------------------------------------------------------------------------
Sets       201409.24          ---          ---         4.98528         4.63900        14.27100        38.14300     13741.84 
Gets      2011879.16         0.00   2011879.16         4.75117         4.41500        13.69500        35.07100     50865.21 
Waits           0.00          ---          ---             ---             ---             ---             ---          --- 
Totals    2213288.41         0.00   2011879.16         4.77247         4.41500        13.75900        35.07100     64607.06 


WORST RUN RESULTS
============================================================================================================================
Type         Ops/sec     Hits/sec   Misses/sec    Avg. Latency     p50 Latency     p99 Latency   p99.9 Latency       KB/sec 
----------------------------------------------------------------------------------------------------------------------------
Sets       121787.10          ---          ---         5.26385         4.92700        14.27100        26.75100      8309.34 
Gets      1216532.64         0.00   1216532.64         4.99606         4.67100        13.75900        25.21500     30756.91 
Waits           0.00          ---          ---             ---             ---             ---             ---          --- 
Totals    1338319.73         0.00   1216532.64         5.02042         4.70300        13.75900        25.34300     39066.26 


AGGREGATED AVERAGE RESULTS (25 runs)
============================================================================================================================
Type         Ops/sec     Hits/sec   Misses/sec    Avg. Latency     p50 Latency     p99 Latency   p99.9 Latency       KB/sec 
----------------------------------------------------------------------------------------------------------------------------
Sets       147203.01          ---          ---         5.10394         4.76700        14.07900        26.62300     10043.43 
Gets      1470412.48         0.00   1470412.48         4.85485         4.51100        13.50300        24.57500     37175.62 
Waits           0.00          ---          ---             ---             ---             ---             ---          --- 
Totals    1617615.48         0.00   1470412.48         4.87752         4.54300        13.56700        24.70300     47219.05 
