10        Threads
50        Connections per thread
10000     Requests per client


BEST RUN RESULTS
============================================================================================================================
Type         Ops/sec     Hits/sec   Misses/sec    Avg. Latency     p50 Latency     p99 Latency   p99.9 Latency       KB/sec 
----------------------------------------------------------------------------------------------------------------------------
Sets       157195.66          ---          ---         5.14077         4.79900        14.39900        36.35100     10725.22 
Gets      1570229.15         0.00   1570229.15         4.88302         4.54300        13.75900        33.79100     39699.22 
Waits           0.00          ---          ---             ---             ---             ---             ---          --- 
Totals    1727424.80         0.00   1570229.15         4.90648         4.54300        13.82300        34.04700     50424.44 


WORST RUN RESULTS
============================================================================================================================
Type         Ops/sec     Hits/sec   Misses/sec    Avg. Latency     p50 Latency     p99 Latency   p99.9 Latency       KB/sec 
----------------------------------------------------------------------------------------------------------------------------
Sets       131366.97          ---          ---         5.37173         5.05500        14.46300        22.01500      8962.96 
Gets      1312226.08         0.00   1312226.08         5.07587         4.73500        13.75900        20.86300     33176.28 
Waits           0.00          ---          ---             ---             ---             ---             ---          --- 
Totals    1443593.05         0.00   1312226.08         5.10279         4.76700        13.82300        20.99100     42139.24 


AGGREGATED AVERAGE RESULTS (25 runs)
============================================================================================================================
Type         Ops/sec     Hits/sec   Misses/sec    Avg. Latency     p50 Latency     p99 Latency   p99.9 Latency       KB/sec 
----------------------------------------------------------------------------------------------------------------------------
Sets       140392.83          ---          ---         5.13888         4.79900        14.27100        26.75100      9578.79 
Gets      1402385.51         0.00   1402385.51         4.89003         4.54300        13.63100        24.70300     35455.73 
Waits           0.00          ---          ---             ---             ---             ---             ---          --- 
Totals    1542778.34         0.00   1402385.51         4.91268         4.57500        13.69500        24.95900     45034.51 
