10        Threads
50        Connections per thread
10000     Requests per client


BEST RUN RESULTS
============================================================================================================================
Type         Ops/sec     Hits/sec   Misses/sec    Avg. Latency     p50 Latency     p99 Latency   p99.9 Latency       KB/sec 
----------------------------------------------------------------------------------------------------------------------------
Sets       214083.70          ---          ---         4.92169         4.57500        13.31100        29.18300     14606.60 
Gets      2138484.39         0.00   2138484.39         4.69791         4.35100        12.79900        26.75100     54066.10 
Waits           0.00          ---          ---             ---             ---             ---             ---          --- 
Totals    2352568.09         0.00   2138484.39         4.71827         4.38300        12.79900        27.00700     68672.70 


WORST RUN RESULTS
============================================================================================================================
Type         Ops/sec     Hits/sec   Misses/sec    Avg. Latency     p50 Latency     p99 Latency   p99.9 Latency       KB/sec 
----------------------------------------------------------------------------------------------------------------------------
Sets       134210.05          ---          ---         5.36872         5.02300        14.78300        20.35100      9156.94 
Gets      1340625.71         0.00   1340625.71         5.09846         4.73500        14.14300        19.45500     33894.29 
Waits           0.00          ---          ---             ---             ---             ---             ---          --- 
Totals    1474835.76         0.00   1340625.71         5.12305         4.76700        14.20700        19.58300     43051.23 


AGGREGATED AVERAGE RESULTS (25 runs)
============================================================================================================================
Type         Ops/sec     Hits/sec   Misses/sec    Avg. Latency     p50 Latency     p99 Latency   p99.9 Latency       KB/sec 
----------------------------------------------------------------------------------------------------------------------------
Sets       154689.54          ---          ---         4.94060         4.60700        13.75900        24.19100     10554.23 
Gets      1545195.52         0.00   1545195.52         4.71388         4.38300        13.18300        22.39900     39066.31 
Waits           0.00          ---          ---             ---             ---             ---             ---          --- 
Totals    1699885.06         0.00   1545195.52         4.73451         4.41500        13.24700        22.52700     49620.54 
