10        Threads
50        Connections per thread
10000     Requests per client


BEST RUN RESULTS
============================================================================================================================
Type         Ops/sec     Hits/sec   Misses/sec    Avg. Latency     p50 Latency     p99 Latency   p99.9 Latency       KB/sec 
----------------------------------------------------------------------------------------------------------------------------
Sets       176534.01          ---          ---         5.34083         4.99100        14.33500        20.60700     12044.64 
Gets      1763400.19         0.00   1763400.19         5.07166         4.70300        13.75900        19.58300     44583.06 
Waits           0.00          ---          ---             ---             ---             ---             ---          --- 
Totals    1939934.21         0.00   1763400.19         5.09615         4.73500        13.82300        19.58300     56627.70 


WORST RUN RESULTS
============================================================================================================================
Type         Ops/sec     Hits/sec   Misses/sec    Avg. Latency     p50 Latency     p99 Latency   p99.9 Latency       KB/sec 
----------------------------------------------------------------------------------------------------------------------------
Sets       115858.48          ---          ---         5.99264         5.59900        16.19100        24.57500      7904.84 
Gets      1157311.62         0.00   1157311.62         5.61758         5.24700        15.35900        23.16700     29259.66 
Waits           0.00          ---          ---             ---             ---             ---             ---          --- 
Totals    1273170.10         0.00   1157311.62         5.65171         5.27900        15.48700        23.29500     37164.51 


AGGREGATED AVERAGE RESULTS (25 runs)
============================================================================================================================
Type         Ops/sec     Hits/sec   Misses/sec    Avg. Latency     p50 Latency     p99 Latency   p99.9 Latency       KB/sec 
----------------------------------------------------------------------------------------------------------------------------
Sets       133938.79          ---          ---         5.62545         5.24700        15.35900        27.90300      9138.44 
Gets      1337916.03         0.00   1337916.03         5.32096         4.92700        14.71900        25.98300     33825.78 
Waits           0.00          ---          ---             ---             ---             ---             ---          --- 
Totals    1471854.82         0.00   1337916.03         5.34867         4.95900        14.78300        26.11100     42964.22 
