10        Threads
50        Connections per thread
10000     Requests per client


BEST RUN RESULTS
============================================================================================================================
Type         Ops/sec     Hits/sec   Misses/sec    Avg. Latency     p50 Latency     p99 Latency   p99.9 Latency       KB/sec 
----------------------------------------------------------------------------------------------------------------------------
Sets       206784.91          ---          ---         4.54985         4.19100        12.86300        20.22300     14108.61 
Gets      2065576.72         0.00   2065576.72         4.37158         4.03100        12.35100        18.81500     52222.82 
Waits           0.00          ---          ---             ---             ---             ---             ---          --- 
Totals    2272361.63         0.00   2065576.72         4.38780         4.04700        12.41500        18.94300     66331.43 


WORST RUN RESULTS
============================================================================================================================
Type         Ops/sec     Hits/sec   Misses/sec    Avg. Latency     p50 Latency     p99 Latency   p99.9 Latency       KB/sec 
----------------------------------------------------------------------------------------------------------------------------
Sets       151310.73          ---          ---         4.72059         4.38300        13.11900        20.73500     10323.70 
Gets      1511444.58         0.00   1511444.58         4.50799         4.15900        12.47900        19.45500     38213.01 
Waits           0.00          ---          ---             ---             ---             ---             ---          --- 
Totals    1662755.31         0.00   1511444.58         4.52734         4.19100        12.54300        19.58300     48536.70 


AGGREGATED AVERAGE RESULTS (25 runs)
============================================================================================================================
Type         Ops/sec     Hits/sec   Misses/sec    Avg. Latency     p50 Latency     p99 Latency   p99.9 Latency       KB/sec 
----------------------------------------------------------------------------------------------------------------------------
Sets       159474.34          ---          ---         4.51453         4.12700        13.05500        22.01500     10880.69 
Gets      1592990.89         0.00   1592990.89         4.34433         3.96700        12.60700        20.60700     40274.70 
Waits           0.00          ---          ---             ---             ---             ---             ---          --- 
Totals    1752465.23         0.00   1592990.89         4.35982         3.98300        12.67100        20.73500     51155.38 
