10        Threads
50        Connections per thread
10000     Requests per client


BEST RUN RESULTS
============================================================================================================================
Type         Ops/sec     Hits/sec   Misses/sec    Avg. Latency     p50 Latency     p99 Latency   p99.9 Latency       KB/sec 
----------------------------------------------------------------------------------------------------------------------------
Sets       191711.33          ---          ---         5.09443         4.70300        14.59100        25.98300     13080.17 
Gets      1915006.57         0.00   1915006.57         4.86355         4.51100        13.95100        24.83100     48416.04 
Waits           0.00          ---          ---             ---             ---             ---             ---          --- 
Totals    2106717.90         0.00   1915006.57         4.88456         4.51100        14.01500        24.95900     61496.21 


WORST RUN RESULTS
============================================================================================================================
Type         Ops/sec     Hits/sec   Misses/sec    Avg. Latency     p50 Latency     p99 Latency   p99.9 Latency       KB/sec 
----------------------------------------------------------------------------------------------------------------------------
Sets       130727.44          ---          ---         5.36285         4.99100        14.91100        21.11900      8919.33 
Gets      1305837.86         0.00   1305837.86         5.07376         4.70300        14.14300        20.22300     33014.77 
Waits           0.00          ---          ---             ---             ---             ---             ---          --- 
Totals    1436565.30         0.00   1305837.86         5.10007         4.73500        14.20700        20.35100     41934.10 


AGGREGATED AVERAGE RESULTS (25 runs)
============================================================================================================================
Type         Ops/sec     Hits/sec   Misses/sec    Avg. Latency     p50 Latency     p99 Latency   p99.9 Latency       KB/sec 
----------------------------------------------------------------------------------------------------------------------------
Sets       147153.82          ---          ---         5.15339         4.79900        14.52700        24.19100     10040.08 
Gets      1469921.15         0.00   1469921.15         4.90946         4.54300        13.95100        22.78300     37163.19 
Waits           0.00          ---          ---             ---             ---             ---             ---          --- 
Totals    1617074.98         0.00   1469921.15         4.93166         4.57500        14.01500        22.91100     47203.27 
