10        Threads
50        Connections per thread
10000     Requests per client


BEST RUN RESULTS
============================================================================================================================
Type         Ops/sec     Hits/sec   Misses/sec    Avg. Latency     p50 Latency     p99 Latency   p99.9 Latency       KB/sec 
----------------------------------------------------------------------------------------------------------------------------
Sets       221150.01          ---          ---         4.71057         4.31900        13.82300        21.75900     15088.72 
Gets      2209069.87         0.00   2209069.87         4.52154         4.12700        13.24700        20.47900     55850.68 
Waits           0.00          ---          ---             ---             ---             ---             ---          --- 
Totals    2430219.88         0.00   2209069.87         4.53874         4.15900        13.31100        20.60700     70939.40 


WORST RUN RESULTS
============================================================================================================================
Type         Ops/sec     Hits/sec   Misses/sec    Avg. Latency     p50 Latency     p99 Latency   p99.9 Latency       KB/sec 
----------------------------------------------------------------------------------------------------------------------------
Sets       122064.48          ---          ---         5.24512         4.86300        14.52700        26.87900      8328.27 
Gets      1219303.47         0.00   1219303.47         5.00271         4.63900        13.95100        24.95900     30826.97 
Waits           0.00          ---          ---             ---             ---             ---             ---          --- 
Totals    1341367.95         0.00   1219303.47         5.02477         4.67100        14.01500        25.08700     39155.24 


AGGREGATED AVERAGE RESULTS (25 runs)
============================================================================================================================
Type         Ops/sec     Hits/sec   Misses/sec    Avg. Latency     p50 Latency     p99 Latency   p99.9 Latency       KB/sec 
----------------------------------------------------------------------------------------------------------------------------
Sets       152749.19          ---          ---         4.88689         4.51100        13.82300        23.03900     10421.84 
Gets      1525813.32         0.00   1525813.32         4.68004         4.31900        13.31100        21.50300     38576.28 
Waits           0.00          ---          ---             ---             ---             ---             ---          --- 
Totals    1678562.51         0.00   1525813.32         4.69886         4.35100        13.37500        21.63100     48998.12 
