10        Threads
50        Connections per thread
10000     Requests per client


BEST RUN RESULTS
============================================================================================================================
Type         Ops/sec     Hits/sec   Misses/sec    Avg. Latency     p50 Latency     p99 Latency   p99.9 Latency       KB/sec 
----------------------------------------------------------------------------------------------------------------------------
Sets       200526.39          ---          ---         5.09480         4.79900        13.88700        22.65500     13681.61 
Gets      2003060.34         0.00   2003060.34         4.82810         4.51100        13.37500        21.11900     50642.25 
Waits           0.00          ---          ---             ---             ---             ---             ---          --- 
Totals    2203586.73         0.00   2003060.34         4.85237         4.54300        13.43900        21.24700     64323.86 


WORST RUN RESULTS
============================================================================================================================
Type         Ops/sec     Hits/sec   Misses/sec    Avg. Latency     p50 Latency     p99 Latency   p99.9 Latency       KB/sec 
----------------------------------------------------------------------------------------------------------------------------
Sets       123813.03          ---          ---         5.04988         4.73500        13.82300        38.14300      8447.57 
Gets      1236769.69         0.00   1236769.69         4.79188         4.47900        13.24700        36.35100     31268.56 
Waits           0.00          ---          ---             ---             ---             ---             ---          --- 
Totals    1360582.72         0.00   1236769.69         4.81536         4.51100        13.31100        36.60700     39716.13 


AGGREGATED AVERAGE RESULTS (25 runs)
============================================================================================================================
Type         Ops/sec     Hits/sec   Misses/sec    Avg. Latency     p50 Latency     p99 Latency   p99.9 Latency       KB/sec 
----------------------------------------------------------------------------------------------------------------------------
Sets       143379.49          ---          ---         5.21901         4.89500        14.27100        26.23900      9782.56 
Gets      1432219.28         0.00   1432219.28         4.93657         4.60700        13.63100        24.19100     36210.00 
Waits           0.00          ---          ---             ---             ---             ---             ---          --- 
Totals    1575598.77         0.00   1432219.28         4.96227         4.63900        13.69500        24.44700     45992.56 
