10        Threads
50        Connections per thread
10000     Requests per client


BEST RUN RESULTS
============================================================================================================================
Type         Ops/sec     Hits/sec   Misses/sec    Avg. Latency     p50 Latency     p99 Latency   p99.9 Latency       KB/sec 
----------------------------------------------------------------------------------------------------------------------------
Sets       227445.64          ---          ---         5.33861         5.02300        14.27100        23.29500     15518.26 
Gets      2271957.00         0.00   2271957.00         5.03367         4.70300        13.63100        22.27100     57440.62 
Waits           0.00          ---          ---             ---             ---             ---             ---          --- 
Totals    2499402.64         0.00   2271957.00         5.06142         4.73500        13.69500        22.39900     72958.88 


WORST RUN RESULTS
============================================================================================================================
Type         Ops/sec     Hits/sec   Misses/sec    Avg. Latency     p50 Latency     p99 Latency   p99.9 Latency       KB/sec 
----------------------------------------------------------------------------------------------------------------------------
Sets       127117.87          ---          ---         5.26138         4.95900        13.75900        33.27900      8673.06 
Gets      1269781.85         0.00   1269781.85         4.95981         4.63900        13.18300        31.23100     32103.18 
Waits           0.00          ---          ---             ---             ---             ---             ---          --- 
Totals    1396899.72         0.00   1269781.85         4.98725         4.67100        13.24700        31.35900     40776.24 


AGGREGATED AVERAGE RESULTS (25 runs)
============================================================================================================================
Type         Ops/sec     Hits/sec   Misses/sec    Avg. Latency     p50 Latency     p99 Latency   p99.9 Latency       KB/sec 
----------------------------------------------------------------------------------------------------------------------------
Sets       145834.36          ---          ---         5.25929         4.92700        14.27100        25.72700      9950.05 
Gets      1456740.98         0.00   1456740.98         4.96287         4.63900        13.63100        23.67900     36829.97 
Waits           0.00          ---          ---             ---             ---             ---             ---          --- 
Totals    1602575.34         0.00   1456740.98         4.98984         4.67100        13.69500        23.80700     46780.02 
