10        Threads
50        Connections per thread
10000     Requests per client


BEST RUN RESULTS
============================================================================================================================
Type         Ops/sec     Hits/sec   Misses/sec    Avg. Latency     p50 Latency     p99 Latency   p99.9 Latency       KB/sec 
----------------------------------------------------------------------------------------------------------------------------
Sets       215114.16          ---          ---         4.84044         4.47900        14.01500        30.07900     14676.91 
Gets      2148777.68         0.00   2148777.68         4.63124         4.25500        13.43900        27.77500     54326.34 
Waits           0.00          ---          ---             ---             ---             ---             ---          --- 
Totals    2363891.84         0.00   2148777.68         4.65028         4.28700        13.50300        28.03100     69003.25 


WORST RUN RESULTS
============================================================================================================================
Type         Ops/sec     Hits/sec   Misses/sec    Avg. Latency     p50 Latency     p99 Latency   p99.9 Latency       KB/sec 
----------------------------------------------------------------------------------------------------------------------------
Sets       135433.60          ---          ---         5.20780         4.86300        14.01500        22.01500      9240.42 
Gets      1352847.68         0.00   1352847.68         4.93762         4.60700        13.37500        20.99100     34203.29 
Waits           0.00          ---          ---             ---             ---             ---             ---          --- 
Totals    1488281.27         0.00   1352847.68         4.96221         4.60700        13.43900        21.11900     43443.72 


AGGREGATED AVERAGE RESULTS (25 runs)
============================================================================================================================
Type         Ops/sec     Hits/sec   Misses/sec    Avg. Latency     p50 Latency     p99 Latency   p99.9 Latency       KB/sec 
----------------------------------------------------------------------------------------------------------------------------
Sets       152839.80          ---          ---         4.85712         4.51100        13.69500        25.85500     10428.02 
Gets      1526718.43         0.00   1526718.43         4.64440         4.28700        13.11900        23.67900     38599.17 
Waits           0.00          ---          ---             ---             ---             ---             ---          --- 
Totals    1679558.23         0.00   1526718.43         4.66376         4.31900        13.18300        23.80700     49027.19 
