10        Threads
50        Connections per thread
10000     Requests per client


BEST RUN RESULTS
============================================================================================================================
Type         Ops/sec     Hits/sec   Misses/sec    Avg. Latency     p50 Latency     p99 Latency   p99.9 Latency       KB/sec 
----------------------------------------------------------------------------------------------------------------------------
Sets       158896.79          ---          ---         5.84637         5.47100        15.48700        26.36700     10841.28 
Gets      1587221.76         0.00   1587221.76         5.52116         5.15100        14.84700        24.70300     40128.84 
Waits           0.00          ---          ---             ---             ---             ---             ---          --- 
Totals    1746118.55         0.00   1587221.76         5.55075         5.18300        14.91100        24.83100     50970.12 


WORST RUN RESULTS
============================================================================================================================
Type         Ops/sec     Hits/sec   Misses/sec    Avg. Latency     p50 Latency     p99 Latency   p99.9 Latency       KB/sec 
----------------------------------------------------------------------------------------------------------------------------
Sets        50329.89          ---          ---        14.31540        13.11900        40.70300        65.02300      3433.93 
Gets       502745.80         0.00    502745.80        13.25574        12.03100        38.65500        61.18300     12710.64 
Waits           0.00          ---          ---             ---             ---             ---             ---          --- 
Totals     553075.69         0.00    502745.80        13.35217        12.15900        38.91100        61.43900     16144.57 


AGGREGATED AVERAGE RESULTS (25 runs)
============================================================================================================================
Type         Ops/sec     Hits/sec   Misses/sec    Avg. Latency     p50 Latency     p99 Latency   p99.9 Latency       KB/sec 
----------------------------------------------------------------------------------------------------------------------------
Sets        98597.15          ---          ---         8.84908         6.87900        33.02300        64.76700      6727.13 
Gets       984888.01         0.00    984888.01         8.27276         6.46300        31.23100        60.92700     24900.37 
Waits           0.00          ---          ---             ---             ---             ---             ---          --- 
Totals    1083485.16         0.00    984888.01         8.32521         6.49500        31.35900        61.43900     31627.50 
