10        Threads
50        Connections per thread
10000     Requests per client


BEST RUN RESULTS
============================================================================================================================
Type         Ops/sec     Hits/sec   Misses/sec    Avg. Latency     p50 Latency     p99 Latency   p99.9 Latency       KB/sec 
----------------------------------------------------------------------------------------------------------------------------
Sets       217530.47          ---          ---         4.59904         4.25500        13.31100        20.09500     14841.77 
Gets      2172914.25         0.00   2172914.25         4.40415         4.04700        12.73500        18.94300     54936.58 
Waits           0.00          ---          ---             ---             ---             ---             ---          --- 
Totals    2390444.72         0.00   2172914.25         4.42189         4.06300        12.79900        19.07100     69778.34 


WORST RUN RESULTS
============================================================================================================================
Type         Ops/sec     Hits/sec   Misses/sec    Avg. Latency     p50 Latency     p99 Latency   p99.9 Latency       KB/sec 
----------------------------------------------------------------------------------------------------------------------------
Sets       144955.10          ---          ---         4.98121         4.63900        13.69500        22.39900      9890.06 
Gets      1447958.09         0.00   1447958.09         4.72238         4.38300        12.99100        20.47900     36607.91 
Waits           0.00          ---          ---             ---             ---             ---             ---          --- 
Totals    1592913.19         0.00   1447958.09         4.74593         4.41500        13.05500        20.73500     46497.98 


AGGREGATED AVERAGE RESULTS (25 runs)
============================================================================================================================
Type         Ops/sec     Hits/sec   Misses/sec    Avg. Latency     p50 Latency     p99 Latency   p99.9 Latency       KB/sec 
----------------------------------------------------------------------------------------------------------------------------
Sets       159868.92          ---          ---         4.61539         4.25500        13.24700        24.44700     10907.61 
Gets      1596932.36         0.00   1596932.36         4.41635         4.06300        12.73500        22.39900     40374.35 
Waits           0.00          ---          ---             ---             ---             ---             ---          --- 
Totals    1756801.28         0.00   1596932.36         4.43446         4.07900        12.79900        22.65500     51281.96 
