10        Threads
50        Connections per thread
10000     Requests per client


BEST RUN RESULTS
============================================================================================================================
Type         Ops/sec     Hits/sec   Misses/sec    Avg. Latency     p50 Latency     p99 Latency   p99.9 Latency       KB/sec 
----------------------------------------------------------------------------------------------------------------------------
Sets       196871.18          ---          ---         4.95718         4.60700        14.14300        21.63100     13432.22 
Gets      1966548.34         0.00   1966548.34         4.72499         4.38300        13.56700        20.35100     49719.14 
Waits           0.00          ---          ---             ---             ---             ---             ---          --- 
Totals    2163419.52         0.00   1966548.34         4.74612         4.38300        13.63100        20.47900     63151.36 


WORST RUN RESULTS
============================================================================================================================
Type         Ops/sec     Hits/sec   Misses/sec    Avg. Latency     p50 Latency     p99 Latency   p99.9 Latency       KB/sec 
----------------------------------------------------------------------------------------------------------------------------
Sets       128490.35          ---          ---         5.41124         5.05500        15.10300        28.54300      8766.70 
Gets      1283491.50         0.00   1283491.50         5.12914         4.76700        14.46300        27.13500     32449.80 
Waits           0.00          ---          ---             ---             ---             ---             ---          --- 
Totals    1411981.85         0.00   1283491.50         5.15482         4.79900        14.52700        27.26300     41216.49 


AGGREGATED AVERAGE RESULTS (25 runs)
============================================================================================================================
Type         Ops/sec     Hits/sec   Misses/sec    Avg. Latency     p50 Latency     p99 Latency   p99.9 Latency       KB/sec 
----------------------------------------------------------------------------------------------------------------------------
Sets       142651.81          ---          ---         5.28250         4.92700        14.71900        24.83100      9732.91 
Gets      1424950.48         0.00   1424950.48         5.00930         4.67100        14.07900        23.29500     36026.23 
Waits           0.00          ---          ---             ---             ---             ---             ---          --- 
Totals    1567602.29         0.00   1424950.48         5.03416         4.67100        14.14300        23.42300     45759.14 
