10        Threads
50        Connections per thread
10000     Requests per client


BEST RUN RESULTS
============================================================================================================================
Type         Ops/sec     Hits/sec   Misses/sec    Avg. Latency     p50 Latency     p99 Latency   p99.9 Latency       KB/sec 
----------------------------------------------------------------------------------------------------------------------------
Sets       212441.71          ---          ---         4.82058         4.51100        13.37500        21.11900     14494.57 
Gets      2122082.55         0.00   2122082.55         4.59692         4.28700        12.86300        20.09500     53651.43 
Waits           0.00          ---          ---             ---             ---             ---             ---          --- 
Totals    2334524.25         0.00   2122082.55         4.61727         4.31900        12.92700        20.22300     68145.99 


WORST RUN RESULTS
============================================================================================================================
Type         Ops/sec     Hits/sec   Misses/sec    Avg. Latency     p50 Latency     p99 Latency   p99.9 Latency       KB/sec 
----------------------------------------------------------------------------------------------------------------------------
Sets       137509.97          ---          ---         4.78712         4.44700        13.37500        20.22300      9382.09 
Gets      1373588.60         0.00   1373588.60         4.57435         4.22300        12.86300        18.94300     34727.67 
Waits           0.00          ---          ---             ---             ---             ---             ---          --- 
Totals    1511098.57         0.00   1373588.60         4.59371         4.25500        12.92700        19.07100     44109.76 


AGGREGATED AVERAGE RESULTS (25 runs)
============================================================================================================================
Type         Ops/sec     Hits/sec   Misses/sec    Avg. Latency     p50 Latency     p99 Latency   p99.9 Latency       KB/sec 
----------------------------------------------------------------------------------------------------------------------------
Sets       155386.28          ---          ---         4.72504         4.38300        13.50300        23.03900     10601.77 
Gets      1552155.30         0.00   1552155.30         4.52218         4.15900        12.99100        21.50300     39242.27 
Waits           0.00          ---          ---             ---             ---             ---             ---          --- 
Totals    1707541.58         0.00   1552155.30         4.54064         4.19100        13.05500        21.63100     49844.04 
