10        Threads
50        Connections per thread
10000     Requests per client


BEST RUN RESULTS
============================================================================================================================
Type         Ops/sec     Hits/sec   Misses/sec    Avg. Latency     p50 Latency     p99 Latency   p99.9 Latency       KB/sec 
----------------------------------------------------------------------------------------------------------------------------
Sets       195339.08          ---          ---         4.82948         4.51100        13.88700        23.67900     13327.68 
Gets      1951244.22         0.00   1951244.22         4.61405         4.28700        13.24700        22.14300     49332.22 
Waits           0.00          ---          ---             ---             ---             ---             ---          --- 
Totals    2146583.30         0.00   1951244.22         4.63366         4.31900        13.31100        22.27100     62659.90 


WORST RUN RESULTS
============================================================================================================================
Type         Ops/sec     Hits/sec   Misses/sec    Avg. Latency     p50 Latency     p99 Latency   p99.9 Latency       KB/sec 
----------------------------------------------------------------------------------------------------------------------------
Sets       140105.57          ---          ---         5.13841         4.83100        14.27100        20.86300      9559.19 
Gets      1399516.13         0.00   1399516.13         4.88515         4.57500        13.69500        19.96700     35383.18 
Waits           0.00          ---          ---             ---             ---             ---             ---          --- 
Totals    1539621.70         0.00   1399516.13         4.90820         4.57500        13.75900        20.09500     44942.37 


AGGREGATED AVERAGE RESULTS (25 runs)
============================================================================================================================
Type         Ops/sec     Hits/sec   Misses/sec    Avg. Latency     p50 Latency     p99 Latency   p99.9 Latency       KB/sec 
----------------------------------------------------------------------------------------------------------------------------
Sets       147434.76          ---          ---         4.92546         4.57500        13.82300        23.55100     10059.25 
Gets      1472727.43         0.00   1472727.43         4.69922         4.35100        13.31100        22.01500     37234.14 
Waits           0.00          ---          ---             ---             ---             ---             ---          --- 
Totals    1620162.19         0.00   1472727.43         4.71981         4.38300        13.31100        22.14300     47293.39 
