10        Threads
50        Connections per thread
10000     Requests per client


BEST RUN RESULTS
============================================================================================================================
Type         Ops/sec     Hits/sec   Misses/sec    Avg. Latency     p50 Latency     p99 Latency   p99.9 Latency       KB/sec 
----------------------------------------------------------------------------------------------------------------------------
Sets       144792.08          ---          ---         4.95998         4.63900        13.69500        22.52700      9878.94 
Gets      1446329.71         0.00   1446329.71         4.73043         4.41500        13.18300        21.37500     36566.74 
Waits           0.00          ---          ---             ---             ---             ---             ---          --- 
Totals    1591121.79         0.00   1446329.71         4.75132         4.41500        13.18300        21.50300     46445.68 


WORST RUN RESULTS
============================================================================================================================
Type         Ops/sec     Hits/sec   Misses/sec    Avg. Latency     p50 Latency     p99 Latency   p99.9 Latency       KB/sec 
----------------------------------------------------------------------------------------------------------------------------
Sets        51798.59          ---          ---        12.78169        11.58300        37.37500        78.33500      3534.14 
Gets       517416.68         0.00    517416.68        11.87399        10.68700        35.32700        71.16700     13081.56 
Waits           0.00          ---          ---             ---             ---             ---             ---          --- 
Totals     569215.27         0.00    517416.68        11.95660        10.75100        35.58300        72.19100     16615.69 


AGGREGATED AVERAGE RESULTS (25 runs)
============================================================================================================================
Type         Ops/sec     Hits/sec   Misses/sec    Avg. Latency     p50 Latency     p99 Latency   p99.9 Latency       KB/sec 
----------------------------------------------------------------------------------------------------------------------------
Sets        69826.69          ---          ---        11.66825        10.30300        36.09500        82.43100      4764.17 
Gets       697499.57         0.00    697499.57        10.86396         9.47100        34.30300        78.33500     17634.49 
Waits           0.00          ---          ---             ---             ---             ---             ---          --- 
Totals     767326.26         0.00    697499.57        10.93715         9.53500        34.55900        78.84700     22398.66 
