10        Threads
50        Connections per thread
10000     Requests per client


BEST RUN RESULTS
============================================================================================================================
Type         Ops/sec     Hits/sec   Misses/sec    Avg. Latency     p50 Latency     p99 Latency   p99.9 Latency       KB/sec 
----------------------------------------------------------------------------------------------------------------------------
Sets       191439.82          ---          ---         5.13747         4.76700        13.95100        39.42300     13061.64 
Gets      1912294.48         0.00   1912294.48         4.86255         4.51100        13.37500        36.60700     48347.47 
Waits           0.00          ---          ---             ---             ---             ---             ---          --- 
Totals    2103734.30         0.00   1912294.48         4.88757         4.51100        13.43900        37.11900     61409.11 


WORST RUN RESULTS
============================================================================================================================
Type         Ops/sec     Hits/sec   Misses/sec    Avg. Latency     p50 Latency     p99 Latency   p99.9 Latency       KB/sec 
----------------------------------------------------------------------------------------------------------------------------
Sets       135548.18          ---          ---         5.35140         4.99100        14.78300        20.86300      9248.24 
Gets      1353992.27         0.00   1353992.27         5.04757         4.70300        14.07900        19.96700     34232.23 
Waits           0.00          ---          ---             ---             ---             ---             ---          --- 
Totals    1489540.45         0.00   1353992.27         5.07522         4.70300        14.14300        20.09500     43480.47 


AGGREGATED AVERAGE RESULTS (25 runs)
============================================================================================================================
Type         Ops/sec     Hits/sec   Misses/sec    Avg. Latency     p50 Latency     p99 Latency   p99.9 Latency       KB/sec 
----------------------------------------------------------------------------------------------------------------------------
Sets       145461.80          ---          ---         5.13408         4.79900        14.07900        25.72700      9924.63 
Gets      1453019.55         0.00   1453019.55         4.86356         4.54300        13.43900        23.93500     36735.88 
Waits           0.00          ---          ---             ---             ---             ---             ---          --- 
Totals    1598481.35         0.00   1453019.55         4.88818         4.57500        13.50300        24.06300     46660.51 
