tsan_compiler.sh: ignoring LLVM_ROOT_PATH=/home/alexey/dev/llvm-project/llvm/build (not the TSan prototype tree)
tsan_compiler.sh: using /home/alexey/dev/llvm-project-focs-lab/llvm/build/bin/clang (clang version 19.0.0git (https://github.com/focs-lab/llvm-project 729521af89653b1bac211c03203ab160d5cb71d0))
==> Running in test-only mode.
==> Checking for pre-existing redis-server processes before running benchmarks.
==> Switching to polygon directory for tests.
==> Testing orig
PING_INLINE 4568256.00
PING_MBULK 6805768.50
SET 3146063.00
GET 3803984.75
INCR 3833134.00
RPUSH 2959905.25
LPOP 2689376.25
RPOP 4349774.00
SADD 3496688.75
HSET 2689376.25
SPOP 5156948.50
ZADD 2470242.00
ZPOPMIN 5407827.00
LPUSH 2756055.00
LRANGE_100 142545.45
LRANGE_300 40725.10
LRANGE_500 23834.91
LRANGE_600 19606.45
MSET 550879.12
==> Found running redis-server process(es): 2413437
==> Stopping redis-server with SIGTERM
==> redis-server stopped gracefully.
==> Script finished successfully. All results are in __results_redis__
