jq found, will generate JSON output to /home/alexey/tsan-experiments/tools/perf/results/yield-d98873cda906/ffmpeg/tsan-stmt-yoff/run2/summary.json.
--- FFmpeg Benchmark Start (using /usr/bin/time) ---
Builds to test: ffmpeg-tsan-stmt-yoff
Video file: ./input/WatchingEyeTexture.mkv
Runs per test: 1

--- Benchmarking: Codec [h264_libx264], Build [ffmpeg-tsan-stmt-yoff] ---

[96;1mffmpeg-tsan-stmt-yoff/bin/ffmpeg -hide_banner -i "./input/WatchingEyeTexture.mkv" -threads 4 -y -c:v libx264 -preset medium -crf 23  -loglevel error /dev/shm/out.mp4[0m

  Run 1/1... OK (Time: 46.01s, Mem: 586136KB)
  Results: Time(avg±std): 46.0100s ± 0s | Mem(peak): 586136KB | Runs: 1/1
--------------------------------------------------------

--- Benchmarking: Codec [copy_passthrough], Build [ffmpeg-tsan-stmt-yoff] ---

[96;1mffmpeg-tsan-stmt-yoff/bin/ffmpeg -hide_banner -i "./input/WatchingEyeTexture.mkv" -threads 4 -y -c:v copy -c:a copy  -loglevel error /dev/shm/out.mkv[0m

  Run 1/1... OK (Time: 0.47s, Mem: 82420KB)
  Results: Time(avg±std): .4700s ± 0s | Mem(peak): 82420KB | Runs: 1/1
--------------------------------------------------------

--- Benchmarking: Codec [mjpeg], Build [ffmpeg-tsan-stmt-yoff] ---

[96;1mffmpeg-tsan-stmt-yoff/bin/ffmpeg -hide_banner -i "./input/WatchingEyeTexture.mkv" -threads 4 -y -c:v mjpeg -pix_fmt yuvj420p -q:v 2  -loglevel error /dev/shm/out.avi[0m

  Run 1/1... OK (Time: 26.35s, Mem: 429616KB)
  Results: Time(avg±std): 26.3500s ± 0s | Mem(peak): 429616KB | Runs: 1/1
--------------------------------------------------------

--- Benchmarking: Codec [h265_libx265], Build [ffmpeg-tsan-stmt-yoff] ---

[96;1mffmpeg-tsan-stmt-yoff/bin/ffmpeg -hide_banner -i "./input/WatchingEyeTexture.mkv" -threads 4 -y -c:v libx265 -preset medium -crf 28 -tag:v hvc1  -loglevel error /dev/shm/out.mp4[0m

  Run 1/1... OK (Time: 54.71s, Mem: 1655648KB)
  Results: Time(avg±std): 54.7100s ± 0s | Mem(peak): 1655648KB | Runs: 1/1
--------------------------------------------------------

JSON results have been finalized in /home/alexey/tsan-experiments/tools/perf/results/yield-d98873cda906/ffmpeg/tsan-stmt-yoff/run2/summary.json
Benchmark finished. CSV results are in /home/alexey/tsan-experiments/tools/perf/results/yield-d98873cda906/ffmpeg/tsan-stmt-yoff/run2/summary.csv
