tsan_compiler.sh: ignoring LLVM_ROOT_PATH=/home/alexey/dev/llvm-project/llvm/build (not the TSan prototype tree)
tsan_compiler.sh: using /home/alexey/dev/llvm-project-focs-lab/llvm/build/bin/clang (clang version 19.0.0git (https://github.com/focs-lab/llvm-project 729521af89653b1bac211c03203ab160d5cb71d0))
==> Running in test-only mode.
==> Checking for pre-existing redis-server processes before running benchmarks.
==> Switching to polygon directory for tests.
==> Testing dom_peeling-ea-lo-st-swmr-stmt
PING_INLINE 453306.75
PING_MBULK 670991.25
SET 308399.50
GET 404829.62
INCR 415030.28
RPUSH 254826.28
LPOP 243063.16
RPOP 457452.22
SADD 364318.41
HSET 286169.34
SPOP 512787.28
ZADD 273271.78
ZPOPMIN 544313.38
LPUSH 222420.62
LRANGE_100 23859.89
LRANGE_300 8495.20
LRANGE_500 5165.62
LRANGE_600 4262.23
MSET 60707.88
==> Found running redis-server process(es): 2171519
==> Stopping redis-server with SIGTERM
==> redis-server stopped gracefully.
==> Script finished successfully. All results are in __results_redis__
