tsan_compiler.sh: ignoring LLVM_ROOT_PATH=/home/alexey/dev/llvm-project/llvm/build (not the TSan prototype tree)
tsan_compiler.sh: using /home/alexey/dev/llvm-project-focs-lab/llvm/build/bin/clang (clang version 19.0.0git (https://github.com/focs-lab/llvm-project 729521af89653b1bac211c03203ab160d5cb71d0))
==> Running in test-only mode.
==> Checking for pre-existing redis-server processes before running benchmarks.
==> Switching to polygon directory for tests.
==> Testing dom_peeling-ea-lo-st-swmr
PING_INLINE 462527.94
PING_MBULK 648378.50
SET 319427.84
GET 421677.91
INCR 399859.31
RPUSH 242685.28
LPOP 234571.64
RPOP 440531.94
SADD 338332.09
HSET 256327.94
SPOP 479141.75
ZADD 288646.28
ZPOPMIN 473472.81
LPUSH 207217.89
LRANGE_100 23078.85
LRANGE_300 8414.05
LRANGE_500 5129.82
LRANGE_600 4330.65
MSET 58069.14
==> Found running redis-server process(es): 2395623
==> Stopping redis-server with SIGTERM
==> redis-server stopped gracefully.
==> Script finished successfully. All results are in __results_redis__
