tsan_compiler.sh: using /opt/tsan-llvm/bin/clang (clang version 19.0.0git (https://github.com/focs-lab/llvm-project f3deebfbab602f4e05289e0acbde0efd06b8058c)) [frozen copy, TSAN_AUDIT_HASH=f3deebfbab60]
==> Running in test-only mode.
./redis.sh: line 246: warning: setlocale: LC_ALL: cannot change locale (en_US.UTF-8): No such file or directory
==> Checking for pre-existing redis-server processes before running benchmarks.
==> Switching to polygon directory for tests.
==> Testing tsan
PING_INLINE 501729.19
PING_MBULK 761955.88
SET 357558.25
GET 459396.41
INCR 457034.28
RPUSH 291251.25
LPOP 264668.78
RPOP 508616.16
SADD 411199.31
HSET 328662.28
SPOP 560161.25
ZADD 331054.94
ZPOPMIN 557974.38
LPUSH 253791.98
LRANGE_100 29292.87
LRANGE_300 10080.36
LRANGE_500 6123.84
LRANGE_600 5154.18
MSET 71978.02
==> Found running redis-server process(es): 13664
==> Stopping redis-server with SIGTERM
==> redis-server stopped gracefully.
==> Script finished successfully. All results are in __results_redis__
