tsan_compiler.sh: using /opt/tsan-llvm/bin/clang (clang version 19.0.0git (https://github.com/focs-lab/llvm-project f3deebfbab602f4e05289e0acbde0efd06b8058c)) [frozen copy, TSAN_AUDIT_HASH=f3deebfbab60]
==> Running in test-only mode.
./redis.sh: line 246: warning: setlocale: LC_ALL: cannot change locale (en_US.UTF-8): No such file or directory
==> Checking for pre-existing redis-server processes before running benchmarks.
==> Switching to polygon directory for tests.
==> Testing orig
PING_INLINE 3368512.00
PING_MBULK 4741460.00
SET 4066861.75
GET 2986411.75
INCR 2891468.25
RPUSH 2325221.75
LPOP 1785191.88
RPOP 3818504.00
SADD 2395250.50
HSET 1564228.62
SPOP 3379891.75
ZADD 1819657.12
ZPOPMIN 3301808.50
LPUSH 2027366.12
LRANGE_100 99928.48
LRANGE_300 46761.47
LRANGE_500 27244.56
LRANGE_600 22007.25
MSET 721956.81
==> Found running redis-server process(es): 7632
==> Stopping redis-server with SIGTERM
==> redis-server stopped gracefully.
==> Script finished successfully. All results are in __results_redis__
