10        Threads
50        Connections per thread
10000     Requests per client


BEST RUN RESULTS
============================================================================================================================
Type         Ops/sec     Hits/sec   Misses/sec    Avg. Latency     p50 Latency     p99 Latency   p99.9 Latency       KB/sec 
----------------------------------------------------------------------------------------------------------------------------
Sets       136681.34          ---          ---         5.29465         4.99100        14.20700        24.57500      9325.56 
Gets      1365311.36         0.00   1365311.36         5.00450         4.70300        13.56700        23.03900     34518.40 
Waits           0.00          ---          ---             ---             ---             ---             ---          --- 
Totals    1501992.69         0.00   1365311.36         5.03090         4.73500        13.63100        23.16700     43843.96 


WORST RUN RESULTS
============================================================================================================================
Type         Ops/sec     Hits/sec   Misses/sec    Avg. Latency     p50 Latency     p99 Latency   p99.9 Latency       KB/sec 
----------------------------------------------------------------------------------------------------------------------------
Sets       126465.75          ---          ---         5.47290         5.15100        14.84700        30.46300      8628.56 
Gets      1263267.79         0.00   1263267.79         5.15589         4.83100        14.20700        29.05500     31938.49 
Waits           0.00          ---          ---             ---             ---             ---             ---          --- 
Totals    1389733.54         0.00   1263267.79         5.18474         4.86300        14.27100        29.18300     40567.05 


AGGREGATED AVERAGE RESULTS (25 runs)
============================================================================================================================
Type         Ops/sec     Hits/sec   Misses/sec    Avg. Latency     p50 Latency     p99 Latency   p99.9 Latency       KB/sec 
----------------------------------------------------------------------------------------------------------------------------
Sets       131959.25          ---          ---         5.48578         5.15100        14.78300        27.39100      9003.38 
Gets      1318142.37         0.00   1318142.37         5.16871         4.83100        14.07900        25.47100     33325.86 
Waits           0.00          ---          ---             ---             ---             ---             ---          --- 
Totals    1450101.62         0.00   1318142.37         5.19757         4.86300        14.14300        25.59900     42329.23 
