10        Threads
50        Connections per thread
10000     Requests per client


BEST RUN RESULTS
============================================================================================================================
Type         Ops/sec     Hits/sec   Misses/sec    Avg. Latency     p50 Latency     p99 Latency   p99.9 Latency       KB/sec 
----------------------------------------------------------------------------------------------------------------------------
Sets       191725.06          ---          ---         5.01618         4.67100        13.95100        22.14300     13081.10 
Gets      1915143.75         0.00   1915143.75         4.78049         4.44700        13.37500        20.86300     48419.51 
Waits           0.00          ---          ---             ---             ---             ---             ---          --- 
Totals    2106868.81         0.00   1915143.75         4.80194         4.44700        13.43900        20.99100     61500.61 


WORST RUN RESULTS
============================================================================================================================
Type         Ops/sec     Hits/sec   Misses/sec    Avg. Latency     p50 Latency     p99 Latency   p99.9 Latency       KB/sec 
----------------------------------------------------------------------------------------------------------------------------
Sets       131584.92          ---          ---         5.51466         5.15100        14.84700        22.27100      8977.84 
Gets      1314403.23         0.00   1314403.23         5.20631         4.83100        14.14300        21.11900     33231.32 
Waits           0.00          ---          ---             ---             ---             ---             ---          --- 
Totals    1445988.15         0.00   1314403.23         5.23437         4.86300        14.20700        21.24700     42209.16 


AGGREGATED AVERAGE RESULTS (25 runs)
============================================================================================================================
Type         Ops/sec     Hits/sec   Misses/sec    Avg. Latency     p50 Latency     p99 Latency   p99.9 Latency       KB/sec 
----------------------------------------------------------------------------------------------------------------------------
Sets       144337.86          ---          ---         5.03554         4.67100        14.01500        27.77500      9847.95 
Gets      1441792.43         0.00   1441792.43         4.79653         4.44700        13.43900        25.47100     36452.03 
Waits           0.00          ---          ---             ---             ---             ---             ---          --- 
Totals    1586130.28         0.00   1441792.43         4.81828         4.47900        13.50300        25.72700     46299.98 
