10        Threads
50        Connections per thread
10000     Requests per client


BEST RUN RESULTS
============================================================================================================================
Type         Ops/sec     Hits/sec   Misses/sec    Avg. Latency     p50 Latency     p99 Latency   p99.9 Latency       KB/sec 
----------------------------------------------------------------------------------------------------------------------------
Sets       187776.61          ---          ---         4.91480         4.57500        13.82300        26.23900     12811.71 
Gets      1875702.61         0.00   1875702.61         4.68291         4.35100        13.18300        24.19100     47422.34 
Waits           0.00          ---          ---             ---             ---             ---             ---          --- 
Totals    2063479.22         0.00   1875702.61         4.70402         4.35100        13.24700        24.44700     60234.05 


WORST RUN RESULTS
============================================================================================================================
Type         Ops/sec     Hits/sec   Misses/sec    Avg. Latency     p50 Latency     p99 Latency   p99.9 Latency       KB/sec 
----------------------------------------------------------------------------------------------------------------------------
Sets       133712.94          ---          ---         5.38409         5.02300        14.46300        22.14300      9123.03 
Gets      1335660.04         0.00   1335660.04         5.08658         4.70300        13.75900        21.24700     33768.75 
Waits           0.00          ---          ---             ---             ---             ---             ---          --- 
Totals    1469372.98         0.00   1335660.04         5.11365         4.73500        13.82300        21.37500     42891.77 


AGGREGATED AVERAGE RESULTS (25 runs)
============================================================================================================================
Type         Ops/sec     Hits/sec   Misses/sec    Avg. Latency     p50 Latency     p99 Latency   p99.9 Latency       KB/sec 
----------------------------------------------------------------------------------------------------------------------------
Sets       147533.58          ---          ---         5.08488         4.73500        14.01500        26.87900     10065.99 
Gets      1473714.59         0.00   1473714.59         4.82838         4.51100        13.43900        24.44700     37259.10 
Waits           0.00          ---          ---             ---             ---             ---             ---          --- 
Totals    1621248.18         0.00   1473714.59         4.85172         4.51100        13.43900        24.70300     47325.09 
