10        Threads
50        Connections per thread
10000     Requests per client


BEST RUN RESULTS
============================================================================================================================
Type         Ops/sec     Hits/sec   Misses/sec    Avg. Latency     p50 Latency     p99 Latency   p99.9 Latency       KB/sec 
----------------------------------------------------------------------------------------------------------------------------
Sets       167256.23          ---          ---         5.25476         4.89500        14.52700        34.30300     11411.63 
Gets      1670724.32         0.00   1670724.32         4.97497         4.63900        13.88700        30.59100     42239.99 
Waits           0.00          ---          ---             ---             ---             ---             ---          --- 
Totals    1837980.54         0.00   1670724.32         5.00043         4.67100        13.95100        30.97500     53651.62 


WORST RUN RESULTS
============================================================================================================================
Type         Ops/sec     Hits/sec   Misses/sec    Avg. Latency     p50 Latency     p99 Latency   p99.9 Latency       KB/sec 
----------------------------------------------------------------------------------------------------------------------------
Sets       135609.59          ---          ---         5.34225         4.99100        14.59100        25.21500      9252.43 
Gets      1354605.66         0.00   1354605.66         5.04323         4.67100        13.88700        23.03900     34247.74 
Waits           0.00          ---          ---             ---             ---             ---             ---          --- 
Totals    1490215.25         0.00   1354605.66         5.07044         4.70300        13.95100        23.29500     43500.17 


AGGREGATED AVERAGE RESULTS (25 runs)
============================================================================================================================
Type         Ops/sec     Hits/sec   Misses/sec    Avg. Latency     p50 Latency     p99 Latency   p99.9 Latency       KB/sec 
----------------------------------------------------------------------------------------------------------------------------
Sets       141745.28          ---          ---         5.17314         4.83100        14.39900        28.54300      9671.06 
Gets      1415895.18         0.00   1415895.18         4.90885         4.57500        13.75900        25.98300     35797.29 
Waits           0.00          ---          ---             ---             ---             ---             ---          --- 
Totals    1557640.46         0.00   1415895.18         4.93290         4.57500        13.82300        26.23900     45468.35 
