10        Threads
50        Connections per thread
10000     Requests per client


BEST RUN RESULTS
============================================================================================================================
Type         Ops/sec     Hits/sec   Misses/sec    Avg. Latency     p50 Latency     p99 Latency   p99.9 Latency       KB/sec 
----------------------------------------------------------------------------------------------------------------------------
Sets       183655.62          ---          ---         5.49398         5.15100        14.52700        28.15900     12530.54 
Gets      1834537.99         0.00   1834537.99         5.18259         4.83100        13.88700        24.95900     46381.60 
Waits           0.00          ---          ---             ---             ---             ---             ---          --- 
Totals    2018193.61         0.00   1834537.99         5.21092         4.86300        13.95100        25.21500     58912.14 


WORST RUN RESULTS
============================================================================================================================
Type         Ops/sec     Hits/sec   Misses/sec    Avg. Latency     p50 Latency     p99 Latency   p99.9 Latency       KB/sec 
----------------------------------------------------------------------------------------------------------------------------
Sets       120606.86          ---          ---         5.57534         5.24700        15.16700        28.41500      8228.82 
Gets      1204743.27         0.00   1204743.27         5.24902         4.89500        14.46300        26.36700     30458.85 
Waits           0.00          ---          ---             ---             ---             ---             ---          --- 
Totals    1325350.13         0.00   1204743.27         5.27871         4.92700        14.52700        26.49500     38687.67 


AGGREGATED AVERAGE RESULTS (25 runs)
============================================================================================================================
Type         Ops/sec     Hits/sec   Misses/sec    Avg. Latency     p50 Latency     p99 Latency   p99.9 Latency       KB/sec 
----------------------------------------------------------------------------------------------------------------------------
Sets       139034.85          ---          ---         5.43072         5.08700        14.71900        29.56700      9486.13 
Gets      1388820.63         0.00   1388820.63         5.11951         4.76700        14.07900        27.13500     35112.77 
Waits           0.00          ---          ---             ---             ---             ---             ---          --- 
Totals    1527855.48         0.00   1388820.63         5.14783         4.79900        14.14300        27.39100     44598.91 
