10        Threads
50        Connections per thread
10000     Requests per client


BEST RUN RESULTS
============================================================================================================================
Type         Ops/sec     Hits/sec   Misses/sec    Avg. Latency     p50 Latency     p99 Latency   p99.9 Latency       KB/sec 
----------------------------------------------------------------------------------------------------------------------------
Sets       209007.92          ---          ---         4.93982         4.60700        13.82300        29.82300     14260.29 
Gets      2087782.41         0.00   2087782.41         4.71087         4.38300        13.24700        27.13500     52784.23 
Waits           0.00          ---          ---             ---             ---             ---             ---          --- 
Totals    2296790.33         0.00   2087782.41         4.73171         4.41500        13.31100        27.39100     67044.52 


WORST RUN RESULTS
============================================================================================================================
Type         Ops/sec     Hits/sec   Misses/sec    Avg. Latency     p50 Latency     p99 Latency   p99.9 Latency       KB/sec 
----------------------------------------------------------------------------------------------------------------------------
Sets       136972.86          ---          ---         5.27111         4.92700        14.78300        22.52700      9345.45 
Gets      1368223.38         0.00   1368223.38         4.98883         4.63900        14.01500        20.99100     34592.03 
Waits           0.00          ---          ---             ---             ---             ---             ---          --- 
Totals    1505196.24         0.00   1368223.38         5.01452         4.67100        14.07900        21.11900     43937.47 


AGGREGATED AVERAGE RESULTS (25 runs)
============================================================================================================================
Type         Ops/sec     Hits/sec   Misses/sec    Avg. Latency     p50 Latency     p99 Latency   p99.9 Latency       KB/sec 
----------------------------------------------------------------------------------------------------------------------------
Sets       151647.88          ---          ---         5.03388         4.70300        14.07900        29.05500     10346.70 
Gets      1514812.34         0.00   1514812.34         4.79188         4.44700        13.43900        26.36700     38298.15 
Waits           0.00          ---          ---             ---             ---             ---             ---          --- 
Totals    1666460.22         0.00   1514812.34         4.81390         4.47900        13.50300        26.62300     48644.85 
