10        Threads
50        Connections per thread
10000     Requests per client


BEST RUN RESULTS
============================================================================================================================
Type         Ops/sec     Hits/sec   Misses/sec    Avg. Latency     p50 Latency     p99 Latency   p99.9 Latency       KB/sec 
----------------------------------------------------------------------------------------------------------------------------
Sets       201432.87          ---          ---         5.05196         4.70300        14.46300        26.23900     13743.45 
Gets      2012115.19         0.00   2012115.19         4.80982         4.44700        13.82300        24.19100     50871.18 
Waits           0.00          ---          ---             ---             ---             ---             ---          --- 
Totals    2213548.07         0.00   2012115.19         4.83185         4.47900        13.88700        24.31900     64614.64 


WORST RUN RESULTS
============================================================================================================================
Type         Ops/sec     Hits/sec   Misses/sec    Avg. Latency     p50 Latency     p99 Latency   p99.9 Latency       KB/sec 
----------------------------------------------------------------------------------------------------------------------------
Sets       131140.96          ---          ---         5.53686         5.15100        14.97500        22.91100      8947.54 
Gets      1309968.53         0.00   1309968.53         5.21719         4.83100        14.33500        21.24700     33119.20 
Waits           0.00          ---          ---             ---             ---             ---             ---          --- 
Totals    1441109.49         0.00   1309968.53         5.24628         4.86300        14.39900        21.37500     42066.75 


AGGREGATED AVERAGE RESULTS (25 runs)
============================================================================================================================
Type         Ops/sec     Hits/sec   Misses/sec    Avg. Latency     p50 Latency     p99 Latency   p99.9 Latency       KB/sec 
----------------------------------------------------------------------------------------------------------------------------
Sets       147630.96          ---          ---         5.08388         4.73500        14.07900        28.15900     10072.63 
Gets      1474687.26         0.00   1474687.26         4.83365         4.47900        13.50300        25.85500     37283.69 
Waits           0.00          ---          ---             ---             ---             ---             ---          --- 
Totals    1622318.22         0.00   1474687.26         4.85642         4.51100        13.56700        26.11100     47356.32 
