10        Threads
50        Connections per thread
10000     Requests per client


BEST RUN RESULTS
============================================================================================================================
Type         Ops/sec     Hits/sec   Misses/sec    Avg. Latency     p50 Latency     p99 Latency   p99.9 Latency       KB/sec 
----------------------------------------------------------------------------------------------------------------------------
Sets       194788.57          ---          ---         5.10340         4.73500        13.88700        28.79900     13290.12 
Gets      1945745.18         0.00   1945745.18         4.86013         4.51100        13.31100        26.87900     49193.19 
Waits           0.00          ---          ---             ---             ---             ---             ---          --- 
Totals    2140533.75         0.00   1945745.18         4.88227         4.51100        13.37500        27.13500     62483.31 


WORST RUN RESULTS
============================================================================================================================
Type         Ops/sec     Hits/sec   Misses/sec    Avg. Latency     p50 Latency     p99 Latency   p99.9 Latency       KB/sec 
----------------------------------------------------------------------------------------------------------------------------
Sets       136905.64          ---          ---         4.74255         4.41500        13.43900        21.50300      9340.86 
Gets      1367551.92         0.00   1367551.92         4.54674         4.22300        12.92700        20.09500     34575.05 
Waits           0.00          ---          ---             ---             ---             ---             ---          --- 
Totals    1504457.56         0.00   1367551.92         4.56456         4.22300        12.99100        20.22300     43915.91 


AGGREGATED AVERAGE RESULTS (25 runs)
============================================================================================================================
Type         Ops/sec     Hits/sec   Misses/sec    Avg. Latency     p50 Latency     p99 Latency   p99.9 Latency       KB/sec 
----------------------------------------------------------------------------------------------------------------------------
Sets       147599.67          ---          ---         4.97076         4.63900        13.82300        26.49500     10070.50 
Gets      1474374.70         0.00   1474374.70         4.74273         4.41500        13.24700        24.19100     37275.79 
Waits           0.00          ---          ---             ---             ---             ---             ---          --- 
Totals    1621974.37         0.00   1474374.70         4.76348         4.41500        13.31100        24.44700     47346.29 
