10        Threads
50        Connections per thread
10000     Requests per client


BEST RUN RESULTS
============================================================================================================================
Type         Ops/sec     Hits/sec   Misses/sec    Avg. Latency     p50 Latency     p99 Latency   p99.9 Latency       KB/sec 
----------------------------------------------------------------------------------------------------------------------------
Sets       172889.81          ---          ---         5.46345         5.11900        14.91100        28.79900     11796.00 
Gets      1726998.25         0.00   1726998.25         5.13593         4.79900        14.20700        26.75100     43662.73 
Waits           0.00          ---          ---             ---             ---             ---             ---          --- 
Totals    1899888.06         0.00   1726998.25         5.16574         4.83100        14.27100        26.87900     55458.73 


WORST RUN RESULTS
============================================================================================================================
Type         Ops/sec     Hits/sec   Misses/sec    Avg. Latency     p50 Latency     p99 Latency   p99.9 Latency       KB/sec 
----------------------------------------------------------------------------------------------------------------------------
Sets       128093.89          ---          ---         5.31821         4.99100        14.71900        23.16700      8739.65 
Gets      1279531.27         0.00   1279531.27         5.01265         4.67100        14.07900        21.88700     32349.67 
Waits           0.00          ---          ---             ---             ---             ---             ---          --- 
Totals    1407625.16         0.00   1279531.27         5.04046         4.70300        14.14300        22.01500     41089.32 


AGGREGATED AVERAGE RESULTS (25 runs)
============================================================================================================================
Type         Ops/sec     Hits/sec   Misses/sec    Avg. Latency     p50 Latency     p99 Latency   p99.9 Latency       KB/sec 
----------------------------------------------------------------------------------------------------------------------------
Sets       140124.92          ---          ---         5.43687         5.08700        14.71900        27.51900      9560.51 
Gets      1399709.38         0.00   1399709.38         5.11674         4.76700        14.07900        25.34300     35388.07 
Waits           0.00          ---          ---             ---             ---             ---             ---          --- 
Totals    1539834.30         0.00   1399709.38         5.14587         4.79900        14.14300        25.59900     44948.58 
