10        Threads
50        Connections per thread
10000     Requests per client


BEST RUN RESULTS
============================================================================================================================
Type         Ops/sec     Hits/sec   Misses/sec    Avg. Latency     p50 Latency     p99 Latency   p99.9 Latency       KB/sec 
----------------------------------------------------------------------------------------------------------------------------
Sets       205769.97          ---          ---         4.93970         4.63900        13.50300        22.91100     14039.37 
Gets      2055438.50         0.00   2055438.50         4.70808         4.38300        12.99100        21.88700     51966.50 
Waits           0.00          ---          ---             ---             ---             ---             ---          --- 
Totals    2261208.47         0.00   2055438.50         4.72916         4.41500        13.05500        22.01500     66005.87 


WORST RUN RESULTS
============================================================================================================================
Type         Ops/sec     Hits/sec   Misses/sec    Avg. Latency     p50 Latency     p99 Latency   p99.9 Latency       KB/sec 
----------------------------------------------------------------------------------------------------------------------------
Sets       129912.66          ---          ---         5.09794         4.76700        13.63100        34.81500      8863.74 
Gets      1297699.00         0.00   1297699.00         4.84294         4.51100        13.05500        32.12700     32809.00 
Waits           0.00          ---          ---             ---             ---             ---             ---          --- 
Totals    1427611.67         0.00   1297699.00         4.86615         4.54300        13.11900        32.38300     41672.74 


AGGREGATED AVERAGE RESULTS (25 runs)
============================================================================================================================
Type         Ops/sec     Hits/sec   Misses/sec    Avg. Latency     p50 Latency     p99 Latency   p99.9 Latency       KB/sec 
----------------------------------------------------------------------------------------------------------------------------
Sets       145057.25          ---          ---         5.10621         4.76700        13.95100        27.90300      9897.03 
Gets      1448978.43         0.00   1448978.43         4.85125         4.51100        13.37500        25.34300     36633.71 
Waits           0.00          ---          ---             ---             ---             ---             ---          --- 
Totals    1594035.68         0.00   1448978.43         4.87445         4.54300        13.43900        25.59900     46530.74 
