10        Threads
50        Connections per thread
10000     Requests per client


BEST RUN RESULTS
============================================================================================================================
Type         Ops/sec     Hits/sec   Misses/sec    Avg. Latency     p50 Latency     p99 Latency   p99.9 Latency       KB/sec 
----------------------------------------------------------------------------------------------------------------------------
Sets       200149.12          ---          ---         5.07106         4.73500        13.50300        37.37500     13655.86 
Gets      1999291.78         0.00   1999291.78         4.81188         4.47900        12.92700        33.27900     50546.98 
Waits           0.00          ---          ---             ---             ---             ---             ---          --- 
Totals    2199440.90         0.00   1999291.78         4.83547         4.51100        12.99100        33.79100     64202.84 


WORST RUN RESULTS
============================================================================================================================
Type         Ops/sec     Hits/sec   Misses/sec    Avg. Latency     p50 Latency     p99 Latency   p99.9 Latency       KB/sec 
----------------------------------------------------------------------------------------------------------------------------
Sets       127410.54          ---          ---         5.70744         5.31100        16.12700        24.70300      8693.02 
Gets      1272705.33         0.00   1272705.33         5.37361         4.99100        15.23100        23.16700     32177.10 
Waits           0.00          ---          ---             ---             ---             ---             ---          --- 
Totals    1400115.87         0.00   1272705.33         5.40398         5.02300        15.29500        23.29500     40870.12 


AGGREGATED AVERAGE RESULTS (25 runs)
============================================================================================================================
Type         Ops/sec     Hits/sec   Misses/sec    Avg. Latency     p50 Latency     p99 Latency   p99.9 Latency       KB/sec 
----------------------------------------------------------------------------------------------------------------------------
Sets       142861.51          ---          ---         5.26200         4.89500        14.59100        29.18300      9747.22 
Gets      1427045.19         0.00   1427045.19         4.98196         4.63900        13.95100        26.75100     36079.18 
Waits           0.00          ---          ---             ---             ---             ---             ---          --- 
Totals    1569906.70         0.00   1427045.19         5.00745         4.63900        14.01500        27.00700     45826.40 
