10        Threads
50        Connections per thread
10000     Requests per client


BEST RUN RESULTS
============================================================================================================================
Type         Ops/sec     Hits/sec   Misses/sec    Avg. Latency     p50 Latency     p99 Latency   p99.9 Latency       KB/sec 
----------------------------------------------------------------------------------------------------------------------------
Sets       185200.64          ---          ---         5.45294         5.15100        14.33500        24.44700     12635.95 
Gets      1849971.20         0.00   1849971.20         5.13074         4.79900        13.75900        22.91100     46771.79 
Waits           0.00          ---          ---             ---             ---             ---             ---          --- 
Totals    2035171.84         0.00   1849971.20         5.16006         4.83100        13.82300        23.03900     59407.74 


WORST RUN RESULTS
============================================================================================================================
Type         Ops/sec     Hits/sec   Misses/sec    Avg. Latency     p50 Latency     p99 Latency   p99.9 Latency       KB/sec 
----------------------------------------------------------------------------------------------------------------------------
Sets       126375.13          ---          ---         5.59092         5.24700        14.52700        23.16700      8622.38 
Gets      1262362.54         0.00   1262362.54         5.24958         4.89500        13.88700        22.01500     31915.61 
Waits           0.00          ---          ---             ---             ---             ---             ---          --- 
Totals    1388737.67         0.00   1262362.54         5.28064         4.92700        13.95100        22.14300     40537.98 


AGGREGATED AVERAGE RESULTS (25 runs)
============================================================================================================================
Type         Ops/sec     Hits/sec   Misses/sec    Avg. Latency     p50 Latency     p99 Latency   p99.9 Latency       KB/sec 
----------------------------------------------------------------------------------------------------------------------------
Sets       140395.48          ---          ---         5.46718         5.11900        14.71900        28.28700      9578.97 
Gets      1402411.98         0.00   1402411.98         5.13947         4.79900        14.07900        25.85500     35456.40 
Waits           0.00          ---          ---             ---             ---             ---             ---          --- 
Totals    1542807.46         0.00   1402411.98         5.16929         4.79900        14.14300        26.11100     45035.36 
