10        Threads
50        Connections per thread
10000     Requests per client


BEST RUN RESULTS
============================================================================================================================
Type         Ops/sec     Hits/sec   Misses/sec    Avg. Latency     p50 Latency     p99 Latency   p99.9 Latency       KB/sec 
----------------------------------------------------------------------------------------------------------------------------
Sets       201576.82          ---          ---         5.06424         4.70300        14.01500        44.54300     13753.27 
Gets      2013553.05         0.00   2013553.05         4.80891         4.44700        13.50300        41.47100     50907.53 
Waits           0.00          ---          ---             ---             ---             ---             ---          --- 
Totals    2215129.87         0.00   2013553.05         4.83214         4.47900        13.56700        41.72700     64660.81 


WORST RUN RESULTS
============================================================================================================================
Type         Ops/sec     Hits/sec   Misses/sec    Avg. Latency     p50 Latency     p99 Latency   p99.9 Latency       KB/sec 
----------------------------------------------------------------------------------------------------------------------------
Sets       120771.18          ---          ---         5.10040         4.76700        14.14300        22.78300      8240.03 
Gets      1206384.68         0.00   1206384.68         4.84736         4.51100        13.56700        20.99100     30500.35 
Waits           0.00          ---          ---             ---             ---             ---             ---          --- 
Totals    1327155.87         0.00   1206384.68         4.87038         4.54300        13.63100        21.11900     38740.38 


AGGREGATED AVERAGE RESULTS (25 runs)
============================================================================================================================
Type         Ops/sec     Hits/sec   Misses/sec    Avg. Latency     p50 Latency     p99 Latency   p99.9 Latency       KB/sec 
----------------------------------------------------------------------------------------------------------------------------
Sets       143497.94          ---          ---         5.10261         4.76700        14.14300        28.03100      9790.64 
Gets      1433402.53         0.00   1433402.53         4.85093         4.51100        13.56700        25.59900     36239.91 
Waits           0.00          ---          ---             ---             ---             ---             ---          --- 
Totals    1576900.48         0.00   1433402.53         4.87383         4.54300        13.63100        25.85500     46030.56 
