tsan_compiler.sh: using /opt/tsan-llvm/bin/clang (clang version 19.0.0git (https://github.com/focs-lab/llvm-project f3deebfbab602f4e05289e0acbde0efd06b8058c)) [frozen copy, TSAN_AUDIT_HASH=f3deebfbab60]
==> Running in test-only mode.
./redis.sh: line 246: warning: setlocale: LC_ALL: cannot change locale (en_US.UTF-8): No such file or directory
==> Checking for pre-existing redis-server processes before running benchmarks.
==> Switching to polygon directory for tests.
==> Testing nofe
PING_INLINE 467280.69
PING_MBULK 709537.62
SET 338103.41
GET 420308.38
INCR 430485.41
RPUSH 249550.52
LPOP 221583.17
RPOP 476857.94
SADD 360132.47
HSET 273945.25
SPOP 506299.59
ZADD 308304.47
ZPOPMIN 497983.06
LPUSH 213588.39
LRANGE_100 25268.98
LRANGE_300 9050.59
LRANGE_500 5575.38
LRANGE_600 4671.58
MSET 67129.31
==> Found running redis-server process(es): 21857
==> Stopping redis-server with SIGTERM
==> redis-server stopped gracefully.
==> Script finished successfully. All results are in __results_redis__
