10        Threads
50        Connections per thread
10000     Requests per client


BEST RUN RESULTS
============================================================================================================================
Type         Ops/sec     Hits/sec   Misses/sec    Avg. Latency     p50 Latency     p99 Latency   p99.9 Latency       KB/sec 
----------------------------------------------------------------------------------------------------------------------------
Sets       144768.68          ---          ---         6.52070         5.63100        20.35100        32.76700      9877.34 
Gets      1446095.94         0.00   1446095.94         6.39024         5.53500        19.71100        30.97500     36560.83 
Waits           0.00          ---          ---             ---             ---             ---             ---          --- 
Totals    1590864.62         0.00   1446095.94         6.40211         5.56700        19.71100        31.10300     46438.18 


WORST RUN RESULTS
============================================================================================================================
Type         Ops/sec     Hits/sec   Misses/sec    Avg. Latency     p50 Latency     p99 Latency   p99.9 Latency       KB/sec 
----------------------------------------------------------------------------------------------------------------------------
Sets       100931.81          ---          ---         6.67010         5.72700        19.71100        43.00700      6886.42 
Gets      1008208.97         0.00   1008208.97         6.53793         5.63100        19.32700        41.72700     25489.98 
Waits           0.00          ---          ---             ---             ---             ---             ---          --- 
Totals    1109140.78         0.00   1008208.97         6.54995         5.63100        19.32700        41.72700     32376.40 


AGGREGATED AVERAGE RESULTS (25 runs)
============================================================================================================================
Type         Ops/sec     Hits/sec   Misses/sec    Avg. Latency     p50 Latency     p99 Latency   p99.9 Latency       KB/sec 
----------------------------------------------------------------------------------------------------------------------------
Sets       115578.36          ---          ---         6.55684         5.59900        19.71100        29.43900      7885.73 
Gets      1154513.55         0.00   1154513.55         6.42912         5.50300        19.19900        28.28700     29188.92 
Waits           0.00          ---          ---             ---             ---             ---             ---          --- 
Totals    1270091.91         0.00   1154513.55         6.44075         5.53500        19.32700        28.41500     37074.65 
