10        Threads
50        Connections per thread
10000     Requests per client


BEST RUN RESULTS
============================================================================================================================
Type         Ops/sec     Hits/sec   Misses/sec    Avg. Latency     p50 Latency     p99 Latency   p99.9 Latency       KB/sec 
----------------------------------------------------------------------------------------------------------------------------
Sets       141272.67          ---          ---         6.50836         5.37500        19.45500        28.54300      9638.82 
Gets      1411174.26         0.00   1411174.26         6.38078         5.27900        18.94300        27.51900     35677.93 
Waits           0.00          ---          ---             ---             ---             ---             ---          --- 
Totals    1552446.94         0.00   1411174.26         6.39239         5.27900        19.07100        27.64700     45316.74 


WORST RUN RESULTS
============================================================================================================================
Type         Ops/sec     Hits/sec   Misses/sec    Avg. Latency     p50 Latency     p99 Latency   p99.9 Latency       KB/sec 
----------------------------------------------------------------------------------------------------------------------------
Sets        99984.86          ---          ---         6.54213         5.66300        19.58300        29.05500      6821.81 
Gets       998749.86         0.00    998749.86         6.41327         5.56700        19.19900        27.90300     25250.83 
Waits           0.00          ---          ---             ---             ---             ---             ---          --- 
Totals    1098734.72         0.00    998749.86         6.42500         5.56700        19.32700        28.03100     32072.65 


AGGREGATED AVERAGE RESULTS (25 runs)
============================================================================================================================
Type         Ops/sec     Hits/sec   Misses/sec    Avg. Latency     p50 Latency     p99 Latency   p99.9 Latency       KB/sec 
----------------------------------------------------------------------------------------------------------------------------
Sets       114384.19          ---          ---         6.59899         5.63100        19.83900        32.25500      7804.26 
Gets      1142584.92         0.00   1142584.92         6.46502         5.53500        19.32700        30.46300     28887.34 
Waits           0.00          ---          ---             ---             ---             ---             ---          --- 
Totals    1256969.11         0.00   1142584.92         6.47722         5.53500        19.32700        30.59100     36691.59 
