10        Threads
50        Connections per thread
10000     Requests per client


BEST RUN RESULTS
============================================================================================================================
Type         Ops/sec     Hits/sec   Misses/sec    Avg. Latency     p50 Latency     p99 Latency   p99.9 Latency       KB/sec 
----------------------------------------------------------------------------------------------------------------------------
Sets       140980.53          ---          ---         6.56358         5.50300        19.58300        25.72700      9618.88 
Gets      1408256.07         0.00   1408256.07         6.43507         5.40700        19.19900        25.47100     35604.15 
Waits           0.00          ---          ---             ---             ---             ---             ---          --- 
Totals    1549236.60         0.00   1408256.07         6.44676         5.40700        19.19900        25.47100     45223.03 


WORST RUN RESULTS
============================================================================================================================
Type         Ops/sec     Hits/sec   Misses/sec    Avg. Latency     p50 Latency     p99 Latency   p99.9 Latency       KB/sec 
----------------------------------------------------------------------------------------------------------------------------
Sets       101931.09          ---          ---         6.50620         5.21500        20.99100        38.39900      6954.60 
Gets      1018190.78         0.00   1018190.78         6.37799         5.15100        20.47900        36.09500     25742.35 
Waits           0.00          ---          ---             ---             ---             ---             ---          --- 
Totals    1120121.87         0.00   1018190.78         6.38965         5.15100        20.47900        36.35100     32696.95 


AGGREGATED AVERAGE RESULTS (25 runs)
============================================================================================================================
Type         Ops/sec     Hits/sec   Misses/sec    Avg. Latency     p50 Latency     p99 Latency   p99.9 Latency       KB/sec 
----------------------------------------------------------------------------------------------------------------------------
Sets       117843.95          ---          ---         6.60553         5.56700        20.09500        30.46300      8040.31 
Gets      1177144.46         0.00   1177144.46         6.47490         5.47100        19.58300        29.05500     29761.08 
Waits           0.00          ---          ---             ---             ---             ---             ---          --- 
Totals    1294988.41         0.00   1177144.46         6.48679         5.47100        19.58300        29.18300     37801.39 
