10        Threads
50        Connections per thread
10000     Requests per client


BEST RUN RESULTS
============================================================================================================================
Type         Ops/sec     Hits/sec   Misses/sec    Avg. Latency     p50 Latency     p99 Latency   p99.9 Latency       KB/sec 
----------------------------------------------------------------------------------------------------------------------------
Sets       140479.01          ---          ---         6.53585         5.43900        19.83900        28.03100      9584.67 
Gets      1403246.39         0.00   1403246.39         6.40437         5.34300        19.32700        27.13500     35477.49 
Waits           0.00          ---          ---             ---             ---             ---             ---          --- 
Totals    1543725.40         0.00   1403246.39         6.41634         5.34300        19.32700        27.26300     45062.16 


WORST RUN RESULTS
============================================================================================================================
Type         Ops/sec     Hits/sec   Misses/sec    Avg. Latency     p50 Latency     p99 Latency   p99.9 Latency       KB/sec 
----------------------------------------------------------------------------------------------------------------------------
Sets       101633.42          ---          ---         7.13199         6.59100        20.09500        27.51900      6934.29 
Gets      1015217.31         0.00   1015217.31         6.96855         6.46300        19.58300        26.87900     25667.17 
Waits           0.00          ---          ---             ---             ---             ---             ---          --- 
Totals    1116850.73         0.00   1015217.31         6.98343         6.49500        19.71100        26.87900     32601.46 


AGGREGATED AVERAGE RESULTS (25 runs)
============================================================================================================================
Type         Ops/sec     Hits/sec   Misses/sec    Avg. Latency     p50 Latency     p99 Latency   p99.9 Latency       KB/sec 
----------------------------------------------------------------------------------------------------------------------------
Sets       113899.81          ---          ---         6.54898         5.47100        19.83900        30.20700      7771.21 
Gets      1137746.43         0.00   1137746.43         6.41736         5.37500        19.32700        28.92700     28765.01 
Waits           0.00          ---          ---             ---             ---             ---             ---          --- 
Totals    1251646.24         0.00   1137746.43         6.42934         5.37500        19.32700        29.05500     36536.21 
