10        Threads
50        Connections per thread
10000     Requests per client


BEST RUN RESULTS
============================================================================================================================
Type         Ops/sec     Hits/sec   Misses/sec    Avg. Latency     p50 Latency     p99 Latency   p99.9 Latency       KB/sec 
----------------------------------------------------------------------------------------------------------------------------
Sets       141821.34          ---          ---         6.57245         5.79100        19.96700        29.05500      9676.25 
Gets      1416654.87         0.00   1416654.87         6.44671         5.69500        19.45500        28.28700     35816.49 
Waits           0.00          ---          ---             ---             ---             ---             ---          --- 
Totals    1558476.21         0.00   1416654.87         6.45815         5.72700        19.45500        28.41500     45492.74 


WORST RUN RESULTS
============================================================================================================================
Type         Ops/sec     Hits/sec   Misses/sec    Avg. Latency     p50 Latency     p99 Latency   p99.9 Latency       KB/sec 
----------------------------------------------------------------------------------------------------------------------------
Sets       102979.81          ---          ---         7.04780         6.49500        20.22300        28.03100      7026.15 
Gets      1028666.41         0.00   1028666.41         6.88993         6.36700        19.71100        27.26300     26007.20 
Waits           0.00          ---          ---             ---             ---             ---             ---          --- 
Totals    1131646.21         0.00   1028666.41         6.90430         6.36700        19.71100        27.26300     33033.35 


AGGREGATED AVERAGE RESULTS (25 runs)
============================================================================================================================
Type         Ops/sec     Hits/sec   Misses/sec    Avg. Latency     p50 Latency     p99 Latency   p99.9 Latency       KB/sec 
----------------------------------------------------------------------------------------------------------------------------
Sets       113619.66          ---          ---         6.58955         5.56700        19.96700        29.56700      7752.09 
Gets      1134948.08         0.00   1134948.08         6.45993         5.50300        19.58300        28.54300     28694.26 
Waits           0.00          ---          ---             ---             ---             ---             ---          --- 
Totals    1248567.75         0.00   1134948.08         6.47173         5.50300        19.58300        28.67100     36446.35 
