tsan_compiler.sh: ignoring LLVM_ROOT_PATH=/home/alexey/dev/llvm-project/llvm/build (not the TSan prototype tree)
tsan_compiler.sh: using /home/alexey/dev/llvm-project-focs-lab/llvm/build/bin/clang (clang version 19.0.0git (https://github.com/focs-lab/llvm-project 729521af89653b1bac211c03203ab160d5cb71d0))
==> Running in test-only mode.
==> Checking for pre-existing redis-server processes before running benchmarks.
==> Switching to polygon directory for tests.
==> Testing orig
PING_INLINE 4426761.00
PING_MBULK 7045408.00
SET 3312741.75
GET 3891463.00
INCR 4033157.25
RPUSH 3106981.50
LPOP 2733464.50
RPOP 4764038.00
SADD 3584702.25
HSET 2810247.25
SPOP 5652248.50
ZADD 2598566.25
ZPOPMIN 5620494.50
LPUSH 2818163.50
LRANGE_100 152048.48
LRANGE_300 43317.80
LRANGE_500 25780.61
LRANGE_600 21104.17
MSET 588682.38
==> Found running redis-server process(es): 523855
==> Stopping redis-server with SIGTERM
==> redis-server stopped gracefully.
==> Script finished successfully. All results are in __results_redis__
