jq found, will generate JSON output to /home/alexey/tsan-experiments/tools/perf/results/contention-d3bf9f8c39fe/ffprobe-t16/ffmpeg/tsan/run1/summary.json.
--- FFmpeg Benchmark Start (using /usr/bin/time) ---
Builds to test: ffmpeg-tsan
Video file: ./input/WatchingEyeTexture.mkv
Runs per test: 1

--- Benchmarking: Codec [h264_libx264], Build [ffmpeg-tsan] ---

[96;1mffmpeg-tsan/bin/ffmpeg -hide_banner -i "./input/WatchingEyeTexture.mkv" -threads 16 -y -c:v libx264 -preset medium -crf 23  -loglevel error /dev/shm/out.mp4[0m

  Run 1/1... OK (Time: 18.41s, Mem: 757540KB)
  Results: Time(avg±std): 18.4100s ± 0s | Mem(peak): 757540KB | Runs: 1/1
--------------------------------------------------------

--- Benchmarking: Codec [copy_passthrough], Build [ffmpeg-tsan] ---

[96;1mffmpeg-tsan/bin/ffmpeg -hide_banner -i "./input/WatchingEyeTexture.mkv" -threads 16 -y -c:v copy -c:a copy  -loglevel error /dev/shm/out.mkv[0m

  Run 1/1... OK (Time: 0.73s, Mem: 80708KB)
  Results: Time(avg±std): .7300s ± 0s | Mem(peak): 80708KB | Runs: 1/1
--------------------------------------------------------

--- Benchmarking: Codec [mjpeg], Build [ffmpeg-tsan] ---

[96;1mffmpeg-tsan/bin/ffmpeg -hide_banner -i "./input/WatchingEyeTexture.mkv" -threads 16 -y -c:v mjpeg -pix_fmt yuvj420p -q:v 2  -loglevel error /dev/shm/out.avi[0m

  Run 1/1... OK (Time: 18.15s, Mem: 816056KB)
  Results: Time(avg±std): 18.1500s ± 0s | Mem(peak): 816056KB | Runs: 1/1
--------------------------------------------------------

--- Benchmarking: Codec [h265_libx265], Build [ffmpeg-tsan] ---

[96;1mffmpeg-tsan/bin/ffmpeg -hide_banner -i "./input/WatchingEyeTexture.mkv" -threads 16 -y -c:v libx265 -preset medium -crf 28 -tag:v hvc1  -loglevel error /dev/shm/out.mp4[0m

  Run 1/1... OK (Time: 51.95s, Mem: 2240184KB)
  Results: Time(avg±std): 51.9500s ± 0s | Mem(peak): 2240184KB | Runs: 1/1
--------------------------------------------------------

JSON results have been finalized in /home/alexey/tsan-experiments/tools/perf/results/contention-d3bf9f8c39fe/ffprobe-t16/ffmpeg/tsan/run1/summary.json
Benchmark finished. CSV results are in /home/alexey/tsan-experiments/tools/perf/results/contention-d3bf9f8c39fe/ffprobe-t16/ffmpeg/tsan/run1/summary.csv
