tsan_compiler.sh: ignoring LLVM_ROOT_PATH=/home/alexey/dev/llvm-project/llvm/build (not the TSan prototype tree)
tsan_compiler.sh: using /home/alexey/dev/llvm-project-focs-lab/llvm/build/bin/clang (clang version 19.0.0git (https://github.com/focs-lab/llvm-project 729521af89653b1bac211c03203ab160d5cb71d0))
==> Running in test-only mode.
==> Checking for pre-existing redis-server processes before running benchmarks.
==> Switching to polygon directory for tests.
==> Testing sound-yoff
PING_INLINE 480753.47
PING_MBULK 742723.06
SET 331615.38
GET 431785.94
INCR 439272.31
RPUSH 254243.45
LPOP 240607.98
RPOP 463814.53
SADD 364860.69
HSET 296780.78
SPOP 486836.00
ZADD 272378.97
ZPOPMIN 530741.62
LPUSH 226807.53
LRANGE_100 24934.87
LRANGE_300 8931.39
LRANGE_500 5402.49
LRANGE_600 4568.08
MSET 57360.20
==> Found running redis-server process(es): 2598516
==> Stopping redis-server with SIGTERM
==> redis-server stopped gracefully.
==> Script finished successfully. All results are in __results_redis__
