tsan_compiler.sh: using /opt/tsan-llvm/bin/clang (clang version 19.0.0git (https://github.com/focs-lab/llvm-project f3deebfbab602f4e05289e0acbde0efd06b8058c)) [frozen copy, TSAN_AUDIT_HASH=f3deebfbab60]
==> Running in test-only mode.
./redis.sh: line 246: warning: setlocale: LC_ALL: cannot change locale (en_US.UTF-8): No such file or directory
==> Checking for pre-existing redis-server processes before running benchmarks.
==> Switching to polygon directory for tests.
==> Testing tsan
PING_INLINE 453101.22
PING_MBULK 632452.31
SET 315162.53
GET 413827.50
INCR 383066.09
RPUSH 243347.59
LPOP 210015.77
RPOP 435149.69
SADD 340540.38
HSET 262956.16
SPOP 445125.44
ZADD 267371.84
ZPOPMIN 434245.03
LPUSH 207918.88
LRANGE_100 22557.85
LRANGE_300 8660.70
LRANGE_500 5310.69
LRANGE_600 4448.52
MSET 56576.41
==> Found running redis-server process(es): 12450
==> Stopping redis-server with SIGTERM
==> redis-server stopped gracefully.
==> Script finished successfully. All results are in __results_redis__
