tsan_compiler.sh: ignoring LLVM_ROOT_PATH=/home/alexey/dev/llvm-project/llvm/build (not the TSan prototype tree)
tsan_compiler.sh: using /home/alexey/dev/llvm-project-focs-lab/llvm/build/bin/clang (clang version 19.0.0git (https://github.com/focs-lab/llvm-project 729521af89653b1bac211c03203ab160d5cb71d0))
==> Running in test-only mode.
==> Checking for pre-existing redis-server processes before running benchmarks.
==> Switching to polygon directory for tests.
==> Testing orig
PING_INLINE 4221299.50
PING_MBULK 6581895.00
SET 2786763.25
GET 3818068.75
INCR 3789575.75
RPUSH 2865633.25
LPOP 2866613.00
RPOP 4526914.00
SADD 3425109.75
HSET 2591834.25
SPOP 5407827.00
ZADD 2278924.75
ZPOPMIN 5407827.00
LPUSH 2571845.75
LRANGE_100 142545.45
LRANGE_300 41726.53
LRANGE_500 24293.27
LRANGE_600 19606.45
MSET 521229.16
==> Found running redis-server process(es): 1923386
==> Stopping redis-server with SIGTERM
==> redis-server stopped gracefully.
==> Script finished successfully. All results are in __results_redis__
