tsan_compiler.sh: ignoring LLVM_ROOT_PATH=/home/alexey/dev/llvm-project/llvm/build (not the TSan prototype tree)
tsan_compiler.sh: using /home/alexey/dev/llvm-project-focs-lab/llvm/build/bin/clang (clang version 19.0.0git (https://github.com/focs-lab/llvm-project 729521af89653b1bac211c03203ab160d5cb71d0))
==> Running in test-only mode.
==> Checking for pre-existing redis-server processes before running benchmarks.
==> Switching to polygon directory for tests.
==> Testing tsan
PING_INLINE 441894.00
PING_MBULK 687120.88
SET 301247.41
GET 394249.16
INCR 370582.28
RPUSH 253886.09
LPOP 226524.83
RPOP 433708.62
SADD 325128.25
HSET 255299.14
SPOP 494292.50
ZADD 259303.91
ZPOPMIN 474146.00
LPUSH 202340.64
LRANGE_100 22465.75
LRANGE_300 8391.05
LRANGE_500 5186.81
LRANGE_600 4372.20
MSET 58811.37
==> Found running redis-server process(es): 1942712
==> Stopping redis-server with SIGTERM
==> redis-server stopped gracefully.
==> Script finished successfully. All results are in __results_redis__
