tsan_compiler.sh: ignoring LLVM_ROOT_PATH=/home/alexey/dev/llvm-project/llvm/build (not the TSan prototype tree)
tsan_compiler.sh: using /home/alexey/dev/llvm-project-focs-lab/llvm/build/bin/clang (clang version 19.0.0git (https://github.com/focs-lab/llvm-project 729521af89653b1bac211c03203ab160d5cb71d0))
==> Running in test-only mode.
==> Checking for pre-existing redis-server processes before running benchmarks.
==> Switching to polygon directory for tests.
==> Testing sound
PING_INLINE 470577.62
PING_MBULK 726541.75
SET 319734.09
GET 400820.50
INCR 408346.12
RPUSH 252002.02
LPOP 235178.17
RPOP 470135.34
SADD 360262.16
HSET 263345.09
SPOP 480522.56
ZADD 281182.69
ZPOPMIN 471020.69
LPUSH 218057.55
LRANGE_100 23682.32
LRANGE_300 8566.25
LRANGE_500 5200.50
LRANGE_600 4369.30
MSET 58392.08
==> Found running redis-server process(es): 2455605
==> Stopping redis-server with SIGTERM
==> redis-server stopped gracefully.
==> Script finished successfully. All results are in __results_redis__
