tsan_compiler.sh: ignoring LLVM_ROOT_PATH=/home/alexey/dev/llvm-project/llvm/build (not the TSan prototype tree)
tsan_compiler.sh: using /home/alexey/dev/llvm-project-focs-lab/llvm/build/bin/clang (clang version 19.0.0git (https://github.com/focs-lab/llvm-project 729521af89653b1bac211c03203ab160d5cb71d0))
==> Running in test-only mode.
==> Checking for pre-existing redis-server processes before running benchmarks.
==> Switching to polygon directory for tests.
==> Testing sound
PING_INLINE 497735.31
PING_MBULK 773741.69
SET 348102.97
GET 435067.41
INCR 438985.50
RPUSH 271197.62
LPOP 238335.08
RPOP 474370.81
SADD 337191.78
HSET 272008.69
SPOP 527106.44
ZADD 261145.39
ZPOPMIN 513840.78
LPUSH 219060.22
LRANGE_100 23313.64
LRANGE_300 8186.15
LRANGE_500 4961.84
LRANGE_600 4200.32
MSET 60309.20
==> Found running redis-server process(es): 2086656
==> Stopping redis-server with SIGTERM
==> redis-server stopped gracefully.
==> Script finished successfully. All results are in __results_redis__
