tsan_compiler.sh: using /opt/tsan-llvm/bin/clang (clang version 19.0.0git (https://github.com/focs-lab/llvm-project f3deebfbab602f4e05289e0acbde0efd06b8058c)) [frozen copy, TSAN_AUDIT_HASH=f3deebfbab60]
==> Running in test-only mode.
./redis.sh: line 246: warning: setlocale: LC_ALL: cannot change locale (en_US.UTF-8): No such file or directory
==> Checking for pre-existing redis-server processes before running benchmarks.
==> Switching to polygon directory for tests.
==> Testing tsan
PING_INLINE 469473.47
PING_MBULK 716450.50
SET 357043.72
GET 459347.81
INCR 282404.81
RPUSH 266986.50
LPOP 244560.83
RPOP 505641.44
SADD 382189.84
HSET 297402.44
SPOP 514618.56
ZADD 301860.97
ZPOPMIN 491211.09
LPUSH 233426.84
LRANGE_100 27457.01
LRANGE_300 9266.05
LRANGE_500 6016.77
LRANGE_600 5080.81
MSET 63013.41
==> Found running redis-server process(es): 20301
==> Stopping redis-server with SIGTERM
==> redis-server stopped gracefully.
==> Script finished successfully. All results are in __results_redis__
