tsan_compiler.sh: using /opt/tsan-llvm/bin/clang (clang version 19.0.0git (https://github.com/focs-lab/llvm-project f3deebfbab602f4e05289e0acbde0efd06b8058c)) [frozen copy, TSAN_AUDIT_HASH=f3deebfbab60]
==> Running in test-only mode.
./redis.sh: line 246: warning: setlocale: LC_ALL: cannot change locale (en_US.UTF-8): No such file or directory
==> Checking for pre-existing redis-server processes before running benchmarks.
==> Switching to polygon directory for tests.
==> Testing dom_peeling-ea-lo-st-swmr
PING_INLINE 429946.03
PING_MBULK 649907.12
SET 304993.06
GET 399073.97
INCR 383123.41
RPUSH 242006.94
LPOP 215045.28
RPOP 444147.97
SADD 328056.09
HSET 258190.78
SPOP 451305.19
ZADD 285298.06
ZPOPMIN 451248.91
LPUSH 197335.95
LRANGE_100 23231.54
LRANGE_300 8730.42
LRANGE_500 5349.05
LRANGE_600 4577.74
MSET 61312.77
==> Found running redis-server process(es): 26176
==> Stopping redis-server with SIGTERM
==> redis-server stopped gracefully.
==> Script finished successfully. All results are in __results_redis__
