memcached orig run1 rc=0 64.1s outside_busy=0.0113 inside_busy=0.551 foreign_cpu_share=0.0177
memcached tsan run1 rc=0 175.2s outside_busy=0.0067 inside_busy=0.5687 foreign_cpu_share=0.0037
memcached tsan-yoff run1 rc=0 170.2s outside_busy=0.0088 inside_busy=0.5791 foreign_cpu_share=0.008
memcached tsan-stmt run1 rc=0 182.2s outside_busy=0.0068 inside_busy=0.5559 foreign_cpu_share=0.0052
memcached tsan-stmt-yoff run1 rc=0 172.2s outside_busy=0.0073 inside_busy=0.5724 foreign_cpu_share=0.0067
memcached tsan-sound run1 rc=0 171.2s outside_busy=0.0069 inside_busy=0.5765 foreign_cpu_share=0.005
memcached tsan-sound-yoff run1 rc=0 169.2s outside_busy=0.0088 inside_busy=0.5803 foreign_cpu_share=0.0079
memcached tsan-dom_peeling-ea-lo-st-swmr run1 rc=0 173.2s outside_busy=0.0075 inside_busy=0.5745 foreign_cpu_share=0.0062
memcached tsan-dom_peeling-ea-lo-st-swmr-yoff run1 rc=0 172.2s outside_busy=0.0069 inside_busy=0.5719 foreign_cpu_share=0.0059
memcached orig run2 rc=0 65.1s outside_busy=0.0071 inside_busy=0.5604 foreign_cpu_share=0.0094
memcached tsan run2 rc=0 171.2s outside_busy=0.0082 inside_busy=0.5755 foreign_cpu_share=0.0081
memcached tsan-yoff run2 rc=0 171.2s outside_busy=0.0092 inside_busy=0.5761 foreign_cpu_share=0.009
memcached tsan-stmt run2 rc=0 175.2s outside_busy=0.0068 inside_busy=0.5695 foreign_cpu_share=0.0034
memcached tsan-stmt-yoff run2 rc=0 180.2s outside_busy=0.0073 inside_busy=0.5618 foreign_cpu_share=0.007
memcached tsan-sound run2 rc=0 176.2s outside_busy=0.0069 inside_busy=0.5719 foreign_cpu_share=0.0061
memcached tsan-sound-yoff run2 rc=0 171.2s outside_busy=0.0075 inside_busy=0.5721 foreign_cpu_share=0.0063
memcached tsan-dom_peeling-ea-lo-st-swmr run2 rc=0 171.2s outside_busy=0.0083 inside_busy=0.5729 foreign_cpu_share=0.0069
memcached tsan-dom_peeling-ea-lo-st-swmr-yoff run2 rc=0 179.2s outside_busy=0.0089 inside_busy=0.5602 foreign_cpu_share=0.0073
memcached orig run3 rc=0 65.1s outside_busy=0.0067 inside_busy=0.5573 foreign_cpu_share=0.0088
memcached tsan run3 rc=0 172.2s outside_busy=0.0073 inside_busy=0.576 foreign_cpu_share=0.0067
memcached tsan-yoff run3 rc=0 168.2s outside_busy=0.0069 inside_busy=0.5834 foreign_cpu_share=0.0051
memcached tsan-stmt run3 rc=0 174.2s outside_busy=0.0071 inside_busy=0.5704 foreign_cpu_share=0.0064
memcached tsan-stmt-yoff run3 rc=0 182.2s outside_busy=0.0088 inside_busy=0.5612 foreign_cpu_share=0.0071
memcached tsan-sound run3 rc=0 169.2s outside_busy=0.0069 inside_busy=0.58 foreign_cpu_share=0.0043
memcached tsan-sound-yoff run3 rc=0 171.2s outside_busy=0.0083 inside_busy=0.575 foreign_cpu_share=0.0072
memcached tsan-dom_peeling-ea-lo-st-swmr run3 rc=0 165.2s outside_busy=0.0069 inside_busy=0.5804 foreign_cpu_share=0.0054
memcached tsan-dom_peeling-ea-lo-st-swmr-yoff run3 rc=0 170.2s outside_busy=0.0074 inside_busy=0.5766 foreign_cpu_share=0.0068
memcached orig run4 rc=0 64.1s outside_busy=0.0112 inside_busy=0.5509 foreign_cpu_share=0.0148
memcached tsan run4 rc=0 171.2s outside_busy=0.0075 inside_busy=0.5737 foreign_cpu_share=0.0051
memcached tsan-yoff run4 rc=0 169.2s outside_busy=0.007 inside_busy=0.5765 foreign_cpu_share=0.0052
memcached tsan-stmt run4 rc=0 169.2s outside_busy=0.0078 inside_busy=0.5772 foreign_cpu_share=0.006
memcached tsan-stmt-yoff run4 rc=0 170.2s outside_busy=0.007 inside_busy=0.5752 foreign_cpu_share=0.0057
memcached tsan-sound run4 rc=0 181.2s outside_busy=0.0095 inside_busy=0.5611 foreign_cpu_share=0.0079
memcached tsan-sound-yoff run4 rc=0 180.2s outside_busy=0.007 inside_busy=0.5592 foreign_cpu_share=0.0055
memcached tsan-dom_peeling-ea-lo-st-swmr run4 rc=0 167.2s outside_busy=0.0068 inside_busy=0.5788 foreign_cpu_share=0.005
memcached tsan-dom_peeling-ea-lo-st-swmr-yoff run4 rc=0 171.2s outside_busy=0.0074 inside_busy=0.5739 foreign_cpu_share=0.0066
memcached orig run5 rc=0 64.1s outside_busy=0.0068 inside_busy=0.555 foreign_cpu_share=0.0091
memcached tsan run5 rc=0 171.2s outside_busy=0.0071 inside_busy=0.5751 foreign_cpu_share=0.0058
memcached tsan-yoff run5 rc=0 168.2s outside_busy=0.0092 inside_busy=0.5796 foreign_cpu_share=0.007
memcached tsan-stmt run5 rc=0 171.2s outside_busy=0.008 inside_busy=0.5758 foreign_cpu_share=0.0073
memcached tsan-stmt-yoff run5 rc=0 168.2s outside_busy=0.0073 inside_busy=0.5783 foreign_cpu_share=0.006
memcached tsan-sound run5 rc=0 168.2s outside_busy=0.0074 inside_busy=0.5797 foreign_cpu_share=0.0059
memcached tsan-sound-yoff run5 rc=0 171.2s outside_busy=0.0068 inside_busy=0.5746 foreign_cpu_share=0.0048
memcached tsan-dom_peeling-ea-lo-st-swmr run5 rc=0 186.2s outside_busy=0.0087 inside_busy=0.5517 foreign_cpu_share=0.0071
memcached tsan-dom_peeling-ea-lo-st-swmr-yoff run5 rc=0 169.2s outside_busy=0.0068 inside_busy=0.58 foreign_cpu_share=0.0047
DONE memcached
