tsan_compiler.sh: ignoring LLVM_ROOT_PATH=/home/alexey/dev/llvm-project/llvm/build (not the TSan prototype tree)
tsan_compiler.sh: using /home/alexey/dev/llvm-project-focs-lab/llvm/build/bin/clang (clang version 19.0.0git (https://github.com/focs-lab/llvm-project 729521af89653b1bac211c03203ab160d5cb71d0))
==> Running in test-only mode.
==> Checking for pre-existing redis-server processes before running benchmarks.
==> Switching to polygon directory for tests.
==> Testing sound
PING_INLINE 466844.62
PING_MBULK 719229.31
SET 320348.41
GET 423870.34
INCR 424638.38
RPUSH 265159.81
LPOP 242650.48
RPOP 504766.91
SADD 350665.28
HSET 288812.94
SPOP 471909.47
ZADD 278598.72
ZPOPMIN 491137.97
LPUSH 219252.23
LRANGE_100 24280.88
LRANGE_300 8640.42
LRANGE_500 5290.60
LRANGE_600 4403.20
MSET 63115.74
==> Found running redis-server process(es): 2061960
==> Stopping redis-server with SIGTERM
==> redis-server stopped gracefully.
==> Script finished successfully. All results are in __results_redis__
