tsan_compiler.sh: using /opt/tsan-llvm/bin/clang (clang version 19.0.0git (https://github.com/focs-lab/llvm-project f3deebfbab602f4e05289e0acbde0efd06b8058c)) [frozen copy, TSAN_AUDIT_HASH=f3deebfbab60]
==> Running in test-only mode.
./redis.sh: line 246: warning: setlocale: LC_ALL: cannot change locale (en_US.UTF-8): No such file or directory
==> Checking for pre-existing redis-server processes before running benchmarks.
==> Switching to polygon directory for tests.
==> Testing dom_peeling-ea-lo-st-swmr
PING_INLINE 474390.25
PING_MBULK 789619.62
SET 357433.31
GET 437185.53
INCR 413403.09
RPUSH 273469.22
LPOP 264482.41
RPOP 514672.06
SADD 287046.00
HSET 305477.06
SPOP 526749.00
ZADD 307651.62
ZPOPMIN 503441.50
LPUSH 255617.31
LRANGE_100 29460.25
LRANGE_300 10068.93
LRANGE_500 6349.77
LRANGE_600 5296.34
MSET 75638.84
==> Found running redis-server process(es): 11194
==> Stopping redis-server with SIGTERM
==> redis-server stopped gracefully.
==> Script finished successfully. All results are in __results_redis__
