tsan_compiler.sh: using /opt/tsan-llvm/bin/clang (clang version 19.0.0git (https://github.com/focs-lab/llvm-project f3deebfbab602f4e05289e0acbde0efd06b8058c)) [frozen copy, TSAN_AUDIT_HASH=f3deebfbab60]
==> Running in test-only mode.
./redis.sh: line 246: warning: setlocale: LC_ALL: cannot change locale (en_US.UTF-8): No such file or directory
==> Checking for pre-existing redis-server processes before running benchmarks.
==> Switching to polygon directory for tests.
==> Testing stmt
PING_INLINE 444728.34
PING_MBULK 616452.81
SET 289771.53
GET 391053.69
INCR 409791.16
RPUSH 232682.12
LPOP 205597.42
RPOP 438081.84
SADD 326046.94
HSET 255691.92
SPOP 431831.16
ZADD 255101.80
ZPOPMIN 423822.84
LPUSH 194845.12
LRANGE_100 21884.93
LRANGE_300 8341.79
LRANGE_500 5127.18
LRANGE_600 4415.15
MSET 58000.44
==> Found running redis-server process(es): 10096
==> Stopping redis-server with SIGTERM
==> redis-server stopped gracefully.
==> Script finished successfully. All results are in __results_redis__
