tsan_compiler.sh: ignoring LLVM_ROOT_PATH=/home/alexey/dev/llvm-project/llvm/build (not the TSan prototype tree)
tsan_compiler.sh: using /home/alexey/dev/llvm-project-focs-lab/llvm/build/bin/clang (clang version 19.0.0git (https://github.com/focs-lab/llvm-project 729521af89653b1bac211c03203ab160d5cb71d0))
==> Running in test-only mode.
==> Checking for pre-existing redis-server processes before running benchmarks.
==> Switching to polygon directory for tests.
==> Testing tsan
PING_INLINE 429930.41
PING_MBULK 718196.69
SET 322621.09
GET 397634.34
INCR 401625.06
RPUSH 253406.28
LPOP 222223.02
RPOP 442480.34
SADD 354140.88
HSET 269808.00
SPOP 482143.59
ZADD 295728.06
ZPOPMIN 515960.81
LPUSH 214320.47
LRANGE_100 23507.39
LRANGE_300 8595.61
LRANGE_500 5179.26
LRANGE_600 4353.65
MSET 60844.66
==> Found running redis-server process(es): 1920709
==> Stopping redis-server with SIGTERM
==> redis-server stopped gracefully.
==> Script finished successfully. All results are in __results_redis__
