tsan_compiler.sh: ignoring LLVM_ROOT_PATH=/home/alexey/dev/llvm-project/llvm/build (not the TSan prototype tree)
tsan_compiler.sh: using /home/alexey/dev/llvm-project-focs-lab/llvm/build/bin/clang (clang version 19.0.0git (https://github.com/focs-lab/llvm-project 729521af89653b1bac211c03203ab160d5cb71d0))
==> Running in test-only mode.
==> Checking for pre-existing redis-server processes before running benchmarks.
==> Switching to polygon directory for tests.
==> Testing tsan
PING_INLINE 440338.00
PING_MBULK 684769.38
SET 327233.34
GET 438813.69
INCR 419638.47
RPUSH 266038.25
LPOP 227661.84
RPOP 486126.31
SADD 350171.62
HSET 271653.94
SPOP 466844.62
ZADD 277819.22
ZPOPMIN 498231.09
LPUSH 215656.55
LRANGE_100 22369.35
LRANGE_300 8534.08
LRANGE_500 5267.61
LRANGE_600 4435.25
MSET 65694.68
==> Found running redis-server process(es): 3989929
==> Stopping redis-server with SIGTERM
==> redis-server stopped gracefully.
==> Script finished successfully. All results are in __results_redis__
