[warn] $LLVM_ROOT_PATH=/home/alexey/dev/llvm-project/llvm/build differs from --llvm-root=/home/alexey/dev/llvm-project-focs-lab/llvm/build; the manifest describes the latter
output: /home/alexey/tsan-experiments/tools/preservation/results/sqlite/2026-09-02-hardened-0de7a735/tsan
compiler: clang version 19.0.0git (https://github.com/focs-lab/llvm-project 89e5d0078d2fce140fa3034fed47611bc32cc2e8) branch=tsan-dev head=0de7a7350375 ninja=None
TSAN_OPTIONS template: log_path=/home/alexey/tsan-experiments/tools/preservation/results/sqlite/2026-09-02-hardened-0de7a735/tsan/logs/sqlite.<cfg>.0 exitcode=0 external_symbolizer_path=/home/alexey/dev/llvm-project-focs-lab/llvm/build/bin/llvm-symbolizer
=== [1/10] sqlite cfg=tsan run=1  (elapsed 0s)
[2026-09-02T09:03:48] sqlite/tsan/run1/threadtest3: /home/alexey/tsan-experiments/sql/sqlite/build/test-tsan/threadtest3  (cwd=/dev/shm/preservation-sqlite-tsan/tsan.1)
    log files for this run: 1
=== [2/10] sqlite cfg=tsan run=2  (elapsed 272s)
[2026-09-02T09:08:20] sqlite/tsan/run2/threadtest3: /home/alexey/tsan-experiments/sql/sqlite/build/test-tsan/threadtest3  (cwd=/dev/shm/preservation-sqlite-tsan/tsan.2)
    log files for this run: 1
=== [3/10] sqlite cfg=tsan run=3  (elapsed 550s)
[2026-09-02T09:12:59] sqlite/tsan/run3/threadtest3: /home/alexey/tsan-experiments/sql/sqlite/build/test-tsan/threadtest3  (cwd=/dev/shm/preservation-sqlite-tsan/tsan.3)
    log files for this run: 0
=== [4/10] sqlite cfg=tsan run=4  (elapsed 848s)
[2026-09-02T09:17:57] sqlite/tsan/run4/threadtest3: /home/alexey/tsan-experiments/sql/sqlite/build/test-tsan/threadtest3  (cwd=/dev/shm/preservation-sqlite-tsan/tsan.4)
    log files for this run: 1
=== [5/10] sqlite cfg=tsan run=5  (elapsed 1137s)
[2026-09-02T09:22:45] sqlite/tsan/run5/threadtest3: /home/alexey/tsan-experiments/sql/sqlite/build/test-tsan/threadtest3  (cwd=/dev/shm/preservation-sqlite-tsan/tsan.5)
    log files for this run: 1
=== [6/10] sqlite cfg=tsan run=6  (elapsed 1441s)
[2026-09-02T09:27:50] sqlite/tsan/run6/threadtest3: /home/alexey/tsan-experiments/sql/sqlite/build/test-tsan/threadtest3  (cwd=/dev/shm/preservation-sqlite-tsan/tsan.6)
    log files for this run: 1
=== [7/10] sqlite cfg=tsan run=7  (elapsed 1724s)
[2026-09-02T09:32:33] sqlite/tsan/run7/threadtest3: /home/alexey/tsan-experiments/sql/sqlite/build/test-tsan/threadtest3  (cwd=/dev/shm/preservation-sqlite-tsan/tsan.7)
    log files for this run: 1
=== [8/10] sqlite cfg=tsan run=8  (elapsed 1987s)
[2026-09-02T09:36:56] sqlite/tsan/run8/threadtest3: /home/alexey/tsan-experiments/sql/sqlite/build/test-tsan/threadtest3  (cwd=/dev/shm/preservation-sqlite-tsan/tsan.8)
    log files for this run: 1
=== [9/10] sqlite cfg=tsan run=9  (elapsed 2260s)
[2026-09-02T09:41:29] sqlite/tsan/run9/threadtest3: /home/alexey/tsan-experiments/sql/sqlite/build/test-tsan/threadtest3  (cwd=/dev/shm/preservation-sqlite-tsan/tsan.9)
    log files for this run: 1
=== [10/10] sqlite cfg=tsan run=10  (elapsed 2569s)
[2026-09-02T09:46:38] sqlite/tsan/run10/threadtest3: /home/alexey/tsan-experiments/sql/sqlite/build/test-tsan/threadtest3  (cwd=/dev/shm/preservation-sqlite-tsan/tsan.10)
    log files for this run: 0
done in 2843s. Aggregate with:
  /home/alexey/tsan-experiments/tools/preservation/tsan_reports.py aggregate --results-dir /home/alexey/tsan-experiments/tools/preservation/results/sqlite/2026-09-02-hardened-0de7a735/tsan/logs --baseline tsan
