tsan_compiler.sh: using /opt/tsan-llvm/bin/clang (clang version 19.0.0git (https://github.com/focs-lab/llvm-project f3deebfbab602f4e05289e0acbde0efd06b8058c)) [frozen copy, TSAN_AUDIT_HASH=f3deebfbab60]
==> Running in test-only mode.
./redis.sh: line 246: warning: setlocale: LC_ALL: cannot change locale (en_US.UTF-8): No such file or directory
==> Checking for pre-existing redis-server processes before running benchmarks.
==> Switching to polygon directory for tests.
==> Testing dom_peeling-ea-lo-st-swmr-stmt
PING_INLINE 468593.91
PING_MBULK 748278.25
SET 333895.22
GET 421634.94
INCR 393347.53
RPUSH 277493.44
LPOP 258613.61
RPOP 466114.22
SADD 372803.94
HSET 289022.81
SPOP 492733.78
ZADD 296929.84
ZPOPMIN 489952.19
LPUSH 244486.11
LRANGE_100 26586.67
LRANGE_300 9691.43
LRANGE_500 6082.71
LRANGE_600 3857.79
MSET 65843.47
==> Found running redis-server process(es): 15706
==> Stopping redis-server with SIGTERM
==> redis-server stopped gracefully.
==> Script finished successfully. All results are in __results_redis__
