tsan_compiler.sh: ignoring LLVM_ROOT_PATH=/home/alexey/dev/llvm-project/llvm/build (not the TSan prototype tree)
tsan_compiler.sh: using /home/alexey/dev/llvm-project-focs-lab/llvm/build/bin/clang (clang version 19.0.0git (https://github.com/focs-lab/llvm-project 729521af89653b1bac211c03203ab160d5cb71d0))
==> Running in test-only mode.
==> Checking for pre-existing redis-server processes before running benchmarks.
==> Switching to polygon directory for tests.
==> Testing dom_peeling-ea-lo-st-swmr
PING_INLINE 534142.00
PING_MBULK 853624.56
SET 377812.69
GET 471357.22
INCR 462527.94
RPUSH 291166.47
LPOP 269589.88
RPOP 525169.56
SADD 395277.78
HSET 310408.94
SPOP 600148.75
ZADD 335720.81
ZPOPMIN 604135.25
LPUSH 257722.23
LRANGE_100 29951.18
LRANGE_300 10170.60
LRANGE_500 6186.01
LRANGE_600 5138.45
MSET 69565.84
==> Found running redis-server process(es): 518213
==> Stopping redis-server with SIGTERM
==> redis-server stopped gracefully.
==> Script finished successfully. All results are in __results_redis__
