jq found, will generate JSON output to /artifact/results/perf-ffmpeg-20260921-144526/ffmpeg/orig/warmup1/summary.json.
--- FFmpeg Benchmark Start (using /usr/bin/time) ---
Builds to test: ffmpeg-orig
Video file: ./input/TearsOfSteel-1366x768-100s.mkv
Runs per test: 1

--- Benchmarking: Codec [h264_libx264], Build [ffmpeg-orig] ---

[96;1mffmpeg-orig/bin/ffmpeg -hide_banner -i "./input/TearsOfSteel-1366x768-100s.mkv" -threads 8 -y -c:v libx264 -preset medium -crf 23  -loglevel error /dev/shm/out.mp4[0m

  Run 1/1... OK (Time: 19.37s, Mem: 374796KB)
  Results: Time(avg±std): 19.3700s ± 0s | Mem(peak): 374796KB | Runs: 1/1
--------------------------------------------------------

--- Benchmarking: Codec [copy_passthrough], Build [ffmpeg-orig] ---

[96;1mffmpeg-orig/bin/ffmpeg -hide_banner -i "./input/TearsOfSteel-1366x768-100s.mkv" -threads 8 -y -c:v copy -c:a copy  -loglevel error /dev/shm/out.mkv[0m

  Run 1/1... OK (Time: 0.13s, Mem: 20544KB)
  Results: Time(avg±std): .1300s ± 0s | Mem(peak): 20544KB | Runs: 1/1
--------------------------------------------------------

--- Benchmarking: Codec [mjpeg], Build [ffmpeg-orig] ---

[96;1mffmpeg-orig/bin/ffmpeg -hide_banner -i "./input/TearsOfSteel-1366x768-100s.mkv" -threads 8 -y -c:v mjpeg -pix_fmt yuvj420p -q:v 2  -loglevel error /dev/shm/out.avi[0m

  Run 1/1... OK (Time: 3.35s, Mem: 162112KB)
  Results: Time(avg±std): 3.3500s ± 0s | Mem(peak): 162112KB | Runs: 1/1
--------------------------------------------------------

--- Benchmarking: Codec [h265_libx265], Build [ffmpeg-orig] ---

[96;1mffmpeg-orig/bin/ffmpeg -hide_banner -i "./input/TearsOfSteel-1366x768-100s.mkv" -threads 8 -y -c:v libx265 -preset medium -crf 28 -tag:v hvc1  -loglevel error /dev/shm/out.mp4[0m

  Run 1/1... OK (Time: 26.37s, Mem: 655808KB)
  Results: Time(avg±std): 26.3700s ± 0s | Mem(peak): 655808KB | Runs: 1/1
--------------------------------------------------------

JSON results have been finalized in /artifact/results/perf-ffmpeg-20260921-144526/ffmpeg/orig/warmup1/summary.json
Benchmark finished. CSV results are in /artifact/results/perf-ffmpeg-20260921-144526/ffmpeg/orig/warmup1/summary.csv
