tsan_compiler.sh: ignoring LLVM_ROOT_PATH=/home/alexey/dev/llvm-project/llvm/build (not the TSan prototype tree)
tsan_compiler.sh: using /home/alexey/dev/llvm-project-focs-lab/llvm/build/bin/clang (clang version 19.0.0git (https://github.com/focs-lab/llvm-project 729521af89653b1bac211c03203ab160d5cb71d0))
==> Running in test-only mode.
==> Checking for pre-existing redis-server processes before running benchmarks.
==> Switching to polygon directory for tests.
==> Testing orig
PING_INLINE 3357208.00
PING_MBULK 5293376.00
SET 2682166.25
GET 3402884.25
INCR 3323747.50
RPUSH 2850279.00
LPOP 2404923.00
RPOP 4330943.50
SADD 3379891.75
HSET 2440117.00
SPOP 4526914.00
ZADD 2332046.75
ZPOPMIN 4674990.50
LPUSH 2605333.25
LRANGE_100 123501.70
LRANGE_300 39315.39
LRANGE_500 23393.52
LRANGE_600 18530.49
MSET 466139.00
==> Found running redis-server process(es): 1955080
==> Stopping redis-server with SIGTERM
==> redis-server stopped gracefully.
==> Script finished successfully. All results are in __results_redis__
