tsan_compiler.sh: ignoring LLVM_ROOT_PATH=/home/alexey/dev/llvm-project/llvm/build (not the TSan prototype tree)
tsan_compiler.sh: using /home/alexey/dev/llvm-project-focs-lab/llvm/build/bin/clang (clang version 19.0.0git (https://github.com/focs-lab/llvm-project 729521af89653b1bac211c03203ab160d5cb71d0))
==> Running in test-only mode.
==> Checking for pre-existing redis-server processes before running benchmarks.
==> Switching to polygon directory for tests.
==> Testing dom_peeling-ea-lo-st-swmr
PING_INLINE 543131.38
PING_MBULK 761375.94
SET 380253.88
GET 501055.09
INCR 467499.03
RPUSH 293472.59
LPOP 269009.94
RPOP 548576.00
SADD 395277.78
HSET 316697.69
SPOP 543131.38
ZADD 311860.34
ZPOPMIN 618323.88
LPUSH 256590.92
LRANGE_100 27930.34
LRANGE_300 9910.85
LRANGE_500 6034.99
LRANGE_600 4999.40
MSET 69507.20
==> Found running redis-server process(es): 534782
==> Stopping redis-server with SIGTERM
==> redis-server stopped gracefully.
==> Script finished successfully. All results are in __results_redis__
