tsan_compiler.sh: ignoring LLVM_ROOT_PATH=/home/alexey/dev/llvm-project/llvm/build (not the TSan prototype tree)
tsan_compiler.sh: using /home/alexey/dev/llvm-project-focs-lab/llvm/build/bin/clang (clang version 19.0.0git (https://github.com/focs-lab/llvm-project 729521af89653b1bac211c03203ab160d5cb71d0))
==> Running in test-only mode.
==> Checking for pre-existing redis-server processes before running benchmarks.
==> Switching to polygon directory for tests.
==> Testing lo
PING_INLINE 452896.31
PING_MBULK 719229.31
SET 307262.91
GET 397860.00
INCR 376108.25
RPUSH 245508.72
LPOP 211243.23
RPOP 443068.22
SADD 363799.28
HSET 250550.47
SPOP 494292.50
ZADD 271418.34
ZPOPMIN 513313.50
LPUSH 204214.73
LRANGE_100 24074.23
LRANGE_300 8463.12
LRANGE_500 5208.33
LRANGE_600 4614.83
MSET 64128.04
==> Found running redis-server process(es): 2436293
==> Stopping redis-server with SIGTERM
==> redis-server stopped gracefully.
==> Script finished successfully. All results are in __results_redis__
