jq found, will generate JSON output to /home/alexey/tsan-experiments/tools/perf/results/yield-d98873cda906/ffmpeg/tsan-sound-yoff/run4/summary.json.
--- FFmpeg Benchmark Start (using /usr/bin/time) ---
Builds to test: ffmpeg-tsan-sound-yoff
Video file: ./input/WatchingEyeTexture.mkv
Runs per test: 1

--- Benchmarking: Codec [h264_libx264], Build [ffmpeg-tsan-sound-yoff] ---

[96;1mffmpeg-tsan-sound-yoff/bin/ffmpeg -hide_banner -i "./input/WatchingEyeTexture.mkv" -threads 4 -y -c:v libx264 -preset medium -crf 23  -loglevel error /dev/shm/out.mp4[0m

  Run 1/1... OK (Time: 45.3s, Mem: 582576KB)
  Results: Time(avg±std): 45.3000s ± 0s | Mem(peak): 582576KB | Runs: 1/1
--------------------------------------------------------

--- Benchmarking: Codec [copy_passthrough], Build [ffmpeg-tsan-sound-yoff] ---

[96;1mffmpeg-tsan-sound-yoff/bin/ffmpeg -hide_banner -i "./input/WatchingEyeTexture.mkv" -threads 4 -y -c:v copy -c:a copy  -loglevel error /dev/shm/out.mkv[0m

  Run 1/1... OK (Time: 0.74s, Mem: 80648KB)
  Results: Time(avg±std): .7400s ± 0s | Mem(peak): 80648KB | Runs: 1/1
--------------------------------------------------------

--- Benchmarking: Codec [mjpeg], Build [ffmpeg-tsan-sound-yoff] ---

[96;1mffmpeg-tsan-sound-yoff/bin/ffmpeg -hide_banner -i "./input/WatchingEyeTexture.mkv" -threads 4 -y -c:v mjpeg -pix_fmt yuvj420p -q:v 2  -loglevel error /dev/shm/out.avi[0m

  Run 1/1... OK (Time: 25.48s, Mem: 426552KB)
  Results: Time(avg±std): 25.4800s ± 0s | Mem(peak): 426552KB | Runs: 1/1
--------------------------------------------------------

--- Benchmarking: Codec [h265_libx265], Build [ffmpeg-tsan-sound-yoff] ---

[96;1mffmpeg-tsan-sound-yoff/bin/ffmpeg -hide_banner -i "./input/WatchingEyeTexture.mkv" -threads 4 -y -c:v libx265 -preset medium -crf 28 -tag:v hvc1  -loglevel error /dev/shm/out.mp4[0m

  Run 1/1... OK (Time: 54.58s, Mem: 1649128KB)
  Results: Time(avg±std): 54.5800s ± 0s | Mem(peak): 1649128KB | Runs: 1/1
--------------------------------------------------------

JSON results have been finalized in /home/alexey/tsan-experiments/tools/perf/results/yield-d98873cda906/ffmpeg/tsan-sound-yoff/run4/summary.json
Benchmark finished. CSV results are in /home/alexey/tsan-experiments/tools/perf/results/yield-d98873cda906/ffmpeg/tsan-sound-yoff/run4/summary.csv
