tsan_compiler.sh: using /opt/tsan-llvm/bin/clang (clang version 19.0.0git (https://github.com/focs-lab/llvm-project f3deebfbab602f4e05289e0acbde0efd06b8058c)) [frozen copy, TSAN_AUDIT_HASH=f3deebfbab60]
==> Running in test-only mode.
./redis.sh: line 246: warning: setlocale: LC_ALL: cannot change locale (en_US.UTF-8): No such file or directory
==> Checking for pre-existing redis-server processes before running benchmarks.
==> Switching to polygon directory for tests.
==> Testing orig
PING_INLINE 4083461.25
PING_MBULK 6413128.00
SET 3022501.50
GET 3731738.75
INCR 3651270.25
RPUSH 2942494.00
LPOP 2794547.50
RPOP 4349774.00
SADD 3426191.75
HSET 2552163.25
SPOP 4674990.50
ZADD 2337495.25
ZPOPMIN 5156948.50
LPUSH 2740953.25
LRANGE_100 146285.72
LRANGE_300 40896.00
LRANGE_500 24410.63
LRANGE_600 20395.97
MSET 480913.44
==> Found running redis-server process(es): 14926
==> Stopping redis-server with SIGTERM
==> redis-server stopped gracefully.
==> Script finished successfully. All results are in __results_redis__
