tsan_compiler.sh: ignoring LLVM_ROOT_PATH=/home/alexey/dev/llvm-project/llvm/build (not the TSan prototype tree)
tsan_compiler.sh: using /home/alexey/dev/llvm-project-focs-lab/llvm/build/bin/clang (clang version 19.0.0git (https://github.com/focs-lab/llvm-project 729521af89653b1bac211c03203ab160d5cb71d0))
==> Running in test-only mode.
==> Checking for pre-existing redis-server processes before running benchmarks.
==> Switching to polygon directory for tests.
==> Testing dom_peeling-ea-lo-st-swmr
PING_INLINE 424638.38
PING_MBULK 742172.06
SET 326633.56
GET 434599.47
INCR 430759.25
RPUSH 269082.31
LPOP 232392.11
RPOP 470135.34
SADD 376391.28
HSET 293042.75
SPOP 493317.53
ZADD 270245.28
ZPOPMIN 468813.47
LPUSH 214274.56
LRANGE_100 24017.46
LRANGE_300 8715.95
LRANGE_500 5263.72
LRANGE_600 4404.02
MSET 64357.70
==> Found running redis-server process(es): 2056943
==> Stopping redis-server with SIGTERM
==> redis-server stopped gracefully.
==> Script finished successfully. All results are in __results_redis__
