tsan_compiler.sh: ignoring LLVM_ROOT_PATH=/home/alexey/dev/llvm-project/llvm/build (not the TSan prototype tree)
tsan_compiler.sh: using /home/alexey/dev/llvm-project-focs-lab/llvm/build/bin/clang (clang version 19.0.0git (https://github.com/focs-lab/llvm-project 729521af89653b1bac211c03203ab160d5cb71d0))
==> Running in test-only mode.
==> Checking for pre-existing redis-server processes before running benchmarks.
==> Switching to polygon directory for tests.
==> Testing dom
PING_INLINE 453101.47
PING_MBULK 654743.44
SET 301703.25
GET 392178.75
INCR 394654.03
RPUSH 254761.39
LPOP 235012.45
RPOP 446031.19
SADD 376958.56
HSET 264458.91
SPOP 463170.34
ZADD 283012.16
ZPOPMIN 501477.69
LPUSH 200691.67
LRANGE_100 23142.92
LRANGE_300 8403.65
LRANGE_500 5059.74
LRANGE_600 4233.87
MSET 55238.48
==> Found running redis-server process(es): 2392033
==> Stopping redis-server with SIGTERM
==> redis-server stopped gracefully.
==> Script finished successfully. All results are in __results_redis__
