tsan_compiler.sh: ignoring LLVM_ROOT_PATH=/home/alexey/dev/llvm-project/llvm/build (not the TSan prototype tree)
tsan_compiler.sh: using /home/alexey/dev/llvm-project-focs-lab/llvm/build/bin/clang (clang version 19.0.0git (https://github.com/focs-lab/llvm-project 729521af89653b1bac211c03203ab160d5cb71d0))
==> Running in test-only mode.
==> Checking for pre-existing redis-server processes before running benchmarks.
==> Switching to polygon directory for tests.
==> Testing st
PING_INLINE 488499.97
PING_MBULK 692351.56
SET 318411.22
GET 419427.25
INCR 422486.47
RPUSH 263970.44
LPOP 232678.92
RPOP 513313.50
SADD 356031.31
HSET 312933.38
SPOP 516760.34
ZADD 281261.75
ZPOPMIN 504004.03
LPUSH 225478.48
LRANGE_100 23957.84
LRANGE_300 8399.29
LRANGE_500 5167.66
LRANGE_600 4376.12
MSET 61657.75
==> Found running redis-server process(es): 2094559
==> Stopping redis-server with SIGTERM
==> redis-server stopped gracefully.
==> Script finished successfully. All results are in __results_redis__
