/extra/alexey/builds/tsan-audit-a08292850aee/bin/llvm-symbolizer: error: '/dev/shm/evict-a08292850aee-tsan-dom_peeling-ea-lo-st-swmr-1/test.db-shm': The file was not recognized as a valid object file
==================
WARNING: ThreadSanitizer: data race (pid=3898060)
  Atomic read of size 4 at 0x7cb92be14060 by thread T12:
    #0 walTryBeginRead /home/alexey/tsan-experiments/sql/sqlite/build/sqlite3.c:68991:20 (threadtest3+0x14e212)
    #1 walBeginReadTransaction /home/alexey/tsan-experiments/sql/sqlite/build/sqlite3.c:69269:10 (threadtest3+0x143daf)
    #2 sqlite3WalBeginReadTransaction /home/alexey/tsan-experiments/sql/sqlite/build/sqlite3.c:69353:10 (threadtest3+0x143daf)
    #3 pagerBeginReadTransaction /home/alexey/tsan-experiments/sql/sqlite/build/sqlite3.c:61315:8 (threadtest3+0x143daf)
    #4 sqlite3PagerSharedLock /home/alexey/tsan-experiments/sql/sqlite/build/sqlite3.c:63484:10 (threadtest3+0x143daf)
    #5 lockBtree /home/alexey/tsan-experiments/sql/sqlite/build/sqlite3.c:74833:8 (threadtest3+0x142c0e)
    #6 btreeBeginTrans /home/alexey/tsan-experiments/sql/sqlite/build/sqlite3.c:75230:47 (threadtest3+0x142c0e)
    #7 sqlite3BtreeBeginTrans /home/alexey/tsan-experiments/sql/sqlite/build/sqlite3.c:75330:12 (threadtest3+0x11484f)
    #8 sqlite3VdbeExec /home/alexey/tsan-experiments/sql/sqlite/build/sqlite3.c:98410:10 (threadtest3+0x173f05)
    #9 sqlite3Step /home/alexey/tsan-experiments/sql/sqlite/build/sqlite3.c:92304:10 (threadtest3+0x10f84e)
    #10 sqlite3_step /home/alexey/tsan-experiments/sql/sqlite/build/sqlite3.c:92365:16 (threadtest3+0x10f84e)
    #11 sqlite3_exec /home/alexey/tsan-experiments/sql/sqlite/build/sqlite3.c:138249:12 (threadtest3+0x11184a)
    #12 sql_script_x /home/alexey/tsan-experiments/sql/sqlite/./threadtest3.c:600:16 (threadtest3+0xf9000)
    #13 walthread2_thread /home/alexey/tsan-experiments/sql/sqlite/./threadtest3.c:1085:5 (threadtest3+0xf9000)
    #14 launch_thread_main /home/alexey/tsan-experiments/sql/sqlite/./threadtest3.c:788:13 (threadtest3+0xf83a0)

  Previous write of size 4 at 0x7cb92be14060 by thread T14:
    #0 walIndexRecover /home/alexey/tsan-experiments/sql/sqlite/build/sqlite3.c:67450:22 (threadtest3+0x14f6c0)
    #1 walIndexReadHdr /home/alexey/tsan-experiments/sql/sqlite/build/sqlite3.c:68587:18 (threadtest3+0x14f6c0)
    #2 walTryBeginRead /home/alexey/tsan-experiments/sql/sqlite/build/sqlite3.c:68939:12 (threadtest3+0x14df1b)
    #3 walBeginReadTransaction /home/alexey/tsan-experiments/sql/sqlite/build/sqlite3.c:69269:10 (threadtest3+0x143daf)
    #4 sqlite3WalBeginReadTransaction /home/alexey/tsan-experiments/sql/sqlite/build/sqlite3.c:69353:10 (threadtest3+0x143daf)
    #5 pagerBeginReadTransaction /home/alexey/tsan-experiments/sql/sqlite/build/sqlite3.c:61315:8 (threadtest3+0x143daf)
    #6 sqlite3PagerSharedLock /home/alexey/tsan-experiments/sql/sqlite/build/sqlite3.c:63484:10 (threadtest3+0x143daf)
    #7 lockBtree /home/alexey/tsan-experiments/sql/sqlite/build/sqlite3.c:74833:8 (threadtest3+0x142c0e)
    #8 btreeBeginTrans /home/alexey/tsan-experiments/sql/sqlite/build/sqlite3.c:75230:47 (threadtest3+0x142c0e)
    #9 sqlite3BtreeBeginTrans /home/alexey/tsan-experiments/sql/sqlite/build/sqlite3.c:75330:12 (threadtest3+0x11484f)
    #10 sqlite3VdbeExec /home/alexey/tsan-experiments/sql/sqlite/build/sqlite3.c:98410:10 (threadtest3+0x173f05)
    #11 sqlite3Step /home/alexey/tsan-experiments/sql/sqlite/build/sqlite3.c:92304:10 (threadtest3+0x10f84e)
    #12 sqlite3_step /home/alexey/tsan-experiments/sql/sqlite/build/sqlite3.c:92365:16 (threadtest3+0x10f84e)
    #13 sqlite3_exec /home/alexey/tsan-experiments/sql/sqlite/build/sqlite3.c:138249:12 (threadtest3+0x11184a)
    #14 sql_script_x /home/alexey/tsan-experiments/sql/sqlite/./threadtest3.c:600:16 (threadtest3+0xf9000)
    #15 walthread2_thread /home/alexey/tsan-experiments/sql/sqlite/./threadtest3.c:1085:5 (threadtest3+0xf9000)
    #16 launch_thread_main /home/alexey/tsan-experiments/sql/sqlite/./threadtest3.c:788:13 (threadtest3+0xf83a0)

  Location is global '??' at 0x7cb92be14000 (test.db-shm+0x60)

  Thread T12 (tid=3900614, running) created by main thread at:
    #0 pthread_create /home/alexey/dev/llvm-project-focs-lab/compiler-rt/lib/tsan/rtl/tsan_interceptors_posix.cpp:1023:3 (threadtest3+0x6cd3f)
    #1 launch_thread_x /home/alexey/tsan-experiments/sql/sqlite/./threadtest3.c:815:10 (threadtest3+0xf09f3)
    #2 walthread2 /home/alexey/tsan-experiments/sql/sqlite/./threadtest3.c:1115:3 (threadtest3+0xf09f3)
    #3 main /home/alexey/tsan-experiments/sql/sqlite/./threadtest3.c:1588:9 (threadtest3+0xeff08)

  Thread T14 (tid=3900616, running) created by main thread at:
    #0 pthread_create /home/alexey/dev/llvm-project-focs-lab/compiler-rt/lib/tsan/rtl/tsan_interceptors_posix.cpp:1023:3 (threadtest3+0x6cd3f)
    #1 launch_thread_x /home/alexey/tsan-experiments/sql/sqlite/./threadtest3.c:815:10 (threadtest3+0xf0c18)
    #2 walthread2 /home/alexey/tsan-experiments/sql/sqlite/./threadtest3.c:1117:3 (threadtest3+0xf0c18)
    #3 main /home/alexey/tsan-experiments/sql/sqlite/./threadtest3.c:1588:9 (threadtest3+0xeff08)

SUMMARY: ThreadSanitizer: data race /home/alexey/tsan-experiments/sql/sqlite/build/sqlite3.c:68991:20 in walTryBeginRead
==================
==================
WARNING: ThreadSanitizer: data race (pid=3898060)
  Atomic read of size 4 at 0x7cb92be14060 by thread T23:
    #0 walTryBeginRead /home/alexey/tsan-experiments/sql/sqlite/build/sqlite3.c:68991:20 (threadtest3+0x14e212)
    #1 walBeginReadTransaction /home/alexey/tsan-experiments/sql/sqlite/build/sqlite3.c:69269:10 (threadtest3+0x143daf)
    #2 sqlite3WalBeginReadTransaction /home/alexey/tsan-experiments/sql/sqlite/build/sqlite3.c:69353:10 (threadtest3+0x143daf)
    #3 pagerBeginReadTransaction /home/alexey/tsan-experiments/sql/sqlite/build/sqlite3.c:61315:8 (threadtest3+0x143daf)
    #4 sqlite3PagerSharedLock /home/alexey/tsan-experiments/sql/sqlite/build/sqlite3.c:63484:10 (threadtest3+0x143daf)
    #5 lockBtree /home/alexey/tsan-experiments/sql/sqlite/build/sqlite3.c:74833:8 (threadtest3+0x142c0e)
    #6 btreeBeginTrans /home/alexey/tsan-experiments/sql/sqlite/build/sqlite3.c:75230:47 (threadtest3+0x142c0e)
    #7 sqlite3BtreeBeginTrans /home/alexey/tsan-experiments/sql/sqlite/build/sqlite3.c:75330:12 (threadtest3+0x18ebd5)
    #8 sqlite3InitOne /home/alexey/tsan-experiments/sql/sqlite/build/sqlite3.c:143982:10 (threadtest3+0x18ebd5)
    #9 sqlite3Init /home/alexey/tsan-experiments/sql/sqlite/build/sqlite3.c:144169:10 (threadtest3+0x1aef07)
    #10 sqlite3ReadSchema /home/alexey/tsan-experiments/sql/sqlite/build/sqlite3.c:144195:10 (threadtest3+0x1aef07)
    #11 sqlite3Pragma /home/alexey/tsan-experiments/sql/sqlite/build/sqlite3.c:141150:9 (threadtest3+0x1deba2)
    #12 yy_reduce /home/alexey/tsan-experiments/sql/sqlite/build/sqlite3.c (threadtest3+0x1b7627)
    #13 sqlite3Parser /home/alexey/tsan-experiments/sql/sqlite/build/sqlite3.c:180680:15 (threadtest3+0x1289b3)
    #14 sqlite3RunParser /home/alexey/tsan-experiments/sql/sqlite/build/sqlite3.c:182021:5 (threadtest3+0x1289b3)
    #15 sqlite3Prepare /home/alexey/tsan-experiments/sql/sqlite/build/sqlite3.c:144506:5 (threadtest3+0x1a7d40)
    #16 sqlite3LockAndPrepare /home/alexey/tsan-experiments/sql/sqlite/build/sqlite3.c:144581:10 (threadtest3+0x125b84)
    #17 sqlite3_prepare_v2 /home/alexey/tsan-experiments/sql/sqlite/build/sqlite3.c:144668:8 (threadtest3+0x1117ce)
    #18 sqlite3_exec /home/alexey/tsan-experiments/sql/sqlite/build/sqlite3.c:138235:10 (threadtest3+0x1117ce)
    #19 opendb_x /home/alexey/tsan-experiments/sql/sqlite/./threadtest3.c:565:7 (threadtest3+0xf6560)
    #20 walthread4_writer_thread /home/alexey/tsan-experiments/sql/sqlite/./threadtest3.c:1205:3 (threadtest3+0xfa1b7)
    #21 launch_thread_main /home/alexey/tsan-experiments/sql/sqlite/./threadtest3.c:788:13 (threadtest3+0xf83a0)

  Previous write of size 4 at 0x7cb92be14060 by thread T22:
    #0 walIndexRecover /home/alexey/tsan-experiments/sql/sqlite/build/sqlite3.c:67450:22 (threadtest3+0x14f6c0)
    #1 walIndexReadHdr /home/alexey/tsan-experiments/sql/sqlite/build/sqlite3.c:68587:18 (threadtest3+0x14f6c0)
    #2 walTryBeginRead /home/alexey/tsan-experiments/sql/sqlite/build/sqlite3.c:68939:12 (threadtest3+0x14df1b)
    #3 walBeginReadTransaction /home/alexey/tsan-experiments/sql/sqlite/build/sqlite3.c:69269:10 (threadtest3+0x143daf)
    #4 sqlite3WalBeginReadTransaction /home/alexey/tsan-experiments/sql/sqlite/build/sqlite3.c:69353:10 (threadtest3+0x143daf)
    #5 pagerBeginReadTransaction /home/alexey/tsan-experiments/sql/sqlite/build/sqlite3.c:61315:8 (threadtest3+0x143daf)
    #6 sqlite3PagerSharedLock /home/alexey/tsan-experiments/sql/sqlite/build/sqlite3.c:63484:10 (threadtest3+0x143daf)
    #7 lockBtree /home/alexey/tsan-experiments/sql/sqlite/build/sqlite3.c:74833:8 (threadtest3+0x142c0e)
    #8 btreeBeginTrans /home/alexey/tsan-experiments/sql/sqlite/build/sqlite3.c:75230:47 (threadtest3+0x142c0e)
    #9 sqlite3BtreeBeginTrans /home/alexey/tsan-experiments/sql/sqlite/build/sqlite3.c:75330:12 (threadtest3+0x18ebd5)
    #10 sqlite3InitOne /home/alexey/tsan-experiments/sql/sqlite/build/sqlite3.c:143982:10 (threadtest3+0x18ebd5)
    #11 sqlite3Init /home/alexey/tsan-experiments/sql/sqlite/build/sqlite3.c:144169:10 (threadtest3+0x1aef07)
    #12 sqlite3ReadSchema /home/alexey/tsan-experiments/sql/sqlite/build/sqlite3.c:144195:10 (threadtest3+0x1aef07)
    #13 sqlite3Pragma /home/alexey/tsan-experiments/sql/sqlite/build/sqlite3.c:141150:9 (threadtest3+0x1deba2)
    #14 yy_reduce /home/alexey/tsan-experiments/sql/sqlite/build/sqlite3.c (threadtest3+0x1b7627)
    #15 sqlite3Parser /home/alexey/tsan-experiments/sql/sqlite/build/sqlite3.c:180680:15 (threadtest3+0x1289b3)
    #16 sqlite3RunParser /home/alexey/tsan-experiments/sql/sqlite/build/sqlite3.c:182021:5 (threadtest3+0x1289b3)
    #17 sqlite3Prepare /home/alexey/tsan-experiments/sql/sqlite/build/sqlite3.c:144506:5 (threadtest3+0x1a7d40)
    #18 sqlite3LockAndPrepare /home/alexey/tsan-experiments/sql/sqlite/build/sqlite3.c:144581:10 (threadtest3+0x125b84)
    #19 sqlite3_prepare_v2 /home/alexey/tsan-experiments/sql/sqlite/build/sqlite3.c:144668:8 (threadtest3+0x1117ce)
    #20 sqlite3_exec /home/alexey/tsan-experiments/sql/sqlite/build/sqlite3.c:138235:10 (threadtest3+0x1117ce)
    #21 opendb_x /home/alexey/tsan-experiments/sql/sqlite/./threadtest3.c:565:7 (threadtest3+0xf6560)
    #22 walthread4_reader_thread /home/alexey/tsan-experiments/sql/sqlite/./threadtest3.c:1190:3 (threadtest3+0xf9e71)
    #23 launch_thread_main /home/alexey/tsan-experiments/sql/sqlite/./threadtest3.c:788:13 (threadtest3+0xf83a0)

  Location is global '??' at 0x7cb92be14000 (test.db-shm+0x60)

  Thread T23 (tid=3904764, running) created by main thread at:
    #0 pthread_create /home/alexey/dev/llvm-project-focs-lab/compiler-rt/lib/tsan/rtl/tsan_interceptors_posix.cpp:1023:3 (threadtest3+0x6cd3f)
    #1 launch_thread_x /home/alexey/tsan-experiments/sql/sqlite/./threadtest3.c:815:10 (threadtest3+0xf1811)
    #2 walthread4 /home/alexey/tsan-experiments/sql/sqlite/./threadtest3.c:1234:3 (threadtest3+0xf1811)
    #3 main /home/alexey/tsan-experiments/sql/sqlite/./threadtest3.c:1588:9 (threadtest3+0xeff08)

  Thread T22 (tid=3904763, running) created by main thread at:
    #0 pthread_create /home/alexey/dev/llvm-project-focs-lab/compiler-rt/lib/tsan/rtl/tsan_interceptors_posix.cpp:1023:3 (threadtest3+0x6cd3f)
    #1 launch_thread_x /home/alexey/tsan-experiments/sql/sqlite/./threadtest3.c:815:10 (threadtest3+0xf16ff)
    #2 walthread4 /home/alexey/tsan-experiments/sql/sqlite/./threadtest3.c:1233:3 (threadtest3+0xf16ff)
    #3 main /home/alexey/tsan-experiments/sql/sqlite/./threadtest3.c:1588:9 (threadtest3+0xeff08)

SUMMARY: ThreadSanitizer: data race /home/alexey/tsan-experiments/sql/sqlite/build/sqlite3.c:68991:20 in walTryBeginRead
==================
==================
WARNING: ThreadSanitizer: data race (pid=3898060)
  Atomic read of size 4 at 0x7cb92be14068 by thread T22:
    #0 walTryBeginRead /home/alexey/tsan-experiments/sql/sqlite/build/sqlite3.c:69040:22 (threadtest3+0x14dc85)
    #1 walBeginReadTransaction /home/alexey/tsan-experiments/sql/sqlite/build/sqlite3.c:69269:10 (threadtest3+0x143daf)
    #2 sqlite3WalBeginReadTransaction /home/alexey/tsan-experiments/sql/sqlite/build/sqlite3.c:69353:10 (threadtest3+0x143daf)
    #3 pagerBeginReadTransaction /home/alexey/tsan-experiments/sql/sqlite/build/sqlite3.c:61315:8 (threadtest3+0x143daf)
    #4 sqlite3PagerSharedLock /home/alexey/tsan-experiments/sql/sqlite/build/sqlite3.c:63484:10 (threadtest3+0x143daf)
    #5 lockBtree /home/alexey/tsan-experiments/sql/sqlite/build/sqlite3.c:74833:8 (threadtest3+0x142130)
    #6 btreeBeginTrans /home/alexey/tsan-experiments/sql/sqlite/build/sqlite3.c:75230:47 (threadtest3+0x142130)
    #7 sqlite3BtreeBeginTrans /home/alexey/tsan-experiments/sql/sqlite/build/sqlite3.c:75330:12 (threadtest3+0x11484f)
    #8 sqlite3VdbeExec /home/alexey/tsan-experiments/sql/sqlite/build/sqlite3.c:98410:10 (threadtest3+0x173f05)
    #9 sqlite3Step /home/alexey/tsan-experiments/sql/sqlite/build/sqlite3.c:92304:10 (threadtest3+0x10f84e)
    #10 sqlite3_step /home/alexey/tsan-experiments/sql/sqlite/build/sqlite3.c:92365:16 (threadtest3+0x10f84e)
    #11 integrity_check_x /home/alexey/tsan-experiments/sql/sqlite/./threadtest3.c:758:26 (threadtest3+0xf85ca)
    #12 walthread4_reader_thread /home/alexey/tsan-experiments/sql/sqlite/./threadtest3.c:1192:5 (threadtest3+0xfa123)
    #13 launch_thread_main /home/alexey/tsan-experiments/sql/sqlite/./threadtest3.c:788:13 (threadtest3+0xf83a0)

  Previous write of size 4 at 0x7cb92be14068 by thread T23:
    #0 walRestartHdr /home/alexey/tsan-experiments/sql/sqlite/build/sqlite3.c:68034:23 (threadtest3+0x1556f1)
    #1 walRestartLog /home/alexey/tsan-experiments/sql/sqlite/build/sqlite3.c:69750:9 (threadtest3+0x1556f1)
    #2 walFrames /home/alexey/tsan-experiments/sql/sqlite/build/sqlite3.c:69933:24 (threadtest3+0x1556f1)
    #3 sqlite3WalFrames /home/alexey/tsan-experiments/sql/sqlite/build/sqlite3.c:70139:10 (threadtest3+0x1556f1)
    #4 pagerWalFrames /home/alexey/tsan-experiments/sql/sqlite/build/sqlite3.c:61274:8 (threadtest3+0x1556f1)
    #5 sqlite3PagerCommitPhaseOne /home/alexey/tsan-experiments/sql/sqlite/build/sqlite3.c:64552:14 (threadtest3+0x115f3b)
    #6 sqlite3BtreeCommitPhaseOne /home/alexey/tsan-experiments/sql/sqlite/build/sqlite3.c:75849:10 (threadtest3+0x116674)
    #7 vdbeCommit /home/alexey/tsan-experiments/sql/sqlite/build/sqlite3.c:88894:14 (threadtest3+0x162702)
    #8 sqlite3VdbeHalt /home/alexey/tsan-experiments/sql/sqlite/build/sqlite3.c:89304:16 (threadtest3+0x1613db)
    #9 sqlite3VdbeExec /home/alexey/tsan-experiments/sql/sqlite/build/sqlite3.c:95662:8 (threadtest3+0x180bf0)
    #10 sqlite3Step /home/alexey/tsan-experiments/sql/sqlite/build/sqlite3.c:92304:10 (threadtest3+0x10f84e)
    #11 sqlite3_step /home/alexey/tsan-experiments/sql/sqlite/build/sqlite3.c:92365:16 (threadtest3+0x10f84e)
    #12 execsql_i64_x /home/alexey/tsan-experiments/sql/sqlite/./threadtest3.c:692:26 (threadtest3+0xf84a4)
    #13 walthread4_writer_thread /home/alexey/tsan-experiments/sql/sqlite/./threadtest3.c:1208:5 (threadtest3+0xfa4d0)
    #14 launch_thread_main /home/alexey/tsan-experiments/sql/sqlite/./threadtest3.c:788:13 (threadtest3+0xf83a0)

  Location is global '??' at 0x7cb92be14000 (test.db-shm+0x68)

  Thread T22 (tid=3904763, running) created by main thread at:
    #0 pthread_create /home/alexey/dev/llvm-project-focs-lab/compiler-rt/lib/tsan/rtl/tsan_interceptors_posix.cpp:1023:3 (threadtest3+0x6cd3f)
    #1 launch_thread_x /home/alexey/tsan-experiments/sql/sqlite/./threadtest3.c:815:10 (threadtest3+0xf16ff)
    #2 walthread4 /home/alexey/tsan-experiments/sql/sqlite/./threadtest3.c:1233:3 (threadtest3+0xf16ff)
    #3 main /home/alexey/tsan-experiments/sql/sqlite/./threadtest3.c:1588:9 (threadtest3+0xeff08)

  Thread T23 (tid=3904764, running) created by main thread at:
    #0 pthread_create /home/alexey/dev/llvm-project-focs-lab/compiler-rt/lib/tsan/rtl/tsan_interceptors_posix.cpp:1023:3 (threadtest3+0x6cd3f)
    #1 launch_thread_x /home/alexey/tsan-experiments/sql/sqlite/./threadtest3.c:815:10 (threadtest3+0xf1811)
    #2 walthread4 /home/alexey/tsan-experiments/sql/sqlite/./threadtest3.c:1234:3 (threadtest3+0xf1811)
    #3 main /home/alexey/tsan-experiments/sql/sqlite/./threadtest3.c:1588:9 (threadtest3+0xeff08)

SUMMARY: ThreadSanitizer: data race /home/alexey/tsan-experiments/sql/sqlite/build/sqlite3.c:69040:22 in walTryBeginRead
==================
==================
WARNING: ThreadSanitizer: data race (pid=3898060)
  Atomic read of size 4 at 0x7cb92be14070 by thread T22:
    #0 walTryBeginRead /home/alexey/tsan-experiments/sql/sqlite/build/sqlite3.c:69040:22 (threadtest3+0x14dcce)
    #1 walBeginReadTransaction /home/alexey/tsan-experiments/sql/sqlite/build/sqlite3.c:69269:10 (threadtest3+0x143daf)
    #2 sqlite3WalBeginReadTransaction /home/alexey/tsan-experiments/sql/sqlite/build/sqlite3.c:69353:10 (threadtest3+0x143daf)
    #3 pagerBeginReadTransaction /home/alexey/tsan-experiments/sql/sqlite/build/sqlite3.c:61315:8 (threadtest3+0x143daf)
    #4 sqlite3PagerSharedLock /home/alexey/tsan-experiments/sql/sqlite/build/sqlite3.c:63484:10 (threadtest3+0x143daf)
    #5 lockBtree /home/alexey/tsan-experiments/sql/sqlite/build/sqlite3.c:74833:8 (threadtest3+0x142130)
    #6 btreeBeginTrans /home/alexey/tsan-experiments/sql/sqlite/build/sqlite3.c:75230:47 (threadtest3+0x142130)
    #7 sqlite3BtreeBeginTrans /home/alexey/tsan-experiments/sql/sqlite/build/sqlite3.c:75330:12 (threadtest3+0x11484f)
    #8 sqlite3VdbeExec /home/alexey/tsan-experiments/sql/sqlite/build/sqlite3.c:98410:10 (threadtest3+0x173f05)
    #9 sqlite3Step /home/alexey/tsan-experiments/sql/sqlite/build/sqlite3.c:92304:10 (threadtest3+0x10f84e)
    #10 sqlite3_step /home/alexey/tsan-experiments/sql/sqlite/build/sqlite3.c:92365:16 (threadtest3+0x10f84e)
    #11 integrity_check_x /home/alexey/tsan-experiments/sql/sqlite/./threadtest3.c:758:26 (threadtest3+0xf85ca)
    #12 walthread4_reader_thread /home/alexey/tsan-experiments/sql/sqlite/./threadtest3.c:1192:5 (threadtest3+0xfa123)
    #13 launch_thread_main /home/alexey/tsan-experiments/sql/sqlite/./threadtest3.c:788:13 (threadtest3+0xf83a0)

  Previous write of size 4 at 0x7cb92be14070 by thread T23:
    #0 walRestartHdr /home/alexey/tsan-experiments/sql/sqlite/build/sqlite3.c:68035:52 (threadtest3+0x155713)
    #1 walRestartLog /home/alexey/tsan-experiments/sql/sqlite/build/sqlite3.c:69750:9 (threadtest3+0x155713)
    #2 walFrames /home/alexey/tsan-experiments/sql/sqlite/build/sqlite3.c:69933:24 (threadtest3+0x155713)
    #3 sqlite3WalFrames /home/alexey/tsan-experiments/sql/sqlite/build/sqlite3.c:70139:10 (threadtest3+0x155713)
    #4 pagerWalFrames /home/alexey/tsan-experiments/sql/sqlite/build/sqlite3.c:61274:8 (threadtest3+0x155713)
    #5 sqlite3PagerCommitPhaseOne /home/alexey/tsan-experiments/sql/sqlite/build/sqlite3.c:64552:14 (threadtest3+0x115f3b)
    #6 sqlite3BtreeCommitPhaseOne /home/alexey/tsan-experiments/sql/sqlite/build/sqlite3.c:75849:10 (threadtest3+0x116674)
    #7 vdbeCommit /home/alexey/tsan-experiments/sql/sqlite/build/sqlite3.c:88894:14 (threadtest3+0x162702)
    #8 sqlite3VdbeHalt /home/alexey/tsan-experiments/sql/sqlite/build/sqlite3.c:89304:16 (threadtest3+0x1613db)
    #9 sqlite3VdbeExec /home/alexey/tsan-experiments/sql/sqlite/build/sqlite3.c:95662:8 (threadtest3+0x180bf0)
    #10 sqlite3Step /home/alexey/tsan-experiments/sql/sqlite/build/sqlite3.c:92304:10 (threadtest3+0x10f84e)
    #11 sqlite3_step /home/alexey/tsan-experiments/sql/sqlite/build/sqlite3.c:92365:16 (threadtest3+0x10f84e)
    #12 execsql_i64_x /home/alexey/tsan-experiments/sql/sqlite/./threadtest3.c:692:26 (threadtest3+0xf84a4)
    #13 walthread4_writer_thread /home/alexey/tsan-experiments/sql/sqlite/./threadtest3.c:1208:5 (threadtest3+0xfa4d0)
    #14 launch_thread_main /home/alexey/tsan-experiments/sql/sqlite/./threadtest3.c:788:13 (threadtest3+0xf83a0)

  Location is global '??' at 0x7cb92be14000 (test.db-shm+0x70)

  Thread T22 (tid=3904763, running) created by main thread at:
    #0 pthread_create /home/alexey/dev/llvm-project-focs-lab/compiler-rt/lib/tsan/rtl/tsan_interceptors_posix.cpp:1023:3 (threadtest3+0x6cd3f)
    #1 launch_thread_x /home/alexey/tsan-experiments/sql/sqlite/./threadtest3.c:815:10 (threadtest3+0xf16ff)
    #2 walthread4 /home/alexey/tsan-experiments/sql/sqlite/./threadtest3.c:1233:3 (threadtest3+0xf16ff)
    #3 main /home/alexey/tsan-experiments/sql/sqlite/./threadtest3.c:1588:9 (threadtest3+0xeff08)

  Thread T23 (tid=3904764, running) created by main thread at:
    #0 pthread_create /home/alexey/dev/llvm-project-focs-lab/compiler-rt/lib/tsan/rtl/tsan_interceptors_posix.cpp:1023:3 (threadtest3+0x6cd3f)
    #1 launch_thread_x /home/alexey/tsan-experiments/sql/sqlite/./threadtest3.c:815:10 (threadtest3+0xf1811)
    #2 walthread4 /home/alexey/tsan-experiments/sql/sqlite/./threadtest3.c:1234:3 (threadtest3+0xf1811)
    #3 main /home/alexey/tsan-experiments/sql/sqlite/./threadtest3.c:1588:9 (threadtest3+0xeff08)

SUMMARY: ThreadSanitizer: data race /home/alexey/tsan-experiments/sql/sqlite/build/sqlite3.c:69040:22 in walTryBeginRead
==================
==================
WARNING: ThreadSanitizer: data race (pid=3898060)
  Write of size 4 at 0x7cb92be1406c by thread T23:
    #0 walRestartHdr /home/alexey/tsan-experiments/sql/sqlite/build/sqlite3.c:68035:52 (threadtest3+0x155702)
    #1 walRestartLog /home/alexey/tsan-experiments/sql/sqlite/build/sqlite3.c:69750:9 (threadtest3+0x155702)
    #2 walFrames /home/alexey/tsan-experiments/sql/sqlite/build/sqlite3.c:69933:24 (threadtest3+0x155702)
    #3 sqlite3WalFrames /home/alexey/tsan-experiments/sql/sqlite/build/sqlite3.c:70139:10 (threadtest3+0x155702)
    #4 pagerWalFrames /home/alexey/tsan-experiments/sql/sqlite/build/sqlite3.c:61274:8 (threadtest3+0x155702)
    #5 sqlite3PagerCommitPhaseOne /home/alexey/tsan-experiments/sql/sqlite/build/sqlite3.c:64552:14 (threadtest3+0x115f3b)
    #6 sqlite3BtreeCommitPhaseOne /home/alexey/tsan-experiments/sql/sqlite/build/sqlite3.c:75849:10 (threadtest3+0x116674)
    #7 vdbeCommit /home/alexey/tsan-experiments/sql/sqlite/build/sqlite3.c:88894:14 (threadtest3+0x162702)
    #8 sqlite3VdbeHalt /home/alexey/tsan-experiments/sql/sqlite/build/sqlite3.c:89304:16 (threadtest3+0x1613db)
    #9 sqlite3VdbeExec /home/alexey/tsan-experiments/sql/sqlite/build/sqlite3.c:95662:8 (threadtest3+0x180bf0)
    #10 sqlite3Step /home/alexey/tsan-experiments/sql/sqlite/build/sqlite3.c:92304:10 (threadtest3+0x10f84e)
    #11 sqlite3_step /home/alexey/tsan-experiments/sql/sqlite/build/sqlite3.c:92365:16 (threadtest3+0x10f84e)
    #12 execsql_i64_x /home/alexey/tsan-experiments/sql/sqlite/./threadtest3.c:692:26 (threadtest3+0xf84a4)
    #13 walthread4_writer_thread /home/alexey/tsan-experiments/sql/sqlite/./threadtest3.c:1208:5 (threadtest3+0xfa4d0)
    #14 launch_thread_main /home/alexey/tsan-experiments/sql/sqlite/./threadtest3.c:788:13 (threadtest3+0xf83a0)

  Previous atomic read of size 4 at 0x7cb92be1406c by thread T22:
    #0 walTryBeginRead /home/alexey/tsan-experiments/sql/sqlite/build/sqlite3.c:69040:22 (threadtest3+0x14dca1)
    #1 walBeginReadTransaction /home/alexey/tsan-experiments/sql/sqlite/build/sqlite3.c:69269:10 (threadtest3+0x143daf)
    #2 sqlite3WalBeginReadTransaction /home/alexey/tsan-experiments/sql/sqlite/build/sqlite3.c:69353:10 (threadtest3+0x143daf)
    #3 pagerBeginReadTransaction /home/alexey/tsan-experiments/sql/sqlite/build/sqlite3.c:61315:8 (threadtest3+0x143daf)
    #4 sqlite3PagerSharedLock /home/alexey/tsan-experiments/sql/sqlite/build/sqlite3.c:63484:10 (threadtest3+0x143daf)
    #5 lockBtree /home/alexey/tsan-experiments/sql/sqlite/build/sqlite3.c:74833:8 (threadtest3+0x142130)
    #6 btreeBeginTrans /home/alexey/tsan-experiments/sql/sqlite/build/sqlite3.c:75230:47 (threadtest3+0x142130)
    #7 sqlite3BtreeBeginTrans /home/alexey/tsan-experiments/sql/sqlite/build/sqlite3.c:75330:12 (threadtest3+0x11484f)
    #8 sqlite3VdbeExec /home/alexey/tsan-experiments/sql/sqlite/build/sqlite3.c:98410:10 (threadtest3+0x173f05)
    #9 sqlite3Step /home/alexey/tsan-experiments/sql/sqlite/build/sqlite3.c:92304:10 (threadtest3+0x10f84e)
    #10 sqlite3_step /home/alexey/tsan-experiments/sql/sqlite/build/sqlite3.c:92365:16 (threadtest3+0x10f84e)
    #11 integrity_check_x /home/alexey/tsan-experiments/sql/sqlite/./threadtest3.c:758:26 (threadtest3+0xf85ca)
    #12 walthread4_reader_thread /home/alexey/tsan-experiments/sql/sqlite/./threadtest3.c:1192:5 (threadtest3+0xfa123)
    #13 launch_thread_main /home/alexey/tsan-experiments/sql/sqlite/./threadtest3.c:788:13 (threadtest3+0xf83a0)

  Location is global '??' at 0x7cb92be14000 (test.db-shm+0x6c)

  Thread T23 (tid=3904764, running) created by main thread at:
    #0 pthread_create /home/alexey/dev/llvm-project-focs-lab/compiler-rt/lib/tsan/rtl/tsan_interceptors_posix.cpp:1023:3 (threadtest3+0x6cd3f)
    #1 launch_thread_x /home/alexey/tsan-experiments/sql/sqlite/./threadtest3.c:815:10 (threadtest3+0xf1811)
    #2 walthread4 /home/alexey/tsan-experiments/sql/sqlite/./threadtest3.c:1234:3 (threadtest3+0xf1811)
    #3 main /home/alexey/tsan-experiments/sql/sqlite/./threadtest3.c:1588:9 (threadtest3+0xeff08)

  Thread T22 (tid=3904763, running) created by main thread at:
    #0 pthread_create /home/alexey/dev/llvm-project-focs-lab/compiler-rt/lib/tsan/rtl/tsan_interceptors_posix.cpp:1023:3 (threadtest3+0x6cd3f)
    #1 launch_thread_x /home/alexey/tsan-experiments/sql/sqlite/./threadtest3.c:815:10 (threadtest3+0xf16ff)
    #2 walthread4 /home/alexey/tsan-experiments/sql/sqlite/./threadtest3.c:1233:3 (threadtest3+0xf16ff)
    #3 main /home/alexey/tsan-experiments/sql/sqlite/./threadtest3.c:1588:9 (threadtest3+0xeff08)

SUMMARY: ThreadSanitizer: data race /home/alexey/tsan-experiments/sql/sqlite/build/sqlite3.c:68035:52 in walRestartHdr
==================
==================
WARNING: ThreadSanitizer: data race (pid=3898060)
  Atomic read of size 4 at 0x7cb92be14074 by thread T22:
    #0 walTryBeginRead /home/alexey/tsan-experiments/sql/sqlite/build/sqlite3.c:69040:22 (threadtest3+0x14dcfb)
    #1 walBeginReadTransaction /home/alexey/tsan-experiments/sql/sqlite/build/sqlite3.c:69269:10 (threadtest3+0x143daf)
    #2 sqlite3WalBeginReadTransaction /home/alexey/tsan-experiments/sql/sqlite/build/sqlite3.c:69353:10 (threadtest3+0x143daf)
    #3 pagerBeginReadTransaction /home/alexey/tsan-experiments/sql/sqlite/build/sqlite3.c:61315:8 (threadtest3+0x143daf)
    #4 sqlite3PagerSharedLock /home/alexey/tsan-experiments/sql/sqlite/build/sqlite3.c:63484:10 (threadtest3+0x143daf)
    #5 lockBtree /home/alexey/tsan-experiments/sql/sqlite/build/sqlite3.c:74833:8 (threadtest3+0x142130)
    #6 btreeBeginTrans /home/alexey/tsan-experiments/sql/sqlite/build/sqlite3.c:75230:47 (threadtest3+0x142130)
    #7 sqlite3BtreeBeginTrans /home/alexey/tsan-experiments/sql/sqlite/build/sqlite3.c:75330:12 (threadtest3+0x11484f)
    #8 sqlite3VdbeExec /home/alexey/tsan-experiments/sql/sqlite/build/sqlite3.c:98410:10 (threadtest3+0x173f05)
    #9 sqlite3Step /home/alexey/tsan-experiments/sql/sqlite/build/sqlite3.c:92304:10 (threadtest3+0x10f84e)
    #10 sqlite3_step /home/alexey/tsan-experiments/sql/sqlite/build/sqlite3.c:92365:16 (threadtest3+0x10f84e)
    #11 integrity_check_x /home/alexey/tsan-experiments/sql/sqlite/./threadtest3.c:758:26 (threadtest3+0xf85ca)
    #12 walthread4_reader_thread /home/alexey/tsan-experiments/sql/sqlite/./threadtest3.c:1192:5 (threadtest3+0xfa123)
    #13 launch_thread_main /home/alexey/tsan-experiments/sql/sqlite/./threadtest3.c:788:13 (threadtest3+0xf83a0)

  Previous write of size 4 at 0x7cb92be14074 by thread T23:
    #0 walRestartHdr /home/alexey/tsan-experiments/sql/sqlite/build/sqlite3.c:68035:52 (threadtest3+0x155724)
    #1 walRestartLog /home/alexey/tsan-experiments/sql/sqlite/build/sqlite3.c:69750:9 (threadtest3+0x155724)
    #2 walFrames /home/alexey/tsan-experiments/sql/sqlite/build/sqlite3.c:69933:24 (threadtest3+0x155724)
    #3 sqlite3WalFrames /home/alexey/tsan-experiments/sql/sqlite/build/sqlite3.c:70139:10 (threadtest3+0x155724)
    #4 pagerWalFrames /home/alexey/tsan-experiments/sql/sqlite/build/sqlite3.c:61274:8 (threadtest3+0x155724)
    #5 sqlite3PagerCommitPhaseOne /home/alexey/tsan-experiments/sql/sqlite/build/sqlite3.c:64552:14 (threadtest3+0x115f3b)
    #6 sqlite3BtreeCommitPhaseOne /home/alexey/tsan-experiments/sql/sqlite/build/sqlite3.c:75849:10 (threadtest3+0x116674)
    #7 vdbeCommit /home/alexey/tsan-experiments/sql/sqlite/build/sqlite3.c:88894:14 (threadtest3+0x162702)
    #8 sqlite3VdbeHalt /home/alexey/tsan-experiments/sql/sqlite/build/sqlite3.c:89304:16 (threadtest3+0x1613db)
    #9 sqlite3VdbeExec /home/alexey/tsan-experiments/sql/sqlite/build/sqlite3.c:95662:8 (threadtest3+0x180bf0)
    #10 sqlite3Step /home/alexey/tsan-experiments/sql/sqlite/build/sqlite3.c:92304:10 (threadtest3+0x10f84e)
    #11 sqlite3_step /home/alexey/tsan-experiments/sql/sqlite/build/sqlite3.c:92365:16 (threadtest3+0x10f84e)
    #12 execsql_i64_x /home/alexey/tsan-experiments/sql/sqlite/./threadtest3.c:692:26 (threadtest3+0xf84a4)
    #13 walthread4_writer_thread /home/alexey/tsan-experiments/sql/sqlite/./threadtest3.c:1208:5 (threadtest3+0xfa4d0)
    #14 launch_thread_main /home/alexey/tsan-experiments/sql/sqlite/./threadtest3.c:788:13 (threadtest3+0xf83a0)

  Location is global '??' at 0x7cb92be14000 (test.db-shm+0x74)

  Thread T22 (tid=3904763, running) created by main thread at:
    #0 pthread_create /home/alexey/dev/llvm-project-focs-lab/compiler-rt/lib/tsan/rtl/tsan_interceptors_posix.cpp:1023:3 (threadtest3+0x6cd3f)
    #1 launch_thread_x /home/alexey/tsan-experiments/sql/sqlite/./threadtest3.c:815:10 (threadtest3+0xf16ff)
    #2 walthread4 /home/alexey/tsan-experiments/sql/sqlite/./threadtest3.c:1233:3 (threadtest3+0xf16ff)
    #3 main /home/alexey/tsan-experiments/sql/sqlite/./threadtest3.c:1588:9 (threadtest3+0xeff08)

  Thread T23 (tid=3904764, running) created by main thread at:
    #0 pthread_create /home/alexey/dev/llvm-project-focs-lab/compiler-rt/lib/tsan/rtl/tsan_interceptors_posix.cpp:1023:3 (threadtest3+0x6cd3f)
    #1 launch_thread_x /home/alexey/tsan-experiments/sql/sqlite/./threadtest3.c:815:10 (threadtest3+0xf1811)
    #2 walthread4 /home/alexey/tsan-experiments/sql/sqlite/./threadtest3.c:1234:3 (threadtest3+0xf1811)
    #3 main /home/alexey/tsan-experiments/sql/sqlite/./threadtest3.c:1588:9 (threadtest3+0xeff08)

SUMMARY: ThreadSanitizer: data race /home/alexey/tsan-experiments/sql/sqlite/build/sqlite3.c:69040:22 in walTryBeginRead
==================
ThreadSanitizer: reported 6 warnings
ThreadSanitizer: shadow evictions total=4317437836 concurrent_foreign=1549988209 concurrent_foreign_plain=296016720
