tsan_compiler.sh: ignoring LLVM_ROOT_PATH=/home/alexey/dev/llvm-project/llvm/build (not the TSan prototype tree)
tsan_compiler.sh: using /home/alexey/dev/llvm-project-focs-lab/llvm/build/bin/clang (clang version 19.0.0git (https://github.com/focs-lab/llvm-project 729521af89653b1bac211c03203ab160d5cb71d0))
==> Running in test-only mode.
==> Checking for pre-existing redis-server processes before running benchmarks.
==> Switching to polygon directory for tests.
==> Testing dom_peeling-ea-lo-st-swmr
PING_INLINE 435545.50
PING_MBULK 709034.75
SET 326623.56
GET 390494.91
INCR 385293.91
RPUSH 243331.06
LPOP 223513.86
RPOP 469473.47
SADD 329854.28
HSET 279532.84
SPOP 505021.72
ZADD 274020.28
ZPOPMIN 501729.19
LPUSH 222321.78
LRANGE_100 23507.39
LRANGE_300 8596.08
LRANGE_500 5243.29
LRANGE_600 4406.11
MSET 59691.48
==> Found running redis-server process(es): 2257685
==> Stopping redis-server with SIGTERM
==> redis-server stopped gracefully.
==> Script finished successfully. All results are in __results_redis__
