tsan_compiler.sh: using /opt/tsan-llvm/bin/clang (clang version 19.0.0git (https://github.com/focs-lab/llvm-project f3deebfbab602f4e05289e0acbde0efd06b8058c)) [frozen copy, TSAN_AUDIT_HASH=f3deebfbab60]
==> Running in test-only mode.
./redis.sh: line 246: warning: setlocale: LC_ALL: cannot change locale (en_US.UTF-8): No such file or directory
==> Checking for pre-existing redis-server processes before running benchmarks.
==> Switching to polygon directory for tests.
==> Testing tsan
PING_INLINE 438857.12
PING_MBULK 610774.12
SET 309888.62
GET 436040.19
INCR 382564.72
RPUSH 238064.05
LPOP 228291.05
RPOP 440657.69
SADD 341429.62
HSET 261036.08
SPOP 486362.69
ZADD 261770.33
ZPOPMIN 451698.28
LPUSH 204002.92
LRANGE_100 23081.25
LRANGE_300 8731.94
LRANGE_500 5403.84
LRANGE_600 4523.59
MSET 58776.44
==> Found running redis-server process(es): 20357
==> Stopping redis-server with SIGTERM
==> redis-server stopped gracefully.
==> Script finished successfully. All results are in __results_redis__
