==================
WARNING: ThreadSanitizer: data race (pid=186176)
  Write of size 4 at 0x555556a34968 by main thread:
    #0 clock_handler /home/alexey/tsan-experiments/nosql/memcached/memcached-tsan-dom-ea-lo-st-swmr/memcached.c (memcached+0xf490e)
    #1 <null> <null> (libevent-2.1.so.7+0x20a57) (BuildId: 79ee78eebaf1fabcfa2c5160e0b25a68bf3edce9)
    #2 __libc_start_call_main csu/../sysdeps/nptl/libc_start_call_main.h:58:16 (libc.so.6+0x2a1c9) (BuildId: 282c2c16e7b6600b0b22ea0c99010d2795752b5f)

  Previous read of size 4 at 0x555556a34968 by thread T2:
    #0 try_read_command_ascii /home/alexey/tsan-experiments/nosql/memcached/memcached-tsan-dom-ea-lo-st-swmr/proto_text.c:493:24 (memcached+0x10f559)
    #1 try_read_command_negotiate /home/alexey/tsan-experiments/nosql/memcached/memcached-tsan-dom-ea-lo-st-swmr/memcached.c:2427:12 (memcached+0xeaa07)
    #2 drive_machine /home/alexey/tsan-experiments/nosql/memcached/memcached-tsan-dom-ea-lo-st-swmr/memcached.c:3193:17 (memcached+0xe6f29)
    #3 event_handler /home/alexey/tsan-experiments/nosql/memcached/memcached-tsan-dom-ea-lo-st-swmr/memcached.c:3476:5 (memcached+0xeaabf)
    #4 <null> <null> (libevent-2.1.so.7+0x20b3b) (BuildId: 79ee78eebaf1fabcfa2c5160e0b25a68bf3edce9)

  Location is global 'current_time' of size 4 at 0x555556a34968 (memcached+0x14e0968)

  Thread T2 'mc-worker' (tid=186182, running) created by main thread at:
    #0 pthread_create /extra/alexey/worktrees/perf-msize/compiler-rt/lib/tsan/rtl/tsan_interceptors_posix.cpp:1023:3 (memcached+0x6419f)
    #1 create_worker /home/alexey/tsan-experiments/nosql/memcached/memcached-tsan-dom-ea-lo-st-swmr/thread.c:385:16 (memcached+0x1050de)
    #2 memcached_thread_init /home/alexey/tsan-experiments/nosql/memcached/memcached-tsan-dom-ea-lo-st-swmr/thread.c:1155:9 (memcached+0x1050de)
    #3 main /home/alexey/tsan-experiments/nosql/memcached/memcached-tsan-dom-ea-lo-st-swmr/memcached.c:6138:5 (memcached+0xf2159)

SUMMARY: ThreadSanitizer: data race /home/alexey/tsan-experiments/nosql/memcached/memcached-tsan-dom-ea-lo-st-swmr/memcached.c in clock_handler
==================
==================
WARNING: ThreadSanitizer: data race (pid=186176)
  Write of size 2 at 0x7fffec7fff9e by thread T16 (mutexes: write M0):
    #0 do_item_unlink /home/alexey/tsan-experiments/nosql/memcached/memcached-tsan-dom-ea-lo-st-swmr/items.c:516:22 (memcached+0xfd07a)
    #1 do_item_replace /home/alexey/tsan-experiments/nosql/memcached/memcached-tsan-dom-ea-lo-st-swmr/items.c:589:5 (memcached+0xfdb05)
    #2 item_replace /home/alexey/tsan-experiments/nosql/memcached/memcached-tsan-dom-ea-lo-st-swmr/thread.c:934:12 (memcached+0x103c9b)
    #3 do_store_item /home/alexey/tsan-experiments/nosql/memcached/memcached-tsan-dom-ea-lo-st-swmr/memcached.c:1715:13 (memcached+0xece16)
    #4 store_item /home/alexey/tsan-experiments/nosql/memcached/memcached-tsan-dom-ea-lo-st-swmr/thread.c:974:11 (memcached+0x103fc2)
    #5 complete_nread_ascii /home/alexey/tsan-experiments/nosql/memcached/memcached-tsan-dom-ea-lo-st-swmr/proto_text.c:184:13 (memcached+0x10e9db)
    #6 complete_nread /home/alexey/tsan-experiments/nosql/memcached/memcached-tsan-dom-ea-lo-st-swmr/memcached.c:1485:9 (memcached+0xe7a28)
    #7 drive_machine /home/alexey/tsan-experiments/nosql/memcached/memcached-tsan-dom-ea-lo-st-swmr/memcached.c:3239:17 (memcached+0xe7a28)
    #8 event_handler /home/alexey/tsan-experiments/nosql/memcached/memcached-tsan-dom-ea-lo-st-swmr/memcached.c:3476:5 (memcached+0xeaabf)
    #9 <null> <null> (libevent-2.1.so.7+0x20b3b) (BuildId: 79ee78eebaf1fabcfa2c5160e0b25a68bf3edce9)

  Previous read of size 2 at 0x7fffec7fff9e by thread T5:
    #0 item_remove /home/alexey/tsan-experiments/nosql/memcached/memcached-tsan-dom-ea-lo-st-swmr/thread.c:921:15 (memcached+0x103ba2)
    #1 complete_nread_ascii /home/alexey/tsan-experiments/nosql/memcached/memcached-tsan-dom-ea-lo-st-swmr/proto_text.c:241:5 (memcached+0x10ebb9)
    #2 complete_nread /home/alexey/tsan-experiments/nosql/memcached/memcached-tsan-dom-ea-lo-st-swmr/memcached.c:1485:9 (memcached+0xe7a28)
    #3 drive_machine /home/alexey/tsan-experiments/nosql/memcached/memcached-tsan-dom-ea-lo-st-swmr/memcached.c:3239:17 (memcached+0xe7a28)
    #4 event_handler /home/alexey/tsan-experiments/nosql/memcached/memcached-tsan-dom-ea-lo-st-swmr/memcached.c:3476:5 (memcached+0xeaabf)
    #5 <null> <null> (libevent-2.1.so.7+0x20b3b) (BuildId: 79ee78eebaf1fabcfa2c5160e0b25a68bf3edce9)

  Location is heap block of size 1048576 at 0x7fffec700000 allocated by thread T5:
    #0 malloc /extra/alexey/worktrees/perf-msize/compiler-rt/lib/tsan/rtl/tsan_interceptors_posix.cpp:666:5 (memcached+0x6265f)
    #1 memory_allocate /home/alexey/tsan-experiments/nosql/memcached/memcached-tsan-dom-ea-lo-st-swmr/slabs.c:615:15 (memcached+0xfb2c5)
    #2 do_slabs_newslab /home/alexey/tsan-experiments/nosql/memcached/memcached-tsan-dom-ea-lo-st-swmr/slabs.c:386:17 (memcached+0xfb2c5)
    #3 do_slabs_alloc /home/alexey/tsan-experiments/nosql/memcached/memcached-tsan-dom-ea-lo-st-swmr/slabs.c:423:9 (memcached+0xf8ce2)
    #4 slabs_alloc /home/alexey/tsan-experiments/nosql/memcached/memcached-tsan-dom-ea-lo-st-swmr/slabs.c:661:11 (memcached+0xf8ce2)
    #5 do_item_alloc_pull /home/alexey/tsan-experiments/nosql/memcached/memcached-tsan-dom-ea-lo-st-swmr/items.c:181:14 (memcached+0xfb81e)
    #6 do_item_alloc /home/alexey/tsan-experiments/nosql/memcached/memcached-tsan-dom-ea-lo-st-swmr/items.c:298:14 (memcached+0xfc6d4)
    #7 item_alloc /home/alexey/tsan-experiments/nosql/memcached/memcached-tsan-dom-ea-lo-st-swmr/thread.c:876:10 (memcached+0x103892)
    #8 process_update_command /home/alexey/tsan-experiments/nosql/memcached/memcached-tsan-dom-ea-lo-st-swmr/proto_text.c:2044:10 (memcached+0x113681)
    #9 process_command_ascii /home/alexey/tsan-experiments/nosql/memcached/memcached-tsan-dom-ea-lo-st-swmr/proto_text.c (memcached+0x10fd47)
    #10 try_read_command_ascii /home/alexey/tsan-experiments/nosql/memcached/memcached-tsan-dom-ea-lo-st-swmr/proto_text.c:494:5 (memcached+0x10f578)
    #11 try_read_command_negotiate /home/alexey/tsan-experiments/nosql/memcached/memcached-tsan-dom-ea-lo-st-swmr/memcached.c:2427:12 (memcached+0xeaa07)
    #12 drive_machine /home/alexey/tsan-experiments/nosql/memcached/memcached-tsan-dom-ea-lo-st-swmr/memcached.c:3193:17 (memcached+0xe6f29)
    #13 event_handler /home/alexey/tsan-experiments/nosql/memcached/memcached-tsan-dom-ea-lo-st-swmr/memcached.c:3476:5 (memcached+0xeaabf)
    #14 <null> <null> (libevent-2.1.so.7+0x20b3b) (BuildId: 79ee78eebaf1fabcfa2c5160e0b25a68bf3edce9)

  Mutex M0 (0x7ffff5331f48) created at:
    #0 pthread_mutex_init /extra/alexey/worktrees/perf-msize/compiler-rt/lib/tsan/rtl/tsan_interceptors_posix.cpp:1316:3 (memcached+0x65ad3)
    #1 memcached_thread_init /home/alexey/tsan-experiments/nosql/memcached/memcached-tsan-dom-ea-lo-st-swmr/thread.c:1132:9 (memcached+0x104be8)
    #2 main /home/alexey/tsan-experiments/nosql/memcached/memcached-tsan-dom-ea-lo-st-swmr/memcached.c:6138:5 (memcached+0xf2159)

  Thread T16 'mc-worker' (tid=186196, running) created by main thread at:
    #0 pthread_create /extra/alexey/worktrees/perf-msize/compiler-rt/lib/tsan/rtl/tsan_interceptors_posix.cpp:1023:3 (memcached+0x6419f)
    #1 create_worker /home/alexey/tsan-experiments/nosql/memcached/memcached-tsan-dom-ea-lo-st-swmr/thread.c:385:16 (memcached+0x1050de)
    #2 memcached_thread_init /home/alexey/tsan-experiments/nosql/memcached/memcached-tsan-dom-ea-lo-st-swmr/thread.c:1155:9 (memcached+0x1050de)
    #3 main /home/alexey/tsan-experiments/nosql/memcached/memcached-tsan-dom-ea-lo-st-swmr/memcached.c:6138:5 (memcached+0xf2159)

  Thread T5 'mc-worker' (tid=186185, running) created by main thread at:
    #0 pthread_create /extra/alexey/worktrees/perf-msize/compiler-rt/lib/tsan/rtl/tsan_interceptors_posix.cpp:1023:3 (memcached+0x6419f)
    #1 create_worker /home/alexey/tsan-experiments/nosql/memcached/memcached-tsan-dom-ea-lo-st-swmr/thread.c:385:16 (memcached+0x1050de)
    #2 memcached_thread_init /home/alexey/tsan-experiments/nosql/memcached/memcached-tsan-dom-ea-lo-st-swmr/thread.c:1155:9 (memcached+0x1050de)
    #3 main /home/alexey/tsan-experiments/nosql/memcached/memcached-tsan-dom-ea-lo-st-swmr/memcached.c:6138:5 (memcached+0xf2159)

SUMMARY: ThreadSanitizer: data race /home/alexey/tsan-experiments/nosql/memcached/memcached-tsan-dom-ea-lo-st-swmr/items.c:516:22 in do_item_unlink
==================
==================
WARNING: ThreadSanitizer: data race (pid=186176)
  Read of size 2 at 0x7fffec7fdece by thread T28 (mutexes: write M0, write M1):
    #0 lru_pull_tail /home/alexey/tsan-experiments/nosql/memcached/memcached-tsan-dom-ea-lo-st-swmr/items.c:1137:28 (memcached+0xfba96)
    #1 lru_maintainer_juggle /home/alexey/tsan-experiments/nosql/memcached/memcached-tsan-dom-ea-lo-st-swmr/items.c:1448:13 (memcached+0x1009c7)
    #2 lru_maintainer_thread /home/alexey/tsan-experiments/nosql/memcached/memcached-tsan-dom-ea-lo-st-swmr/items.c:1645:29 (memcached+0x1009c7)

  Previous write of size 2 at 0x7fffec7fdece by thread T5 (mutexes: write M2):
    #0 do_item_unlink /home/alexey/tsan-experiments/nosql/memcached/memcached-tsan-dom-ea-lo-st-swmr/items.c:516:22 (memcached+0xfd07a)
    #1 do_item_replace /home/alexey/tsan-experiments/nosql/memcached/memcached-tsan-dom-ea-lo-st-swmr/items.c:589:5 (memcached+0xfdb05)
    #2 item_replace /home/alexey/tsan-experiments/nosql/memcached/memcached-tsan-dom-ea-lo-st-swmr/thread.c:934:12 (memcached+0x103c9b)
    #3 do_store_item /home/alexey/tsan-experiments/nosql/memcached/memcached-tsan-dom-ea-lo-st-swmr/memcached.c:1715:13 (memcached+0xece16)
    #4 store_item /home/alexey/tsan-experiments/nosql/memcached/memcached-tsan-dom-ea-lo-st-swmr/thread.c:974:11 (memcached+0x103fc2)
    #5 complete_nread_ascii /home/alexey/tsan-experiments/nosql/memcached/memcached-tsan-dom-ea-lo-st-swmr/proto_text.c:184:13 (memcached+0x10e9db)
    #6 complete_nread /home/alexey/tsan-experiments/nosql/memcached/memcached-tsan-dom-ea-lo-st-swmr/memcached.c:1485:9 (memcached+0xe7a28)
    #7 drive_machine /home/alexey/tsan-experiments/nosql/memcached/memcached-tsan-dom-ea-lo-st-swmr/memcached.c:3239:17 (memcached+0xe7a28)
    #8 event_handler /home/alexey/tsan-experiments/nosql/memcached/memcached-tsan-dom-ea-lo-st-swmr/memcached.c:3476:5 (memcached+0xeaabf)
    #9 <null> <null> (libevent-2.1.so.7+0x20b3b) (BuildId: 79ee78eebaf1fabcfa2c5160e0b25a68bf3edce9)

  Location is heap block of size 1048576 at 0x7fffec700000 allocated by thread T5:
    #0 malloc /extra/alexey/worktrees/perf-msize/compiler-rt/lib/tsan/rtl/tsan_interceptors_posix.cpp:666:5 (memcached+0x6265f)
    #1 memory_allocate /home/alexey/tsan-experiments/nosql/memcached/memcached-tsan-dom-ea-lo-st-swmr/slabs.c:615:15 (memcached+0xfb2c5)
    #2 do_slabs_newslab /home/alexey/tsan-experiments/nosql/memcached/memcached-tsan-dom-ea-lo-st-swmr/slabs.c:386:17 (memcached+0xfb2c5)
    #3 do_slabs_alloc /home/alexey/tsan-experiments/nosql/memcached/memcached-tsan-dom-ea-lo-st-swmr/slabs.c:423:9 (memcached+0xf8ce2)
    #4 slabs_alloc /home/alexey/tsan-experiments/nosql/memcached/memcached-tsan-dom-ea-lo-st-swmr/slabs.c:661:11 (memcached+0xf8ce2)
    #5 do_item_alloc_pull /home/alexey/tsan-experiments/nosql/memcached/memcached-tsan-dom-ea-lo-st-swmr/items.c:181:14 (memcached+0xfb81e)
    #6 do_item_alloc /home/alexey/tsan-experiments/nosql/memcached/memcached-tsan-dom-ea-lo-st-swmr/items.c:298:14 (memcached+0xfc6d4)
    #7 item_alloc /home/alexey/tsan-experiments/nosql/memcached/memcached-tsan-dom-ea-lo-st-swmr/thread.c:876:10 (memcached+0x103892)
    #8 process_update_command /home/alexey/tsan-experiments/nosql/memcached/memcached-tsan-dom-ea-lo-st-swmr/proto_text.c:2044:10 (memcached+0x113681)
    #9 process_command_ascii /home/alexey/tsan-experiments/nosql/memcached/memcached-tsan-dom-ea-lo-st-swmr/proto_text.c (memcached+0x10fd47)
    #10 try_read_command_ascii /home/alexey/tsan-experiments/nosql/memcached/memcached-tsan-dom-ea-lo-st-swmr/proto_text.c:494:5 (memcached+0x10f578)
    #11 try_read_command_negotiate /home/alexey/tsan-experiments/nosql/memcached/memcached-tsan-dom-ea-lo-st-swmr/memcached.c:2427:12 (memcached+0xeaa07)
    #12 drive_machine /home/alexey/tsan-experiments/nosql/memcached/memcached-tsan-dom-ea-lo-st-swmr/memcached.c:3193:17 (memcached+0xe6f29)
    #13 event_handler /home/alexey/tsan-experiments/nosql/memcached/memcached-tsan-dom-ea-lo-st-swmr/memcached.c:3476:5 (memcached+0xeaabf)
    #14 <null> <null> (libevent-2.1.so.7+0x20b3b) (BuildId: 79ee78eebaf1fabcfa2c5160e0b25a68bf3edce9)

  Mutex M0 (0x555556a41cf0) created at:
    #0 pthread_mutex_lock /extra/alexey/worktrees/perf-msize/compiler-rt/lib/tsan/rtl/tsan_interceptors_posix.cpp:1342:3 (memcached+0x65dfe)
    #1 start_lru_maintainer_thread /home/alexey/tsan-experiments/nosql/memcached/memcached-tsan-dom-ea-lo-st-swmr/items.c:1725:5 (memcached+0x10035c)
    #2 main /home/alexey/tsan-experiments/nosql/memcached/memcached-tsan-dom-ea-lo-st-swmr/memcached.c:6170:33 (memcached+0xf21be)

  Mutex M1 (0x555556a426f0) created at:
    #0 pthread_mutex_init /extra/alexey/worktrees/perf-msize/compiler-rt/lib/tsan/rtl/tsan_interceptors_posix.cpp:1316:3 (memcached+0x65ad3)
    #1 memcached_thread_init /home/alexey/tsan-experiments/nosql/memcached/memcached-tsan-dom-ea-lo-st-swmr/thread.c:1093:9 (memcached+0x104ada)
    #2 main /home/alexey/tsan-experiments/nosql/memcached/memcached-tsan-dom-ea-lo-st-swmr/memcached.c:6138:5 (memcached+0xf2159)

  Mutex M2 (0x7ffff52d5900) created at:
    #0 pthread_mutex_init /extra/alexey/worktrees/perf-msize/compiler-rt/lib/tsan/rtl/tsan_interceptors_posix.cpp:1316:3 (memcached+0x65ad3)
    #1 memcached_thread_init /home/alexey/tsan-experiments/nosql/memcached/memcached-tsan-dom-ea-lo-st-swmr/thread.c:1132:9 (memcached+0x104be8)
    #2 main /home/alexey/tsan-experiments/nosql/memcached/memcached-tsan-dom-ea-lo-st-swmr/memcached.c:6138:5 (memcached+0xf2159)

  Thread T28 'mc-lrumaint' (tid=186208, running) created by main thread at:
    #0 pthread_create /extra/alexey/worktrees/perf-msize/compiler-rt/lib/tsan/rtl/tsan_interceptors_posix.cpp:1023:3 (memcached+0x6419f)
    #1 start_lru_maintainer_thread /home/alexey/tsan-experiments/nosql/memcached/memcached-tsan-dom-ea-lo-st-swmr/items.c:1728:16 (memcached+0x1003a6)
    #2 main /home/alexey/tsan-experiments/nosql/memcached/memcached-tsan-dom-ea-lo-st-swmr/memcached.c:6170:33 (memcached+0xf21be)

  Thread T5 'mc-worker' (tid=186185, running) created by main thread at:
    #0 pthread_create /extra/alexey/worktrees/perf-msize/compiler-rt/lib/tsan/rtl/tsan_interceptors_posix.cpp:1023:3 (memcached+0x6419f)
    #1 create_worker /home/alexey/tsan-experiments/nosql/memcached/memcached-tsan-dom-ea-lo-st-swmr/thread.c:385:16 (memcached+0x1050de)
    #2 memcached_thread_init /home/alexey/tsan-experiments/nosql/memcached/memcached-tsan-dom-ea-lo-st-swmr/thread.c:1155:9 (memcached+0x1050de)
    #3 main /home/alexey/tsan-experiments/nosql/memcached/memcached-tsan-dom-ea-lo-st-swmr/memcached.c:6138:5 (memcached+0xf2159)

SUMMARY: ThreadSanitizer: data race /home/alexey/tsan-experiments/nosql/memcached/memcached-tsan-dom-ea-lo-st-swmr/items.c:1137:28 in lru_pull_tail
==================
==================
WARNING: ThreadSanitizer: data race (pid=186176)
  Read of size 8 at 0x555556a34c10 by main thread:
    #0 clock_handler /home/alexey/tsan-experiments/nosql/memcached/memcached-tsan-dom-ea-lo-st-swmr/memcached.c:4009:36 (memcached+0xf4806)
    #1 <null> <null> (libevent-2.1.so.7+0x20a57) (BuildId: 79ee78eebaf1fabcfa2c5160e0b25a68bf3edce9)
    #2 __libc_start_call_main csu/../sysdeps/nptl/libc_start_call_main.h:58:16 (libc.so.6+0x2a1c9) (BuildId: 282c2c16e7b6600b0b22ea0c99010d2795752b5f)

  Previous write of size 8 at 0x555556a34c10 by thread T16 (mutexes: write M0, write M1):
    #0 do_item_unlink /home/alexey/tsan-experiments/nosql/memcached/memcached-tsan-dom-ea-lo-st-swmr/items.c:519:32 (memcached+0xfd0fc)
    #1 do_item_replace /home/alexey/tsan-experiments/nosql/memcached/memcached-tsan-dom-ea-lo-st-swmr/items.c:589:5 (memcached+0xfdb05)
    #2 item_replace /home/alexey/tsan-experiments/nosql/memcached/memcached-tsan-dom-ea-lo-st-swmr/thread.c:934:12 (memcached+0x103c9b)
    #3 do_store_item /home/alexey/tsan-experiments/nosql/memcached/memcached-tsan-dom-ea-lo-st-swmr/memcached.c:1715:13 (memcached+0xece16)
    #4 store_item /home/alexey/tsan-experiments/nosql/memcached/memcached-tsan-dom-ea-lo-st-swmr/thread.c:974:11 (memcached+0x103fc2)
    #5 complete_nread_ascii /home/alexey/tsan-experiments/nosql/memcached/memcached-tsan-dom-ea-lo-st-swmr/proto_text.c:184:13 (memcached+0x10e9db)
    #6 complete_nread /home/alexey/tsan-experiments/nosql/memcached/memcached-tsan-dom-ea-lo-st-swmr/memcached.c:1485:9 (memcached+0xe7a28)
    #7 drive_machine /home/alexey/tsan-experiments/nosql/memcached/memcached-tsan-dom-ea-lo-st-swmr/memcached.c:3239:17 (memcached+0xe7a28)
    #8 event_handler /home/alexey/tsan-experiments/nosql/memcached/memcached-tsan-dom-ea-lo-st-swmr/memcached.c:3476:5 (memcached+0xeaabf)
    #9 <null> <null> (libevent-2.1.so.7+0x20b3b) (BuildId: 79ee78eebaf1fabcfa2c5160e0b25a68bf3edce9)

  Location is global 'stats_state' of size 56 at 0x555556a34c10 (memcached+0x14e0c10)

  Mutex M0 (0x7ffff5393d38) created at:
    #0 pthread_mutex_init /extra/alexey/worktrees/perf-msize/compiler-rt/lib/tsan/rtl/tsan_interceptors_posix.cpp:1316:3 (memcached+0x65ad3)
    #1 memcached_thread_init /home/alexey/tsan-experiments/nosql/memcached/memcached-tsan-dom-ea-lo-st-swmr/thread.c:1132:9 (memcached+0x104be8)
    #2 main /home/alexey/tsan-experiments/nosql/memcached/memcached-tsan-dom-ea-lo-st-swmr/memcached.c:6138:5 (memcached+0xf2159)

  Mutex M1 (0x555556a42678) created at:
    #0 pthread_mutex_lock /extra/alexey/worktrees/perf-msize/compiler-rt/lib/tsan/rtl/tsan_interceptors_posix.cpp:1342:3 (memcached+0x65dfe)
    #1 STATS_LOCK /home/alexey/tsan-experiments/nosql/memcached/memcached-tsan-dom-ea-lo-st-swmr/thread.c:982:5 (memcached+0x104036)
    #2 assoc_init /home/alexey/tsan-experiments/nosql/memcached/memcached-tsan-dom-ea-lo-st-swmr/assoc.c:64:5 (memcached+0x10199d)
    #3 main /home/alexey/tsan-experiments/nosql/memcached/memcached-tsan-dom-ea-lo-st-swmr/memcached.c:6082:5 (memcached+0xf1fea)

  Thread T16 'mc-worker' (tid=186196, running) created by main thread at:
    #0 pthread_create /extra/alexey/worktrees/perf-msize/compiler-rt/lib/tsan/rtl/tsan_interceptors_posix.cpp:1023:3 (memcached+0x6419f)
    #1 create_worker /home/alexey/tsan-experiments/nosql/memcached/memcached-tsan-dom-ea-lo-st-swmr/thread.c:385:16 (memcached+0x1050de)
    #2 memcached_thread_init /home/alexey/tsan-experiments/nosql/memcached/memcached-tsan-dom-ea-lo-st-swmr/thread.c:1155:9 (memcached+0x1050de)
    #3 main /home/alexey/tsan-experiments/nosql/memcached/memcached-tsan-dom-ea-lo-st-swmr/memcached.c:6138:5 (memcached+0xf2159)

SUMMARY: ThreadSanitizer: data race /home/alexey/tsan-experiments/nosql/memcached/memcached-tsan-dom-ea-lo-st-swmr/memcached.c:4009:36 in clock_handler
==================
==================
WARNING: ThreadSanitizer: data race (pid=186176)
  Write of size 4 at 0x555556a34968 by main thread:
    #0 clock_handler /home/alexey/tsan-experiments/nosql/memcached/memcached-tsan-dom-ea-lo-st-swmr/memcached.c (memcached+0xf490e)
    #1 <null> <null> (libevent-2.1.so.7+0x20a57) (BuildId: 79ee78eebaf1fabcfa2c5160e0b25a68bf3edce9)
    #2 __libc_start_call_main csu/../sysdeps/nptl/libc_start_call_main.h:58:16 (libc.so.6+0x2a1c9) (BuildId: 282c2c16e7b6600b0b22ea0c99010d2795752b5f)

  Previous read of size 4 at 0x555556a34968 by thread T3:
    #0 try_read_command_ascii /home/alexey/tsan-experiments/nosql/memcached/memcached-tsan-dom-ea-lo-st-swmr/proto_text.c:493:24 (memcached+0x10f559)
    #1 drive_machine /home/alexey/tsan-experiments/nosql/memcached/memcached-tsan-dom-ea-lo-st-swmr/memcached.c:3193:17 (memcached+0xe6f29)
    #2 event_handler /home/alexey/tsan-experiments/nosql/memcached/memcached-tsan-dom-ea-lo-st-swmr/memcached.c:3476:5 (memcached+0xeaabf)
    #3 <null> <null> (libevent-2.1.so.7+0x20b3b) (BuildId: 79ee78eebaf1fabcfa2c5160e0b25a68bf3edce9)

  Location is global 'current_time' of size 4 at 0x555556a34968 (memcached+0x14e0968)

  Thread T3 'mc-worker' (tid=186183, running) created by main thread at:
    #0 pthread_create /extra/alexey/worktrees/perf-msize/compiler-rt/lib/tsan/rtl/tsan_interceptors_posix.cpp:1023:3 (memcached+0x6419f)
    #1 create_worker /home/alexey/tsan-experiments/nosql/memcached/memcached-tsan-dom-ea-lo-st-swmr/thread.c:385:16 (memcached+0x1050de)
    #2 memcached_thread_init /home/alexey/tsan-experiments/nosql/memcached/memcached-tsan-dom-ea-lo-st-swmr/thread.c:1155:9 (memcached+0x1050de)
    #3 main /home/alexey/tsan-experiments/nosql/memcached/memcached-tsan-dom-ea-lo-st-swmr/memcached.c:6138:5 (memcached+0xf2159)

SUMMARY: ThreadSanitizer: data race /home/alexey/tsan-experiments/nosql/memcached/memcached-tsan-dom-ea-lo-st-swmr/memcached.c in clock_handler
==================
==================
WARNING: ThreadSanitizer: data race (pid=186176)
  Read of size 8 at 0x555556a34c10 by main thread:
    #0 clock_handler /home/alexey/tsan-experiments/nosql/memcached/memcached-tsan-dom-ea-lo-st-swmr/memcached.c:4009:36 (memcached+0xf4806)
    #1 <null> <null> (libevent-2.1.so.7+0x20a57) (BuildId: 79ee78eebaf1fabcfa2c5160e0b25a68bf3edce9)
    #2 __libc_start_call_main csu/../sysdeps/nptl/libc_start_call_main.h:58:16 (libc.so.6+0x2a1c9) (BuildId: 282c2c16e7b6600b0b22ea0c99010d2795752b5f)

  Previous write of size 8 at 0x555556a34c10 by thread T24 (mutexes: write M0, write M1):
    #0 do_item_link /home/alexey/tsan-experiments/nosql/memcached/memcached-tsan-dom-ea-lo-st-swmr/items.c:499:28 (memcached+0xfcd80)
    #1 do_item_replace /home/alexey/tsan-experiments/nosql/memcached/memcached-tsan-dom-ea-lo-st-swmr/items.c:590:12 (memcached+0xfdb12)
    #2 item_replace /home/alexey/tsan-experiments/nosql/memcached/memcached-tsan-dom-ea-lo-st-swmr/thread.c:934:12 (memcached+0x103c9b)
    #3 do_store_item /home/alexey/tsan-experiments/nosql/memcached/memcached-tsan-dom-ea-lo-st-swmr/memcached.c:1715:13 (memcached+0xece16)
    #4 store_item /home/alexey/tsan-experiments/nosql/memcached/memcached-tsan-dom-ea-lo-st-swmr/thread.c:974:11 (memcached+0x103fc2)
    #5 complete_nread_ascii /home/alexey/tsan-experiments/nosql/memcached/memcached-tsan-dom-ea-lo-st-swmr/proto_text.c:184:13 (memcached+0x10e9db)
    #6 complete_nread /home/alexey/tsan-experiments/nosql/memcached/memcached-tsan-dom-ea-lo-st-swmr/memcached.c:1485:9 (memcached+0xe7a28)
    #7 drive_machine /home/alexey/tsan-experiments/nosql/memcached/memcached-tsan-dom-ea-lo-st-swmr/memcached.c:3239:17 (memcached+0xe7a28)
    #8 event_handler /home/alexey/tsan-experiments/nosql/memcached/memcached-tsan-dom-ea-lo-st-swmr/memcached.c:3476:5 (memcached+0xeaabf)
    #9 <null> <null> (libevent-2.1.so.7+0x20b3b) (BuildId: 79ee78eebaf1fabcfa2c5160e0b25a68bf3edce9)

  Location is global 'stats_state' of size 56 at 0x555556a34c10 (memcached+0x14e0c10)

  Mutex M0 (0x7ffff537add8) created at:
    #0 pthread_mutex_init /extra/alexey/worktrees/perf-msize/compiler-rt/lib/tsan/rtl/tsan_interceptors_posix.cpp:1316:3 (memcached+0x65ad3)
    #1 memcached_thread_init /home/alexey/tsan-experiments/nosql/memcached/memcached-tsan-dom-ea-lo-st-swmr/thread.c:1132:9 (memcached+0x104be8)
    #2 main /home/alexey/tsan-experiments/nosql/memcached/memcached-tsan-dom-ea-lo-st-swmr/memcached.c:6138:5 (memcached+0xf2159)

  Mutex M1 (0x555556a42678) created at:
    #0 pthread_mutex_lock /extra/alexey/worktrees/perf-msize/compiler-rt/lib/tsan/rtl/tsan_interceptors_posix.cpp:1342:3 (memcached+0x65dfe)
    #1 STATS_LOCK /home/alexey/tsan-experiments/nosql/memcached/memcached-tsan-dom-ea-lo-st-swmr/thread.c:982:5 (memcached+0x104036)
    #2 assoc_init /home/alexey/tsan-experiments/nosql/memcached/memcached-tsan-dom-ea-lo-st-swmr/assoc.c:64:5 (memcached+0x10199d)
    #3 main /home/alexey/tsan-experiments/nosql/memcached/memcached-tsan-dom-ea-lo-st-swmr/memcached.c:6082:5 (memcached+0xf1fea)

  Thread T24 'mc-worker' (tid=186204, running) created by main thread at:
    #0 pthread_create /extra/alexey/worktrees/perf-msize/compiler-rt/lib/tsan/rtl/tsan_interceptors_posix.cpp:1023:3 (memcached+0x6419f)
    #1 create_worker /home/alexey/tsan-experiments/nosql/memcached/memcached-tsan-dom-ea-lo-st-swmr/thread.c:385:16 (memcached+0x1050de)
    #2 memcached_thread_init /home/alexey/tsan-experiments/nosql/memcached/memcached-tsan-dom-ea-lo-st-swmr/thread.c:1155:9 (memcached+0x1050de)
    #3 main /home/alexey/tsan-experiments/nosql/memcached/memcached-tsan-dom-ea-lo-st-swmr/memcached.c:6138:5 (memcached+0xf2159)

SUMMARY: ThreadSanitizer: data race /home/alexey/tsan-experiments/nosql/memcached/memcached-tsan-dom-ea-lo-st-swmr/memcached.c:4009:36 in clock_handler
==================
==================
WARNING: ThreadSanitizer: data race (pid=186176)
  Write of size 2 at 0x7fffec7fa9d4 by thread T28 (mutexes: write M0, write M1, write M2):
    #0 lru_pull_tail /home/alexey/tsan-experiments/nosql/memcached/memcached-tsan-dom-ea-lo-st-swmr/items.c:1143:13 (memcached+0xfbada)
    #1 lru_maintainer_juggle /home/alexey/tsan-experiments/nosql/memcached/memcached-tsan-dom-ea-lo-st-swmr/items.c:1449:13 (memcached+0x1009e9)
    #2 lru_maintainer_thread /home/alexey/tsan-experiments/nosql/memcached/memcached-tsan-dom-ea-lo-st-swmr/items.c:1645:29 (memcached+0x1009e9)

  Previous read of size 2 at 0x7fffec7fa9d4 by thread T25:
    #0 limited_get /home/alexey/tsan-experiments/nosql/memcached/memcached-tsan-dom-ea-lo-st-swmr/memcached.c:2255:19 (memcached+0xef5b6)
    #1 process_get_command /home/alexey/tsan-experiments/nosql/memcached/memcached-tsan-dom-ea-lo-st-swmr/proto_text.c:581:18 (memcached+0x112bdc)
    #2 process_command_ascii /home/alexey/tsan-experiments/nosql/memcached/memcached-tsan-dom-ea-lo-st-swmr/proto_text.c (memcached+0x10fda0)
    #3 try_read_command_ascii /home/alexey/tsan-experiments/nosql/memcached/memcached-tsan-dom-ea-lo-st-swmr/proto_text.c:494:5 (memcached+0x10f578)
    #4 drive_machine /home/alexey/tsan-experiments/nosql/memcached/memcached-tsan-dom-ea-lo-st-swmr/memcached.c:3193:17 (memcached+0xe6f29)
    #5 event_handler /home/alexey/tsan-experiments/nosql/memcached/memcached-tsan-dom-ea-lo-st-swmr/memcached.c:3476:5 (memcached+0xeaabf)
    #6 <null> <null> (libevent-2.1.so.7+0x20b3b) (BuildId: 79ee78eebaf1fabcfa2c5160e0b25a68bf3edce9)

  As if synchronized via sleep:
    #0 usleep /extra/alexey/worktrees/perf-msize/compiler-rt/lib/tsan/rtl/tsan_interceptors_posix.cpp:391:3 (memcached+0x6128e)
    #1 lru_maintainer_thread /home/alexey/tsan-experiments/nosql/memcached/memcached-tsan-dom-ea-lo-st-swmr/items.c:1624:13 (memcached+0x1006f4)

  Location is heap block of size 1048576 at 0x7fffec700000 allocated by thread T5:
    #0 malloc /extra/alexey/worktrees/perf-msize/compiler-rt/lib/tsan/rtl/tsan_interceptors_posix.cpp:666:5 (memcached+0x6265f)
    #1 memory_allocate /home/alexey/tsan-experiments/nosql/memcached/memcached-tsan-dom-ea-lo-st-swmr/slabs.c:615:15 (memcached+0xfb2c5)
    #2 do_slabs_newslab /home/alexey/tsan-experiments/nosql/memcached/memcached-tsan-dom-ea-lo-st-swmr/slabs.c:386:17 (memcached+0xfb2c5)
    #3 do_slabs_alloc /home/alexey/tsan-experiments/nosql/memcached/memcached-tsan-dom-ea-lo-st-swmr/slabs.c:423:9 (memcached+0xf8ce2)
    #4 slabs_alloc /home/alexey/tsan-experiments/nosql/memcached/memcached-tsan-dom-ea-lo-st-swmr/slabs.c:661:11 (memcached+0xf8ce2)
    #5 do_item_alloc_pull /home/alexey/tsan-experiments/nosql/memcached/memcached-tsan-dom-ea-lo-st-swmr/items.c:181:14 (memcached+0xfb81e)
    #6 do_item_alloc /home/alexey/tsan-experiments/nosql/memcached/memcached-tsan-dom-ea-lo-st-swmr/items.c:298:14 (memcached+0xfc6d4)
    #7 item_alloc /home/alexey/tsan-experiments/nosql/memcached/memcached-tsan-dom-ea-lo-st-swmr/thread.c:876:10 (memcached+0x103892)
    #8 process_update_command /home/alexey/tsan-experiments/nosql/memcached/memcached-tsan-dom-ea-lo-st-swmr/proto_text.c:2044:10 (memcached+0x113681)
    #9 process_command_ascii /home/alexey/tsan-experiments/nosql/memcached/memcached-tsan-dom-ea-lo-st-swmr/proto_text.c (memcached+0x10fd47)
    #10 try_read_command_ascii /home/alexey/tsan-experiments/nosql/memcached/memcached-tsan-dom-ea-lo-st-swmr/proto_text.c:494:5 (memcached+0x10f578)
    #11 try_read_command_negotiate /home/alexey/tsan-experiments/nosql/memcached/memcached-tsan-dom-ea-lo-st-swmr/memcached.c:2427:12 (memcached+0xeaa07)
    #12 drive_machine /home/alexey/tsan-experiments/nosql/memcached/memcached-tsan-dom-ea-lo-st-swmr/memcached.c:3193:17 (memcached+0xe6f29)
    #13 event_handler /home/alexey/tsan-experiments/nosql/memcached/memcached-tsan-dom-ea-lo-st-swmr/memcached.c:3476:5 (memcached+0xeaabf)
    #14 <null> <null> (libevent-2.1.so.7+0x20b3b) (BuildId: 79ee78eebaf1fabcfa2c5160e0b25a68bf3edce9)

  Mutex M0 (0x555556a41cf0) created at:
    #0 pthread_mutex_lock /extra/alexey/worktrees/perf-msize/compiler-rt/lib/tsan/rtl/tsan_interceptors_posix.cpp:1342:3 (memcached+0x65dfe)
    #1 start_lru_maintainer_thread /home/alexey/tsan-experiments/nosql/memcached/memcached-tsan-dom-ea-lo-st-swmr/items.c:1725:5 (memcached+0x10035c)
    #2 main /home/alexey/tsan-experiments/nosql/memcached/memcached-tsan-dom-ea-lo-st-swmr/memcached.c:6170:33 (memcached+0xf21be)

  Mutex M1 (0x555556a430f0) created at:
    #0 pthread_mutex_init /extra/alexey/worktrees/perf-msize/compiler-rt/lib/tsan/rtl/tsan_interceptors_posix.cpp:1316:3 (memcached+0x65ad3)
    #1 memcached_thread_init /home/alexey/tsan-experiments/nosql/memcached/memcached-tsan-dom-ea-lo-st-swmr/thread.c:1093:9 (memcached+0x104ada)
    #2 main /home/alexey/tsan-experiments/nosql/memcached/memcached-tsan-dom-ea-lo-st-swmr/memcached.c:6138:5 (memcached+0xf2159)

  Mutex M2 (0x7ffff53023d8) created at:
    #0 pthread_mutex_init /extra/alexey/worktrees/perf-msize/compiler-rt/lib/tsan/rtl/tsan_interceptors_posix.cpp:1316:3 (memcached+0x65ad3)
    #1 memcached_thread_init /home/alexey/tsan-experiments/nosql/memcached/memcached-tsan-dom-ea-lo-st-swmr/thread.c:1132:9 (memcached+0x104be8)
    #2 main /home/alexey/tsan-experiments/nosql/memcached/memcached-tsan-dom-ea-lo-st-swmr/memcached.c:6138:5 (memcached+0xf2159)

  Thread T28 'mc-lrumaint' (tid=186208, running) created by main thread at:
    #0 pthread_create /extra/alexey/worktrees/perf-msize/compiler-rt/lib/tsan/rtl/tsan_interceptors_posix.cpp:1023:3 (memcached+0x6419f)
    #1 start_lru_maintainer_thread /home/alexey/tsan-experiments/nosql/memcached/memcached-tsan-dom-ea-lo-st-swmr/items.c:1728:16 (memcached+0x1003a6)
    #2 main /home/alexey/tsan-experiments/nosql/memcached/memcached-tsan-dom-ea-lo-st-swmr/memcached.c:6170:33 (memcached+0xf21be)

  Thread T25 'mc-worker' (tid=186205, running) created by main thread at:
    #0 pthread_create /extra/alexey/worktrees/perf-msize/compiler-rt/lib/tsan/rtl/tsan_interceptors_posix.cpp:1023:3 (memcached+0x6419f)
    #1 create_worker /home/alexey/tsan-experiments/nosql/memcached/memcached-tsan-dom-ea-lo-st-swmr/thread.c:385:16 (memcached+0x1050de)
    #2 memcached_thread_init /home/alexey/tsan-experiments/nosql/memcached/memcached-tsan-dom-ea-lo-st-swmr/thread.c:1155:9 (memcached+0x1050de)
    #3 main /home/alexey/tsan-experiments/nosql/memcached/memcached-tsan-dom-ea-lo-st-swmr/memcached.c:6138:5 (memcached+0xf2159)

  Thread T5 'mc-worker' (tid=186185, running) created by main thread at:
    #0 pthread_create /extra/alexey/worktrees/perf-msize/compiler-rt/lib/tsan/rtl/tsan_interceptors_posix.cpp:1023:3 (memcached+0x6419f)
    #1 create_worker /home/alexey/tsan-experiments/nosql/memcached/memcached-tsan-dom-ea-lo-st-swmr/thread.c:385:16 (memcached+0x1050de)
    #2 memcached_thread_init /home/alexey/tsan-experiments/nosql/memcached/memcached-tsan-dom-ea-lo-st-swmr/thread.c:1155:9 (memcached+0x1050de)
    #3 main /home/alexey/tsan-experiments/nosql/memcached/memcached-tsan-dom-ea-lo-st-swmr/memcached.c:6138:5 (memcached+0xf2159)

SUMMARY: ThreadSanitizer: data race /home/alexey/tsan-experiments/nosql/memcached/memcached-tsan-dom-ea-lo-st-swmr/items.c:1143:13 in lru_pull_tail
==================
==================
WARNING: ThreadSanitizer: data race (pid=186176)
  Read of size 2 at 0x7fffec7fa9d6 by thread T25:
    #0 item_remove /home/alexey/tsan-experiments/nosql/memcached/memcached-tsan-dom-ea-lo-st-swmr/thread.c:921:15 (memcached+0x103ba2)
    #1 resp_finish /home/alexey/tsan-experiments/nosql/memcached/memcached-tsan-dom-ea-lo-st-swmr/memcached.c:1237:9 (memcached+0xeacd1)
    #2 _transmit_post /home/alexey/tsan-experiments/nosql/memcached/memcached-tsan-dom-ea-lo-st-swmr/memcached.c (memcached+0xe75ed)
    #3 transmit /home/alexey/tsan-experiments/nosql/memcached/memcached-tsan-dom-ea-lo-st-swmr/memcached.c:2773:9 (memcached+0xe75ed)
    #4 drive_machine /home/alexey/tsan-experiments/nosql/memcached/memcached-tsan-dom-ea-lo-st-swmr/memcached.c:3394:45 (memcached+0xe75ed)
    #5 event_handler /home/alexey/tsan-experiments/nosql/memcached/memcached-tsan-dom-ea-lo-st-swmr/memcached.c:3476:5 (memcached+0xeaabf)
    #6 <null> <null> (libevent-2.1.so.7+0x20b3b) (BuildId: 79ee78eebaf1fabcfa2c5160e0b25a68bf3edce9)

  Previous write of size 2 at 0x7fffec7fa9d6 by thread T28 (mutexes: write M0, write M1, write M2):
    #0 lru_pull_tail /home/alexey/tsan-experiments/nosql/memcached/memcached-tsan-dom-ea-lo-st-swmr/items.c:1191:38 (memcached+0xfbcd6)
    #1 lru_maintainer_juggle /home/alexey/tsan-experiments/nosql/memcached/memcached-tsan-dom-ea-lo-st-swmr/items.c:1449:13 (memcached+0x1009e9)
    #2 lru_maintainer_thread /home/alexey/tsan-experiments/nosql/memcached/memcached-tsan-dom-ea-lo-st-swmr/items.c:1645:29 (memcached+0x1009e9)

  Location is heap block of size 1048576 at 0x7fffec700000 allocated by thread T5:
    #0 malloc /extra/alexey/worktrees/perf-msize/compiler-rt/lib/tsan/rtl/tsan_interceptors_posix.cpp:666:5 (memcached+0x6265f)
    #1 memory_allocate /home/alexey/tsan-experiments/nosql/memcached/memcached-tsan-dom-ea-lo-st-swmr/slabs.c:615:15 (memcached+0xfb2c5)
    #2 do_slabs_newslab /home/alexey/tsan-experiments/nosql/memcached/memcached-tsan-dom-ea-lo-st-swmr/slabs.c:386:17 (memcached+0xfb2c5)
    #3 do_slabs_alloc /home/alexey/tsan-experiments/nosql/memcached/memcached-tsan-dom-ea-lo-st-swmr/slabs.c:423:9 (memcached+0xf8ce2)
    #4 slabs_alloc /home/alexey/tsan-experiments/nosql/memcached/memcached-tsan-dom-ea-lo-st-swmr/slabs.c:661:11 (memcached+0xf8ce2)
    #5 do_item_alloc_pull /home/alexey/tsan-experiments/nosql/memcached/memcached-tsan-dom-ea-lo-st-swmr/items.c:181:14 (memcached+0xfb81e)
    #6 do_item_alloc /home/alexey/tsan-experiments/nosql/memcached/memcached-tsan-dom-ea-lo-st-swmr/items.c:298:14 (memcached+0xfc6d4)
    #7 item_alloc /home/alexey/tsan-experiments/nosql/memcached/memcached-tsan-dom-ea-lo-st-swmr/thread.c:876:10 (memcached+0x103892)
    #8 process_update_command /home/alexey/tsan-experiments/nosql/memcached/memcached-tsan-dom-ea-lo-st-swmr/proto_text.c:2044:10 (memcached+0x113681)
    #9 process_command_ascii /home/alexey/tsan-experiments/nosql/memcached/memcached-tsan-dom-ea-lo-st-swmr/proto_text.c (memcached+0x10fd47)
    #10 try_read_command_ascii /home/alexey/tsan-experiments/nosql/memcached/memcached-tsan-dom-ea-lo-st-swmr/proto_text.c:494:5 (memcached+0x10f578)
    #11 try_read_command_negotiate /home/alexey/tsan-experiments/nosql/memcached/memcached-tsan-dom-ea-lo-st-swmr/memcached.c:2427:12 (memcached+0xeaa07)
    #12 drive_machine /home/alexey/tsan-experiments/nosql/memcached/memcached-tsan-dom-ea-lo-st-swmr/memcached.c:3193:17 (memcached+0xe6f29)
    #13 event_handler /home/alexey/tsan-experiments/nosql/memcached/memcached-tsan-dom-ea-lo-st-swmr/memcached.c:3476:5 (memcached+0xeaabf)
    #14 <null> <null> (libevent-2.1.so.7+0x20b3b) (BuildId: 79ee78eebaf1fabcfa2c5160e0b25a68bf3edce9)

  Mutex M0 (0x555556a41cf0) created at:
    #0 pthread_mutex_lock /extra/alexey/worktrees/perf-msize/compiler-rt/lib/tsan/rtl/tsan_interceptors_posix.cpp:1342:3 (memcached+0x65dfe)
    #1 start_lru_maintainer_thread /home/alexey/tsan-experiments/nosql/memcached/memcached-tsan-dom-ea-lo-st-swmr/items.c:1725:5 (memcached+0x10035c)
    #2 main /home/alexey/tsan-experiments/nosql/memcached/memcached-tsan-dom-ea-lo-st-swmr/memcached.c:6170:33 (memcached+0xf21be)

  Mutex M1 (0x555556a430f0) created at:
    #0 pthread_mutex_init /extra/alexey/worktrees/perf-msize/compiler-rt/lib/tsan/rtl/tsan_interceptors_posix.cpp:1316:3 (memcached+0x65ad3)
    #1 memcached_thread_init /home/alexey/tsan-experiments/nosql/memcached/memcached-tsan-dom-ea-lo-st-swmr/thread.c:1093:9 (memcached+0x104ada)
    #2 main /home/alexey/tsan-experiments/nosql/memcached/memcached-tsan-dom-ea-lo-st-swmr/memcached.c:6138:5 (memcached+0xf2159)

  Mutex M2 (0x7ffff53023d8) created at:
    #0 pthread_mutex_init /extra/alexey/worktrees/perf-msize/compiler-rt/lib/tsan/rtl/tsan_interceptors_posix.cpp:1316:3 (memcached+0x65ad3)
    #1 memcached_thread_init /home/alexey/tsan-experiments/nosql/memcached/memcached-tsan-dom-ea-lo-st-swmr/thread.c:1132:9 (memcached+0x104be8)
    #2 main /home/alexey/tsan-experiments/nosql/memcached/memcached-tsan-dom-ea-lo-st-swmr/memcached.c:6138:5 (memcached+0xf2159)

  Thread T25 'mc-worker' (tid=186205, running) created by main thread at:
    #0 pthread_create /extra/alexey/worktrees/perf-msize/compiler-rt/lib/tsan/rtl/tsan_interceptors_posix.cpp:1023:3 (memcached+0x6419f)
    #1 create_worker /home/alexey/tsan-experiments/nosql/memcached/memcached-tsan-dom-ea-lo-st-swmr/thread.c:385:16 (memcached+0x1050de)
    #2 memcached_thread_init /home/alexey/tsan-experiments/nosql/memcached/memcached-tsan-dom-ea-lo-st-swmr/thread.c:1155:9 (memcached+0x1050de)
    #3 main /home/alexey/tsan-experiments/nosql/memcached/memcached-tsan-dom-ea-lo-st-swmr/memcached.c:6138:5 (memcached+0xf2159)

  Thread T28 'mc-lrumaint' (tid=186208, running) created by main thread at:
    #0 pthread_create /extra/alexey/worktrees/perf-msize/compiler-rt/lib/tsan/rtl/tsan_interceptors_posix.cpp:1023:3 (memcached+0x6419f)
    #1 start_lru_maintainer_thread /home/alexey/tsan-experiments/nosql/memcached/memcached-tsan-dom-ea-lo-st-swmr/items.c:1728:16 (memcached+0x1003a6)
    #2 main /home/alexey/tsan-experiments/nosql/memcached/memcached-tsan-dom-ea-lo-st-swmr/memcached.c:6170:33 (memcached+0xf21be)

  Thread T5 'mc-worker' (tid=186185, running) created by main thread at:
    #0 pthread_create /extra/alexey/worktrees/perf-msize/compiler-rt/lib/tsan/rtl/tsan_interceptors_posix.cpp:1023:3 (memcached+0x6419f)
    #1 create_worker /home/alexey/tsan-experiments/nosql/memcached/memcached-tsan-dom-ea-lo-st-swmr/thread.c:385:16 (memcached+0x1050de)
    #2 memcached_thread_init /home/alexey/tsan-experiments/nosql/memcached/memcached-tsan-dom-ea-lo-st-swmr/thread.c:1155:9 (memcached+0x1050de)
    #3 main /home/alexey/tsan-experiments/nosql/memcached/memcached-tsan-dom-ea-lo-st-swmr/memcached.c:6138:5 (memcached+0xf2159)

SUMMARY: ThreadSanitizer: data race /home/alexey/tsan-experiments/nosql/memcached/memcached-tsan-dom-ea-lo-st-swmr/thread.c:921:15 in item_remove
==================
==================
WARNING: ThreadSanitizer: data race (pid=186176)
  Write of size 2 at 0x7fffec7fa9d4 by thread T12 (mutexes: write M0):
    #0 do_item_get /home/alexey/tsan-experiments/nosql/memcached/memcached-tsan-dom-ea-lo-st-swmr/items.c:983:9 (memcached+0xffa90)
    #1 item_get /home/alexey/tsan-experiments/nosql/memcached/memcached-tsan-dom-ea-lo-st-swmr/thread.c:889:10 (memcached+0x10394e)
    #2 limited_get /home/alexey/tsan-experiments/nosql/memcached/memcached-tsan-dom-ea-lo-st-swmr/memcached.c:2253:14 (memcached+0xef5a0)
    #3 process_get_command /home/alexey/tsan-experiments/nosql/memcached/memcached-tsan-dom-ea-lo-st-swmr/proto_text.c:581:18 (memcached+0x112bdc)
    #4 process_command_ascii /home/alexey/tsan-experiments/nosql/memcached/memcached-tsan-dom-ea-lo-st-swmr/proto_text.c (memcached+0x10fda0)
    #5 try_read_command_ascii /home/alexey/tsan-experiments/nosql/memcached/memcached-tsan-dom-ea-lo-st-swmr/proto_text.c:494:5 (memcached+0x10f578)
    #6 drive_machine /home/alexey/tsan-experiments/nosql/memcached/memcached-tsan-dom-ea-lo-st-swmr/memcached.c:3193:17 (memcached+0xe6f29)
    #7 event_handler /home/alexey/tsan-experiments/nosql/memcached/memcached-tsan-dom-ea-lo-st-swmr/memcached.c:3476:5 (memcached+0xeaabf)
    #8 <null> <null> (libevent-2.1.so.7+0x20b3b) (BuildId: 79ee78eebaf1fabcfa2c5160e0b25a68bf3edce9)

  Previous read of size 2 at 0x7fffec7fa9d4 by thread T17:
    #0 limited_get /home/alexey/tsan-experiments/nosql/memcached/memcached-tsan-dom-ea-lo-st-swmr/memcached.c:2255:19 (memcached+0xef5b6)
    #1 process_get_command /home/alexey/tsan-experiments/nosql/memcached/memcached-tsan-dom-ea-lo-st-swmr/proto_text.c:581:18 (memcached+0x112bdc)
    #2 process_command_ascii /home/alexey/tsan-experiments/nosql/memcached/memcached-tsan-dom-ea-lo-st-swmr/proto_text.c (memcached+0x10fda0)
    #3 try_read_command_ascii /home/alexey/tsan-experiments/nosql/memcached/memcached-tsan-dom-ea-lo-st-swmr/proto_text.c:494:5 (memcached+0x10f578)
    #4 drive_machine /home/alexey/tsan-experiments/nosql/memcached/memcached-tsan-dom-ea-lo-st-swmr/memcached.c:3193:17 (memcached+0xe6f29)
    #5 event_handler /home/alexey/tsan-experiments/nosql/memcached/memcached-tsan-dom-ea-lo-st-swmr/memcached.c:3476:5 (memcached+0xeaabf)
    #6 <null> <null> (libevent-2.1.so.7+0x20b3b) (BuildId: 79ee78eebaf1fabcfa2c5160e0b25a68bf3edce9)

  Location is heap block of size 1048576 at 0x7fffec700000 allocated by thread T5:
    #0 malloc /extra/alexey/worktrees/perf-msize/compiler-rt/lib/tsan/rtl/tsan_interceptors_posix.cpp:666:5 (memcached+0x6265f)
    #1 memory_allocate /home/alexey/tsan-experiments/nosql/memcached/memcached-tsan-dom-ea-lo-st-swmr/slabs.c:615:15 (memcached+0xfb2c5)
    #2 do_slabs_newslab /home/alexey/tsan-experiments/nosql/memcached/memcached-tsan-dom-ea-lo-st-swmr/slabs.c:386:17 (memcached+0xfb2c5)
    #3 do_slabs_alloc /home/alexey/tsan-experiments/nosql/memcached/memcached-tsan-dom-ea-lo-st-swmr/slabs.c:423:9 (memcached+0xf8ce2)
    #4 slabs_alloc /home/alexey/tsan-experiments/nosql/memcached/memcached-tsan-dom-ea-lo-st-swmr/slabs.c:661:11 (memcached+0xf8ce2)
    #5 do_item_alloc_pull /home/alexey/tsan-experiments/nosql/memcached/memcached-tsan-dom-ea-lo-st-swmr/items.c:181:14 (memcached+0xfb81e)
    #6 do_item_alloc /home/alexey/tsan-experiments/nosql/memcached/memcached-tsan-dom-ea-lo-st-swmr/items.c:298:14 (memcached+0xfc6d4)
    #7 item_alloc /home/alexey/tsan-experiments/nosql/memcached/memcached-tsan-dom-ea-lo-st-swmr/thread.c:876:10 (memcached+0x103892)
    #8 process_update_command /home/alexey/tsan-experiments/nosql/memcached/memcached-tsan-dom-ea-lo-st-swmr/proto_text.c:2044:10 (memcached+0x113681)
    #9 process_command_ascii /home/alexey/tsan-experiments/nosql/memcached/memcached-tsan-dom-ea-lo-st-swmr/proto_text.c (memcached+0x10fd47)
    #10 try_read_command_ascii /home/alexey/tsan-experiments/nosql/memcached/memcached-tsan-dom-ea-lo-st-swmr/proto_text.c:494:5 (memcached+0x10f578)
    #11 try_read_command_negotiate /home/alexey/tsan-experiments/nosql/memcached/memcached-tsan-dom-ea-lo-st-swmr/memcached.c:2427:12 (memcached+0xeaa07)
    #12 drive_machine /home/alexey/tsan-experiments/nosql/memcached/memcached-tsan-dom-ea-lo-st-swmr/memcached.c:3193:17 (memcached+0xe6f29)
    #13 event_handler /home/alexey/tsan-experiments/nosql/memcached/memcached-tsan-dom-ea-lo-st-swmr/memcached.c:3476:5 (memcached+0xeaabf)
    #14 <null> <null> (libevent-2.1.so.7+0x20b3b) (BuildId: 79ee78eebaf1fabcfa2c5160e0b25a68bf3edce9)

  Mutex M0 (0x7ffff53023d8) created at:
    #0 pthread_mutex_init /extra/alexey/worktrees/perf-msize/compiler-rt/lib/tsan/rtl/tsan_interceptors_posix.cpp:1316:3 (memcached+0x65ad3)
    #1 memcached_thread_init /home/alexey/tsan-experiments/nosql/memcached/memcached-tsan-dom-ea-lo-st-swmr/thread.c:1132:9 (memcached+0x104be8)
    #2 main /home/alexey/tsan-experiments/nosql/memcached/memcached-tsan-dom-ea-lo-st-swmr/memcached.c:6138:5 (memcached+0xf2159)

  Thread T12 'mc-worker' (tid=186192, running) created by main thread at:
    #0 pthread_create /extra/alexey/worktrees/perf-msize/compiler-rt/lib/tsan/rtl/tsan_interceptors_posix.cpp:1023:3 (memcached+0x6419f)
    #1 create_worker /home/alexey/tsan-experiments/nosql/memcached/memcached-tsan-dom-ea-lo-st-swmr/thread.c:385:16 (memcached+0x1050de)
    #2 memcached_thread_init /home/alexey/tsan-experiments/nosql/memcached/memcached-tsan-dom-ea-lo-st-swmr/thread.c:1155:9 (memcached+0x1050de)
    #3 main /home/alexey/tsan-experiments/nosql/memcached/memcached-tsan-dom-ea-lo-st-swmr/memcached.c:6138:5 (memcached+0xf2159)

  Thread T17 'mc-worker' (tid=186197, running) created by main thread at:
    #0 pthread_create /extra/alexey/worktrees/perf-msize/compiler-rt/lib/tsan/rtl/tsan_interceptors_posix.cpp:1023:3 (memcached+0x6419f)
    #1 create_worker /home/alexey/tsan-experiments/nosql/memcached/memcached-tsan-dom-ea-lo-st-swmr/thread.c:385:16 (memcached+0x1050de)
    #2 memcached_thread_init /home/alexey/tsan-experiments/nosql/memcached/memcached-tsan-dom-ea-lo-st-swmr/thread.c:1155:9 (memcached+0x1050de)
    #3 main /home/alexey/tsan-experiments/nosql/memcached/memcached-tsan-dom-ea-lo-st-swmr/memcached.c:6138:5 (memcached+0xf2159)

  Thread T5 'mc-worker' (tid=186185, running) created by main thread at:
    #0 pthread_create /extra/alexey/worktrees/perf-msize/compiler-rt/lib/tsan/rtl/tsan_interceptors_posix.cpp:1023:3 (memcached+0x6419f)
    #1 create_worker /home/alexey/tsan-experiments/nosql/memcached/memcached-tsan-dom-ea-lo-st-swmr/thread.c:385:16 (memcached+0x1050de)
    #2 memcached_thread_init /home/alexey/tsan-experiments/nosql/memcached/memcached-tsan-dom-ea-lo-st-swmr/thread.c:1155:9 (memcached+0x1050de)
    #3 main /home/alexey/tsan-experiments/nosql/memcached/memcached-tsan-dom-ea-lo-st-swmr/memcached.c:6138:5 (memcached+0xf2159)

SUMMARY: ThreadSanitizer: data race /home/alexey/tsan-experiments/nosql/memcached/memcached-tsan-dom-ea-lo-st-swmr/items.c:983:9 in do_item_get
==================
==================
WARNING: ThreadSanitizer: data race (pid=186176)
  Read of size 2 at 0x7fffec7fa9d6 by thread T28 (mutexes: write M0, write M1):
    #0 lru_pull_tail /home/alexey/tsan-experiments/nosql/memcached/memcached-tsan-dom-ea-lo-st-swmr/items.c:1137:28 (memcached+0xfba96)
    #1 lru_maintainer_juggle /home/alexey/tsan-experiments/nosql/memcached/memcached-tsan-dom-ea-lo-st-swmr/items.c:1449:13 (memcached+0x1009e9)
    #2 lru_maintainer_thread /home/alexey/tsan-experiments/nosql/memcached/memcached-tsan-dom-ea-lo-st-swmr/items.c:1645:29 (memcached+0x1009e9)

  Previous write of size 2 at 0x7fffec7fa9d6 by thread T17 (mutexes: write M2):
    #0 do_item_bump /home/alexey/tsan-experiments/nosql/memcached/memcached-tsan-dom-ea-lo-st-swmr/items.c:1077:30 (memcached+0x100008)
    #1 do_item_get /home/alexey/tsan-experiments/nosql/memcached/memcached-tsan-dom-ea-lo-st-swmr/items.c:1047:17 (memcached+0xffb8c)
    #2 item_get /home/alexey/tsan-experiments/nosql/memcached/memcached-tsan-dom-ea-lo-st-swmr/thread.c:889:10 (memcached+0x10394e)
    #3 limited_get /home/alexey/tsan-experiments/nosql/memcached/memcached-tsan-dom-ea-lo-st-swmr/memcached.c:2253:14 (memcached+0xef5a0)
    #4 process_get_command /home/alexey/tsan-experiments/nosql/memcached/memcached-tsan-dom-ea-lo-st-swmr/proto_text.c:581:18 (memcached+0x112bdc)
    #5 process_command_ascii /home/alexey/tsan-experiments/nosql/memcached/memcached-tsan-dom-ea-lo-st-swmr/proto_text.c (memcached+0x10fda0)
    #6 try_read_command_ascii /home/alexey/tsan-experiments/nosql/memcached/memcached-tsan-dom-ea-lo-st-swmr/proto_text.c:494:5 (memcached+0x10f578)
    #7 drive_machine /home/alexey/tsan-experiments/nosql/memcached/memcached-tsan-dom-ea-lo-st-swmr/memcached.c:3193:17 (memcached+0xe6f29)
    #8 event_handler /home/alexey/tsan-experiments/nosql/memcached/memcached-tsan-dom-ea-lo-st-swmr/memcached.c:3476:5 (memcached+0xeaabf)
    #9 <null> <null> (libevent-2.1.so.7+0x20b3b) (BuildId: 79ee78eebaf1fabcfa2c5160e0b25a68bf3edce9)

  Location is heap block of size 1048576 at 0x7fffec700000 allocated by thread T5:
    #0 malloc /extra/alexey/worktrees/perf-msize/compiler-rt/lib/tsan/rtl/tsan_interceptors_posix.cpp:666:5 (memcached+0x6265f)
    #1 memory_allocate /home/alexey/tsan-experiments/nosql/memcached/memcached-tsan-dom-ea-lo-st-swmr/slabs.c:615:15 (memcached+0xfb2c5)
    #2 do_slabs_newslab /home/alexey/tsan-experiments/nosql/memcached/memcached-tsan-dom-ea-lo-st-swmr/slabs.c:386:17 (memcached+0xfb2c5)
    #3 do_slabs_alloc /home/alexey/tsan-experiments/nosql/memcached/memcached-tsan-dom-ea-lo-st-swmr/slabs.c:423:9 (memcached+0xf8ce2)
    #4 slabs_alloc /home/alexey/tsan-experiments/nosql/memcached/memcached-tsan-dom-ea-lo-st-swmr/slabs.c:661:11 (memcached+0xf8ce2)
    #5 do_item_alloc_pull /home/alexey/tsan-experiments/nosql/memcached/memcached-tsan-dom-ea-lo-st-swmr/items.c:181:14 (memcached+0xfb81e)
    #6 do_item_alloc /home/alexey/tsan-experiments/nosql/memcached/memcached-tsan-dom-ea-lo-st-swmr/items.c:298:14 (memcached+0xfc6d4)
    #7 item_alloc /home/alexey/tsan-experiments/nosql/memcached/memcached-tsan-dom-ea-lo-st-swmr/thread.c:876:10 (memcached+0x103892)
    #8 process_update_command /home/alexey/tsan-experiments/nosql/memcached/memcached-tsan-dom-ea-lo-st-swmr/proto_text.c:2044:10 (memcached+0x113681)
    #9 process_command_ascii /home/alexey/tsan-experiments/nosql/memcached/memcached-tsan-dom-ea-lo-st-swmr/proto_text.c (memcached+0x10fd47)
    #10 try_read_command_ascii /home/alexey/tsan-experiments/nosql/memcached/memcached-tsan-dom-ea-lo-st-swmr/proto_text.c:494:5 (memcached+0x10f578)
    #11 try_read_command_negotiate /home/alexey/tsan-experiments/nosql/memcached/memcached-tsan-dom-ea-lo-st-swmr/memcached.c:2427:12 (memcached+0xeaa07)
    #12 drive_machine /home/alexey/tsan-experiments/nosql/memcached/memcached-tsan-dom-ea-lo-st-swmr/memcached.c:3193:17 (memcached+0xe6f29)
    #13 event_handler /home/alexey/tsan-experiments/nosql/memcached/memcached-tsan-dom-ea-lo-st-swmr/memcached.c:3476:5 (memcached+0xeaabf)
    #14 <null> <null> (libevent-2.1.so.7+0x20b3b) (BuildId: 79ee78eebaf1fabcfa2c5160e0b25a68bf3edce9)

  Mutex M0 (0x555556a41cf0) created at:
    #0 pthread_mutex_lock /extra/alexey/worktrees/perf-msize/compiler-rt/lib/tsan/rtl/tsan_interceptors_posix.cpp:1342:3 (memcached+0x65dfe)
    #1 start_lru_maintainer_thread /home/alexey/tsan-experiments/nosql/memcached/memcached-tsan-dom-ea-lo-st-swmr/items.c:1725:5 (memcached+0x10035c)
    #2 main /home/alexey/tsan-experiments/nosql/memcached/memcached-tsan-dom-ea-lo-st-swmr/memcached.c:6170:33 (memcached+0xf21be)

  Mutex M1 (0x555556a430f0) created at:
    #0 pthread_mutex_init /extra/alexey/worktrees/perf-msize/compiler-rt/lib/tsan/rtl/tsan_interceptors_posix.cpp:1316:3 (memcached+0x65ad3)
    #1 memcached_thread_init /home/alexey/tsan-experiments/nosql/memcached/memcached-tsan-dom-ea-lo-st-swmr/thread.c:1093:9 (memcached+0x104ada)
    #2 main /home/alexey/tsan-experiments/nosql/memcached/memcached-tsan-dom-ea-lo-st-swmr/memcached.c:6138:5 (memcached+0xf2159)

  Mutex M2 (0x7ffff53023d8) created at:
    #0 pthread_mutex_init /extra/alexey/worktrees/perf-msize/compiler-rt/lib/tsan/rtl/tsan_interceptors_posix.cpp:1316:3 (memcached+0x65ad3)
    #1 memcached_thread_init /home/alexey/tsan-experiments/nosql/memcached/memcached-tsan-dom-ea-lo-st-swmr/thread.c:1132:9 (memcached+0x104be8)
    #2 main /home/alexey/tsan-experiments/nosql/memcached/memcached-tsan-dom-ea-lo-st-swmr/memcached.c:6138:5 (memcached+0xf2159)

  Thread T28 'mc-lrumaint' (tid=186208, running) created by main thread at:
    #0 pthread_create /extra/alexey/worktrees/perf-msize/compiler-rt/lib/tsan/rtl/tsan_interceptors_posix.cpp:1023:3 (memcached+0x6419f)
    #1 start_lru_maintainer_thread /home/alexey/tsan-experiments/nosql/memcached/memcached-tsan-dom-ea-lo-st-swmr/items.c:1728:16 (memcached+0x1003a6)
    #2 main /home/alexey/tsan-experiments/nosql/memcached/memcached-tsan-dom-ea-lo-st-swmr/memcached.c:6170:33 (memcached+0xf21be)

  Thread T17 'mc-worker' (tid=186197, running) created by main thread at:
    #0 pthread_create /extra/alexey/worktrees/perf-msize/compiler-rt/lib/tsan/rtl/tsan_interceptors_posix.cpp:1023:3 (memcached+0x6419f)
    #1 create_worker /home/alexey/tsan-experiments/nosql/memcached/memcached-tsan-dom-ea-lo-st-swmr/thread.c:385:16 (memcached+0x1050de)
    #2 memcached_thread_init /home/alexey/tsan-experiments/nosql/memcached/memcached-tsan-dom-ea-lo-st-swmr/thread.c:1155:9 (memcached+0x1050de)
    #3 main /home/alexey/tsan-experiments/nosql/memcached/memcached-tsan-dom-ea-lo-st-swmr/memcached.c:6138:5 (memcached+0xf2159)

  Thread T5 'mc-worker' (tid=186185, running) created by main thread at:
    #0 pthread_create /extra/alexey/worktrees/perf-msize/compiler-rt/lib/tsan/rtl/tsan_interceptors_posix.cpp:1023:3 (memcached+0x6419f)
    #1 create_worker /home/alexey/tsan-experiments/nosql/memcached/memcached-tsan-dom-ea-lo-st-swmr/thread.c:385:16 (memcached+0x1050de)
    #2 memcached_thread_init /home/alexey/tsan-experiments/nosql/memcached/memcached-tsan-dom-ea-lo-st-swmr/thread.c:1155:9 (memcached+0x1050de)
    #3 main /home/alexey/tsan-experiments/nosql/memcached/memcached-tsan-dom-ea-lo-st-swmr/memcached.c:6138:5 (memcached+0xf2159)

SUMMARY: ThreadSanitizer: data race /home/alexey/tsan-experiments/nosql/memcached/memcached-tsan-dom-ea-lo-st-swmr/items.c:1137:28 in lru_pull_tail
==================
==================
WARNING: ThreadSanitizer: data race (pid=186176)
  Write of size 2 at 0x7fffec7fa9d6 by thread T28 (mutexes: write M0, write M1, write M2):
    #0 lru_pull_tail /home/alexey/tsan-experiments/nosql/memcached/memcached-tsan-dom-ea-lo-st-swmr/items.c:1191:38 (memcached+0xfbcd6)
    #1 lru_maintainer_juggle /home/alexey/tsan-experiments/nosql/memcached/memcached-tsan-dom-ea-lo-st-swmr/items.c:1449:13 (memcached+0x1009e9)
    #2 lru_maintainer_thread /home/alexey/tsan-experiments/nosql/memcached/memcached-tsan-dom-ea-lo-st-swmr/items.c:1645:29 (memcached+0x1009e9)

  Previous read of size 2 at 0x7fffec7fa9d6 by thread T11:
    #0 process_get_command /home/alexey/tsan-experiments/nosql/memcached/memcached-tsan-dom-ea-lo-st-swmr/proto_text.c:651:26 (memcached+0x113047)
    #1 process_command_ascii /home/alexey/tsan-experiments/nosql/memcached/memcached-tsan-dom-ea-lo-st-swmr/proto_text.c (memcached+0x10fda0)
    #2 try_read_command_ascii /home/alexey/tsan-experiments/nosql/memcached/memcached-tsan-dom-ea-lo-st-swmr/proto_text.c:494:5 (memcached+0x10f578)
    #3 drive_machine /home/alexey/tsan-experiments/nosql/memcached/memcached-tsan-dom-ea-lo-st-swmr/memcached.c:3193:17 (memcached+0xe6f29)
    #4 event_handler /home/alexey/tsan-experiments/nosql/memcached/memcached-tsan-dom-ea-lo-st-swmr/memcached.c:3476:5 (memcached+0xeaabf)
    #5 <null> <null> (libevent-2.1.so.7+0x20b3b) (BuildId: 79ee78eebaf1fabcfa2c5160e0b25a68bf3edce9)

  Location is heap block of size 1048576 at 0x7fffec700000 allocated by thread T5:
    #0 malloc /extra/alexey/worktrees/perf-msize/compiler-rt/lib/tsan/rtl/tsan_interceptors_posix.cpp:666:5 (memcached+0x6265f)
    #1 memory_allocate /home/alexey/tsan-experiments/nosql/memcached/memcached-tsan-dom-ea-lo-st-swmr/slabs.c:615:15 (memcached+0xfb2c5)
    #2 do_slabs_newslab /home/alexey/tsan-experiments/nosql/memcached/memcached-tsan-dom-ea-lo-st-swmr/slabs.c:386:17 (memcached+0xfb2c5)
    #3 do_slabs_alloc /home/alexey/tsan-experiments/nosql/memcached/memcached-tsan-dom-ea-lo-st-swmr/slabs.c:423:9 (memcached+0xf8ce2)
    #4 slabs_alloc /home/alexey/tsan-experiments/nosql/memcached/memcached-tsan-dom-ea-lo-st-swmr/slabs.c:661:11 (memcached+0xf8ce2)
    #5 do_item_alloc_pull /home/alexey/tsan-experiments/nosql/memcached/memcached-tsan-dom-ea-lo-st-swmr/items.c:181:14 (memcached+0xfb81e)
    #6 do_item_alloc /home/alexey/tsan-experiments/nosql/memcached/memcached-tsan-dom-ea-lo-st-swmr/items.c:298:14 (memcached+0xfc6d4)
    #7 item_alloc /home/alexey/tsan-experiments/nosql/memcached/memcached-tsan-dom-ea-lo-st-swmr/thread.c:876:10 (memcached+0x103892)
    #8 process_update_command /home/alexey/tsan-experiments/nosql/memcached/memcached-tsan-dom-ea-lo-st-swmr/proto_text.c:2044:10 (memcached+0x113681)
    #9 process_command_ascii /home/alexey/tsan-experiments/nosql/memcached/memcached-tsan-dom-ea-lo-st-swmr/proto_text.c (memcached+0x10fd47)
    #10 try_read_command_ascii /home/alexey/tsan-experiments/nosql/memcached/memcached-tsan-dom-ea-lo-st-swmr/proto_text.c:494:5 (memcached+0x10f578)
    #11 try_read_command_negotiate /home/alexey/tsan-experiments/nosql/memcached/memcached-tsan-dom-ea-lo-st-swmr/memcached.c:2427:12 (memcached+0xeaa07)
    #12 drive_machine /home/alexey/tsan-experiments/nosql/memcached/memcached-tsan-dom-ea-lo-st-swmr/memcached.c:3193:17 (memcached+0xe6f29)
    #13 event_handler /home/alexey/tsan-experiments/nosql/memcached/memcached-tsan-dom-ea-lo-st-swmr/memcached.c:3476:5 (memcached+0xeaabf)
    #14 <null> <null> (libevent-2.1.so.7+0x20b3b) (BuildId: 79ee78eebaf1fabcfa2c5160e0b25a68bf3edce9)

  Mutex M0 (0x555556a41cf0) created at:
    #0 pthread_mutex_lock /extra/alexey/worktrees/perf-msize/compiler-rt/lib/tsan/rtl/tsan_interceptors_posix.cpp:1342:3 (memcached+0x65dfe)
    #1 start_lru_maintainer_thread /home/alexey/tsan-experiments/nosql/memcached/memcached-tsan-dom-ea-lo-st-swmr/items.c:1725:5 (memcached+0x10035c)
    #2 main /home/alexey/tsan-experiments/nosql/memcached/memcached-tsan-dom-ea-lo-st-swmr/memcached.c:6170:33 (memcached+0xf21be)

  Mutex M1 (0x555556a430f0) created at:
    #0 pthread_mutex_init /extra/alexey/worktrees/perf-msize/compiler-rt/lib/tsan/rtl/tsan_interceptors_posix.cpp:1316:3 (memcached+0x65ad3)
    #1 memcached_thread_init /home/alexey/tsan-experiments/nosql/memcached/memcached-tsan-dom-ea-lo-st-swmr/thread.c:1093:9 (memcached+0x104ada)
    #2 main /home/alexey/tsan-experiments/nosql/memcached/memcached-tsan-dom-ea-lo-st-swmr/memcached.c:6138:5 (memcached+0xf2159)

  Mutex M2 (0x7ffff53023d8) created at:
    #0 pthread_mutex_init /extra/alexey/worktrees/perf-msize/compiler-rt/lib/tsan/rtl/tsan_interceptors_posix.cpp:1316:3 (memcached+0x65ad3)
    #1 memcached_thread_init /home/alexey/tsan-experiments/nosql/memcached/memcached-tsan-dom-ea-lo-st-swmr/thread.c:1132:9 (memcached+0x104be8)
    #2 main /home/alexey/tsan-experiments/nosql/memcached/memcached-tsan-dom-ea-lo-st-swmr/memcached.c:6138:5 (memcached+0xf2159)

  Thread T28 'mc-lrumaint' (tid=186208, running) created by main thread at:
    #0 pthread_create /extra/alexey/worktrees/perf-msize/compiler-rt/lib/tsan/rtl/tsan_interceptors_posix.cpp:1023:3 (memcached+0x6419f)
    #1 start_lru_maintainer_thread /home/alexey/tsan-experiments/nosql/memcached/memcached-tsan-dom-ea-lo-st-swmr/items.c:1728:16 (memcached+0x1003a6)
    #2 main /home/alexey/tsan-experiments/nosql/memcached/memcached-tsan-dom-ea-lo-st-swmr/memcached.c:6170:33 (memcached+0xf21be)

  Thread T11 'mc-worker' (tid=186191, running) created by main thread at:
    #0 pthread_create /extra/alexey/worktrees/perf-msize/compiler-rt/lib/tsan/rtl/tsan_interceptors_posix.cpp:1023:3 (memcached+0x6419f)
    #1 create_worker /home/alexey/tsan-experiments/nosql/memcached/memcached-tsan-dom-ea-lo-st-swmr/thread.c:385:16 (memcached+0x1050de)
    #2 memcached_thread_init /home/alexey/tsan-experiments/nosql/memcached/memcached-tsan-dom-ea-lo-st-swmr/thread.c:1155:9 (memcached+0x1050de)
    #3 main /home/alexey/tsan-experiments/nosql/memcached/memcached-tsan-dom-ea-lo-st-swmr/memcached.c:6138:5 (memcached+0xf2159)

  Thread T5 'mc-worker' (tid=186185, running) created by main thread at:
    #0 pthread_create /extra/alexey/worktrees/perf-msize/compiler-rt/lib/tsan/rtl/tsan_interceptors_posix.cpp:1023:3 (memcached+0x6419f)
    #1 create_worker /home/alexey/tsan-experiments/nosql/memcached/memcached-tsan-dom-ea-lo-st-swmr/thread.c:385:16 (memcached+0x1050de)
    #2 memcached_thread_init /home/alexey/tsan-experiments/nosql/memcached/memcached-tsan-dom-ea-lo-st-swmr/thread.c:1155:9 (memcached+0x1050de)
    #3 main /home/alexey/tsan-experiments/nosql/memcached/memcached-tsan-dom-ea-lo-st-swmr/memcached.c:6138:5 (memcached+0xf2159)

SUMMARY: ThreadSanitizer: data race /home/alexey/tsan-experiments/nosql/memcached/memcached-tsan-dom-ea-lo-st-swmr/items.c:1191:38 in lru_pull_tail
==================
==================
WARNING: ThreadSanitizer: data race (pid=186176)
  Write of size 2 at 0x7fffec7fa9d4 by thread T21 (mutexes: write M0):
    #0 do_item_remove /home/alexey/tsan-experiments/nosql/memcached/memcached-tsan-dom-ea-lo-st-swmr/items.c:549:9 (memcached+0xfd370)
    #1 item_remove /home/alexey/tsan-experiments/nosql/memcached/memcached-tsan-dom-ea-lo-st-swmr/thread.c:924:5 (memcached+0x103c23)
    #2 resp_finish /home/alexey/tsan-experiments/nosql/memcached/memcached-tsan-dom-ea-lo-st-swmr/memcached.c:1237:9 (memcached+0xeacd1)
    #3 _transmit_post /home/alexey/tsan-experiments/nosql/memcached/memcached-tsan-dom-ea-lo-st-swmr/memcached.c (memcached+0xe75ed)
    #4 transmit /home/alexey/tsan-experiments/nosql/memcached/memcached-tsan-dom-ea-lo-st-swmr/memcached.c:2773:9 (memcached+0xe75ed)
    #5 drive_machine /home/alexey/tsan-experiments/nosql/memcached/memcached-tsan-dom-ea-lo-st-swmr/memcached.c:3394:45 (memcached+0xe75ed)
    #6 event_handler /home/alexey/tsan-experiments/nosql/memcached/memcached-tsan-dom-ea-lo-st-swmr/memcached.c:3476:5 (memcached+0xeaabf)
    #7 <null> <null> (libevent-2.1.so.7+0x20b3b) (BuildId: 79ee78eebaf1fabcfa2c5160e0b25a68bf3edce9)

  Previous read of size 2 at 0x7fffec7fa9d4 by thread T8:
    #0 limited_get /home/alexey/tsan-experiments/nosql/memcached/memcached-tsan-dom-ea-lo-st-swmr/memcached.c:2255:19 (memcached+0xef5b6)
    #1 process_get_command /home/alexey/tsan-experiments/nosql/memcached/memcached-tsan-dom-ea-lo-st-swmr/proto_text.c:581:18 (memcached+0x112bdc)
    #2 process_command_ascii /home/alexey/tsan-experiments/nosql/memcached/memcached-tsan-dom-ea-lo-st-swmr/proto_text.c (memcached+0x10fda0)
    #3 try_read_command_ascii /home/alexey/tsan-experiments/nosql/memcached/memcached-tsan-dom-ea-lo-st-swmr/proto_text.c:494:5 (memcached+0x10f578)
    #4 drive_machine /home/alexey/tsan-experiments/nosql/memcached/memcached-tsan-dom-ea-lo-st-swmr/memcached.c:3193:17 (memcached+0xe6f29)
    #5 event_handler /home/alexey/tsan-experiments/nosql/memcached/memcached-tsan-dom-ea-lo-st-swmr/memcached.c:3476:5 (memcached+0xeaabf)
    #6 <null> <null> (libevent-2.1.so.7+0x20b3b) (BuildId: 79ee78eebaf1fabcfa2c5160e0b25a68bf3edce9)

  Location is heap block of size 1048576 at 0x7fffec700000 allocated by thread T5:
    #0 malloc /extra/alexey/worktrees/perf-msize/compiler-rt/lib/tsan/rtl/tsan_interceptors_posix.cpp:666:5 (memcached+0x6265f)
    #1 memory_allocate /home/alexey/tsan-experiments/nosql/memcached/memcached-tsan-dom-ea-lo-st-swmr/slabs.c:615:15 (memcached+0xfb2c5)
    #2 do_slabs_newslab /home/alexey/tsan-experiments/nosql/memcached/memcached-tsan-dom-ea-lo-st-swmr/slabs.c:386:17 (memcached+0xfb2c5)
    #3 do_slabs_alloc /home/alexey/tsan-experiments/nosql/memcached/memcached-tsan-dom-ea-lo-st-swmr/slabs.c:423:9 (memcached+0xf8ce2)
    #4 slabs_alloc /home/alexey/tsan-experiments/nosql/memcached/memcached-tsan-dom-ea-lo-st-swmr/slabs.c:661:11 (memcached+0xf8ce2)
    #5 do_item_alloc_pull /home/alexey/tsan-experiments/nosql/memcached/memcached-tsan-dom-ea-lo-st-swmr/items.c:181:14 (memcached+0xfb81e)
    #6 do_item_alloc /home/alexey/tsan-experiments/nosql/memcached/memcached-tsan-dom-ea-lo-st-swmr/items.c:298:14 (memcached+0xfc6d4)
    #7 item_alloc /home/alexey/tsan-experiments/nosql/memcached/memcached-tsan-dom-ea-lo-st-swmr/thread.c:876:10 (memcached+0x103892)
    #8 process_update_command /home/alexey/tsan-experiments/nosql/memcached/memcached-tsan-dom-ea-lo-st-swmr/proto_text.c:2044:10 (memcached+0x113681)
    #9 process_command_ascii /home/alexey/tsan-experiments/nosql/memcached/memcached-tsan-dom-ea-lo-st-swmr/proto_text.c (memcached+0x10fd47)
    #10 try_read_command_ascii /home/alexey/tsan-experiments/nosql/memcached/memcached-tsan-dom-ea-lo-st-swmr/proto_text.c:494:5 (memcached+0x10f578)
    #11 try_read_command_negotiate /home/alexey/tsan-experiments/nosql/memcached/memcached-tsan-dom-ea-lo-st-swmr/memcached.c:2427:12 (memcached+0xeaa07)
    #12 drive_machine /home/alexey/tsan-experiments/nosql/memcached/memcached-tsan-dom-ea-lo-st-swmr/memcached.c:3193:17 (memcached+0xe6f29)
    #13 event_handler /home/alexey/tsan-experiments/nosql/memcached/memcached-tsan-dom-ea-lo-st-swmr/memcached.c:3476:5 (memcached+0xeaabf)
    #14 <null> <null> (libevent-2.1.so.7+0x20b3b) (BuildId: 79ee78eebaf1fabcfa2c5160e0b25a68bf3edce9)

  Mutex M0 (0x7ffff53023d8) created at:
    #0 pthread_mutex_init /extra/alexey/worktrees/perf-msize/compiler-rt/lib/tsan/rtl/tsan_interceptors_posix.cpp:1316:3 (memcached+0x65ad3)
    #1 memcached_thread_init /home/alexey/tsan-experiments/nosql/memcached/memcached-tsan-dom-ea-lo-st-swmr/thread.c:1132:9 (memcached+0x104be8)
    #2 main /home/alexey/tsan-experiments/nosql/memcached/memcached-tsan-dom-ea-lo-st-swmr/memcached.c:6138:5 (memcached+0xf2159)

  Thread T21 'mc-worker' (tid=186201, running) created by main thread at:
    #0 pthread_create /extra/alexey/worktrees/perf-msize/compiler-rt/lib/tsan/rtl/tsan_interceptors_posix.cpp:1023:3 (memcached+0x6419f)
    #1 create_worker /home/alexey/tsan-experiments/nosql/memcached/memcached-tsan-dom-ea-lo-st-swmr/thread.c:385:16 (memcached+0x1050de)
    #2 memcached_thread_init /home/alexey/tsan-experiments/nosql/memcached/memcached-tsan-dom-ea-lo-st-swmr/thread.c:1155:9 (memcached+0x1050de)
    #3 main /home/alexey/tsan-experiments/nosql/memcached/memcached-tsan-dom-ea-lo-st-swmr/memcached.c:6138:5 (memcached+0xf2159)

  Thread T8 'mc-worker' (tid=186188, running) created by main thread at:
    #0 pthread_create /extra/alexey/worktrees/perf-msize/compiler-rt/lib/tsan/rtl/tsan_interceptors_posix.cpp:1023:3 (memcached+0x6419f)
    #1 create_worker /home/alexey/tsan-experiments/nosql/memcached/memcached-tsan-dom-ea-lo-st-swmr/thread.c:385:16 (memcached+0x1050de)
    #2 memcached_thread_init /home/alexey/tsan-experiments/nosql/memcached/memcached-tsan-dom-ea-lo-st-swmr/thread.c:1155:9 (memcached+0x1050de)
    #3 main /home/alexey/tsan-experiments/nosql/memcached/memcached-tsan-dom-ea-lo-st-swmr/memcached.c:6138:5 (memcached+0xf2159)

  Thread T5 'mc-worker' (tid=186185, running) created by main thread at:
    #0 pthread_create /extra/alexey/worktrees/perf-msize/compiler-rt/lib/tsan/rtl/tsan_interceptors_posix.cpp:1023:3 (memcached+0x6419f)
    #1 create_worker /home/alexey/tsan-experiments/nosql/memcached/memcached-tsan-dom-ea-lo-st-swmr/thread.c:385:16 (memcached+0x1050de)
    #2 memcached_thread_init /home/alexey/tsan-experiments/nosql/memcached/memcached-tsan-dom-ea-lo-st-swmr/thread.c:1155:9 (memcached+0x1050de)
    #3 main /home/alexey/tsan-experiments/nosql/memcached/memcached-tsan-dom-ea-lo-st-swmr/memcached.c:6138:5 (memcached+0xf2159)

SUMMARY: ThreadSanitizer: data race /home/alexey/tsan-experiments/nosql/memcached/memcached-tsan-dom-ea-lo-st-swmr/items.c:549:9 in do_item_remove
==================
==================
WARNING: ThreadSanitizer: data race (pid=186176)
  Write of size 4 at 0x555556a34968 by main thread:
    #0 clock_handler /home/alexey/tsan-experiments/nosql/memcached/memcached-tsan-dom-ea-lo-st-swmr/memcached.c (memcached+0xf490e)
    #1 <null> <null> (libevent-2.1.so.7+0x20a57) (BuildId: 79ee78eebaf1fabcfa2c5160e0b25a68bf3edce9)
    #2 __libc_start_call_main csu/../sysdeps/nptl/libc_start_call_main.h:58:16 (libc.so.6+0x2a1c9) (BuildId: 282c2c16e7b6600b0b22ea0c99010d2795752b5f)

  Previous read of size 4 at 0x555556a34968 by thread T28 (mutexes: write M0):
    #0 lru_maintainer_thread /home/alexey/tsan-experiments/nosql/memcached/memcached-tsan-dom-ea-lo-st-swmr/items.c:1671:59 (memcached+0x100d3d)

  Location is global 'current_time' of size 4 at 0x555556a34968 (memcached+0x14e0968)

  Mutex M0 (0x555556a41cf0) created at:
    #0 pthread_mutex_lock /extra/alexey/worktrees/perf-msize/compiler-rt/lib/tsan/rtl/tsan_interceptors_posix.cpp:1342:3 (memcached+0x65dfe)
    #1 start_lru_maintainer_thread /home/alexey/tsan-experiments/nosql/memcached/memcached-tsan-dom-ea-lo-st-swmr/items.c:1725:5 (memcached+0x10035c)
    #2 main /home/alexey/tsan-experiments/nosql/memcached/memcached-tsan-dom-ea-lo-st-swmr/memcached.c:6170:33 (memcached+0xf21be)

  Thread T28 'mc-lrumaint' (tid=186208, running) created by main thread at:
    #0 pthread_create /extra/alexey/worktrees/perf-msize/compiler-rt/lib/tsan/rtl/tsan_interceptors_posix.cpp:1023:3 (memcached+0x6419f)
    #1 start_lru_maintainer_thread /home/alexey/tsan-experiments/nosql/memcached/memcached-tsan-dom-ea-lo-st-swmr/items.c:1728:16 (memcached+0x1003a6)
    #2 main /home/alexey/tsan-experiments/nosql/memcached/memcached-tsan-dom-ea-lo-st-swmr/memcached.c:6170:33 (memcached+0xf21be)

SUMMARY: ThreadSanitizer: data race /home/alexey/tsan-experiments/nosql/memcached/memcached-tsan-dom-ea-lo-st-swmr/memcached.c in clock_handler
==================
ThreadSanitizer: reported 13 warnings
ThreadSanitizer: accesses total=3495689022 fast_hit=742793074 range_calls=374878890 range_bytes=28772882532 func_entries=783386692
