jq found, will generate JSON output to /home/alexey/tsan-experiments/tools/perf/results/contention-d3bf9f8c39fe/ffmpeg-t4/ffmpeg/tsan-stmt/run4/summary.json.
--- FFmpeg Benchmark Start (using /usr/bin/time) ---
Builds to test: ffmpeg-tsan-stmt
Video file: ./input/WatchingEyeTexture.mkv
Runs per test: 1

--- Benchmarking: Codec [h264_libx264], Build [ffmpeg-tsan-stmt] ---

[96;1mffmpeg-tsan-stmt/bin/ffmpeg -hide_banner -i "./input/WatchingEyeTexture.mkv" -threads 4 -y -c:v libx264 -preset medium -crf 23  -loglevel error /dev/shm/out.mp4[0m

  Run 1/1... OK (Time: 45.07s, Mem: 582240KB)
  Results: Time(avg±std): 45.0700s ± 0s | Mem(peak): 582240KB | Runs: 1/1
--------------------------------------------------------

--- Benchmarking: Codec [copy_passthrough], Build [ffmpeg-tsan-stmt] ---

[96;1mffmpeg-tsan-stmt/bin/ffmpeg -hide_banner -i "./input/WatchingEyeTexture.mkv" -threads 4 -y -c:v copy -c:a copy  -loglevel error /dev/shm/out.mkv[0m

  Run 1/1... OK (Time: 0.47s, Mem: 82204KB)
  Results: Time(avg±std): .4700s ± 0s | Mem(peak): 82204KB | Runs: 1/1
--------------------------------------------------------

--- Benchmarking: Codec [mjpeg], Build [ffmpeg-tsan-stmt] ---

[96;1mffmpeg-tsan-stmt/bin/ffmpeg -hide_banner -i "./input/WatchingEyeTexture.mkv" -threads 4 -y -c:v mjpeg -pix_fmt yuvj420p -q:v 2  -loglevel error /dev/shm/out.avi[0m

  Run 1/1... OK (Time: 25.49s, Mem: 426892KB)
  Results: Time(avg±std): 25.4900s ± 0s | Mem(peak): 426892KB | Runs: 1/1
--------------------------------------------------------

--- Benchmarking: Codec [h265_libx265], Build [ffmpeg-tsan-stmt] ---

[96;1mffmpeg-tsan-stmt/bin/ffmpeg -hide_banner -i "./input/WatchingEyeTexture.mkv" -threads 4 -y -c:v libx265 -preset medium -crf 28 -tag:v hvc1  -loglevel error /dev/shm/out.mp4[0m

  Run 1/1... OK (Time: 54.03s, Mem: 1651264KB)
  Results: Time(avg±std): 54.0300s ± 0s | Mem(peak): 1651264KB | Runs: 1/1
--------------------------------------------------------

JSON results have been finalized in /home/alexey/tsan-experiments/tools/perf/results/contention-d3bf9f8c39fe/ffmpeg-t4/ffmpeg/tsan-stmt/run4/summary.json
Benchmark finished. CSV results are in /home/alexey/tsan-experiments/tools/perf/results/contention-d3bf9f8c39fe/ffmpeg-t4/ffmpeg/tsan-stmt/run4/summary.csv
