tsan_compiler.sh: using /opt/tsan-llvm/bin/clang (clang version 19.0.0git (https://github.com/focs-lab/llvm-project f3deebfbab602f4e05289e0acbde0efd06b8058c)) [frozen copy, TSAN_AUDIT_HASH=f3deebfbab60]
==> Running in test-only mode.
./redis.sh: line 246: warning: setlocale: LC_ALL: cannot change locale (en_US.UTF-8): No such file or directory
==> Checking for pre-existing redis-server processes before running benchmarks.
==> Switching to polygon directory for tests.
==> Testing stmt
PING_INLINE 481215.97
PING_MBULK 742172.06
SET 337563.84
GET 433603.25
INCR 400306.03
RPUSH 264907.78
LPOP 261411.42
RPOP 467468.75
SADD 380893.09
HSET 294937.31
SPOP 488958.78
ZADD 296368.53
ZPOPMIN 491127.09
LPUSH 241521.62
LRANGE_100 23284.26
LRANGE_300 9925.44
LRANGE_500 6134.73
LRANGE_600 5204.63
MSET 64778.51
==> Found running redis-server process(es): 8742
==> Stopping redis-server with SIGTERM
==> redis-server stopped gracefully.
==> Script finished successfully. All results are in __results_redis__
