redis orig run1 rc=0 23.5s outside_busy=0.0104 inside_busy=0.0665 foreign_cpu_share=0.0058 (warmup, discarded)
redis tsan run1 rc=0 195.2s outside_busy=0.0159 inside_busy=0.2711 foreign_cpu_share=0.0085 (warmup, discarded)
redis tsan-dom_peeling-ea-lo-st-swmr run1 rc=0 187.6s outside_busy=0.0131 inside_busy=0.2654 foreign_cpu_share=0.0072 (warmup, discarded)
redis tsan-stmt run1 rc=0 192.0s outside_busy=0.0119 inside_busy=0.2683 foreign_cpu_share=0.0067 (warmup, discarded)
redis tsan-dom_peeling-ea-lo-st-swmr-stmt run1 rc=0 193.0s outside_busy=0.0126 inside_busy=0.2584 foreign_cpu_share=0.007 (warmup, discarded)
redis orig run1 rc=0 25.5s outside_busy=0.0094 inside_busy=0.0872 foreign_cpu_share=0.0061
redis tsan run1 rc=0 191.4s outside_busy=0.0139 inside_busy=0.2709 foreign_cpu_share=0.0076
redis tsan-dom_peeling-ea-lo-st-swmr run1 rc=0 187.5s outside_busy=0.0109 inside_busy=0.2637 foreign_cpu_share=0.0068
redis tsan-stmt run1 rc=0 196.7s outside_busy=0.0133 inside_busy=0.2771 foreign_cpu_share=0.008
redis tsan-dom_peeling-ea-lo-st-swmr-stmt run1 rc=0 200.6s outside_busy=0.011 inside_busy=0.2746 foreign_cpu_share=0.0071
redis orig run2 rc=0 24.2s outside_busy=0.0084 inside_busy=0.0719 foreign_cpu_share=0.0057
redis tsan run2 rc=0 204.6s outside_busy=0.011 inside_busy=0.2781 foreign_cpu_share=0.0065
redis tsan-dom_peeling-ea-lo-st-swmr run2 rc=0 188.5s outside_busy=0.0143 inside_busy=0.2688 foreign_cpu_share=0.0079
redis tsan-stmt run2 rc=0 192.7s outside_busy=0.0127 inside_busy=0.2699 foreign_cpu_share=0.007
redis tsan-dom_peeling-ea-lo-st-swmr-stmt run2 rc=0 212.4s outside_busy=0.0117 inside_busy=0.2822 foreign_cpu_share=0.0069
redis orig run3 rc=0 25.7s outside_busy=0.0086 inside_busy=0.0956 foreign_cpu_share=0.0065
redis tsan run3 rc=0 189.5s outside_busy=0.0124 inside_busy=0.2652 foreign_cpu_share=0.0077
redis tsan-dom_peeling-ea-lo-st-swmr run3 rc=0 187.4s outside_busy=0.0106 inside_busy=0.2709 foreign_cpu_share=0.0075
redis tsan-stmt run3 rc=0 192.0s outside_busy=0.0141 inside_busy=0.2699 foreign_cpu_share=0.0087
redis tsan-dom_peeling-ea-lo-st-swmr-stmt run3 rc=0 195.2s outside_busy=0.0115 inside_busy=0.2728 foreign_cpu_share=0.0076
redis orig run4 rc=0 26.3s outside_busy=0.0085 inside_busy=0.1005 foreign_cpu_share=0.006
redis tsan run4 rc=0 192.7s outside_busy=0.0109 inside_busy=0.2697 foreign_cpu_share=0.0072
redis tsan-dom_peeling-ea-lo-st-swmr run4 rc=0 190.3s outside_busy=0.0103 inside_busy=0.2679 foreign_cpu_share=0.0067
redis tsan-stmt run4 rc=0 193.6s outside_busy=0.0143 inside_busy=0.2715 foreign_cpu_share=0.0084
redis tsan-dom_peeling-ea-lo-st-swmr-stmt run4 rc=0 204.5s outside_busy=0.012 inside_busy=0.2778 foreign_cpu_share=0.007
redis orig run5 rc=0 24.3s outside_busy=0.0096 inside_busy=0.0765 foreign_cpu_share=0.0062
redis tsan run5 rc=0 234.5s outside_busy=0.0119 inside_busy=0.2899 foreign_cpu_share=0.0069
redis tsan-dom_peeling-ea-lo-st-swmr run5 rc=0 189.7s outside_busy=0.0116 inside_busy=0.2655 foreign_cpu_share=0.0069
redis tsan-stmt run5 rc=0 192.3s outside_busy=0.0128 inside_busy=0.2639 foreign_cpu_share=0.0072
redis tsan-dom_peeling-ea-lo-st-swmr-stmt run5 rc=0 194.7s outside_busy=0.012 inside_busy=0.2712 foreign_cpu_share=0.0081
DONE redis
