tsan_compiler.sh: ignoring LLVM_ROOT_PATH=/home/alexey/dev/llvm-project/llvm/build (not the TSan prototype tree)
tsan_compiler.sh: using /home/alexey/dev/llvm-project-focs-lab/llvm/build/bin/clang (clang version 19.0.0git (https://github.com/focs-lab/llvm-project 729521af89653b1bac211c03203ab160d5cb71d0))
==> Running in test-only mode.
==> Checking for pre-existing redis-server processes before running benchmarks.
==> Switching to polygon directory for tests.
==> Testing sound
PING_INLINE 478912.41
PING_MBULK 738883.31
SET 325142.88
GET 427395.75
INCR 448825.91
RPUSH 261378.02
LPOP 218732.97
RPOP 466409.34
SADD 350983.88
HSET 268996.28
SPOP 528498.69
ZADD 269146.56
ZPOPMIN 507069.44
LPUSH 222416.92
LRANGE_100 21687.79
LRANGE_300 8719.42
LRANGE_500 5215.89
LRANGE_600 4468.81
MSET 56512.94
==> Found running redis-server process(es): 80845
==> Stopping redis-server with SIGTERM
==> redis-server stopped gracefully.
==> Script finished successfully. All results are in __results_redis__
