tsan_compiler.sh: ignoring LLVM_ROOT_PATH=/home/alexey/dev/llvm-project/llvm/build (not the TSan prototype tree)
tsan_compiler.sh: using /home/alexey/dev/llvm-project-focs-lab/llvm/build/bin/clang (clang version 19.0.0git (https://github.com/focs-lab/llvm-project 729521af89653b1bac211c03203ab160d5cb71d0))
==> Running in test-only mode.
==> Checking for pre-existing redis-server processes before running benchmarks.
==> Switching to polygon directory for tests.
==> Testing swmr
PING_INLINE 474821.06
PING_MBULK 742172.06
SET 314077.84
GET 420801.75
INCR 405539.94
RPUSH 249101.11
LPOP 232484.75
RPOP 496500.22
SADD 343154.38
HSET 266821.19
SPOP 519983.38
ZADD 281353.44
ZPOPMIN 512262.19
LPUSH 223281.53
LRANGE_100 20292.41
LRANGE_300 8534.74
LRANGE_500 5261.84
LRANGE_600 4429.41
MSET 62872.54
==> Found running redis-server process(es): 4015318
==> Stopping redis-server with SIGTERM
==> redis-server stopped gracefully.
==> Script finished successfully. All results are in __results_redis__
