tsan_compiler.sh: using /opt/tsan-llvm/bin/clang (clang version 19.0.0git (https://github.com/focs-lab/llvm-project f3deebfbab602f4e05289e0acbde0efd06b8058c)) [frozen copy, TSAN_AUDIT_HASH=f3deebfbab60]
==> Running in test-only mode.
./redis.sh: line 246: warning: setlocale: LC_ALL: cannot change locale (en_US.UTF-8): No such file or directory
==> Checking for pre-existing redis-server processes before running benchmarks.
==> Switching to polygon directory for tests.
==> Testing dom_peeling-ea-lo-st-swmr-stmt
PING_INLINE 447027.72
PING_MBULK 757915.12
SET 336398.12
GET 447726.06
INCR 440144.31
RPUSH 284703.47
LPOP 255411.80
RPOP 506299.59
SADD 400179.19
HSET 301976.47
SPOP 527106.44
ZADD 325772.69
ZPOPMIN 529337.56
LPUSH 249550.52
LRANGE_100 27679.54
LRANGE_300 9773.32
LRANGE_500 6072.94
LRANGE_600 4992.02
MSET 77019.24
==> Found running redis-server process(es): 17620
==> Stopping redis-server with SIGTERM
==> redis-server stopped gracefully.
==> Script finished successfully. All results are in __results_redis__
