tsan_compiler.sh: ignoring LLVM_ROOT_PATH=/home/alexey/dev/llvm-project/llvm/build (not the TSan prototype tree)
tsan_compiler.sh: using /home/alexey/dev/llvm-project-focs-lab/llvm/build/bin/clang (clang version 19.0.0git (https://github.com/focs-lab/llvm-project 729521af89653b1bac211c03203ab160d5cb71d0))
==> Running in test-only mode.
==> Checking for pre-existing redis-server processes before running benchmarks.
==> Switching to polygon directory for tests.
==> Testing st
PING_INLINE 489216.59
PING_MBULK 759065.25
SET 326410.44
GET 412046.12
INCR 421241.25
RPUSH 257515.58
LPOP 240607.98
RPOP 475536.88
SADD 385525.81
HSET 282373.12
SPOP 493074.41
ZADD 291081.75
ZPOPMIN 504258.06
LPUSH 238485.81
LRANGE_100 25198.71
LRANGE_300 9265.79
LRANGE_500 5637.41
LRANGE_600 4655.89
MSET 62040.77
==> Found running redis-server process(es): 2386253
==> Stopping redis-server with SIGTERM
==> redis-server stopped gracefully.
==> Script finished successfully. All results are in __results_redis__
