jq found, will generate JSON output to /home/alexey/tsan-experiments/tools/perf/results/stageB-d3bf9f8c39fe/ffmpeg/tsan-dom-ea-lo-st-swmr/run4/summary.json.
--- FFmpeg Benchmark Start (using /usr/bin/time) ---
Builds to test: ffmpeg-tsan-dom-ea-lo-st-swmr
Video file: ./input/WatchingEyeTexture.mkv
Runs per test: 1

--- Benchmarking: Codec [h264_libx264], Build [ffmpeg-tsan-dom-ea-lo-st-swmr] ---

[96;1mffmpeg-tsan-dom-ea-lo-st-swmr/bin/ffmpeg -hide_banner -i "./input/WatchingEyeTexture.mkv" -threads 4 -y -c:v libx264 -preset medium -crf 23  -loglevel error /dev/shm/out.mp4[0m

  Run 1/1... OK (Time: 42.36s, Mem: 575140KB)
  Results: Time(avg±std): 42.3600s ± 0s | Mem(peak): 575140KB | Runs: 1/1
--------------------------------------------------------

--- Benchmarking: Codec [copy_passthrough], Build [ffmpeg-tsan-dom-ea-lo-st-swmr] ---

[96;1mffmpeg-tsan-dom-ea-lo-st-swmr/bin/ffmpeg -hide_banner -i "./input/WatchingEyeTexture.mkv" -threads 4 -y -c:v copy -c:a copy  -loglevel error /dev/shm/out.mkv[0m

  Run 1/1... OK (Time: 0.69s, Mem: 80148KB)
  Results: Time(avg±std): .6900s ± 0s | Mem(peak): 80148KB | Runs: 1/1
--------------------------------------------------------

--- Benchmarking: Codec [mjpeg], Build [ffmpeg-tsan-dom-ea-lo-st-swmr] ---

[96;1mffmpeg-tsan-dom-ea-lo-st-swmr/bin/ffmpeg -hide_banner -i "./input/WatchingEyeTexture.mkv" -threads 4 -y -c:v mjpeg -pix_fmt yuvj420p -q:v 2  -loglevel error /dev/shm/out.avi[0m

  Run 1/1... OK (Time: 23.24s, Mem: 426756KB)
  Results: Time(avg±std): 23.2400s ± 0s | Mem(peak): 426756KB | Runs: 1/1
--------------------------------------------------------

--- Benchmarking: Codec [h265_libx265], Build [ffmpeg-tsan-dom-ea-lo-st-swmr] ---

[96;1mffmpeg-tsan-dom-ea-lo-st-swmr/bin/ffmpeg -hide_banner -i "./input/WatchingEyeTexture.mkv" -threads 4 -y -c:v libx265 -preset medium -crf 28 -tag:v hvc1  -loglevel error /dev/shm/out.mp4[0m

  Run 1/1... OK (Time: 51.52s, Mem: 1649632KB)
  Results: Time(avg±std): 51.5200s ± 0s | Mem(peak): 1649632KB | Runs: 1/1
--------------------------------------------------------

JSON results have been finalized in /home/alexey/tsan-experiments/tools/perf/results/stageB-d3bf9f8c39fe/ffmpeg/tsan-dom-ea-lo-st-swmr/run4/summary.json
Benchmark finished. CSV results are in /home/alexey/tsan-experiments/tools/perf/results/stageB-d3bf9f8c39fe/ffmpeg/tsan-dom-ea-lo-st-swmr/run4/summary.csv
