10        Threads
50        Connections per thread
10000     Requests per client


BEST RUN RESULTS
============================================================================================================================
Type         Ops/sec     Hits/sec   Misses/sec    Avg. Latency     p50 Latency     p99 Latency   p99.9 Latency       KB/sec 
----------------------------------------------------------------------------------------------------------------------------
Sets       137496.38          ---          ---         6.63266         5.56700        19.96700        31.61500      9381.17 
Gets      1373452.86         0.00   1373452.86         6.49955         5.47100        19.58300        30.46300     34724.24 
Waits           0.00          ---          ---             ---             ---             ---             ---          --- 
Totals    1510949.24         0.00   1373452.86         6.51166         5.47100        19.58300        30.59100     44105.41 


WORST RUN RESULTS
============================================================================================================================
Type         Ops/sec     Hits/sec   Misses/sec    Avg. Latency     p50 Latency     p99 Latency   p99.9 Latency       KB/sec 
----------------------------------------------------------------------------------------------------------------------------
Sets       100307.98          ---          ---         6.58625         5.63100        20.09500        38.14300      6843.86 
Gets      1001977.50         0.00   1001977.50         6.45637         5.53500        19.71100        35.58300     25332.44 
Waits           0.00          ---          ---             ---             ---             ---             ---          --- 
Totals    1102285.48         0.00   1001977.50         6.46819         5.53500        19.71100        36.09500     32176.29 


AGGREGATED AVERAGE RESULTS (25 runs)
============================================================================================================================
Type         Ops/sec     Hits/sec   Misses/sec    Avg. Latency     p50 Latency     p99 Latency   p99.9 Latency       KB/sec 
----------------------------------------------------------------------------------------------------------------------------
Sets       114676.88          ---          ---         6.66194         5.72700        20.22300        33.27900      7824.23 
Gets      1145508.57         0.00   1145508.57         6.52794         5.59900        19.71100        31.61500     28961.25 
Waits           0.00          ---          ---             ---             ---             ---             ---          --- 
Totals    1260185.45         0.00   1145508.57         6.54013         5.63100        19.83900        31.74300     36785.48 
