10        Threads
50        Connections per thread
10000     Requests per client


BEST RUN RESULTS
============================================================================================================================
Type         Ops/sec     Hits/sec   Misses/sec    Avg. Latency     p50 Latency     p99 Latency   p99.9 Latency       KB/sec 
----------------------------------------------------------------------------------------------------------------------------
Sets       140532.03          ---          ---         6.60043         5.56700        20.09500        29.31100      9588.28 
Gets      1403776.02         0.00   1403776.02         6.46148         5.47100        19.58300        28.41500     35490.88 
Waits           0.00          ---          ---             ---             ---             ---             ---          --- 
Totals    1544308.05         0.00   1403776.02         6.47413         5.47100        19.58300        28.41500     45079.17 


WORST RUN RESULTS
============================================================================================================================
Type         Ops/sec     Hits/sec   Misses/sec    Avg. Latency     p50 Latency     p99 Latency   p99.9 Latency       KB/sec 
----------------------------------------------------------------------------------------------------------------------------
Sets       105031.42          ---          ---         6.63860         5.56700        19.58300        34.55900      7166.13 
Gets      1049160.01         0.00   1049160.01         6.49177         5.43900        18.94300        33.02300     26525.33 
Waits           0.00          ---          ---             ---             ---             ---             ---          --- 
Totals    1154191.43         0.00   1049160.01         6.50513         5.47100        19.07100        33.27900     33691.46 


AGGREGATED AVERAGE RESULTS (25 runs)
============================================================================================================================
Type         Ops/sec     Hits/sec   Misses/sec    Avg. Latency     p50 Latency     p99 Latency   p99.9 Latency       KB/sec 
----------------------------------------------------------------------------------------------------------------------------
Sets       117531.88          ---          ---         6.65325         5.59900        20.09500        31.99900      8019.02 
Gets      1174027.20         0.00   1174027.20         6.51534         5.50300        19.58300        30.59100     29682.27 
Waits           0.00          ---          ---             ---             ---             ---             ---          --- 
Totals    1291559.08         0.00   1174027.20         6.52789         5.50300        19.58300        30.71900     37701.29 
