10        Threads
50        Connections per thread
10000     Requests per client


BEST RUN RESULTS
============================================================================================================================
Type         Ops/sec     Hits/sec   Misses/sec    Avg. Latency     p50 Latency     p99 Latency   p99.9 Latency       KB/sec 
----------------------------------------------------------------------------------------------------------------------------
Sets       142512.92          ---          ---         6.54670         5.50300        20.22300        28.67100      9723.44 
Gets      1423563.12         0.00   1423563.12         6.42773         5.40700        19.83900        27.77500     35991.15 
Waits           0.00          ---          ---             ---             ---             ---             ---          --- 
Totals    1566076.04         0.00   1423563.12         6.43855         5.40700        19.83900        27.90300     45714.59 


WORST RUN RESULTS
============================================================================================================================
Type         Ops/sec     Hits/sec   Misses/sec    Avg. Latency     p50 Latency     p99 Latency   p99.9 Latency       KB/sec 
----------------------------------------------------------------------------------------------------------------------------
Sets       104877.62          ---          ---         6.91516         6.30300        19.07100        24.70300      7155.64 
Gets      1047623.66         0.00   1047623.66         6.76714         6.20700        18.43100        24.06300     26486.48 
Waits           0.00          ---          ---             ---             ---             ---             ---          --- 
Totals    1152501.27         0.00   1047623.66         6.78061         6.20700        18.55900        24.06300     33642.12 


AGGREGATED AVERAGE RESULTS (25 runs)
============================================================================================================================
Type         Ops/sec     Hits/sec   Misses/sec    Avg. Latency     p50 Latency     p99 Latency   p99.9 Latency       KB/sec 
----------------------------------------------------------------------------------------------------------------------------
Sets       118869.64          ---          ---         6.53634         5.56700        19.58300        29.69500      8110.29 
Gets      1187390.16         0.00   1187390.16         6.41389         5.47100        19.07100        28.28700     30020.12 
Waits           0.00          ---          ---             ---             ---             ---             ---          --- 
Totals    1306259.81         0.00   1187390.16         6.42503         5.47100        19.19900        28.41500     38130.41 
