10        Threads
50        Connections per thread
10000     Requests per client


BEST RUN RESULTS
============================================================================================================================
Type         Ops/sec     Hits/sec   Misses/sec    Avg. Latency     p50 Latency     p99 Latency   p99.9 Latency       KB/sec 
----------------------------------------------------------------------------------------------------------------------------
Sets       144596.25          ---          ---         6.49730         5.40700        19.96700        29.18300      9865.58 
Gets      1444373.51         0.00   1444373.51         6.37083         5.34300        19.32700        28.15900     36517.29 
Waits           0.00          ---          ---             ---             ---             ---             ---          --- 
Totals    1588969.75         0.00   1444373.51         6.38234         5.34300        19.45500        28.15900     46382.87 


WORST RUN RESULTS
============================================================================================================================
Type         Ops/sec     Hits/sec   Misses/sec    Avg. Latency     p50 Latency     p99 Latency   p99.9 Latency       KB/sec 
----------------------------------------------------------------------------------------------------------------------------
Sets       103100.89          ---          ---         6.50022         5.24700        19.45500        26.87900      7034.41 
Gets      1029875.92         0.00   1029875.92         6.37638         5.15100        18.94300        26.11100     26037.78 
Waits           0.00          ---          ---             ---             ---             ---             ---          --- 
Totals    1132976.81         0.00   1029875.92         6.38765         5.18300        19.07100        26.23900     33072.19 


AGGREGATED AVERAGE RESULTS (25 runs)
============================================================================================================================
Type         Ops/sec     Hits/sec   Misses/sec    Avg. Latency     p50 Latency     p99 Latency   p99.9 Latency       KB/sec 
----------------------------------------------------------------------------------------------------------------------------
Sets       118028.14          ---          ---         6.54352         5.50300        19.71100        29.18300      8052.88 
Gets      1178984.36         0.00   1178984.36         6.42027         5.40700        19.32700        28.15900     29807.60 
Waits           0.00          ---          ---             ---             ---             ---             ---          --- 
Totals    1297012.49         0.00   1178984.36         6.43149         5.40700        19.32700        28.28700     37860.48 
