jq found, will generate JSON output to /home/alexey/tsan-experiments/tools/perf/results/yield-d98873cda906/ffmpeg/tsan-dom_peeling-ea-lo-st-swmr/run4/summary.json.
--- FFmpeg Benchmark Start (using /usr/bin/time) ---
Builds to test: ffmpeg-tsan-dom_peeling-ea-lo-st-swmr
Video file: ./input/WatchingEyeTexture.mkv
Runs per test: 1

--- Benchmarking: Codec [h264_libx264], Build [ffmpeg-tsan-dom_peeling-ea-lo-st-swmr] ---

[96;1mffmpeg-tsan-dom_peeling-ea-lo-st-swmr/bin/ffmpeg -hide_banner -i "./input/WatchingEyeTexture.mkv" -threads 4 -y -c:v libx264 -preset medium -crf 23  -loglevel error /dev/shm/out.mp4[0m

  Run 1/1... OK (Time: 45.43s, Mem: 579228KB)
  Results: Time(avg±std): 45.4300s ± 0s | Mem(peak): 579228KB | Runs: 1/1
--------------------------------------------------------

--- Benchmarking: Codec [copy_passthrough], Build [ffmpeg-tsan-dom_peeling-ea-lo-st-swmr] ---

[96;1mffmpeg-tsan-dom_peeling-ea-lo-st-swmr/bin/ffmpeg -hide_banner -i "./input/WatchingEyeTexture.mkv" -threads 4 -y -c:v copy -c:a copy  -loglevel error /dev/shm/out.mkv[0m

  Run 1/1... OK (Time: 0.73s, Mem: 82632KB)
  Results: Time(avg±std): .7300s ± 0s | Mem(peak): 82632KB | Runs: 1/1
--------------------------------------------------------

--- Benchmarking: Codec [mjpeg], Build [ffmpeg-tsan-dom_peeling-ea-lo-st-swmr] ---

[96;1mffmpeg-tsan-dom_peeling-ea-lo-st-swmr/bin/ffmpeg -hide_banner -i "./input/WatchingEyeTexture.mkv" -threads 4 -y -c:v mjpeg -pix_fmt yuvj420p -q:v 2  -loglevel error /dev/shm/out.avi[0m

  Run 1/1... OK (Time: 25.45s, Mem: 427188KB)
  Results: Time(avg±std): 25.4500s ± 0s | Mem(peak): 427188KB | Runs: 1/1
--------------------------------------------------------

--- Benchmarking: Codec [h265_libx265], Build [ffmpeg-tsan-dom_peeling-ea-lo-st-swmr] ---

[96;1mffmpeg-tsan-dom_peeling-ea-lo-st-swmr/bin/ffmpeg -hide_banner -i "./input/WatchingEyeTexture.mkv" -threads 4 -y -c:v libx265 -preset medium -crf 28 -tag:v hvc1  -loglevel error /dev/shm/out.mp4[0m

  Run 1/1... OK (Time: 54.39s, Mem: 1643212KB)
  Results: Time(avg±std): 54.3900s ± 0s | Mem(peak): 1643212KB | Runs: 1/1
--------------------------------------------------------

JSON results have been finalized in /home/alexey/tsan-experiments/tools/perf/results/yield-d98873cda906/ffmpeg/tsan-dom_peeling-ea-lo-st-swmr/run4/summary.json
Benchmark finished. CSV results are in /home/alexey/tsan-experiments/tools/perf/results/yield-d98873cda906/ffmpeg/tsan-dom_peeling-ea-lo-st-swmr/run4/summary.csv
