tsan_compiler.sh: ignoring LLVM_ROOT_PATH=/home/alexey/dev/llvm-project/llvm/build (not the TSan prototype tree)
tsan_compiler.sh: using /home/alexey/dev/llvm-project-focs-lab/llvm/build/bin/clang (clang version 19.0.0git (https://github.com/focs-lab/llvm-project 729521af89653b1bac211c03203ab160d5cb71d0))
==> Running in test-only mode.
==> Checking for pre-existing redis-server processes before running benchmarks.
==> Switching to polygon directory for tests.
==> Testing sound
PING_INLINE 502990.47
PING_MBULK 824771.62
SET 336964.62
GET 470799.06
INCR 433845.62
RPUSH 275283.78
LPOP 248991.53
RPOP 536721.06
SADD 403243.88
HSET 303718.28
SPOP 596926.00
ZADD 316898.31
ZPOPMIN 575631.75
LPUSH 245689.58
LRANGE_100 31070.33
LRANGE_300 10024.67
LRANGE_500 6125.05
LRANGE_600 5106.87
MSET 71189.49
==> Found running redis-server process(es): 548835
==> Stopping redis-server with SIGTERM
==> redis-server stopped gracefully.
==> Script finished successfully. All results are in __results_redis__
