sqlite orig run1 rc=0 21.0s outside_busy=0.0226 inside_busy=0.0639 foreign_cpu_share=0.029
sqlite tsan run1 rc=0 21.4s outside_busy=0.0229 inside_busy=0.1002 foreign_cpu_share=0.0289
sqlite tsan-dom run1 rc=0 21.4s outside_busy=0.0228 inside_busy=0.1001 foreign_cpu_share=0.0289
sqlite tsan-dom_peeling-ea-lo-st-swmr run1 rc=0 21.4s outside_busy=0.0231 inside_busy=0.0983 foreign_cpu_share=0.0289
sqlite orig run2 rc=0 21.0s outside_busy=0.0232 inside_busy=0.0634 foreign_cpu_share=0.029
sqlite tsan run2 rc=0 21.4s outside_busy=0.0231 inside_busy=0.1001 foreign_cpu_share=0.0288
sqlite tsan-dom run2 rc=0 21.4s outside_busy=0.0227 inside_busy=0.1006 foreign_cpu_share=0.0287
sqlite tsan-dom_peeling-ea-lo-st-swmr run2 rc=0 21.4s outside_busy=0.0233 inside_busy=0.1002 foreign_cpu_share=0.029
sqlite orig run3 rc=0 21.0s outside_busy=0.0286 inside_busy=0.0638 foreign_cpu_share=0.0361
sqlite tsan run3 rc=0 21.4s outside_busy=0.0225 inside_busy=0.0993 foreign_cpu_share=0.0292
sqlite tsan-dom run3 rc=0 21.4s outside_busy=0.0228 inside_busy=0.1014 foreign_cpu_share=0.0292
sqlite tsan-dom_peeling-ea-lo-st-swmr run3 rc=0 21.3s outside_busy=0.0224 inside_busy=0.1002 foreign_cpu_share=0.0287
sqlite orig run4 rc=0 21.1s outside_busy=0.0229 inside_busy=0.0636 foreign_cpu_share=0.0293
sqlite tsan run4 rc=0 21.4s outside_busy=0.0226 inside_busy=0.1008 foreign_cpu_share=0.029
sqlite tsan-dom run4 rc=0 21.4s outside_busy=0.0231 inside_busy=0.1009 foreign_cpu_share=0.029
sqlite tsan-dom_peeling-ea-lo-st-swmr run4 rc=0 21.4s outside_busy=0.0235 inside_busy=0.0986 foreign_cpu_share=0.029
sqlite orig run5 rc=0 21.0s outside_busy=0.023 inside_busy=0.0637 foreign_cpu_share=0.0292
sqlite tsan run5 rc=0 21.4s outside_busy=0.0232 inside_busy=0.0995 foreign_cpu_share=0.029
sqlite tsan-dom run5 rc=0 21.4s outside_busy=0.0229 inside_busy=0.102 foreign_cpu_share=0.0293
sqlite tsan-dom_peeling-ea-lo-st-swmr run5 rc=0 21.4s outside_busy=0.0232 inside_busy=0.1005 foreign_cpu_share=0.0289
DONE sqlite
