tsan_compiler.sh: ignoring LLVM_ROOT_PATH=/home/alexey/dev/llvm-project/llvm/build (not the TSan prototype tree)
tsan_compiler.sh: using /home/alexey/dev/llvm-project-focs-lab/llvm/build/bin/clang (clang version 19.0.0git (https://github.com/focs-lab/llvm-project 729521af89653b1bac211c03203ab160d5cb71d0))
==> Running in test-only mode.
==> Checking for pre-existing redis-server processes before running benchmarks.
==> Switching to polygon directory for tests.
==> Testing dom_peeling-ea-lo-st-swmr
PING_INLINE 452691.41
PING_MBULK 698636.88
SET 309161.94
GET 395434.00
INCR 408754.81
RPUSH 247574.38
LPOP 237185.41
RPOP 432719.72
SADD 322933.50
HSET 275681.47
SPOP 474146.00
ZADD 260941.05
ZPOPMIN 510172.38
LPUSH 221044.62
LRANGE_100 23399.36
LRANGE_300 8569.36
LRANGE_500 5183.18
LRANGE_600 4336.32
MSET 58239.70
==> Found running redis-server process(es): 2419955
==> Stopping redis-server with SIGTERM
==> redis-server stopped gracefully.
==> Script finished successfully. All results are in __results_redis__
