tsan_compiler.sh: ignoring LLVM_ROOT_PATH=/home/alexey/dev/llvm-project/llvm/build (not the TSan prototype tree)
tsan_compiler.sh: using /home/alexey/dev/llvm-project-focs-lab/llvm/build/bin/clang (clang version 19.0.0git (https://github.com/focs-lab/llvm-project 729521af89653b1bac211c03203ab160d5cb71d0))
==> Running in test-only mode.
==> Checking for pre-existing redis-server processes before running benchmarks.
==> Switching to polygon directory for tests.
==> Testing dom_peeling-ea-lo-st-swmr-yoff
PING_INLINE 491379.16
PING_MBULK 782823.19
SET 339020.00
GET 445384.69
INCR 418772.72
RPUSH 272304.84
LPOP 242121.98
RPOP 509393.09
SADD 366733.16
HSET 310891.25
SPOP 529337.56
ZADD 287815.88
ZPOPMIN 557974.38
LPUSH 236624.41
LRANGE_100 24983.81
LRANGE_300 9110.80
LRANGE_500 5556.04
LRANGE_600 4608.44
MSET 60915.47
==> Found running redis-server process(es): 2600593
==> Stopping redis-server with SIGTERM
==> redis-server stopped gracefully.
==> Script finished successfully. All results are in __results_redis__
