jq found, will generate JSON output to /home/alexey/tsan-experiments/tools/perf/results/contention-d3bf9f8c39fe/ffmpeg-t16/ffmpeg/tsan/run5/summary.json.
--- FFmpeg Benchmark Start (using /usr/bin/time) ---
Builds to test: ffmpeg-tsan
Video file: ./input/WatchingEyeTexture.mkv
Runs per test: 1

--- Benchmarking: Codec [h264_libx264], Build [ffmpeg-tsan] ---

[96;1mffmpeg-tsan/bin/ffmpeg -hide_banner -i "./input/WatchingEyeTexture.mkv" -threads 16 -y -c:v libx264 -preset medium -crf 23  -loglevel error /dev/shm/out.mp4[0m

  Run 1/1... OK (Time: 18.65s, Mem: 754424KB)
  Results: Time(avg±std): 18.6500s ± 0s | Mem(peak): 754424KB | Runs: 1/1
--------------------------------------------------------

--- Benchmarking: Codec [copy_passthrough], Build [ffmpeg-tsan] ---

[96;1mffmpeg-tsan/bin/ffmpeg -hide_banner -i "./input/WatchingEyeTexture.mkv" -threads 16 -y -c:v copy -c:a copy  -loglevel error /dev/shm/out.mkv[0m

  Run 1/1... OK (Time: 0.75s, Mem: 80548KB)
  Results: Time(avg±std): .7500s ± 0s | Mem(peak): 80548KB | Runs: 1/1
--------------------------------------------------------

--- Benchmarking: Codec [mjpeg], Build [ffmpeg-tsan] ---

[96;1mffmpeg-tsan/bin/ffmpeg -hide_banner -i "./input/WatchingEyeTexture.mkv" -threads 16 -y -c:v mjpeg -pix_fmt yuvj420p -q:v 2  -loglevel error /dev/shm/out.avi[0m

  Run 1/1... OK (Time: 18.01s, Mem: 813600KB)
  Results: Time(avg±std): 18.0100s ± 0s | Mem(peak): 813600KB | Runs: 1/1
--------------------------------------------------------

--- Benchmarking: Codec [h265_libx265], Build [ffmpeg-tsan] ---

[96;1mffmpeg-tsan/bin/ffmpeg -hide_banner -i "./input/WatchingEyeTexture.mkv" -threads 16 -y -c:v libx265 -preset medium -crf 28 -tag:v hvc1  -loglevel error /dev/shm/out.mp4[0m

  Run 1/1... OK (Time: 51.98s, Mem: 2240580KB)
  Results: Time(avg±std): 51.9800s ± 0s | Mem(peak): 2240580KB | Runs: 1/1
--------------------------------------------------------

JSON results have been finalized in /home/alexey/tsan-experiments/tools/perf/results/contention-d3bf9f8c39fe/ffmpeg-t16/ffmpeg/tsan/run5/summary.json
Benchmark finished. CSV results are in /home/alexey/tsan-experiments/tools/perf/results/contention-d3bf9f8c39fe/ffmpeg-t16/ffmpeg/tsan/run5/summary.csv
