tsan_compiler.sh: ignoring LLVM_ROOT_PATH=/home/alexey/dev/llvm-project/llvm/build (not the TSan prototype tree)
tsan_compiler.sh: using /home/alexey/dev/llvm-project-focs-lab/llvm/build/bin/clang (clang version 19.0.0git (https://github.com/focs-lab/llvm-project 729521af89653b1bac211c03203ab160d5cb71d0))
==> Running in test-only mode.
==> Checking for pre-existing redis-server processes before running benchmarks.
==> Switching to polygon directory for tests.
==> Testing swmr
PING_INLINE 476177.03
PING_MBULK 697662.50
SET 347327.62
GET 436374.91
INCR 410899.47
RPUSH 244824.56
LPOP 209037.14
RPOP 487547.75
SADD 359749.03
HSET 257490.25
SPOP 531870.25
ZADD 274106.16
ZPOPMIN 522154.50
LPUSH 223043.31
LRANGE_100 21445.72
LRANGE_300 8601.33
LRANGE_500 5259.60
LRANGE_600 4437.97
MSET 60232.37
==> Found running redis-server process(es): 110501
==> Stopping redis-server with SIGTERM
==> redis-server stopped gracefully.
==> Script finished successfully. All results are in __results_redis__
