tsan_compiler.sh: ignoring LLVM_ROOT_PATH=/home/alexey/dev/llvm-project/llvm/build (not the TSan prototype tree)
tsan_compiler.sh: using /home/alexey/dev/llvm-project-focs-lab/llvm/build/bin/clang (clang version 19.0.0git (https://github.com/focs-lab/llvm-project 729521af89653b1bac211c03203ab160d5cb71d0))
==> Running in test-only mode.
==> Checking for pre-existing redis-server processes before running benchmarks.
==> Switching to polygon directory for tests.
==> Testing swmr
PING_INLINE 465757.91
PING_MBULK 763118.25
SET 312313.31
GET 411668.19
INCR 417773.84
RPUSH 267420.28
LPOP 233228.52
RPOP 508099.56
SADD 348228.75
HSET 265077.00
SPOP 522973.34
ZADD 277819.22
ZPOPMIN 497983.06
LPUSH 221547.73
LRANGE_100 20670.44
LRANGE_300 8481.97
LRANGE_500 5264.71
LRANGE_600 4526.90
MSET 64611.54
==> Found running redis-server process(es): 71173
==> Stopping redis-server with SIGTERM
==> redis-server stopped gracefully.
==> Script finished successfully. All results are in __results_redis__
