tsan_compiler.sh: using /opt/tsan-llvm/bin/clang (clang version 19.0.0git (https://github.com/focs-lab/llvm-project f3deebfbab602f4e05289e0acbde0efd06b8058c)) [frozen copy, TSAN_AUDIT_HASH=f3deebfbab60]
==> Running in test-only mode.
./redis.sh: line 246: warning: setlocale: LC_ALL: cannot change locale (en_US.UTF-8): No such file or directory
==> Checking for pre-existing redis-server processes before running benchmarks.
==> Switching to polygon directory for tests.
==> Testing stmt
PING_INLINE 462741.91
PING_MBULK 730254.00
SET 346377.22
GET 431207.44
INCR 404241.75
RPUSH 268765.94
LPOP 262168.00
RPOP 467272.78
SADD 375411.47
HSET 295374.72
SPOP 499785.28
ZADD 297444.62
ZPOPMIN 502453.34
LPUSH 247162.64
LRANGE_100 26980.24
LRANGE_300 9975.90
LRANGE_500 6104.02
LRANGE_600 5079.88
MSET 74386.94
==> Found running redis-server process(es): 15028
==> Stopping redis-server with SIGTERM
==> redis-server stopped gracefully.
==> Script finished successfully. All results are in __results_redis__
