jq found, will generate JSON output to /home/alexey/tsan-experiments/tools/perf/results/yield-d98873cda906/ffmpeg/orig/run5/summary.json.
--- FFmpeg Benchmark Start (using /usr/bin/time) ---
Builds to test: ffmpeg-orig
Video file: ./input/WatchingEyeTexture.mkv
Runs per test: 1

--- Benchmarking: Codec [h264_libx264], Build [ffmpeg-orig] ---

[96;1mffmpeg-orig/bin/ffmpeg -hide_banner -i "./input/WatchingEyeTexture.mkv" -threads 4 -y -c:v libx264 -preset medium -crf 23  -loglevel error /dev/shm/out.mp4[0m

  Run 1/1... OK (Time: 36.92s, Mem: 331340KB)
  Results: Time(avg±std): 36.9200s ± 0s | Mem(peak): 331340KB | Runs: 1/1
--------------------------------------------------------

--- Benchmarking: Codec [copy_passthrough], Build [ffmpeg-orig] ---

[96;1mffmpeg-orig/bin/ffmpeg -hide_banner -i "./input/WatchingEyeTexture.mkv" -threads 4 -y -c:v copy -c:a copy  -loglevel error /dev/shm/out.mkv[0m

  Run 1/1... OK (Time: 0.14s, Mem: 24024KB)
  Results: Time(avg±std): .1400s ± 0s | Mem(peak): 24024KB | Runs: 1/1
--------------------------------------------------------

--- Benchmarking: Codec [mjpeg], Build [ffmpeg-orig] ---

[96;1mffmpeg-orig/bin/ffmpeg -hide_banner -i "./input/WatchingEyeTexture.mkv" -threads 4 -y -c:v mjpeg -pix_fmt yuvj420p -q:v 2  -loglevel error /dev/shm/out.avi[0m

  Run 1/1... OK (Time: 3.89s, Mem: 125268KB)
  Results: Time(avg±std): 3.8900s ± 0s | Mem(peak): 125268KB | Runs: 1/1
--------------------------------------------------------

--- Benchmarking: Codec [h265_libx265], Build [ffmpeg-orig] ---

[96;1mffmpeg-orig/bin/ffmpeg -hide_banner -i "./input/WatchingEyeTexture.mkv" -threads 4 -y -c:v libx265 -preset medium -crf 28 -tag:v hvc1  -loglevel error /dev/shm/out.mp4[0m

  Run 1/1... OK (Time: 40.9s, Mem: 561620KB)
  Results: Time(avg±std): 40.9000s ± 0s | Mem(peak): 561620KB | Runs: 1/1
--------------------------------------------------------

JSON results have been finalized in /home/alexey/tsan-experiments/tools/perf/results/yield-d98873cda906/ffmpeg/orig/run5/summary.json
Benchmark finished. CSV results are in /home/alexey/tsan-experiments/tools/perf/results/yield-d98873cda906/ffmpeg/orig/run5/summary.csv
