jq found, will generate JSON output to /home/alexey/tsan-experiments/tools/perf/results/stageB-d3bf9f8c39fe/ffmpeg/tsan-stmt/run2/summary.json.
--- FFmpeg Benchmark Start (using /usr/bin/time) ---
Builds to test: ffmpeg-tsan-stmt
Video file: ./input/WatchingEyeTexture.mkv
Runs per test: 1

--- Benchmarking: Codec [h264_libx264], Build [ffmpeg-tsan-stmt] ---

[96;1mffmpeg-tsan-stmt/bin/ffmpeg -hide_banner -i "./input/WatchingEyeTexture.mkv" -threads 4 -y -c:v libx264 -preset medium -crf 23  -loglevel error /dev/shm/out.mp4[0m

  Run 1/1... OK (Time: 42.29s, Mem: 581796KB)
  Results: Time(avg±std): 42.2900s ± 0s | Mem(peak): 581796KB | Runs: 1/1
--------------------------------------------------------

--- Benchmarking: Codec [copy_passthrough], Build [ffmpeg-tsan-stmt] ---

[96;1mffmpeg-tsan-stmt/bin/ffmpeg -hide_banner -i "./input/WatchingEyeTexture.mkv" -threads 4 -y -c:v copy -c:a copy  -loglevel error /dev/shm/out.mkv[0m

  Run 1/1... OK (Time: 0.43s, Mem: 84660KB)
  Results: Time(avg±std): .4300s ± 0s | Mem(peak): 84660KB | Runs: 1/1
--------------------------------------------------------

--- Benchmarking: Codec [mjpeg], Build [ffmpeg-tsan-stmt] ---

[96;1mffmpeg-tsan-stmt/bin/ffmpeg -hide_banner -i "./input/WatchingEyeTexture.mkv" -threads 4 -y -c:v mjpeg -pix_fmt yuvj420p -q:v 2  -loglevel error /dev/shm/out.avi[0m

  Run 1/1... OK (Time: 24.02s, Mem: 428956KB)
  Results: Time(avg±std): 24.0200s ± 0s | Mem(peak): 428956KB | Runs: 1/1
--------------------------------------------------------

--- Benchmarking: Codec [h265_libx265], Build [ffmpeg-tsan-stmt] ---

[96;1mffmpeg-tsan-stmt/bin/ffmpeg -hide_banner -i "./input/WatchingEyeTexture.mkv" -threads 4 -y -c:v libx265 -preset medium -crf 28 -tag:v hvc1  -loglevel error /dev/shm/out.mp4[0m

  Run 1/1... OK (Time: 51.75s, Mem: 1657664KB)
  Results: Time(avg±std): 51.7500s ± 0s | Mem(peak): 1657664KB | Runs: 1/1
--------------------------------------------------------

JSON results have been finalized in /home/alexey/tsan-experiments/tools/perf/results/stageB-d3bf9f8c39fe/ffmpeg/tsan-stmt/run2/summary.json
Benchmark finished. CSV results are in /home/alexey/tsan-experiments/tools/perf/results/stageB-d3bf9f8c39fe/ffmpeg/tsan-stmt/run2/summary.csv
