jq found, will generate JSON output to /artifact/results/perf-ffmpeg-20260921-135106/ffmpeg/tsan-dom_peeling-ea-lo-st-swmr-stmt/run4/summary.json.
--- FFmpeg Benchmark Start (using /usr/bin/time) ---
Builds to test: ffmpeg-tsan-dom_peeling-ea-lo-st-swmr-stmt
Video file: ./input/TearsOfSteel-1366x768-100s.mkv
Runs per test: 1

--- Benchmarking: Codec [h264_libx264], Build [ffmpeg-tsan-dom_peeling-ea-lo-st-swmr-stmt] ---

[96;1mffmpeg-tsan-dom_peeling-ea-lo-st-swmr-stmt/bin/ffmpeg -hide_banner -i "./input/TearsOfSteel-1366x768-100s.mkv" -threads 16 -y -c:v libx264 -preset medium -crf 23  -loglevel error /dev/shm/out.mp4[0m

  Run 1/1... OK (Time: 17.8s, Mem: 759700KB)
  Results: Time(avg±std): 17.8000s ± 0s | Mem(peak): 759700KB | Runs: 1/1
--------------------------------------------------------

--- Benchmarking: Codec [copy_passthrough], Build [ffmpeg-tsan-dom_peeling-ea-lo-st-swmr-stmt] ---

[96;1mffmpeg-tsan-dom_peeling-ea-lo-st-swmr-stmt/bin/ffmpeg -hide_banner -i "./input/TearsOfSteel-1366x768-100s.mkv" -threads 16 -y -c:v copy -c:a copy  -loglevel error /dev/shm/out.mkv[0m

  Run 1/1... OK (Time: 0.52s, Mem: 76748KB)
  Results: Time(avg±std): .5200s ± 0s | Mem(peak): 76748KB | Runs: 1/1
--------------------------------------------------------

--- Benchmarking: Codec [mjpeg], Build [ffmpeg-tsan-dom_peeling-ea-lo-st-swmr-stmt] ---

[96;1mffmpeg-tsan-dom_peeling-ea-lo-st-swmr-stmt/bin/ffmpeg -hide_banner -i "./input/TearsOfSteel-1366x768-100s.mkv" -threads 16 -y -c:v mjpeg -pix_fmt yuvj420p -q:v 2  -loglevel error /dev/shm/out.avi[0m

  Run 1/1... OK (Time: 14.72s, Mem: 807456KB)
  Results: Time(avg±std): 14.7200s ± 0s | Mem(peak): 807456KB | Runs: 1/1
--------------------------------------------------------

--- Benchmarking: Codec [h265_libx265], Build [ffmpeg-tsan-dom_peeling-ea-lo-st-swmr-stmt] ---

[96;1mffmpeg-tsan-dom_peeling-ea-lo-st-swmr-stmt/bin/ffmpeg -hide_banner -i "./input/TearsOfSteel-1366x768-100s.mkv" -threads 16 -y -c:v libx265 -preset medium -crf 28 -tag:v hvc1  -loglevel error /dev/shm/out.mp4[0m

  Run 1/1... OK (Time: 36.12s, Mem: 2254828KB)
  Results: Time(avg±std): 36.1200s ± 0s | Mem(peak): 2254828KB | Runs: 1/1
--------------------------------------------------------

JSON results have been finalized in /artifact/results/perf-ffmpeg-20260921-135106/ffmpeg/tsan-dom_peeling-ea-lo-st-swmr-stmt/run4/summary.json
Benchmark finished. CSV results are in /artifact/results/perf-ffmpeg-20260921-135106/ffmpeg/tsan-dom_peeling-ea-lo-st-swmr-stmt/run4/summary.csv
