tsan_compiler.sh: ignoring LLVM_ROOT_PATH=/home/alexey/dev/llvm-project/llvm/build (not the TSan prototype tree)
tsan_compiler.sh: using /home/alexey/dev/llvm-project-focs-lab/llvm/build/bin/clang (clang version 19.0.0git (https://github.com/focs-lab/llvm-project 729521af89653b1bac211c03203ab160d5cb71d0))
==> Running in test-only mode.
==> Checking for pre-existing redis-server processes before running benchmarks.
==> Switching to polygon directory for tests.
==> Testing st
PING_INLINE 496993.53
PING_MBULK 756768.50
SET 340636.03
GET 450855.31
INCR 455474.94
RPUSH 285336.94
LPOP 264249.34
RPOP 513577.00
SADD 385677.69
HSET 313718.41
SPOP 553651.31
ZADD 328015.75
ZPOPMIN 589886.81
LPUSH 246597.97
LRANGE_100 28979.51
LRANGE_300 9734.85
LRANGE_500 5930.89
LRANGE_600 4932.31
MSET 69901.45
==> Found running redis-server process(es): 527186
==> Stopping redis-server with SIGTERM
==> redis-server stopped gracefully.
==> Script finished successfully. All results are in __results_redis__
