tsan_compiler.sh: ignoring LLVM_ROOT_PATH=/home/alexey/dev/llvm-project/llvm/build (not the TSan prototype tree)
tsan_compiler.sh: using /home/alexey/dev/llvm-project-focs-lab/llvm/build/bin/clang (clang version 19.0.0git (https://github.com/focs-lab/llvm-project 729521af89653b1bac211c03203ab160d5cb71d0))
==> Running in test-only mode.
==> Checking for pre-existing redis-server processes before running benchmarks.
==> Switching to polygon directory for tests.
==> Testing orig
PING_INLINE 4168533.50
PING_MBULK 6538876.00
SET 3155987.25
GET 3624811.75
INCR 3761082.75
RPUSH 2740328.75
LPOP 2817053.50
RPOP 4257225.50
SADD 3496964.75
HSET 2482501.25
SPOP 4928315.50
ZADD 2399156.00
ZPOPMIN 4809846.00
LPUSH 2689069.75
LRANGE_100 144599.42
LRANGE_300 39168.58
LRANGE_500 23393.52
LRANGE_600 18875.78
MSET 556744.44
==> Found running redis-server process(es): 2618944
==> Stopping redis-server with SIGTERM
==> redis-server stopped gracefully.
==> Script finished successfully. All results are in __results_redis__
