tsan_compiler.sh: ignoring LLVM_ROOT_PATH=/home/alexey/dev/llvm-project/llvm/build (not the TSan prototype tree)
tsan_compiler.sh: using /home/alexey/dev/llvm-project-focs-lab/llvm/build/bin/clang (clang version 19.0.0git (https://github.com/focs-lab/llvm-project 729521af89653b1bac211c03203ab160d5cb71d0))
==> Running in test-only mode.
==> Checking for pre-existing redis-server processes before running benchmarks.
==> Switching to polygon directory for tests.
==> Testing orig
PING_INLINE 3004348.25
PING_MBULK 4257225.50
SET 2696625.50
GET 3402884.25
INCR 2446083.00
RPUSH 2399156.00
LPOP 2382019.00
RPOP 4203563.00
SADD 2986411.75
HSET 2289354.75
SPOP 4066861.75
ZADD 2140814.00
ZPOPMIN 3954340.00
LPUSH 1783329.75
LRANGE_100 107169.48
LRANGE_300 33752.48
LRANGE_500 20293.17
LRANGE_600 16047.62
MSET 299835.97
==> Found running redis-server process(es): 2151851
==> Stopping redis-server with SIGTERM
==> redis-server stopped gracefully.
==> Script finished successfully. All results are in __results_redis__
