redis orig run1 rc=0 32.9s outside_busy=0.0092 inside_busy=0.0907 foreign_cpu_share=0.015 (warmup, discarded)
redis tsan run1 rc=0 377.4s outside_busy=0.0063 inside_busy=0.2781 foreign_cpu_share=0.01 (warmup, discarded)
redis tsan-dom_peeling-ea-lo-st-swmr run1 rc=0 369.6s outside_busy=0.0062 inside_busy=0.2855 foreign_cpu_share=0.0096 (warmup, discarded)
redis tsan-stmt run1 rc=0 390.1s outside_busy=0.0066 inside_busy=0.2801 foreign_cpu_share=0.0104 (warmup, discarded)
redis tsan-dom_peeling-ea-lo-st-swmr-stmt run1 rc=0 377.5s outside_busy=0.0068 inside_busy=0.2778 foreign_cpu_share=0.0106 (warmup, discarded)
redis orig run1 rc=0 32.8s outside_busy=0.0055 inside_busy=0.0906 foreign_cpu_share=0.0092
redis tsan run1 rc=0 374.3s outside_busy=0.0062 inside_busy=0.2793 foreign_cpu_share=0.0095
redis tsan-dom_peeling-ea-lo-st-swmr run1 rc=0 372.0s outside_busy=0.0066 inside_busy=0.2762 foreign_cpu_share=0.01
redis tsan-stmt run1 rc=0 386.6s outside_busy=0.0071 inside_busy=0.2781 foreign_cpu_share=0.0113
redis tsan-dom_peeling-ea-lo-st-swmr-stmt run1 rc=0 376.5s outside_busy=0.0068 inside_busy=0.2779 foreign_cpu_share=0.0105
redis orig run2 rc=0 33.1s outside_busy=0.0056 inside_busy=0.0958 foreign_cpu_share=0.009
redis tsan run2 rc=0 379.8s outside_busy=0.0066 inside_busy=0.2786 foreign_cpu_share=0.0102
redis tsan-dom_peeling-ea-lo-st-swmr run2 rc=0 372.9s outside_busy=0.0064 inside_busy=0.2781 foreign_cpu_share=0.01
redis tsan-stmt run2 rc=0 383.7s outside_busy=0.0063 inside_busy=0.2787 foreign_cpu_share=0.0098
redis tsan-dom_peeling-ea-lo-st-swmr-stmt run2 rc=0 380.3s outside_busy=0.0062 inside_busy=0.2803 foreign_cpu_share=0.0096
redis orig run3 rc=0 34.1s outside_busy=0.0067 inside_busy=0.1095 foreign_cpu_share=0.0107
redis tsan run3 rc=0 380.3s outside_busy=0.0065 inside_busy=0.279 foreign_cpu_share=0.01
redis tsan-dom_peeling-ea-lo-st-swmr run3 rc=0 368.2s outside_busy=0.0062 inside_busy=0.2757 foreign_cpu_share=0.0096
redis tsan-stmt run3 rc=0 387.8s outside_busy=0.0063 inside_busy=0.2804 foreign_cpu_share=0.0101
redis tsan-dom_peeling-ea-lo-st-swmr-stmt run3 rc=0 385.5s outside_busy=0.0073 inside_busy=0.281 foreign_cpu_share=0.0114
redis orig run4 rc=0 33.1s outside_busy=0.0061 inside_busy=0.0946 foreign_cpu_share=0.0099
redis tsan run4 rc=0 375.0s outside_busy=0.0064 inside_busy=0.2777 foreign_cpu_share=0.0101
redis tsan-dom_peeling-ea-lo-st-swmr run4 rc=0 368.9s outside_busy=0.0069 inside_busy=0.2759 foreign_cpu_share=0.0108
redis tsan-stmt run4 rc=0 390.8s outside_busy=0.0066 inside_busy=0.281 foreign_cpu_share=0.0103
redis tsan-dom_peeling-ea-lo-st-swmr-stmt run4 rc=0 375.0s outside_busy=0.0062 inside_busy=0.2769 foreign_cpu_share=0.0097
redis orig run5 rc=0 32.9s outside_busy=0.0056 inside_busy=0.0918 foreign_cpu_share=0.0091
redis tsan run5 rc=0 374.5s outside_busy=0.0063 inside_busy=0.2785 foreign_cpu_share=0.0098
redis tsan-dom_peeling-ea-lo-st-swmr run5 rc=0 374.5s outside_busy=0.0065 inside_busy=0.2773 foreign_cpu_share=0.0102
redis tsan-stmt run5 rc=0 385.3s outside_busy=0.0062 inside_busy=0.2769 foreign_cpu_share=0.0095
redis tsan-dom_peeling-ea-lo-st-swmr-stmt run5 rc=0 379.0s outside_busy=0.0064 inside_busy=0.2782 foreign_cpu_share=0.0098
DONE redis
