tsan_compiler.sh: ignoring LLVM_ROOT_PATH=/home/alexey/dev/llvm-project/llvm/build (not the TSan prototype tree)
tsan_compiler.sh: using /home/alexey/dev/llvm-project-focs-lab/llvm/build/bin/clang (clang version 19.0.0git (https://github.com/focs-lab/llvm-project 729521af89653b1bac211c03203ab160d5cb71d0))
==> Running in test-only mode.
==> Checking for pre-existing redis-server processes before running benchmarks.
==> Switching to polygon directory for tests.
==> Testing orig
PING_INLINE 4168533.50
PING_MBULK 6805768.50
SET 3186140.00
GET 3746996.50
INCR 3862733.50
RPUSH 2986411.75
LPOP 2866613.00
RPOP 4568256.00
SADD 3508958.00
HSET 2711241.25
SPOP 5210666.50
ZADD 2494882.75
ZPOPMIN 5104326.50
LPUSH 2763668.50
LRANGE_100 148449.70
LRANGE_300 41897.54
LRANGE_500 23947.87
LRANGE_600 19480.77
MSET 565920.88
==> Found running redis-server process(es): 2460199
==> Stopping redis-server with SIGTERM
==> redis-server stopped gracefully.
==> Script finished successfully. All results are in __results_redis__
