tsan_compiler.sh: ignoring LLVM_ROOT_PATH=/home/alexey/dev/llvm-project/llvm/build (not the TSan prototype tree)
tsan_compiler.sh: using /home/alexey/dev/llvm-project-focs-lab/llvm/build/bin/clang (clang version 19.0.0git (https://github.com/focs-lab/llvm-project 729521af89653b1bac211c03203ab160d5cb71d0))
==> Running in test-only mode.
==> Checking for pre-existing redis-server processes before running benchmarks.
==> Switching to polygon directory for tests.
==> Testing st
PING_INLINE 468374.56
PING_MBULK 739429.38
SET 345779.28
GET 444339.59
INCR 432735.53
RPUSH 265969.50
LPOP 235869.64
RPOP 499974.03
SADD 386721.31
HSET 270393.09
SPOP 529898.31
ZADD 293517.88
ZPOPMIN 547291.06
LPUSH 230538.78
LRANGE_100 21737.43
LRANGE_300 8617.09
LRANGE_500 5270.33
LRANGE_600 4432.27
MSET 61101.73
==> Found running redis-server process(es): 128683
==> Stopping redis-server with SIGTERM
==> redis-server stopped gracefully.
==> Script finished successfully. All results are in __results_redis__
