tsan_compiler.sh: ignoring LLVM_ROOT_PATH=/home/alexey/dev/llvm-project/llvm/build (not the TSan prototype tree)
tsan_compiler.sh: using /home/alexey/dev/llvm-project-focs-lab/llvm/build/bin/clang (clang version 19.0.0git (https://github.com/focs-lab/llvm-project 729521af89653b1bac211c03203ab160d5cb71d0))
==> Running in test-only mode.
==> Checking for pre-existing redis-server processes before running benchmarks.
==> Switching to polygon directory for tests.
==> Testing sound
PING_INLINE 423022.41
PING_MBULK 634399.50
SET 281182.69
GET 380311.78
INCR 369169.00
RPUSH 246476.47
LPOP 227854.64
RPOP 403899.03
SADD 347619.19
HSET 255477.03
SPOP 473025.06
ZADD 277593.78
ZPOPMIN 465108.31
LPUSH 201784.58
LRANGE_100 23660.32
LRANGE_300 8457.20
LRANGE_500 5133.47
LRANGE_600 4312.43
MSET 60197.50
==> Found running redis-server process(es): 2438751
==> Stopping redis-server with SIGTERM
==> redis-server stopped gracefully.
==> Script finished successfully. All results are in __results_redis__
