tsan_compiler.sh: using /opt/tsan-llvm/bin/clang (clang version 19.0.0git (https://github.com/focs-lab/llvm-project f3deebfbab602f4e05289e0acbde0efd06b8058c)) [frozen copy, TSAN_AUDIT_HASH=f3deebfbab60]
==> Running in test-only mode.
./redis.sh: line 246: warning: setlocale: LC_ALL: cannot change locale (en_US.UTF-8): No such file or directory
==> Checking for pre-existing redis-server processes before running benchmarks.
==> Switching to polygon directory for tests.
==> Testing dom_peeling-ea-lo-st-swmr-stmt
PING_INLINE 292321.38
PING_MBULK 485890.25
SET 335909.72
GET 469918.03
INCR 437949.81
RPUSH 284105.66
LPOP 254871.98
RPOP 524618.81
SADD 415300.47
HSET 311936.16
SPOP 534142.00
ZADD 316714.38
ZPOPMIN 533003.75
LPUSH 250737.17
LRANGE_100 25838.41
LRANGE_300 9778.16
LRANGE_500 6001.88
LRANGE_600 5067.02
MSET 48824.96
==> Found running redis-server process(es): 19041
==> Stopping redis-server with SIGTERM
==> redis-server stopped gracefully.
==> Script finished successfully. All results are in __results_redis__
