10        Threads
50        Connections per thread
10000     Requests per client


BEST RUN RESULTS
============================================================================================================================
Type         Ops/sec     Hits/sec   Misses/sec    Avg. Latency     p50 Latency     p99 Latency   p99.9 Latency       KB/sec 
----------------------------------------------------------------------------------------------------------------------------
Sets        29477.42          ---          ---        26.35786        22.27100        89.08700       220.15900      2011.20 
Gets       294450.23         0.00    294450.23        24.55716        20.60700        83.96700       225.27900      7444.42 
Waits           0.00          ---          ---             ---             ---             ---             ---          --- 
Totals     323927.64         0.00    294450.23        24.72103        20.73500        83.96700       225.27900      9455.62 


WORST RUN RESULTS
============================================================================================================================
Type         Ops/sec     Hits/sec   Misses/sec    Avg. Latency     p50 Latency     p99 Latency   p99.9 Latency       KB/sec 
----------------------------------------------------------------------------------------------------------------------------
Sets        26432.18          ---          ---        26.20963        21.63100        94.20700       241.66300      1803.43 
Gets       264031.30         0.00    264031.30        24.39677        20.09500        88.06300       231.42300      6675.36 
Waits           0.00          ---          ---             ---             ---             ---             ---          --- 
Totals     290463.48         0.00    264031.30        24.56174        20.22300        88.57500       233.47100      8478.78 


AGGREGATED AVERAGE RESULTS (25 runs)
============================================================================================================================
Type         Ops/sec     Hits/sec   Misses/sec    Avg. Latency     p50 Latency     p99 Latency   p99.9 Latency       KB/sec 
----------------------------------------------------------------------------------------------------------------------------
Sets        27844.82          ---          ---        26.25520        22.14300        90.11100       169.98300      1899.81 
Gets       278142.19         0.00    278142.19        24.45575        20.47900        84.99100       160.76700      7032.11 
Waits           0.00          ---          ---             ---             ---             ---             ---          --- 
Totals     305987.00         0.00    278142.19        24.61950        20.60700        85.50300       160.76700      8931.92 
