10        Threads
50        Connections per thread
10000     Requests per client


BEST RUN RESULTS
============================================================================================================================
Type         Ops/sec     Hits/sec   Misses/sec    Avg. Latency     p50 Latency     p99 Latency   p99.9 Latency       KB/sec 
----------------------------------------------------------------------------------------------------------------------------
Sets        29647.73          ---          ---        26.63541        22.27100        90.11100       149.50300      2022.82 
Gets       296151.46         0.00    296151.46        24.76444        20.60700        84.99100       147.45500      7487.43 
Waits           0.00          ---          ---             ---             ---             ---             ---          --- 
Totals     325799.18         0.00    296151.46        24.93470        20.73500        85.50300       147.45500      9510.25 


WORST RUN RESULTS
============================================================================================================================
Type         Ops/sec     Hits/sec   Misses/sec    Avg. Latency     p50 Latency     p99 Latency   p99.9 Latency       KB/sec 
----------------------------------------------------------------------------------------------------------------------------
Sets        26429.97          ---          ---        26.32288        22.01500        94.20700       157.69500      1803.28 
Gets       264009.23         0.00    264009.23        24.46492        20.35100        88.57500       148.47900      6674.80 
Waits           0.00          ---          ---             ---             ---             ---             ---          --- 
Totals     290439.20         0.00    264009.23        24.63400        20.60700        89.08700       149.50300      8478.07 


AGGREGATED AVERAGE RESULTS (25 runs)
============================================================================================================================
Type         Ops/sec     Hits/sec   Misses/sec    Avg. Latency     p50 Latency     p99 Latency   p99.9 Latency       KB/sec 
----------------------------------------------------------------------------------------------------------------------------
Sets        28055.86          ---          ---        26.37930        22.14300        90.62300       168.95900      1914.21 
Gets       280250.32         0.00    280250.32        24.52820        20.47900        85.50300       158.71900      7085.41 
Waits           0.00          ---          ---             ---             ---             ---             ---          --- 
Totals     308306.18         0.00    280250.32        24.69665        20.60700        86.01500       159.74300      8999.62 
