tsan_compiler.sh: ignoring LLVM_ROOT_PATH=/home/alexey/dev/llvm-project/llvm/build (not the TSan prototype tree)
tsan_compiler.sh: using /home/alexey/dev/llvm-project-focs-lab/llvm/build/bin/clang (clang version 19.0.0git (https://github.com/focs-lab/llvm-project 729521af89653b1bac211c03203ab160d5cb71d0))
==> Running in test-only mode.
==> Checking for pre-existing redis-server processes before running benchmarks.
==> Switching to polygon directory for tests.
==> Testing dom_peeling-ea-lo-st-swmr-stmt
PING_INLINE 454749.09
PING_MBULK 738883.31
SET 319183.25
GET 411668.19
INCR 425732.75
RPUSH 263645.97
LPOP 236525.61
RPOP 491620.62
SADD 371930.62
HSET 283857.12
SPOP 522154.50
ZADD 277772.03
ZPOPMIN 535858.62
LPUSH 225287.44
LRANGE_100 20044.56
LRANGE_300 8454.43
LRANGE_500 5145.46
LRANGE_600 4343.91
MSET 65147.75
==> Found running redis-server process(es): 4005809
==> Stopping redis-server with SIGTERM
==> redis-server stopped gracefully.
==> Script finished successfully. All results are in __results_redis__
