jq found, will generate JSON output to /home/alexey/tsan-experiments/tools/perf/results/campaign-f3deebfbab60/primary/ffmpeg/orig/warmup1/summary.json.
--- FFmpeg Benchmark Start (using /usr/bin/time) ---
Builds to test: ffmpeg-orig
Video file: ./input/TearsOfSteel-1366x768-100s.mkv
Runs per test: 1

--- Benchmarking: Codec [h264_libx264], Build [ffmpeg-orig] ---

[96;1mffmpeg-orig/bin/ffmpeg -hide_banner -i "./input/TearsOfSteel-1366x768-100s.mkv" -threads 4 -y -c:v libx264 -preset medium -crf 23  -loglevel error /dev/shm/out.mp4[0m

  Run 1/1... OK (Time: 37.89s, Mem: 332652KB)
  Results: Time(avg±std): 37.8900s ± 0s | Mem(peak): 332652KB | Runs: 1/1
--------------------------------------------------------

--- Benchmarking: Codec [copy_passthrough], Build [ffmpeg-orig] ---

[96;1mffmpeg-orig/bin/ffmpeg -hide_banner -i "./input/TearsOfSteel-1366x768-100s.mkv" -threads 4 -y -c:v copy -c:a copy  -loglevel error /dev/shm/out.mkv[0m

  Run 1/1... OK (Time: 0.14s, Mem: 21820KB)
  Results: Time(avg±std): .1400s ± 0s | Mem(peak): 21820KB | Runs: 1/1
--------------------------------------------------------

--- Benchmarking: Codec [mjpeg], Build [ffmpeg-orig] ---

[96;1mffmpeg-orig/bin/ffmpeg -hide_banner -i "./input/TearsOfSteel-1366x768-100s.mkv" -threads 4 -y -c:v mjpeg -pix_fmt yuvj420p -q:v 2  -loglevel error /dev/shm/out.avi[0m

  Run 1/1... OK (Time: 3.47s, Mem: 123768KB)
  Results: Time(avg±std): 3.4700s ± 0s | Mem(peak): 123768KB | Runs: 1/1
--------------------------------------------------------

--- Benchmarking: Codec [h265_libx265], Build [ffmpeg-orig] ---

[96;1mffmpeg-orig/bin/ffmpeg -hide_banner -i "./input/TearsOfSteel-1366x768-100s.mkv" -threads 4 -y -c:v libx265 -preset medium -crf 28 -tag:v hvc1  -loglevel error /dev/shm/out.mp4[0m

  Run 1/1... OK (Time: 31.64s, Mem: 568520KB)
  Results: Time(avg±std): 31.6400s ± 0s | Mem(peak): 568520KB | Runs: 1/1
--------------------------------------------------------

JSON results have been finalized in /home/alexey/tsan-experiments/tools/perf/results/campaign-f3deebfbab60/primary/ffmpeg/orig/warmup1/summary.json
Benchmark finished. CSV results are in /home/alexey/tsan-experiments/tools/perf/results/campaign-f3deebfbab60/primary/ffmpeg/orig/warmup1/summary.csv
