jq found, will generate JSON output to /home/alexey/tsan-experiments/tools/perf/results/campaign-f3deebfbab60/primary/ffmpeg/tsan-dom/run1/summary.json.
--- FFmpeg Benchmark Start (using /usr/bin/time) ---
Builds to test: ffmpeg-tsan-dom
Video file: ./input/TearsOfSteel-1366x768-100s.mkv
Runs per test: 1

--- Benchmarking: Codec [h264_libx264], Build [ffmpeg-tsan-dom] ---

[96;1mffmpeg-tsan-dom/bin/ffmpeg -hide_banner -i "./input/TearsOfSteel-1366x768-100s.mkv" -threads 4 -y -c:v libx264 -preset medium -crf 23  -loglevel error /dev/shm/out.mp4[0m

  Run 1/1... OK (Time: 45.64s, Mem: 578500KB)
  Results: Time(avg±std): 45.6400s ± 0s | Mem(peak): 578500KB | Runs: 1/1
--------------------------------------------------------

--- Benchmarking: Codec [copy_passthrough], Build [ffmpeg-tsan-dom] ---

[96;1mffmpeg-tsan-dom/bin/ffmpeg -hide_banner -i "./input/TearsOfSteel-1366x768-100s.mkv" -threads 4 -y -c:v copy -c:a copy  -loglevel error /dev/shm/out.mkv[0m

  Run 1/1... OK (Time: 0.81s, Mem: 74704KB)
  Results: Time(avg±std): .8100s ± 0s | Mem(peak): 74704KB | Runs: 1/1
--------------------------------------------------------

--- Benchmarking: Codec [mjpeg], Build [ffmpeg-tsan-dom] ---

[96;1mffmpeg-tsan-dom/bin/ffmpeg -hide_banner -i "./input/TearsOfSteel-1366x768-100s.mkv" -threads 4 -y -c:v mjpeg -pix_fmt yuvj420p -q:v 2  -loglevel error /dev/shm/out.avi[0m

  Run 1/1... OK (Time: 20.87s, Mem: 419976KB)
  Results: Time(avg±std): 20.8700s ± 0s | Mem(peak): 419976KB | Runs: 1/1
--------------------------------------------------------

--- Benchmarking: Codec [h265_libx265], Build [ffmpeg-tsan-dom] ---

[96;1mffmpeg-tsan-dom/bin/ffmpeg -hide_banner -i "./input/TearsOfSteel-1366x768-100s.mkv" -threads 4 -y -c:v libx265 -preset medium -crf 28 -tag:v hvc1  -loglevel error /dev/shm/out.mp4[0m

  Run 1/1... OK (Time: 43.13s, Mem: 1660200KB)
  Results: Time(avg±std): 43.1300s ± 0s | Mem(peak): 1660200KB | Runs: 1/1
--------------------------------------------------------

JSON results have been finalized in /home/alexey/tsan-experiments/tools/perf/results/campaign-f3deebfbab60/primary/ffmpeg/tsan-dom/run1/summary.json
Benchmark finished. CSV results are in /home/alexey/tsan-experiments/tools/perf/results/campaign-f3deebfbab60/primary/ffmpeg/tsan-dom/run1/summary.csv
