tsan_compiler.sh: using /opt/tsan-llvm/bin/clang (clang version 19.0.0git (https://github.com/focs-lab/llvm-project f3deebfbab602f4e05289e0acbde0efd06b8058c)) [frozen copy, TSAN_AUDIT_HASH=f3deebfbab60]
==> Running in test-only mode.
./redis.sh: line 246: warning: setlocale: LC_ALL: cannot change locale (en_US.UTF-8): No such file or directory
==> Checking for pre-existing redis-server processes before running benchmarks.
==> Switching to polygon directory for tests.
==> Testing orig
PING_INLINE 3449820.75
PING_MBULK 5850573.00
SET 2198786.75
GET 2842181.75
INCR 2763668.50
RPUSH 2299880.50
LPOP 2434180.00
RPOP 3414498.25
SADD 2434180.00
HSET 1873498.25
SPOP 4312276.00
ZADD 1856118.88
ZPOPMIN 3258788.25
LPUSH 2193965.00
LRANGE_100 139459.97
LRANGE_300 46371.56
LRANGE_500 27335.13
LRANGE_600 17062.50
MSET 666719.31
==> Found running redis-server process(es): 19532
==> Stopping redis-server with SIGTERM
==> redis-server stopped gracefully.
==> Script finished successfully. All results are in __results_redis__
