tsan_compiler.sh: ignoring LLVM_ROOT_PATH=/home/alexey/dev/llvm-project/llvm/build (not the TSan prototype tree)
tsan_compiler.sh: using /home/alexey/dev/llvm-project-focs-lab/llvm/build/bin/clang (clang version 19.0.0git (https://github.com/focs-lab/llvm-project 729521af89653b1bac211c03203ab160d5cb71d0))
==> Running in test-only mode.
==> Checking for pre-existing redis-server processes before running benchmarks.
==> Switching to polygon directory for tests.
==> Testing st
PING_INLINE 480522.56
PING_MBULK 751087.06
SET 334150.97
GET 432670.41
INCR 430115.22
RPUSH 265300.47
LPOP 241479.11
RPOP 498231.09
SADD 378527.44
HSET 293300.50
SPOP 516493.53
ZADD 289984.94
ZPOPMIN 520524.44
LPUSH 219300.31
LRANGE_100 23759.68
LRANGE_300 8602.26
LRANGE_500 5273.95
LRANGE_600 4354.58
MSET 60381.38
==> Found running redis-server process(es): 2123463
==> Stopping redis-server with SIGTERM
==> redis-server stopped gracefully.
==> Script finished successfully. All results are in __results_redis__
