redis orig run1 rc=0 21.0s outside_busy=0.0071 inside_busy=0.0484 foreign_cpu_share=0.0161
redis tsan run1 rc=0 85.0s outside_busy=0.0058 inside_busy=0.2024 foreign_cpu_share=0.0095
redis tsan-yoff run1 rc=0 83.5s outside_busy=0.0057 inside_busy=0.2075 foreign_cpu_share=0.0092
redis tsan-stmt run1 rc=0 87.2s outside_busy=0.006 inside_busy=0.2095 foreign_cpu_share=0.0099
redis tsan-stmt-yoff run1 rc=0 86.1s outside_busy=0.0087 inside_busy=0.1974 foreign_cpu_share=0.0137
redis tsan-sound run1 rc=0 84.4s outside_busy=0.0056 inside_busy=0.1953 foreign_cpu_share=0.0092
redis tsan-sound-yoff run1 rc=0 83.6s outside_busy=0.0057 inside_busy=0.1972 foreign_cpu_share=0.0092
redis tsan-dom_peeling-ea-lo-st-swmr run1 rc=0 82.9s outside_busy=0.0101 inside_busy=0.1957 foreign_cpu_share=0.0166
redis tsan-dom_peeling-ea-lo-st-swmr-yoff run1 rc=0 83.7s outside_busy=0.0056 inside_busy=0.2075 foreign_cpu_share=0.009
redis orig run2 rc=0 20.9s outside_busy=0.0053 inside_busy=0.0408 foreign_cpu_share=0.0094
redis tsan run2 rc=0 84.0s outside_busy=0.0057 inside_busy=0.2041 foreign_cpu_share=0.0093
redis tsan-yoff run2 rc=0 83.2s outside_busy=0.0058 inside_busy=0.1956 foreign_cpu_share=0.0093
redis tsan-stmt run2 rc=0 86.2s outside_busy=0.0061 inside_busy=0.2105 foreign_cpu_share=0.0107
redis tsan-stmt-yoff run2 rc=0 86.8s outside_busy=0.0055 inside_busy=0.2077 foreign_cpu_share=0.0093
redis tsan-sound run2 rc=0 84.0s outside_busy=0.0057 inside_busy=0.2035 foreign_cpu_share=0.0094
redis tsan-sound-yoff run2 rc=0 85.2s outside_busy=0.0061 inside_busy=0.2112 foreign_cpu_share=0.0111
redis tsan-dom_peeling-ea-lo-st-swmr run2 rc=0 82.6s outside_busy=0.0058 inside_busy=0.2001 foreign_cpu_share=0.0092
redis tsan-dom_peeling-ea-lo-st-swmr-yoff run2 rc=0 83.1s outside_busy=0.0055 inside_busy=0.202 foreign_cpu_share=0.009
redis orig run3 rc=0 21.1s outside_busy=0.0053 inside_busy=0.0504 foreign_cpu_share=0.0092
redis tsan run3 rc=0 83.1s outside_busy=0.006 inside_busy=0.1975 foreign_cpu_share=0.0096
redis tsan-yoff run3 rc=0 84.1s outside_busy=0.0102 inside_busy=0.2024 foreign_cpu_share=0.0181
redis tsan-stmt run3 rc=0 85.3s outside_busy=0.0055 inside_busy=0.2083 foreign_cpu_share=0.009
redis tsan-stmt-yoff run3 rc=0 86.1s outside_busy=0.006 inside_busy=0.1963 foreign_cpu_share=0.0097
redis tsan-sound run3 rc=0 85.4s outside_busy=0.0071 inside_busy=0.2101 foreign_cpu_share=0.0111
redis tsan-sound-yoff run3 rc=0 84.3s outside_busy=0.0058 inside_busy=0.2044 foreign_cpu_share=0.0093
redis tsan-dom_peeling-ea-lo-st-swmr run3 rc=0 83.7s outside_busy=0.0055 inside_busy=0.2056 foreign_cpu_share=0.0092
redis tsan-dom_peeling-ea-lo-st-swmr-yoff run3 rc=0 82.4s outside_busy=0.0057 inside_busy=0.2001 foreign_cpu_share=0.0096
redis orig run4 rc=0 20.9s outside_busy=0.0106 inside_busy=0.0416 foreign_cpu_share=0.0163
redis tsan run4 rc=0 83.0s outside_busy=0.0057 inside_busy=0.1886 foreign_cpu_share=0.0094
redis tsan-yoff run4 rc=0 84.4s outside_busy=0.0056 inside_busy=0.2133 foreign_cpu_share=0.009
redis tsan-stmt run4 rc=0 86.5s outside_busy=0.0086 inside_busy=0.2014 foreign_cpu_share=0.0142
redis tsan-stmt-yoff run4 rc=0 85.9s outside_busy=0.0062 inside_busy=0.2013 foreign_cpu_share=0.011
redis tsan-sound run4 rc=0 84.0s outside_busy=0.0056 inside_busy=0.1939 foreign_cpu_share=0.0091
redis tsan-sound-yoff run4 rc=0 83.4s outside_busy=0.0057 inside_busy=0.1982 foreign_cpu_share=0.0092
redis tsan-dom_peeling-ea-lo-st-swmr run4 rc=0 88.6s outside_busy=0.0077 inside_busy=0.199 foreign_cpu_share=0.0132
redis tsan-dom_peeling-ea-lo-st-swmr-yoff run4 rc=0 83.9s outside_busy=0.0056 inside_busy=0.2093 foreign_cpu_share=0.0092
redis orig run5 rc=0 21.0s outside_busy=0.0109 inside_busy=0.0475 foreign_cpu_share=0.0173
redis tsan run5 rc=0 84.4s outside_busy=0.0056 inside_busy=0.2076 foreign_cpu_share=0.0093
redis tsan-yoff run5 rc=0 84.0s outside_busy=0.0058 inside_busy=0.2073 foreign_cpu_share=0.0097
redis tsan-stmt run5 rc=0 84.6s outside_busy=0.0058 inside_busy=0.1897 foreign_cpu_share=0.0106
redis tsan-stmt-yoff run5 rc=0 86.7s outside_busy=0.0055 inside_busy=0.2031 foreign_cpu_share=0.0089
redis tsan-sound run5 rc=0 84.2s outside_busy=0.0082 inside_busy=0.2104 foreign_cpu_share=0.0143
redis tsan-sound-yoff run5 rc=0 84.7s outside_busy=0.006 inside_busy=0.2136 foreign_cpu_share=0.0107
redis tsan-dom_peeling-ea-lo-st-swmr run5 rc=0 83.4s outside_busy=0.0056 inside_busy=0.2126 foreign_cpu_share=0.0091
redis tsan-dom_peeling-ea-lo-st-swmr-yoff run5 rc=0 83.0s outside_busy=0.0053 inside_busy=0.2039 foreign_cpu_share=0.0089
DONE redis
