tsan_compiler.sh: using /opt/tsan-llvm/bin/clang (clang version 19.0.0git (https://github.com/focs-lab/llvm-project f3deebfbab602f4e05289e0acbde0efd06b8058c)) [frozen copy, TSAN_AUDIT_HASH=f3deebfbab60]
==> Running in test-only mode.
./redis.sh: line 246: warning: setlocale: LC_ALL: cannot change locale (en_US.UTF-8): No such file or directory
==> Checking for pre-existing redis-server processes before running benchmarks.
==> Switching to polygon directory for tests.
==> Testing dom_peeling-ea-lo-st-swmr
PING_INLINE 378434.78
PING_MBULK 671892.56
SET 365271.28
GET 442556.47
INCR 465796.00
RPUSH 285423.03
LPOP 262232.28
RPOP 523520.66
SADD 429439.59
HSET 330456.94
SPOP 567791.19
ZADD 338816.75
ZPOPMIN 533003.75
LPUSH 255608.75
LRANGE_100 25258.28
LRANGE_300 10469.78
LRANGE_500 6342.63
LRANGE_600 5163.83
MSET 78101.83
==> Found running redis-server process(es): 12537
==> Stopping redis-server with SIGTERM
==> redis-server stopped gracefully.
==> Script finished successfully. All results are in __results_redis__
