tsan_compiler.sh: ignoring LLVM_ROOT_PATH=/home/alexey/dev/llvm-project/llvm/build (not the TSan prototype tree)
tsan_compiler.sh: using /home/alexey/dev/llvm-project-focs-lab/llvm/build/bin/clang (clang version 19.0.0git (https://github.com/focs-lab/llvm-project 729521af89653b1bac211c03203ab160d5cb71d0))
==> Running in test-only mode.
==> Checking for pre-existing redis-server processes before running benchmarks.
==> Switching to polygon directory for tests.
==> Testing dom_peeling
PING_INLINE 497240.53
PING_MBULK 701084.75
SET 343678.47
GET 443068.22
INCR 413921.38
RPUSH 267642.59
LPOP 233313.42
RPOP 464245.03
SADD 342267.53
HSET 302158.84
SPOP 458290.41
ZADD 297221.62
ZPOPMIN 505276.75
LPUSH 222295.17
LRANGE_100 25767.71
LRANGE_300 8704.00
LRANGE_500 5357.79
LRANGE_600 4307.98
MSET 59574.39
==> Found running redis-server process(es): 2164316
==> Stopping redis-server with SIGTERM
==> redis-server stopped gracefully.
==> Script finished successfully. All results are in __results_redis__
