tsan_compiler.sh: ignoring LLVM_ROOT_PATH=/home/alexey/dev/llvm-project/llvm/build (not the TSan prototype tree)
tsan_compiler.sh: using /home/alexey/dev/llvm-project-focs-lab/llvm/build/bin/clang (clang version 19.0.0git (https://github.com/focs-lab/llvm-project 729521af89653b1bac211c03203ab160d5cb71d0))
==> Running in test-only mode.
==> Checking for pre-existing redis-server processes before running benchmarks.
==> Switching to polygon directory for tests.
==> Testing tsan
PING_INLINE 460399.44
PING_MBULK 731321.62
SET 319435.31
GET 396688.34
INCR 411707.00
RPUSH 253085.75
LPOP 233968.19
RPOP 456408.78
SADD 357673.09
HSET 284056.78
SPOP 518366.84
ZADD 271713.22
ZPOPMIN 487073.06
LPUSH 216079.47
LRANGE_100 23683.20
LRANGE_300 8616.80
LRANGE_500 5252.34
LRANGE_600 4389.96
MSET 59003.49
==> Found running redis-server process(es): 2253433
==> Stopping redis-server with SIGTERM
==> redis-server stopped gracefully.
==> Script finished successfully. All results are in __results_redis__
