tsan_compiler.sh: ignoring LLVM_ROOT_PATH=/home/alexey/dev/llvm-project/llvm/build (not the TSan prototype tree)
tsan_compiler.sh: using /home/alexey/dev/llvm-project-focs-lab/llvm/build/bin/clang (clang version 19.0.0git (https://github.com/focs-lab/llvm-project 729521af89653b1bac211c03203ab160d5cb71d0))
==> Running in test-only mode.
==> Checking for pre-existing redis-server processes before running benchmarks.
==> Switching to polygon directory for tests.
==> Testing dom_peeling-ea-lo-st-swmr-yoff
PING_INLINE 547291.06
PING_MBULK 786515.75
SET 354643.03
GET 432158.94
INCR 436495.62
RPUSH 274095.34
LPOP 241071.80
RPOP 489935.34
SADD 379965.06
HSET 290827.91
SPOP 558909.50
ZADD 318208.66
ZPOPMIN 564586.94
LPUSH 232824.77
LRANGE_100 26756.17
LRANGE_300 9175.36
LRANGE_500 5534.39
LRANGE_600 4579.00
MSET 66026.07
==> Found running redis-server process(es): 2609269
==> Stopping redis-server with SIGTERM
==> redis-server stopped gracefully.
==> Script finished successfully. All results are in __results_redis__
