tsan_compiler.sh: ignoring LLVM_ROOT_PATH=/home/alexey/dev/llvm-project/llvm/build (not the TSan prototype tree)
tsan_compiler.sh: using /home/alexey/dev/llvm-project-focs-lab/llvm/build/bin/clang (clang version 19.0.0git (https://github.com/focs-lab/llvm-project 729521af89653b1bac211c03203ab160d5cb71d0))
==> Running in test-only mode.
==> Checking for pre-existing redis-server processes before running benchmarks.
==> Switching to polygon directory for tests.
==> Testing lo
PING_INLINE 509393.09
PING_MBULK 800999.25
SET 333038.62
GET 418852.59
INCR 408846.75
RPUSH 261965.95
LPOP 241129.91
RPOP 476857.94
SADD 360651.78
HSET 310601.69
SPOP 527106.44
ZADD 291760.88
ZPOPMIN 502990.47
LPUSH 228256.45
LRANGE_100 25256.45
LRANGE_300 9227.59
LRANGE_500 5654.22
LRANGE_600 4719.36
MSET 65300.07
==> Found running redis-server process(es): 2399009
==> Stopping redis-server with SIGTERM
==> redis-server stopped gracefully.
==> Script finished successfully. All results are in __results_redis__
