tsan_compiler.sh: ignoring LLVM_ROOT_PATH=/home/alexey/dev/llvm-project/llvm/build (not the TSan prototype tree)
tsan_compiler.sh: using /home/alexey/dev/llvm-project-focs-lab/llvm/build/bin/clang (clang version 19.0.0git (https://github.com/focs-lab/llvm-project 729521af89653b1bac211c03203ab160d5cb71d0))
==> Running in test-only mode.
==> Checking for pre-existing redis-server processes before running benchmarks.
==> Switching to polygon directory for tests.
==> Testing dom_peeling-ea-lo-st-swmr
PING_INLINE 404548.31
PING_MBULK 705037.31
SET 316896.91
GET 415210.50
INCR 414194.59
RPUSH 241138.11
LPOP 231823.66
RPOP 444446.03
SADD 310474.00
HSET 247016.78
SPOP 474595.81
ZADD 243720.84
ZPOPMIN 460823.59
LPUSH 206839.94
LRANGE_100 22362.46
LRANGE_300 8389.95
LRANGE_500 5185.25
LRANGE_600 4339.20
MSET 57892.57
==> Found running redis-server process(es): 1941043
==> Stopping redis-server with SIGTERM
==> redis-server stopped gracefully.
==> Script finished successfully. All results are in __results_redis__
