tsan_compiler.sh: ignoring LLVM_ROOT_PATH=/home/alexey/dev/llvm-project/llvm/build (not the TSan prototype tree)
tsan_compiler.sh: using /home/alexey/dev/llvm-project-focs-lab/llvm/build/bin/clang (clang version 19.0.0git (https://github.com/focs-lab/llvm-project 729521af89653b1bac211c03203ab160d5cb71d0))
==> Running in test-only mode.
==> Checking for pre-existing redis-server processes before running benchmarks.
==> Switching to polygon directory for tests.
==> Testing lo
PING_INLINE 449639.56
PING_MBULK 714095.62
SET 337919.84
GET 449914.88
INCR 421534.91
RPUSH 245268.84
LPOP 225948.19
RPOP 472132.16
SADD 349068.47
HSET 258460.91
SPOP 494536.81
ZADD 283549.06
ZPOPMIN 517562.34
LPUSH 218213.55
LRANGE_100 22154.09
LRANGE_300 8488.20
LRANGE_500 5160.80
LRANGE_600 4384.65
MSET 59368.61
==> Found running redis-server process(es): 88692
==> Stopping redis-server with SIGTERM
==> redis-server stopped gracefully.
==> Script finished successfully. All results are in __results_redis__
