[warn] $LLVM_ROOT_PATH=/home/alexey/dev/llvm-project/llvm/build differs from --llvm-root=/extra/alexey/builds/tsan-audit-def2cf34faeb; the manifest describes the latter
output: /home/alexey/tsan-experiments/tools/preservation/results/memcached/2026-09-03-final-def2cf34faeb
compiler: clang version 19.0.0git (https://github.com/focs-lab/llvm-project def2cf34faebfccba8861fb9827373580bb6c6fc) branch=None head= ninja=None
TSAN_OPTIONS template: log_path=/home/alexey/tsan-experiments/tools/preservation/results/memcached/2026-09-03-final-def2cf34faeb/logs/memcached.<cfg>.0 exitcode=0 external_symbolizer_path=/extra/alexey/builds/tsan-audit-def2cf34faeb/bin/llvm-symbolizer
=== [1/40] memcached cfg=tsan run=11  (elapsed 0s)
[2026-09-03T02:42:15] memcached/tsan/run11/memcached: START /home/alexey/tsan-experiments/nosql/memcached/memcached-tsan/memcached -c 4096 -t 112 -p 7777 -U 0  (cwd=/home/alexey/tsan-experiments/nosql/memcached)
[2026-09-03T02:42:17] memcached/tsan/run11/memtier: /home/alexey/tsan-experiments/nosql/memcached/memtier_benchmark-2.1.1/memtier_benchmark --hide-histogram -t 10 -p 7777 -x 25 --pipeline 16 -P memcache_text --random-data  (cwd=/home/alexey/tsan-experiments/nosql/memcached)
    log files for this run: 1
=== [2/40] memcached cfg=tsan-all run=11  (elapsed 128s)
[2026-09-03T02:44:23] memcached/tsan-all/run11/memcached: START /home/alexey/tsan-experiments/nosql/memcached/memcached-tsan-all/memcached -c 4096 -t 112 -p 7777 -U 0  (cwd=/home/alexey/tsan-experiments/nosql/memcached)
[2026-09-03T02:44:25] memcached/tsan-all/run11/memtier: /home/alexey/tsan-experiments/nosql/memcached/memtier_benchmark-2.1.1/memtier_benchmark --hide-histogram -t 10 -p 7777 -x 25 --pipeline 16 -P memcache_text --random-data  (cwd=/home/alexey/tsan-experiments/nosql/memcached)
    log files for this run: 1
=== [3/40] memcached cfg=tsan run=12  (elapsed 233s)
[2026-09-03T02:46:09] memcached/tsan/run12/memcached: START /home/alexey/tsan-experiments/nosql/memcached/memcached-tsan/memcached -c 4096 -t 112 -p 7777 -U 0  (cwd=/home/alexey/tsan-experiments/nosql/memcached)
[2026-09-03T02:46:10] memcached/tsan/run12/memtier: /home/alexey/tsan-experiments/nosql/memcached/memtier_benchmark-2.1.1/memtier_benchmark --hide-histogram -t 10 -p 7777 -x 25 --pipeline 16 -P memcache_text --random-data  (cwd=/home/alexey/tsan-experiments/nosql/memcached)
    log files for this run: 1
=== [4/40] memcached cfg=tsan-all run=12  (elapsed 361s)
[2026-09-03T02:48:17] memcached/tsan-all/run12/memcached: START /home/alexey/tsan-experiments/nosql/memcached/memcached-tsan-all/memcached -c 4096 -t 112 -p 7777 -U 0  (cwd=/home/alexey/tsan-experiments/nosql/memcached)
[2026-09-03T02:48:19] memcached/tsan-all/run12/memtier: /home/alexey/tsan-experiments/nosql/memcached/memtier_benchmark-2.1.1/memtier_benchmark --hide-histogram -t 10 -p 7777 -x 25 --pipeline 16 -P memcache_text --random-data  (cwd=/home/alexey/tsan-experiments/nosql/memcached)
    log files for this run: 1
=== [5/40] memcached cfg=tsan run=13  (elapsed 468s)
[2026-09-03T02:50:03] memcached/tsan/run13/memcached: START /home/alexey/tsan-experiments/nosql/memcached/memcached-tsan/memcached -c 4096 -t 112 -p 7777 -U 0  (cwd=/home/alexey/tsan-experiments/nosql/memcached)
[2026-09-03T02:50:05] memcached/tsan/run13/memtier: /home/alexey/tsan-experiments/nosql/memcached/memtier_benchmark-2.1.1/memtier_benchmark --hide-histogram -t 10 -p 7777 -x 25 --pipeline 16 -P memcache_text --random-data  (cwd=/home/alexey/tsan-experiments/nosql/memcached)
    log files for this run: 1
=== [6/40] memcached cfg=tsan-all run=13  (elapsed 596s)
[2026-09-03T02:52:12] memcached/tsan-all/run13/memcached: START /home/alexey/tsan-experiments/nosql/memcached/memcached-tsan-all/memcached -c 4096 -t 112 -p 7777 -U 0  (cwd=/home/alexey/tsan-experiments/nosql/memcached)
[2026-09-03T02:52:13] memcached/tsan-all/run13/memtier: /home/alexey/tsan-experiments/nosql/memcached/memtier_benchmark-2.1.1/memtier_benchmark --hide-histogram -t 10 -p 7777 -x 25 --pipeline 16 -P memcache_text --random-data  (cwd=/home/alexey/tsan-experiments/nosql/memcached)
    log files for this run: 1
=== [7/40] memcached cfg=tsan run=14  (elapsed 700s)
[2026-09-03T02:53:56] memcached/tsan/run14/memcached: START /home/alexey/tsan-experiments/nosql/memcached/memcached-tsan/memcached -c 4096 -t 112 -p 7777 -U 0  (cwd=/home/alexey/tsan-experiments/nosql/memcached)
[2026-09-03T02:53:57] memcached/tsan/run14/memtier: /home/alexey/tsan-experiments/nosql/memcached/memtier_benchmark-2.1.1/memtier_benchmark --hide-histogram -t 10 -p 7777 -x 25 --pipeline 16 -P memcache_text --random-data  (cwd=/home/alexey/tsan-experiments/nosql/memcached)
    log files for this run: 1
=== [8/40] memcached cfg=tsan-all run=14  (elapsed 829s)
[2026-09-03T02:56:04] memcached/tsan-all/run14/memcached: START /home/alexey/tsan-experiments/nosql/memcached/memcached-tsan-all/memcached -c 4096 -t 112 -p 7777 -U 0  (cwd=/home/alexey/tsan-experiments/nosql/memcached)
[2026-09-03T02:56:06] memcached/tsan-all/run14/memtier: /home/alexey/tsan-experiments/nosql/memcached/memtier_benchmark-2.1.1/memtier_benchmark --hide-histogram -t 10 -p 7777 -x 25 --pipeline 16 -P memcache_text --random-data  (cwd=/home/alexey/tsan-experiments/nosql/memcached)
    log files for this run: 1
=== [9/40] memcached cfg=tsan run=15  (elapsed 939s)
[2026-09-03T02:57:54] memcached/tsan/run15/memcached: START /home/alexey/tsan-experiments/nosql/memcached/memcached-tsan/memcached -c 4096 -t 112 -p 7777 -U 0  (cwd=/home/alexey/tsan-experiments/nosql/memcached)
[2026-09-03T02:57:56] memcached/tsan/run15/memtier: /home/alexey/tsan-experiments/nosql/memcached/memtier_benchmark-2.1.1/memtier_benchmark --hide-histogram -t 10 -p 7777 -x 25 --pipeline 16 -P memcache_text --random-data  (cwd=/home/alexey/tsan-experiments/nosql/memcached)
    log files for this run: 1
=== [10/40] memcached cfg=tsan-all run=15  (elapsed 1067s)
[2026-09-03T03:00:03] memcached/tsan-all/run15/memcached: START /home/alexey/tsan-experiments/nosql/memcached/memcached-tsan-all/memcached -c 4096 -t 112 -p 7777 -U 0  (cwd=/home/alexey/tsan-experiments/nosql/memcached)
[2026-09-03T03:00:04] memcached/tsan-all/run15/memtier: /home/alexey/tsan-experiments/nosql/memcached/memtier_benchmark-2.1.1/memtier_benchmark --hide-histogram -t 10 -p 7777 -x 25 --pipeline 16 -P memcache_text --random-data  (cwd=/home/alexey/tsan-experiments/nosql/memcached)
    log files for this run: 1
=== [11/40] memcached cfg=tsan run=16  (elapsed 1202s)
[2026-09-03T03:02:18] memcached/tsan/run16/memcached: START /home/alexey/tsan-experiments/nosql/memcached/memcached-tsan/memcached -c 4096 -t 112 -p 7777 -U 0  (cwd=/home/alexey/tsan-experiments/nosql/memcached)
[2026-09-03T03:02:20] memcached/tsan/run16/memtier: /home/alexey/tsan-experiments/nosql/memcached/memtier_benchmark-2.1.1/memtier_benchmark --hide-histogram -t 10 -p 7777 -x 25 --pipeline 16 -P memcache_text --random-data  (cwd=/home/alexey/tsan-experiments/nosql/memcached)
    log files for this run: 1
=== [12/40] memcached cfg=tsan-all run=16  (elapsed 1340s)
[2026-09-03T03:04:35] memcached/tsan-all/run16/memcached: START /home/alexey/tsan-experiments/nosql/memcached/memcached-tsan-all/memcached -c 4096 -t 112 -p 7777 -U 0  (cwd=/home/alexey/tsan-experiments/nosql/memcached)
[2026-09-03T03:04:37] memcached/tsan-all/run16/memtier: /home/alexey/tsan-experiments/nosql/memcached/memtier_benchmark-2.1.1/memtier_benchmark --hide-histogram -t 10 -p 7777 -x 25 --pipeline 16 -P memcache_text --random-data  (cwd=/home/alexey/tsan-experiments/nosql/memcached)
    log files for this run: 1
=== [13/40] memcached cfg=tsan run=17  (elapsed 1446s)
[2026-09-03T03:06:22] memcached/tsan/run17/memcached: START /home/alexey/tsan-experiments/nosql/memcached/memcached-tsan/memcached -c 4096 -t 112 -p 7777 -U 0  (cwd=/home/alexey/tsan-experiments/nosql/memcached)
[2026-09-03T03:06:23] memcached/tsan/run17/memtier: /home/alexey/tsan-experiments/nosql/memcached/memtier_benchmark-2.1.1/memtier_benchmark --hide-histogram -t 10 -p 7777 -x 25 --pipeline 16 -P memcache_text --random-data  (cwd=/home/alexey/tsan-experiments/nosql/memcached)
    log files for this run: 1
=== [14/40] memcached cfg=tsan-all run=17  (elapsed 1574s)
[2026-09-03T03:08:30] memcached/tsan-all/run17/memcached: START /home/alexey/tsan-experiments/nosql/memcached/memcached-tsan-all/memcached -c 4096 -t 112 -p 7777 -U 0  (cwd=/home/alexey/tsan-experiments/nosql/memcached)
[2026-09-03T03:08:31] memcached/tsan-all/run17/memtier: /home/alexey/tsan-experiments/nosql/memcached/memtier_benchmark-2.1.1/memtier_benchmark --hide-histogram -t 10 -p 7777 -x 25 --pipeline 16 -P memcache_text --random-data  (cwd=/home/alexey/tsan-experiments/nosql/memcached)
    log files for this run: 1
=== [15/40] memcached cfg=tsan run=18  (elapsed 1681s)
[2026-09-03T03:10:16] memcached/tsan/run18/memcached: START /home/alexey/tsan-experiments/nosql/memcached/memcached-tsan/memcached -c 4096 -t 112 -p 7777 -U 0  (cwd=/home/alexey/tsan-experiments/nosql/memcached)
[2026-09-03T03:10:18] memcached/tsan/run18/memtier: /home/alexey/tsan-experiments/nosql/memcached/memtier_benchmark-2.1.1/memtier_benchmark --hide-histogram -t 10 -p 7777 -x 25 --pipeline 16 -P memcache_text --random-data  (cwd=/home/alexey/tsan-experiments/nosql/memcached)
    log files for this run: 1
=== [16/40] memcached cfg=tsan-all run=18  (elapsed 1809s)
[2026-09-03T03:12:25] memcached/tsan-all/run18/memcached: START /home/alexey/tsan-experiments/nosql/memcached/memcached-tsan-all/memcached -c 4096 -t 112 -p 7777 -U 0  (cwd=/home/alexey/tsan-experiments/nosql/memcached)
[2026-09-03T03:12:26] memcached/tsan-all/run18/memtier: /home/alexey/tsan-experiments/nosql/memcached/memtier_benchmark-2.1.1/memtier_benchmark --hide-histogram -t 10 -p 7777 -x 25 --pipeline 16 -P memcache_text --random-data  (cwd=/home/alexey/tsan-experiments/nosql/memcached)
    log files for this run: 1
=== [17/40] memcached cfg=tsan run=19  (elapsed 1927s)
[2026-09-03T03:14:23] memcached/tsan/run19/memcached: START /home/alexey/tsan-experiments/nosql/memcached/memcached-tsan/memcached -c 4096 -t 112 -p 7777 -U 0  (cwd=/home/alexey/tsan-experiments/nosql/memcached)
[2026-09-03T03:14:24] memcached/tsan/run19/memtier: /home/alexey/tsan-experiments/nosql/memcached/memtier_benchmark-2.1.1/memtier_benchmark --hide-histogram -t 10 -p 7777 -x 25 --pipeline 16 -P memcache_text --random-data  (cwd=/home/alexey/tsan-experiments/nosql/memcached)
    log files for this run: 1
=== [18/40] memcached cfg=tsan-all run=19  (elapsed 2056s)
[2026-09-03T03:16:31] memcached/tsan-all/run19/memcached: START /home/alexey/tsan-experiments/nosql/memcached/memcached-tsan-all/memcached -c 4096 -t 112 -p 7777 -U 0  (cwd=/home/alexey/tsan-experiments/nosql/memcached)
[2026-09-03T03:16:33] memcached/tsan-all/run19/memtier: /home/alexey/tsan-experiments/nosql/memcached/memtier_benchmark-2.1.1/memtier_benchmark --hide-histogram -t 10 -p 7777 -x 25 --pipeline 16 -P memcache_text --random-data  (cwd=/home/alexey/tsan-experiments/nosql/memcached)
    log files for this run: 1
=== [19/40] memcached cfg=tsan run=20  (elapsed 2181s)
[2026-09-03T03:18:36] memcached/tsan/run20/memcached: START /home/alexey/tsan-experiments/nosql/memcached/memcached-tsan/memcached -c 4096 -t 112 -p 7777 -U 0  (cwd=/home/alexey/tsan-experiments/nosql/memcached)
[2026-09-03T03:18:38] memcached/tsan/run20/memtier: /home/alexey/tsan-experiments/nosql/memcached/memtier_benchmark-2.1.1/memtier_benchmark --hide-histogram -t 10 -p 7777 -x 25 --pipeline 16 -P memcache_text --random-data  (cwd=/home/alexey/tsan-experiments/nosql/memcached)
    log files for this run: 1
=== [20/40] memcached cfg=tsan-all run=20  (elapsed 2309s)
[2026-09-03T03:20:45] memcached/tsan-all/run20/memcached: START /home/alexey/tsan-experiments/nosql/memcached/memcached-tsan-all/memcached -c 4096 -t 112 -p 7777 -U 0  (cwd=/home/alexey/tsan-experiments/nosql/memcached)
[2026-09-03T03:20:46] memcached/tsan-all/run20/memtier: /home/alexey/tsan-experiments/nosql/memcached/memtier_benchmark-2.1.1/memtier_benchmark --hide-histogram -t 10 -p 7777 -x 25 --pipeline 16 -P memcache_text --random-data  (cwd=/home/alexey/tsan-experiments/nosql/memcached)
    log files for this run: 1
=== [21/40] memcached cfg=tsan run=21  (elapsed 2440s)
[2026-09-03T03:22:56] memcached/tsan/run21/memcached: START /home/alexey/tsan-experiments/nosql/memcached/memcached-tsan/memcached -c 4096 -t 112 -p 7777 -U 0  (cwd=/home/alexey/tsan-experiments/nosql/memcached)
[2026-09-03T03:22:58] memcached/tsan/run21/memtier: /home/alexey/tsan-experiments/nosql/memcached/memtier_benchmark-2.1.1/memtier_benchmark --hide-histogram -t 10 -p 7777 -x 25 --pipeline 16 -P memcache_text --random-data  (cwd=/home/alexey/tsan-experiments/nosql/memcached)
    log files for this run: 1
=== [22/40] memcached cfg=tsan-all run=21  (elapsed 2569s)
[2026-09-03T03:25:04] memcached/tsan-all/run21/memcached: START /home/alexey/tsan-experiments/nosql/memcached/memcached-tsan-all/memcached -c 4096 -t 112 -p 7777 -U 0  (cwd=/home/alexey/tsan-experiments/nosql/memcached)
[2026-09-03T03:25:06] memcached/tsan-all/run21/memtier: /home/alexey/tsan-experiments/nosql/memcached/memtier_benchmark-2.1.1/memtier_benchmark --hide-histogram -t 10 -p 7777 -x 25 --pipeline 16 -P memcache_text --random-data  (cwd=/home/alexey/tsan-experiments/nosql/memcached)
    log files for this run: 1
=== [23/40] memcached cfg=tsan run=22  (elapsed 2697s)
[2026-09-03T03:27:13] memcached/tsan/run22/memcached: START /home/alexey/tsan-experiments/nosql/memcached/memcached-tsan/memcached -c 4096 -t 112 -p 7777 -U 0  (cwd=/home/alexey/tsan-experiments/nosql/memcached)
[2026-09-03T03:27:14] memcached/tsan/run22/memtier: /home/alexey/tsan-experiments/nosql/memcached/memtier_benchmark-2.1.1/memtier_benchmark --hide-histogram -t 10 -p 7777 -x 25 --pipeline 16 -P memcache_text --random-data  (cwd=/home/alexey/tsan-experiments/nosql/memcached)
    log files for this run: 1
=== [24/40] memcached cfg=tsan-all run=22  (elapsed 2825s)
[2026-09-03T03:29:21] memcached/tsan-all/run22/memcached: START /home/alexey/tsan-experiments/nosql/memcached/memcached-tsan-all/memcached -c 4096 -t 112 -p 7777 -U 0  (cwd=/home/alexey/tsan-experiments/nosql/memcached)
[2026-09-03T03:29:22] memcached/tsan-all/run22/memtier: /home/alexey/tsan-experiments/nosql/memcached/memtier_benchmark-2.1.1/memtier_benchmark --hide-histogram -t 10 -p 7777 -x 25 --pipeline 16 -P memcache_text --random-data  (cwd=/home/alexey/tsan-experiments/nosql/memcached)
    log files for this run: 1
=== [25/40] memcached cfg=tsan run=23  (elapsed 2954s)
[2026-09-03T03:31:29] memcached/tsan/run23/memcached: START /home/alexey/tsan-experiments/nosql/memcached/memcached-tsan/memcached -c 4096 -t 112 -p 7777 -U 0  (cwd=/home/alexey/tsan-experiments/nosql/memcached)
[2026-09-03T03:31:31] memcached/tsan/run23/memtier: /home/alexey/tsan-experiments/nosql/memcached/memtier_benchmark-2.1.1/memtier_benchmark --hide-histogram -t 10 -p 7777 -x 25 --pipeline 16 -P memcache_text --random-data  (cwd=/home/alexey/tsan-experiments/nosql/memcached)
    log files for this run: 1
=== [26/40] memcached cfg=tsan-all run=23  (elapsed 3082s)
[2026-09-03T03:33:38] memcached/tsan-all/run23/memcached: START /home/alexey/tsan-experiments/nosql/memcached/memcached-tsan-all/memcached -c 4096 -t 112 -p 7777 -U 0  (cwd=/home/alexey/tsan-experiments/nosql/memcached)
[2026-09-03T03:33:39] memcached/tsan-all/run23/memtier: /home/alexey/tsan-experiments/nosql/memcached/memtier_benchmark-2.1.1/memtier_benchmark --hide-histogram -t 10 -p 7777 -x 25 --pipeline 16 -P memcache_text --random-data  (cwd=/home/alexey/tsan-experiments/nosql/memcached)
    log files for this run: 1
=== [27/40] memcached cfg=tsan run=24  (elapsed 3210s)
[2026-09-03T03:35:46] memcached/tsan/run24/memcached: START /home/alexey/tsan-experiments/nosql/memcached/memcached-tsan/memcached -c 4096 -t 112 -p 7777 -U 0  (cwd=/home/alexey/tsan-experiments/nosql/memcached)
[2026-09-03T03:35:47] memcached/tsan/run24/memtier: /home/alexey/tsan-experiments/nosql/memcached/memtier_benchmark-2.1.1/memtier_benchmark --hide-histogram -t 10 -p 7777 -x 25 --pipeline 16 -P memcache_text --random-data  (cwd=/home/alexey/tsan-experiments/nosql/memcached)
    log files for this run: 1
=== [28/40] memcached cfg=tsan-all run=24  (elapsed 3339s)
[2026-09-03T03:37:55] memcached/tsan-all/run24/memcached: START /home/alexey/tsan-experiments/nosql/memcached/memcached-tsan-all/memcached -c 4096 -t 112 -p 7777 -U 0  (cwd=/home/alexey/tsan-experiments/nosql/memcached)
[2026-09-03T03:37:57] memcached/tsan-all/run24/memtier: /home/alexey/tsan-experiments/nosql/memcached/memtier_benchmark-2.1.1/memtier_benchmark --hide-histogram -t 10 -p 7777 -x 25 --pipeline 16 -P memcache_text --random-data  (cwd=/home/alexey/tsan-experiments/nosql/memcached)
    log files for this run: 1
=== [29/40] memcached cfg=tsan run=25  (elapsed 3468s)
[2026-09-03T03:40:03] memcached/tsan/run25/memcached: START /home/alexey/tsan-experiments/nosql/memcached/memcached-tsan/memcached -c 4096 -t 112 -p 7777 -U 0  (cwd=/home/alexey/tsan-experiments/nosql/memcached)
[2026-09-03T03:40:05] memcached/tsan/run25/memtier: /home/alexey/tsan-experiments/nosql/memcached/memtier_benchmark-2.1.1/memtier_benchmark --hide-histogram -t 10 -p 7777 -x 25 --pipeline 16 -P memcache_text --random-data  (cwd=/home/alexey/tsan-experiments/nosql/memcached)
    log files for this run: 1
=== [30/40] memcached cfg=tsan-all run=25  (elapsed 3597s)
[2026-09-03T03:42:13] memcached/tsan-all/run25/memcached: START /home/alexey/tsan-experiments/nosql/memcached/memcached-tsan-all/memcached -c 4096 -t 112 -p 7777 -U 0  (cwd=/home/alexey/tsan-experiments/nosql/memcached)
[2026-09-03T03:42:14] memcached/tsan-all/run25/memtier: /home/alexey/tsan-experiments/nosql/memcached/memtier_benchmark-2.1.1/memtier_benchmark --hide-histogram -t 10 -p 7777 -x 25 --pipeline 16 -P memcache_text --random-data  (cwd=/home/alexey/tsan-experiments/nosql/memcached)
    log files for this run: 1
=== [31/40] memcached cfg=tsan run=26  (elapsed 3725s)
[2026-09-03T03:44:21] memcached/tsan/run26/memcached: START /home/alexey/tsan-experiments/nosql/memcached/memcached-tsan/memcached -c 4096 -t 112 -p 7777 -U 0  (cwd=/home/alexey/tsan-experiments/nosql/memcached)
[2026-09-03T03:44:22] memcached/tsan/run26/memtier: /home/alexey/tsan-experiments/nosql/memcached/memtier_benchmark-2.1.1/memtier_benchmark --hide-histogram -t 10 -p 7777 -x 25 --pipeline 16 -P memcache_text --random-data  (cwd=/home/alexey/tsan-experiments/nosql/memcached)
    log files for this run: 1
=== [32/40] memcached cfg=tsan-all run=26  (elapsed 3854s)
[2026-09-03T03:46:29] memcached/tsan-all/run26/memcached: START /home/alexey/tsan-experiments/nosql/memcached/memcached-tsan-all/memcached -c 4096 -t 112 -p 7777 -U 0  (cwd=/home/alexey/tsan-experiments/nosql/memcached)
[2026-09-03T03:46:31] memcached/tsan-all/run26/memtier: /home/alexey/tsan-experiments/nosql/memcached/memtier_benchmark-2.1.1/memtier_benchmark --hide-histogram -t 10 -p 7777 -x 25 --pipeline 16 -P memcache_text --random-data  (cwd=/home/alexey/tsan-experiments/nosql/memcached)
    log files for this run: 1
=== [33/40] memcached cfg=tsan run=27  (elapsed 3983s)
[2026-09-03T03:48:39] memcached/tsan/run27/memcached: START /home/alexey/tsan-experiments/nosql/memcached/memcached-tsan/memcached -c 4096 -t 112 -p 7777 -U 0  (cwd=/home/alexey/tsan-experiments/nosql/memcached)
[2026-09-03T03:48:40] memcached/tsan/run27/memtier: /home/alexey/tsan-experiments/nosql/memcached/memtier_benchmark-2.1.1/memtier_benchmark --hide-histogram -t 10 -p 7777 -x 25 --pipeline 16 -P memcache_text --random-data  (cwd=/home/alexey/tsan-experiments/nosql/memcached)
    log files for this run: 1
=== [34/40] memcached cfg=tsan-all run=27  (elapsed 4115s)
[2026-09-03T03:50:51] memcached/tsan-all/run27/memcached: START /home/alexey/tsan-experiments/nosql/memcached/memcached-tsan-all/memcached -c 4096 -t 112 -p 7777 -U 0  (cwd=/home/alexey/tsan-experiments/nosql/memcached)
[2026-09-03T03:50:52] memcached/tsan-all/run27/memtier: /home/alexey/tsan-experiments/nosql/memcached/memtier_benchmark-2.1.1/memtier_benchmark --hide-histogram -t 10 -p 7777 -x 25 --pipeline 16 -P memcache_text --random-data  (cwd=/home/alexey/tsan-experiments/nosql/memcached)
    log files for this run: 1
=== [35/40] memcached cfg=tsan run=28  (elapsed 4347s)
[2026-09-03T03:54:42] memcached/tsan/run28/memcached: START /home/alexey/tsan-experiments/nosql/memcached/memcached-tsan/memcached -c 4096 -t 112 -p 7777 -U 0  (cwd=/home/alexey/tsan-experiments/nosql/memcached)
[2026-09-03T03:54:44] memcached/tsan/run28/memtier: /home/alexey/tsan-experiments/nosql/memcached/memtier_benchmark-2.1.1/memtier_benchmark --hide-histogram -t 10 -p 7777 -x 25 --pipeline 16 -P memcache_text --random-data  (cwd=/home/alexey/tsan-experiments/nosql/memcached)
    log files for this run: 1
=== [36/40] memcached cfg=tsan-all run=28  (elapsed 4527s)
[2026-09-03T03:57:43] memcached/tsan-all/run28/memcached: START /home/alexey/tsan-experiments/nosql/memcached/memcached-tsan-all/memcached -c 4096 -t 112 -p 7777 -U 0  (cwd=/home/alexey/tsan-experiments/nosql/memcached)
[2026-09-03T03:57:44] memcached/tsan-all/run28/memtier: /home/alexey/tsan-experiments/nosql/memcached/memtier_benchmark-2.1.1/memtier_benchmark --hide-histogram -t 10 -p 7777 -x 25 --pipeline 16 -P memcache_text --random-data  (cwd=/home/alexey/tsan-experiments/nosql/memcached)
    log files for this run: 1
=== [37/40] memcached cfg=tsan run=29  (elapsed 4655s)
[2026-09-03T03:59:51] memcached/tsan/run29/memcached: START /home/alexey/tsan-experiments/nosql/memcached/memcached-tsan/memcached -c 4096 -t 112 -p 7777 -U 0  (cwd=/home/alexey/tsan-experiments/nosql/memcached)
[2026-09-03T03:59:53] memcached/tsan/run29/memtier: /home/alexey/tsan-experiments/nosql/memcached/memtier_benchmark-2.1.1/memtier_benchmark --hide-histogram -t 10 -p 7777 -x 25 --pipeline 16 -P memcache_text --random-data  (cwd=/home/alexey/tsan-experiments/nosql/memcached)
    log files for this run: 1
=== [38/40] memcached cfg=tsan-all run=29  (elapsed 4784s)
[2026-09-03T04:01:59] memcached/tsan-all/run29/memcached: START /home/alexey/tsan-experiments/nosql/memcached/memcached-tsan-all/memcached -c 4096 -t 112 -p 7777 -U 0  (cwd=/home/alexey/tsan-experiments/nosql/memcached)
[2026-09-03T04:02:01] memcached/tsan-all/run29/memtier: /home/alexey/tsan-experiments/nosql/memcached/memtier_benchmark-2.1.1/memtier_benchmark --hide-histogram -t 10 -p 7777 -x 25 --pipeline 16 -P memcache_text --random-data  (cwd=/home/alexey/tsan-experiments/nosql/memcached)
    log files for this run: 1
=== [39/40] memcached cfg=tsan run=30  (elapsed 4900s)
[2026-09-03T04:03:56] memcached/tsan/run30/memcached: START /home/alexey/tsan-experiments/nosql/memcached/memcached-tsan/memcached -c 4096 -t 112 -p 7777 -U 0  (cwd=/home/alexey/tsan-experiments/nosql/memcached)
[2026-09-03T04:03:57] memcached/tsan/run30/memtier: /home/alexey/tsan-experiments/nosql/memcached/memtier_benchmark-2.1.1/memtier_benchmark --hide-histogram -t 10 -p 7777 -x 25 --pipeline 16 -P memcache_text --random-data  (cwd=/home/alexey/tsan-experiments/nosql/memcached)
    log files for this run: 1
=== [40/40] memcached cfg=tsan-all run=30  (elapsed 5028s)
[2026-09-03T04:06:04] memcached/tsan-all/run30/memcached: START /home/alexey/tsan-experiments/nosql/memcached/memcached-tsan-all/memcached -c 4096 -t 112 -p 7777 -U 0  (cwd=/home/alexey/tsan-experiments/nosql/memcached)
[2026-09-03T04:06:06] memcached/tsan-all/run30/memtier: /home/alexey/tsan-experiments/nosql/memcached/memtier_benchmark-2.1.1/memtier_benchmark --hide-histogram -t 10 -p 7777 -x 25 --pipeline 16 -P memcache_text --random-data  (cwd=/home/alexey/tsan-experiments/nosql/memcached)
    log files for this run: 1
done in 5146s. Aggregate with:
  /home/alexey/tsan-experiments/tools/preservation/tsan_reports.py aggregate --results-dir /home/alexey/tsan-experiments/tools/preservation/results/memcached/2026-09-03-final-def2cf34faeb/logs --baseline tsan
