[warn] $LLVM_ROOT_PATH=/home/alexey/dev/llvm-project/llvm/build differs from --llvm-root=/extra/alexey/builds/tsan-audit-def2cf34faeb; the manifest describes the latter
output: /home/alexey/tsan-experiments/tools/preservation/results/memcached/2026-09-03-final-def2cf34faeb
compiler: clang version 19.0.0git (https://github.com/focs-lab/llvm-project def2cf34faebfccba8861fb9827373580bb6c6fc) branch=None head= ninja=None
TSAN_OPTIONS template: log_path=/home/alexey/tsan-experiments/tools/preservation/results/memcached/2026-09-03-final-def2cf34faeb/logs/memcached.<cfg>.0 exitcode=0 external_symbolizer_path=/extra/alexey/builds/tsan-audit-def2cf34faeb/bin/llvm-symbolizer
=== [1/30] memcached cfg=tsan run=1  (elapsed 0s)
[2026-09-03T01:36:48] memcached/tsan/run1/memcached: START /home/alexey/tsan-experiments/nosql/memcached/memcached-tsan/memcached -c 4096 -t 112 -p 7777 -U 0  (cwd=/home/alexey/tsan-experiments/nosql/memcached)
[2026-09-03T01:36:49] memcached/tsan/run1/memtier: /home/alexey/tsan-experiments/nosql/memcached/memtier_benchmark-2.1.1/memtier_benchmark --hide-histogram -t 10 -p 7777 -x 25 --pipeline 16 -P memcache_text --random-data  (cwd=/home/alexey/tsan-experiments/nosql/memcached)
    log files for this run: 1
=== [2/30] memcached cfg=tsan-sound run=1  (elapsed 130s)
[2026-09-03T01:38:58] memcached/tsan-sound/run1/memcached: START /home/alexey/tsan-experiments/nosql/memcached/memcached-tsan-sound/memcached -c 4096 -t 112 -p 7777 -U 0  (cwd=/home/alexey/tsan-experiments/nosql/memcached)
[2026-09-03T01:39:00] memcached/tsan-sound/run1/memtier: /home/alexey/tsan-experiments/nosql/memcached/memtier_benchmark-2.1.1/memtier_benchmark --hide-histogram -t 10 -p 7777 -x 25 --pipeline 16 -P memcache_text --random-data  (cwd=/home/alexey/tsan-experiments/nosql/memcached)
    log files for this run: 1
=== [3/30] memcached cfg=tsan-all run=1  (elapsed 248s)
[2026-09-03T01:40:56] memcached/tsan-all/run1/memcached: START /home/alexey/tsan-experiments/nosql/memcached/memcached-tsan-all/memcached -c 4096 -t 112 -p 7777 -U 0  (cwd=/home/alexey/tsan-experiments/nosql/memcached)
[2026-09-03T01:40:58] memcached/tsan-all/run1/memtier: /home/alexey/tsan-experiments/nosql/memcached/memtier_benchmark-2.1.1/memtier_benchmark --hide-histogram -t 10 -p 7777 -x 25 --pipeline 16 -P memcache_text --random-data  (cwd=/home/alexey/tsan-experiments/nosql/memcached)
    log files for this run: 1
=== [4/30] memcached cfg=tsan run=2  (elapsed 376s)
[2026-09-03T01:43:05] memcached/tsan/run2/memcached: START /home/alexey/tsan-experiments/nosql/memcached/memcached-tsan/memcached -c 4096 -t 112 -p 7777 -U 0  (cwd=/home/alexey/tsan-experiments/nosql/memcached)
[2026-09-03T01:43:06] memcached/tsan/run2/memtier: /home/alexey/tsan-experiments/nosql/memcached/memtier_benchmark-2.1.1/memtier_benchmark --hide-histogram -t 10 -p 7777 -x 25 --pipeline 16 -P memcache_text --random-data  (cwd=/home/alexey/tsan-experiments/nosql/memcached)
    log files for this run: 1
=== [5/30] memcached cfg=tsan-sound run=2  (elapsed 505s)
[2026-09-03T01:45:13] memcached/tsan-sound/run2/memcached: START /home/alexey/tsan-experiments/nosql/memcached/memcached-tsan-sound/memcached -c 4096 -t 112 -p 7777 -U 0  (cwd=/home/alexey/tsan-experiments/nosql/memcached)
[2026-09-03T01:45:14] memcached/tsan-sound/run2/memtier: /home/alexey/tsan-experiments/nosql/memcached/memtier_benchmark-2.1.1/memtier_benchmark --hide-histogram -t 10 -p 7777 -x 25 --pipeline 16 -P memcache_text --random-data  (cwd=/home/alexey/tsan-experiments/nosql/memcached)
    log files for this run: 1
=== [6/30] memcached cfg=tsan-all run=2  (elapsed 633s)
[2026-09-03T01:47:21] memcached/tsan-all/run2/memcached: START /home/alexey/tsan-experiments/nosql/memcached/memcached-tsan-all/memcached -c 4096 -t 112 -p 7777 -U 0  (cwd=/home/alexey/tsan-experiments/nosql/memcached)
[2026-09-03T01:47:23] memcached/tsan-all/run2/memtier: /home/alexey/tsan-experiments/nosql/memcached/memtier_benchmark-2.1.1/memtier_benchmark --hide-histogram -t 10 -p 7777 -x 25 --pipeline 16 -P memcache_text --random-data  (cwd=/home/alexey/tsan-experiments/nosql/memcached)
    log files for this run: 1
=== [7/30] memcached cfg=tsan run=3  (elapsed 753s)
[2026-09-03T01:49:22] memcached/tsan/run3/memcached: START /home/alexey/tsan-experiments/nosql/memcached/memcached-tsan/memcached -c 4096 -t 112 -p 7777 -U 0  (cwd=/home/alexey/tsan-experiments/nosql/memcached)
[2026-09-03T01:49:23] memcached/tsan/run3/memtier: /home/alexey/tsan-experiments/nosql/memcached/memtier_benchmark-2.1.1/memtier_benchmark --hide-histogram -t 10 -p 7777 -x 25 --pipeline 16 -P memcache_text --random-data  (cwd=/home/alexey/tsan-experiments/nosql/memcached)
    log files for this run: 1
=== [8/30] memcached cfg=tsan-sound run=3  (elapsed 886s)
[2026-09-03T01:51:34] memcached/tsan-sound/run3/memcached: START /home/alexey/tsan-experiments/nosql/memcached/memcached-tsan-sound/memcached -c 4096 -t 112 -p 7777 -U 0  (cwd=/home/alexey/tsan-experiments/nosql/memcached)
[2026-09-03T01:51:35] memcached/tsan-sound/run3/memtier: /home/alexey/tsan-experiments/nosql/memcached/memtier_benchmark-2.1.1/memtier_benchmark --hide-histogram -t 10 -p 7777 -x 25 --pipeline 16 -P memcache_text --random-data  (cwd=/home/alexey/tsan-experiments/nosql/memcached)
    log files for this run: 1
=== [9/30] memcached cfg=tsan-all run=3  (elapsed 1014s)
[2026-09-03T01:53:42] memcached/tsan-all/run3/memcached: START /home/alexey/tsan-experiments/nosql/memcached/memcached-tsan-all/memcached -c 4096 -t 112 -p 7777 -U 0  (cwd=/home/alexey/tsan-experiments/nosql/memcached)
[2026-09-03T01:53:44] memcached/tsan-all/run3/memtier: /home/alexey/tsan-experiments/nosql/memcached/memtier_benchmark-2.1.1/memtier_benchmark --hide-histogram -t 10 -p 7777 -x 25 --pipeline 16 -P memcache_text --random-data  (cwd=/home/alexey/tsan-experiments/nosql/memcached)
    log files for this run: 1
=== [10/30] memcached cfg=tsan run=4  (elapsed 1142s)
[2026-09-03T01:55:50] memcached/tsan/run4/memcached: START /home/alexey/tsan-experiments/nosql/memcached/memcached-tsan/memcached -c 4096 -t 112 -p 7777 -U 0  (cwd=/home/alexey/tsan-experiments/nosql/memcached)
[2026-09-03T01:55:52] memcached/tsan/run4/memtier: /home/alexey/tsan-experiments/nosql/memcached/memtier_benchmark-2.1.1/memtier_benchmark --hide-histogram -t 10 -p 7777 -x 25 --pipeline 16 -P memcache_text --random-data  (cwd=/home/alexey/tsan-experiments/nosql/memcached)
    log files for this run: 1
=== [11/30] memcached cfg=tsan-sound run=4  (elapsed 1271s)
[2026-09-03T01:58:00] memcached/tsan-sound/run4/memcached: START /home/alexey/tsan-experiments/nosql/memcached/memcached-tsan-sound/memcached -c 4096 -t 112 -p 7777 -U 0  (cwd=/home/alexey/tsan-experiments/nosql/memcached)
[2026-09-03T01:58:01] memcached/tsan-sound/run4/memtier: /home/alexey/tsan-experiments/nosql/memcached/memtier_benchmark-2.1.1/memtier_benchmark --hide-histogram -t 10 -p 7777 -x 25 --pipeline 16 -P memcache_text --random-data  (cwd=/home/alexey/tsan-experiments/nosql/memcached)
    log files for this run: 1
=== [12/30] memcached cfg=tsan-all run=4  (elapsed 1400s)
[2026-09-03T02:00:08] memcached/tsan-all/run4/memcached: START /home/alexey/tsan-experiments/nosql/memcached/memcached-tsan-all/memcached -c 4096 -t 112 -p 7777 -U 0  (cwd=/home/alexey/tsan-experiments/nosql/memcached)
[2026-09-03T02:00:10] memcached/tsan-all/run4/memtier: /home/alexey/tsan-experiments/nosql/memcached/memtier_benchmark-2.1.1/memtier_benchmark --hide-histogram -t 10 -p 7777 -x 25 --pipeline 16 -P memcache_text --random-data  (cwd=/home/alexey/tsan-experiments/nosql/memcached)
    log files for this run: 1
=== [13/30] memcached cfg=tsan run=5  (elapsed 1528s)
[2026-09-03T02:02:16] memcached/tsan/run5/memcached: START /home/alexey/tsan-experiments/nosql/memcached/memcached-tsan/memcached -c 4096 -t 112 -p 7777 -U 0  (cwd=/home/alexey/tsan-experiments/nosql/memcached)
[2026-09-03T02:02:18] memcached/tsan/run5/memtier: /home/alexey/tsan-experiments/nosql/memcached/memtier_benchmark-2.1.1/memtier_benchmark --hide-histogram -t 10 -p 7777 -x 25 --pipeline 16 -P memcache_text --random-data  (cwd=/home/alexey/tsan-experiments/nosql/memcached)
    log files for this run: 1
=== [14/30] memcached cfg=tsan-sound run=5  (elapsed 1656s)
[2026-09-03T02:04:25] memcached/tsan-sound/run5/memcached: START /home/alexey/tsan-experiments/nosql/memcached/memcached-tsan-sound/memcached -c 4096 -t 112 -p 7777 -U 0  (cwd=/home/alexey/tsan-experiments/nosql/memcached)
[2026-09-03T02:04:26] memcached/tsan-sound/run5/memtier: /home/alexey/tsan-experiments/nosql/memcached/memtier_benchmark-2.1.1/memtier_benchmark --hide-histogram -t 10 -p 7777 -x 25 --pipeline 16 -P memcache_text --random-data  (cwd=/home/alexey/tsan-experiments/nosql/memcached)
    log files for this run: 1
=== [15/30] memcached cfg=tsan-all run=5  (elapsed 1785s)
[2026-09-03T02:06:33] memcached/tsan-all/run5/memcached: START /home/alexey/tsan-experiments/nosql/memcached/memcached-tsan-all/memcached -c 4096 -t 112 -p 7777 -U 0  (cwd=/home/alexey/tsan-experiments/nosql/memcached)
[2026-09-03T02:06:34] memcached/tsan-all/run5/memtier: /home/alexey/tsan-experiments/nosql/memcached/memtier_benchmark-2.1.1/memtier_benchmark --hide-histogram -t 10 -p 7777 -x 25 --pipeline 16 -P memcache_text --random-data  (cwd=/home/alexey/tsan-experiments/nosql/memcached)
    log files for this run: 1
=== [16/30] memcached cfg=tsan run=6  (elapsed 1913s)
[2026-09-03T02:08:41] memcached/tsan/run6/memcached: START /home/alexey/tsan-experiments/nosql/memcached/memcached-tsan/memcached -c 4096 -t 112 -p 7777 -U 0  (cwd=/home/alexey/tsan-experiments/nosql/memcached)
[2026-09-03T02:08:43] memcached/tsan/run6/memtier: /home/alexey/tsan-experiments/nosql/memcached/memtier_benchmark-2.1.1/memtier_benchmark --hide-histogram -t 10 -p 7777 -x 25 --pipeline 16 -P memcache_text --random-data  (cwd=/home/alexey/tsan-experiments/nosql/memcached)
    log files for this run: 1
=== [17/30] memcached cfg=tsan-sound run=6  (elapsed 2041s)
[2026-09-03T02:10:50] memcached/tsan-sound/run6/memcached: START /home/alexey/tsan-experiments/nosql/memcached/memcached-tsan-sound/memcached -c 4096 -t 112 -p 7777 -U 0  (cwd=/home/alexey/tsan-experiments/nosql/memcached)
[2026-09-03T02:10:51] memcached/tsan-sound/run6/memtier: /home/alexey/tsan-experiments/nosql/memcached/memtier_benchmark-2.1.1/memtier_benchmark --hide-histogram -t 10 -p 7777 -x 25 --pipeline 16 -P memcache_text --random-data  (cwd=/home/alexey/tsan-experiments/nosql/memcached)
    log files for this run: 1
=== [18/30] memcached cfg=tsan-all run=6  (elapsed 2168s)
[2026-09-03T02:12:56] memcached/tsan-all/run6/memcached: START /home/alexey/tsan-experiments/nosql/memcached/memcached-tsan-all/memcached -c 4096 -t 112 -p 7777 -U 0  (cwd=/home/alexey/tsan-experiments/nosql/memcached)
[2026-09-03T02:12:57] memcached/tsan-all/run6/memtier: /home/alexey/tsan-experiments/nosql/memcached/memtier_benchmark-2.1.1/memtier_benchmark --hide-histogram -t 10 -p 7777 -x 25 --pipeline 16 -P memcache_text --random-data  (cwd=/home/alexey/tsan-experiments/nosql/memcached)
    log files for this run: 1
=== [19/30] memcached cfg=tsan run=7  (elapsed 2296s)
[2026-09-03T02:15:04] memcached/tsan/run7/memcached: START /home/alexey/tsan-experiments/nosql/memcached/memcached-tsan/memcached -c 4096 -t 112 -p 7777 -U 0  (cwd=/home/alexey/tsan-experiments/nosql/memcached)
[2026-09-03T02:15:06] memcached/tsan/run7/memtier: /home/alexey/tsan-experiments/nosql/memcached/memtier_benchmark-2.1.1/memtier_benchmark --hide-histogram -t 10 -p 7777 -x 25 --pipeline 16 -P memcache_text --random-data  (cwd=/home/alexey/tsan-experiments/nosql/memcached)
    log files for this run: 1
=== [20/30] memcached cfg=tsan-sound run=7  (elapsed 2424s)
[2026-09-03T02:17:12] memcached/tsan-sound/run7/memcached: START /home/alexey/tsan-experiments/nosql/memcached/memcached-tsan-sound/memcached -c 4096 -t 112 -p 7777 -U 0  (cwd=/home/alexey/tsan-experiments/nosql/memcached)
[2026-09-03T02:17:14] memcached/tsan-sound/run7/memtier: /home/alexey/tsan-experiments/nosql/memcached/memtier_benchmark-2.1.1/memtier_benchmark --hide-histogram -t 10 -p 7777 -x 25 --pipeline 16 -P memcache_text --random-data  (cwd=/home/alexey/tsan-experiments/nosql/memcached)
    log files for this run: 1
=== [21/30] memcached cfg=tsan-all run=7  (elapsed 2553s)
[2026-09-03T02:19:21] memcached/tsan-all/run7/memcached: START /home/alexey/tsan-experiments/nosql/memcached/memcached-tsan-all/memcached -c 4096 -t 112 -p 7777 -U 0  (cwd=/home/alexey/tsan-experiments/nosql/memcached)
[2026-09-03T02:19:22] memcached/tsan-all/run7/memtier: /home/alexey/tsan-experiments/nosql/memcached/memtier_benchmark-2.1.1/memtier_benchmark --hide-histogram -t 10 -p 7777 -x 25 --pipeline 16 -P memcache_text --random-data  (cwd=/home/alexey/tsan-experiments/nosql/memcached)
    log files for this run: 1
=== [22/30] memcached cfg=tsan run=8  (elapsed 2681s)
[2026-09-03T02:21:29] memcached/tsan/run8/memcached: START /home/alexey/tsan-experiments/nosql/memcached/memcached-tsan/memcached -c 4096 -t 112 -p 7777 -U 0  (cwd=/home/alexey/tsan-experiments/nosql/memcached)
[2026-09-03T02:21:31] memcached/tsan/run8/memtier: /home/alexey/tsan-experiments/nosql/memcached/memtier_benchmark-2.1.1/memtier_benchmark --hide-histogram -t 10 -p 7777 -x 25 --pipeline 16 -P memcache_text --random-data  (cwd=/home/alexey/tsan-experiments/nosql/memcached)
    log files for this run: 1
=== [23/30] memcached cfg=tsan-sound run=8  (elapsed 2809s)
[2026-09-03T02:23:37] memcached/tsan-sound/run8/memcached: START /home/alexey/tsan-experiments/nosql/memcached/memcached-tsan-sound/memcached -c 4096 -t 112 -p 7777 -U 0  (cwd=/home/alexey/tsan-experiments/nosql/memcached)
[2026-09-03T02:23:39] memcached/tsan-sound/run8/memtier: /home/alexey/tsan-experiments/nosql/memcached/memtier_benchmark-2.1.1/memtier_benchmark --hide-histogram -t 10 -p 7777 -x 25 --pipeline 16 -P memcache_text --random-data  (cwd=/home/alexey/tsan-experiments/nosql/memcached)
    log files for this run: 1
=== [24/30] memcached cfg=tsan-all run=8  (elapsed 2913s)
[2026-09-03T02:25:22] memcached/tsan-all/run8/memcached: START /home/alexey/tsan-experiments/nosql/memcached/memcached-tsan-all/memcached -c 4096 -t 112 -p 7777 -U 0  (cwd=/home/alexey/tsan-experiments/nosql/memcached)
[2026-09-03T02:25:23] memcached/tsan-all/run8/memtier: /home/alexey/tsan-experiments/nosql/memcached/memtier_benchmark-2.1.1/memtier_benchmark --hide-histogram -t 10 -p 7777 -x 25 --pipeline 16 -P memcache_text --random-data  (cwd=/home/alexey/tsan-experiments/nosql/memcached)
    log files for this run: 1
=== [25/30] memcached cfg=tsan run=9  (elapsed 3021s)
[2026-09-03T02:27:09] memcached/tsan/run9/memcached: START /home/alexey/tsan-experiments/nosql/memcached/memcached-tsan/memcached -c 4096 -t 112 -p 7777 -U 0  (cwd=/home/alexey/tsan-experiments/nosql/memcached)
[2026-09-03T02:27:10] memcached/tsan/run9/memtier: /home/alexey/tsan-experiments/nosql/memcached/memtier_benchmark-2.1.1/memtier_benchmark --hide-histogram -t 10 -p 7777 -x 25 --pipeline 16 -P memcache_text --random-data  (cwd=/home/alexey/tsan-experiments/nosql/memcached)
    log files for this run: 1
=== [26/30] memcached cfg=tsan-sound run=9  (elapsed 3149s)
[2026-09-03T02:29:17] memcached/tsan-sound/run9/memcached: START /home/alexey/tsan-experiments/nosql/memcached/memcached-tsan-sound/memcached -c 4096 -t 112 -p 7777 -U 0  (cwd=/home/alexey/tsan-experiments/nosql/memcached)
[2026-09-03T02:29:19] memcached/tsan-sound/run9/memtier: /home/alexey/tsan-experiments/nosql/memcached/memtier_benchmark-2.1.1/memtier_benchmark --hide-histogram -t 10 -p 7777 -x 25 --pipeline 16 -P memcache_text --random-data  (cwd=/home/alexey/tsan-experiments/nosql/memcached)
    log files for this run: 1
=== [27/30] memcached cfg=tsan-all run=9  (elapsed 3268s)
[2026-09-03T02:31:17] memcached/tsan-all/run9/memcached: START /home/alexey/tsan-experiments/nosql/memcached/memcached-tsan-all/memcached -c 4096 -t 112 -p 7777 -U 0  (cwd=/home/alexey/tsan-experiments/nosql/memcached)
[2026-09-03T02:31:18] memcached/tsan-all/run9/memtier: /home/alexey/tsan-experiments/nosql/memcached/memtier_benchmark-2.1.1/memtier_benchmark --hide-histogram -t 10 -p 7777 -x 25 --pipeline 16 -P memcache_text --random-data  (cwd=/home/alexey/tsan-experiments/nosql/memcached)
    log files for this run: 1
=== [28/30] memcached cfg=tsan run=10  (elapsed 3380s)
[2026-09-03T02:33:08] memcached/tsan/run10/memcached: START /home/alexey/tsan-experiments/nosql/memcached/memcached-tsan/memcached -c 4096 -t 112 -p 7777 -U 0  (cwd=/home/alexey/tsan-experiments/nosql/memcached)
[2026-09-03T02:33:09] memcached/tsan/run10/memtier: /home/alexey/tsan-experiments/nosql/memcached/memtier_benchmark-2.1.1/memtier_benchmark --hide-histogram -t 10 -p 7777 -x 25 --pipeline 16 -P memcache_text --random-data  (cwd=/home/alexey/tsan-experiments/nosql/memcached)
    log files for this run: 1
=== [29/30] memcached cfg=tsan-sound run=10  (elapsed 3508s)
[2026-09-03T02:35:16] memcached/tsan-sound/run10/memcached: START /home/alexey/tsan-experiments/nosql/memcached/memcached-tsan-sound/memcached -c 4096 -t 112 -p 7777 -U 0  (cwd=/home/alexey/tsan-experiments/nosql/memcached)
[2026-09-03T02:35:18] memcached/tsan-sound/run10/memtier: /home/alexey/tsan-experiments/nosql/memcached/memtier_benchmark-2.1.1/memtier_benchmark --hide-histogram -t 10 -p 7777 -x 25 --pipeline 16 -P memcache_text --random-data  (cwd=/home/alexey/tsan-experiments/nosql/memcached)
    log files for this run: 1
=== [30/30] memcached cfg=tsan-all run=10  (elapsed 3616s)
[2026-09-03T02:37:04] memcached/tsan-all/run10/memcached: START /home/alexey/tsan-experiments/nosql/memcached/memcached-tsan-all/memcached -c 4096 -t 112 -p 7777 -U 0  (cwd=/home/alexey/tsan-experiments/nosql/memcached)
[2026-09-03T02:37:06] memcached/tsan-all/run10/memtier: /home/alexey/tsan-experiments/nosql/memcached/memtier_benchmark-2.1.1/memtier_benchmark --hide-histogram -t 10 -p 7777 -x 25 --pipeline 16 -P memcache_text --random-data  (cwd=/home/alexey/tsan-experiments/nosql/memcached)
    log files for this run: 1
done in 3723s. Aggregate with:
  /home/alexey/tsan-experiments/tools/preservation/tsan_reports.py aggregate --results-dir /home/alexey/tsan-experiments/tools/preservation/results/memcached/2026-09-03-final-def2cf34faeb/logs --baseline tsan
