[warn] $LLVM_ROOT_PATH=/home/alexey/dev/llvm-project/llvm/build differs from --llvm-root=/extra/alexey/builds/tsan-audit-def2cf34faeb; the manifest describes the latter
output: /home/alexey/tsan-experiments/tools/preservation/results/sqlite/2026-09-03-final-def2cf34faeb/tsan-sound
compiler: clang version 19.0.0git (https://github.com/focs-lab/llvm-project def2cf34faebfccba8861fb9827373580bb6c6fc) branch=None head= ninja=None
TSAN_OPTIONS template: log_path=/home/alexey/tsan-experiments/tools/preservation/results/sqlite/2026-09-03-final-def2cf34faeb/tsan-sound/logs/sqlite.<cfg>.0 exitcode=0 external_symbolizer_path=/extra/alexey/builds/tsan-audit-def2cf34faeb/bin/llvm-symbolizer
=== [1/10] sqlite cfg=tsan-sound run=1  (elapsed 0s)
[2026-09-03T01:36:48] sqlite/tsan-sound/run1/threadtest3: /home/alexey/tsan-experiments/sql/sqlite/build/test-tsan-sound/threadtest3  (cwd=/dev/shm/preservation-sqlite-final-def2cf34faeb-tsan-sound/tsan-sound.1)
    log files for this run: 1
=== [2/10] sqlite cfg=tsan-sound run=2  (elapsed 308s)
[2026-09-03T01:41:56] sqlite/tsan-sound/run2/threadtest3: /home/alexey/tsan-experiments/sql/sqlite/build/test-tsan-sound/threadtest3  (cwd=/dev/shm/preservation-sqlite-final-def2cf34faeb-tsan-sound/tsan-sound.2)
    log files for this run: 1
=== [3/10] sqlite cfg=tsan-sound run=3  (elapsed 575s)
[2026-09-03T01:46:23] sqlite/tsan-sound/run3/threadtest3: /home/alexey/tsan-experiments/sql/sqlite/build/test-tsan-sound/threadtest3  (cwd=/dev/shm/preservation-sqlite-final-def2cf34faeb-tsan-sound/tsan-sound.3)
    log files for this run: 1
=== [4/10] sqlite cfg=tsan-sound run=4  (elapsed 834s)
[2026-09-03T01:50:42] sqlite/tsan-sound/run4/threadtest3: /home/alexey/tsan-experiments/sql/sqlite/build/test-tsan-sound/threadtest3  (cwd=/dev/shm/preservation-sqlite-final-def2cf34faeb-tsan-sound/tsan-sound.4)
    log files for this run: 1
=== [5/10] sqlite cfg=tsan-sound run=5  (elapsed 1107s)
[2026-09-03T01:55:15] sqlite/tsan-sound/run5/threadtest3: /home/alexey/tsan-experiments/sql/sqlite/build/test-tsan-sound/threadtest3  (cwd=/dev/shm/preservation-sqlite-final-def2cf34faeb-tsan-sound/tsan-sound.5)
    log files for this run: 1
=== [6/10] sqlite cfg=tsan-sound run=6  (elapsed 1375s)
[2026-09-03T01:59:43] sqlite/tsan-sound/run6/threadtest3: /home/alexey/tsan-experiments/sql/sqlite/build/test-tsan-sound/threadtest3  (cwd=/dev/shm/preservation-sqlite-final-def2cf34faeb-tsan-sound/tsan-sound.6)
    log files for this run: 1
=== [7/10] sqlite cfg=tsan-sound run=7  (elapsed 1667s)
[2026-09-03T02:04:35] sqlite/tsan-sound/run7/threadtest3: /home/alexey/tsan-experiments/sql/sqlite/build/test-tsan-sound/threadtest3  (cwd=/dev/shm/preservation-sqlite-final-def2cf34faeb-tsan-sound/tsan-sound.7)
    log files for this run: 1
=== [8/10] sqlite cfg=tsan-sound run=8  (elapsed 1959s)
[2026-09-03T02:09:28] sqlite/tsan-sound/run8/threadtest3: /home/alexey/tsan-experiments/sql/sqlite/build/test-tsan-sound/threadtest3  (cwd=/dev/shm/preservation-sqlite-final-def2cf34faeb-tsan-sound/tsan-sound.8)
    log files for this run: 1
=== [9/10] sqlite cfg=tsan-sound run=9  (elapsed 2234s)
[2026-09-03T02:14:02] sqlite/tsan-sound/run9/threadtest3: /home/alexey/tsan-experiments/sql/sqlite/build/test-tsan-sound/threadtest3  (cwd=/dev/shm/preservation-sqlite-final-def2cf34faeb-tsan-sound/tsan-sound.9)
    log files for this run: 1
=== [10/10] sqlite cfg=tsan-sound run=10  (elapsed 2488s)
[2026-09-03T02:18:17] sqlite/tsan-sound/run10/threadtest3: /home/alexey/tsan-experiments/sql/sqlite/build/test-tsan-sound/threadtest3  (cwd=/dev/shm/preservation-sqlite-final-def2cf34faeb-tsan-sound/tsan-sound.10)
    log files for this run: 1
done in 2742s. Aggregate with:
  /home/alexey/tsan-experiments/tools/preservation/tsan_reports.py aggregate --results-dir /home/alexey/tsan-experiments/tools/preservation/results/sqlite/2026-09-03-final-def2cf34faeb/tsan-sound/logs --baseline tsan-sound
