[warn] $LLVM_ROOT_PATH=/home/alexey/dev/llvm-project/llvm/build differs from --llvm-root=/extra/alexey/builds/tsan-audit-297881ddc1c5; the manifest describes the latter
output: /home/alexey/tsan-experiments/tools/preservation/results/sqlite/2026-09-03-final-297881ddc1c5/tsan-dom_peeling-ea-lo-st-swmr
compiler: clang version 19.0.0git (https://github.com/focs-lab/llvm-project 297881ddc1c5afe1542b672bc6c3186d11026352) branch=None head= ninja=None
TSAN_OPTIONS template: log_path=/home/alexey/tsan-experiments/tools/preservation/results/sqlite/2026-09-03-final-297881ddc1c5/tsan-dom_peeling-ea-lo-st-swmr/logs/sqlite.<cfg>.0 exitcode=0 external_symbolizer_path=/extra/alexey/builds/tsan-audit-297881ddc1c5/bin/llvm-symbolizer
=== [1/10] sqlite cfg=tsan-dom_peeling-ea-lo-st-swmr run=1  (elapsed 0s)
[2026-09-03T03:16:32] sqlite/tsan-dom_peeling-ea-lo-st-swmr/run1/threadtest3: /home/alexey/tsan-experiments/sql/sqlite/build/297881ddc1c5/test-tsan-dom_peeling-ea-lo-st-swmr/threadtest3  (cwd=/dev/shm/preservation-sqlite-final-297881ddc1c5-tsan-dom_peeling-ea-lo-st-swmr/tsan-dom_peeling-ea-lo-st-swmr.1)
    log files for this run: 1
=== [2/10] sqlite cfg=tsan-dom_peeling-ea-lo-st-swmr run=2  (elapsed 250s)
[2026-09-03T03:20:43] sqlite/tsan-dom_peeling-ea-lo-st-swmr/run2/threadtest3: /home/alexey/tsan-experiments/sql/sqlite/build/297881ddc1c5/test-tsan-dom_peeling-ea-lo-st-swmr/threadtest3  (cwd=/dev/shm/preservation-sqlite-final-297881ddc1c5-tsan-dom_peeling-ea-lo-st-swmr/tsan-dom_peeling-ea-lo-st-swmr.2)
    log files for this run: 1
=== [3/10] sqlite cfg=tsan-dom_peeling-ea-lo-st-swmr run=3  (elapsed 516s)
[2026-09-03T03:25:09] sqlite/tsan-dom_peeling-ea-lo-st-swmr/run3/threadtest3: /home/alexey/tsan-experiments/sql/sqlite/build/297881ddc1c5/test-tsan-dom_peeling-ea-lo-st-swmr/threadtest3  (cwd=/dev/shm/preservation-sqlite-final-297881ddc1c5-tsan-dom_peeling-ea-lo-st-swmr/tsan-dom_peeling-ea-lo-st-swmr.3)
    log files for this run: 1
=== [4/10] sqlite cfg=tsan-dom_peeling-ea-lo-st-swmr run=4  (elapsed 802s)
[2026-09-03T03:29:54] sqlite/tsan-dom_peeling-ea-lo-st-swmr/run4/threadtest3: /home/alexey/tsan-experiments/sql/sqlite/build/297881ddc1c5/test-tsan-dom_peeling-ea-lo-st-swmr/threadtest3  (cwd=/dev/shm/preservation-sqlite-final-297881ddc1c5-tsan-dom_peeling-ea-lo-st-swmr/tsan-dom_peeling-ea-lo-st-swmr.4)
    log files for this run: 1
=== [5/10] sqlite cfg=tsan-dom_peeling-ea-lo-st-swmr run=5  (elapsed 1120s)
[2026-09-03T03:35:13] sqlite/tsan-dom_peeling-ea-lo-st-swmr/run5/threadtest3: /home/alexey/tsan-experiments/sql/sqlite/build/297881ddc1c5/test-tsan-dom_peeling-ea-lo-st-swmr/threadtest3  (cwd=/dev/shm/preservation-sqlite-final-297881ddc1c5-tsan-dom_peeling-ea-lo-st-swmr/tsan-dom_peeling-ea-lo-st-swmr.5)
    log files for this run: 1
=== [6/10] sqlite cfg=tsan-dom_peeling-ea-lo-st-swmr run=6  (elapsed 1402s)
[2026-09-03T03:39:55] sqlite/tsan-dom_peeling-ea-lo-st-swmr/run6/threadtest3: /home/alexey/tsan-experiments/sql/sqlite/build/297881ddc1c5/test-tsan-dom_peeling-ea-lo-st-swmr/threadtest3  (cwd=/dev/shm/preservation-sqlite-final-297881ddc1c5-tsan-dom_peeling-ea-lo-st-swmr/tsan-dom_peeling-ea-lo-st-swmr.6)
    log files for this run: 1
=== [7/10] sqlite cfg=tsan-dom_peeling-ea-lo-st-swmr run=7  (elapsed 1684s)
[2026-09-03T03:44:37] sqlite/tsan-dom_peeling-ea-lo-st-swmr/run7/threadtest3: /home/alexey/tsan-experiments/sql/sqlite/build/297881ddc1c5/test-tsan-dom_peeling-ea-lo-st-swmr/threadtest3  (cwd=/dev/shm/preservation-sqlite-final-297881ddc1c5-tsan-dom_peeling-ea-lo-st-swmr/tsan-dom_peeling-ea-lo-st-swmr.7)
    log files for this run: 1
=== [8/10] sqlite cfg=tsan-dom_peeling-ea-lo-st-swmr run=8  (elapsed 1985s)
[2026-09-03T03:49:37] sqlite/tsan-dom_peeling-ea-lo-st-swmr/run8/threadtest3: /home/alexey/tsan-experiments/sql/sqlite/build/297881ddc1c5/test-tsan-dom_peeling-ea-lo-st-swmr/threadtest3  (cwd=/dev/shm/preservation-sqlite-final-297881ddc1c5-tsan-dom_peeling-ea-lo-st-swmr/tsan-dom_peeling-ea-lo-st-swmr.8)
    log files for this run: 1
=== [9/10] sqlite cfg=tsan-dom_peeling-ea-lo-st-swmr run=9  (elapsed 2243s)
[2026-09-03T03:53:56] sqlite/tsan-dom_peeling-ea-lo-st-swmr/run9/threadtest3: /home/alexey/tsan-experiments/sql/sqlite/build/297881ddc1c5/test-tsan-dom_peeling-ea-lo-st-swmr/threadtest3  (cwd=/dev/shm/preservation-sqlite-final-297881ddc1c5-tsan-dom_peeling-ea-lo-st-swmr/tsan-dom_peeling-ea-lo-st-swmr.9)
    log files for this run: 1
=== [10/10] sqlite cfg=tsan-dom_peeling-ea-lo-st-swmr run=10  (elapsed 2508s)
[2026-09-03T03:58:21] sqlite/tsan-dom_peeling-ea-lo-st-swmr/run10/threadtest3: /home/alexey/tsan-experiments/sql/sqlite/build/297881ddc1c5/test-tsan-dom_peeling-ea-lo-st-swmr/threadtest3  (cwd=/dev/shm/preservation-sqlite-final-297881ddc1c5-tsan-dom_peeling-ea-lo-st-swmr/tsan-dom_peeling-ea-lo-st-swmr.10)
    log files for this run: 1
done in 2765s. Aggregate with:
  /home/alexey/tsan-experiments/tools/preservation/tsan_reports.py aggregate --results-dir /home/alexey/tsan-experiments/tools/preservation/results/sqlite/2026-09-03-final-297881ddc1c5/tsan-dom_peeling-ea-lo-st-swmr/logs --baseline tsan-dom_peeling-ea-lo-st-swmr
