[warn] $LLVM_ROOT_PATH=/home/alexey/dev/llvm-project/llvm/build differs from --llvm-root=/extra/alexey/builds/tsan-audit-297881ddc1c5; the manifest describes the latter
output: /home/alexey/tsan-experiments/tools/preservation/results/sqlite/2026-09-03-final-297881ddc1c5/tsan
compiler: clang version 19.0.0git (https://github.com/focs-lab/llvm-project 297881ddc1c5afe1542b672bc6c3186d11026352) branch=None head= ninja=None
TSAN_OPTIONS template: log_path=/home/alexey/tsan-experiments/tools/preservation/results/sqlite/2026-09-03-final-297881ddc1c5/tsan/logs/sqlite.<cfg>.0 exitcode=0 external_symbolizer_path=/extra/alexey/builds/tsan-audit-297881ddc1c5/bin/llvm-symbolizer
=== [1/10] sqlite cfg=tsan run=1  (elapsed 0s)
[2026-09-03T03:16:32] sqlite/tsan/run1/threadtest3: /home/alexey/tsan-experiments/sql/sqlite/build/297881ddc1c5/test-tsan/threadtest3  (cwd=/dev/shm/preservation-sqlite-final-297881ddc1c5-tsan/tsan.1)
    log files for this run: 1
=== [2/10] sqlite cfg=tsan run=2  (elapsed 243s)
[2026-09-03T03:20:36] sqlite/tsan/run2/threadtest3: /home/alexey/tsan-experiments/sql/sqlite/build/297881ddc1c5/test-tsan/threadtest3  (cwd=/dev/shm/preservation-sqlite-final-297881ddc1c5-tsan/tsan.2)
    log files for this run: 1
=== [3/10] sqlite cfg=tsan run=3  (elapsed 499s)
[2026-09-03T03:24:52] sqlite/tsan/run3/threadtest3: /home/alexey/tsan-experiments/sql/sqlite/build/297881ddc1c5/test-tsan/threadtest3  (cwd=/dev/shm/preservation-sqlite-final-297881ddc1c5-tsan/tsan.3)
    log files for this run: 1
=== [4/10] sqlite cfg=tsan run=4  (elapsed 781s)
[2026-09-03T03:29:33] sqlite/tsan/run4/threadtest3: /home/alexey/tsan-experiments/sql/sqlite/build/297881ddc1c5/test-tsan/threadtest3  (cwd=/dev/shm/preservation-sqlite-final-297881ddc1c5-tsan/tsan.4)
    log files for this run: 1
=== [5/10] sqlite cfg=tsan run=5  (elapsed 1037s)
[2026-09-03T03:33:50] sqlite/tsan/run5/threadtest3: /home/alexey/tsan-experiments/sql/sqlite/build/297881ddc1c5/test-tsan/threadtest3  (cwd=/dev/shm/preservation-sqlite-final-297881ddc1c5-tsan/tsan.5)
    log files for this run: 1
=== [6/10] sqlite cfg=tsan run=6  (elapsed 1303s)
[2026-09-03T03:38:16] sqlite/tsan/run6/threadtest3: /home/alexey/tsan-experiments/sql/sqlite/build/297881ddc1c5/test-tsan/threadtest3  (cwd=/dev/shm/preservation-sqlite-final-297881ddc1c5-tsan/tsan.6)
    log files for this run: 1
=== [7/10] sqlite cfg=tsan run=7  (elapsed 1558s)
[2026-09-03T03:42:31] sqlite/tsan/run7/threadtest3: /home/alexey/tsan-experiments/sql/sqlite/build/297881ddc1c5/test-tsan/threadtest3  (cwd=/dev/shm/preservation-sqlite-final-297881ddc1c5-tsan/tsan.7)
    log files for this run: 1
=== [8/10] sqlite cfg=tsan run=8  (elapsed 1845s)
[2026-09-03T03:47:18] sqlite/tsan/run8/threadtest3: /home/alexey/tsan-experiments/sql/sqlite/build/297881ddc1c5/test-tsan/threadtest3  (cwd=/dev/shm/preservation-sqlite-final-297881ddc1c5-tsan/tsan.8)
    log files for this run: 1
=== [9/10] sqlite cfg=tsan run=9  (elapsed 2125s)
[2026-09-03T03:51:58] sqlite/tsan/run9/threadtest3: /home/alexey/tsan-experiments/sql/sqlite/build/297881ddc1c5/test-tsan/threadtest3  (cwd=/dev/shm/preservation-sqlite-final-297881ddc1c5-tsan/tsan.9)
    log files for this run: 1
=== [10/10] sqlite cfg=tsan run=10  (elapsed 2389s)
[2026-09-03T03:56:21] sqlite/tsan/run10/threadtest3: /home/alexey/tsan-experiments/sql/sqlite/build/297881ddc1c5/test-tsan/threadtest3  (cwd=/dev/shm/preservation-sqlite-final-297881ddc1c5-tsan/tsan.10)
    log files for this run: 1
done in 2664s. Aggregate with:
  /home/alexey/tsan-experiments/tools/preservation/tsan_reports.py aggregate --results-dir /home/alexey/tsan-experiments/tools/preservation/results/sqlite/2026-09-03-final-297881ddc1c5/tsan/logs --baseline tsan
