[warn] $LLVM_ROOT_PATH=/home/alexey/dev/llvm-project/llvm/build differs from --llvm-root=/home/alexey/dev/llvm-project-focs-lab/llvm/build; the manifest describes the latter
output: /home/alexey/tsan-experiments/tools/preservation/results/sqlite/2026-09-02-final-b4bf8b8f4613/tsan-dom_peeling-ea-lo-st-swmr
compiler: clang version 19.0.0git (https://github.com/focs-lab/llvm-project b4bf8b8f46132f7844819510ad5055babf57307a) branch=tsan-dev head=b4bf8b8f4613 ninja=None
TSAN_OPTIONS template: log_path=/home/alexey/tsan-experiments/tools/preservation/results/sqlite/2026-09-02-final-b4bf8b8f4613/tsan-dom_peeling-ea-lo-st-swmr/logs/sqlite.<cfg>.0 exitcode=0 external_symbolizer_path=/home/alexey/dev/llvm-project-focs-lab/llvm/build/bin/llvm-symbolizer
=== [1/10] sqlite cfg=tsan-dom_peeling-ea-lo-st-swmr run=1  (elapsed 0s)
[2026-09-02T21:16:28] sqlite/tsan-dom_peeling-ea-lo-st-swmr/run1/threadtest3: /home/alexey/tsan-experiments/sql/sqlite/build/test-tsan-dom_peeling-ea-lo-st-swmr/threadtest3  (cwd=/dev/shm/preservation-sqlite-final-b4bf8b8f4613-tsan-dom_peeling-ea-lo-st-swmr/tsan-dom_peeling-ea-lo-st-swmr.1)
    log files for this run: 1
=== [2/10] sqlite cfg=tsan-dom_peeling-ea-lo-st-swmr run=2  (elapsed 295s)
[2026-09-02T21:21:23] sqlite/tsan-dom_peeling-ea-lo-st-swmr/run2/threadtest3: /home/alexey/tsan-experiments/sql/sqlite/build/test-tsan-dom_peeling-ea-lo-st-swmr/threadtest3  (cwd=/dev/shm/preservation-sqlite-final-b4bf8b8f4613-tsan-dom_peeling-ea-lo-st-swmr/tsan-dom_peeling-ea-lo-st-swmr.2)
    log files for this run: 1
=== [3/10] sqlite cfg=tsan-dom_peeling-ea-lo-st-swmr run=3  (elapsed 567s)
[2026-09-02T21:25:56] sqlite/tsan-dom_peeling-ea-lo-st-swmr/run3/threadtest3: /home/alexey/tsan-experiments/sql/sqlite/build/test-tsan-dom_peeling-ea-lo-st-swmr/threadtest3  (cwd=/dev/shm/preservation-sqlite-final-b4bf8b8f4613-tsan-dom_peeling-ea-lo-st-swmr/tsan-dom_peeling-ea-lo-st-swmr.3)
    log files for this run: 1
=== [4/10] sqlite cfg=tsan-dom_peeling-ea-lo-st-swmr run=4  (elapsed 850s)
[2026-09-02T21:30:38] sqlite/tsan-dom_peeling-ea-lo-st-swmr/run4/threadtest3: /home/alexey/tsan-experiments/sql/sqlite/build/test-tsan-dom_peeling-ea-lo-st-swmr/threadtest3  (cwd=/dev/shm/preservation-sqlite-final-b4bf8b8f4613-tsan-dom_peeling-ea-lo-st-swmr/tsan-dom_peeling-ea-lo-st-swmr.4)
    log files for this run: 1
=== [5/10] sqlite cfg=tsan-dom_peeling-ea-lo-st-swmr run=5  (elapsed 1120s)
[2026-09-02T21:35:09] sqlite/tsan-dom_peeling-ea-lo-st-swmr/run5/threadtest3: /home/alexey/tsan-experiments/sql/sqlite/build/test-tsan-dom_peeling-ea-lo-st-swmr/threadtest3  (cwd=/dev/shm/preservation-sqlite-final-b4bf8b8f4613-tsan-dom_peeling-ea-lo-st-swmr/tsan-dom_peeling-ea-lo-st-swmr.5)
    log files for this run: 1
=== [6/10] sqlite cfg=tsan-dom_peeling-ea-lo-st-swmr run=6  (elapsed 1380s)
[2026-09-02T21:39:28] sqlite/tsan-dom_peeling-ea-lo-st-swmr/run6/threadtest3: /home/alexey/tsan-experiments/sql/sqlite/build/test-tsan-dom_peeling-ea-lo-st-swmr/threadtest3  (cwd=/dev/shm/preservation-sqlite-final-b4bf8b8f4613-tsan-dom_peeling-ea-lo-st-swmr/tsan-dom_peeling-ea-lo-st-swmr.6)
    log files for this run: 1
=== [7/10] sqlite cfg=tsan-dom_peeling-ea-lo-st-swmr run=7  (elapsed 1662s)
[2026-09-02T21:44:11] sqlite/tsan-dom_peeling-ea-lo-st-swmr/run7/threadtest3: /home/alexey/tsan-experiments/sql/sqlite/build/test-tsan-dom_peeling-ea-lo-st-swmr/threadtest3  (cwd=/dev/shm/preservation-sqlite-final-b4bf8b8f4613-tsan-dom_peeling-ea-lo-st-swmr/tsan-dom_peeling-ea-lo-st-swmr.7)
    log files for this run: 1
=== [8/10] sqlite cfg=tsan-dom_peeling-ea-lo-st-swmr run=8  (elapsed 1953s)
[2026-09-02T21:49:02] sqlite/tsan-dom_peeling-ea-lo-st-swmr/run8/threadtest3: /home/alexey/tsan-experiments/sql/sqlite/build/test-tsan-dom_peeling-ea-lo-st-swmr/threadtest3  (cwd=/dev/shm/preservation-sqlite-final-b4bf8b8f4613-tsan-dom_peeling-ea-lo-st-swmr/tsan-dom_peeling-ea-lo-st-swmr.8)
    log files for this run: 1
=== [9/10] sqlite cfg=tsan-dom_peeling-ea-lo-st-swmr run=9  (elapsed 2207s)
[2026-09-02T21:53:16] sqlite/tsan-dom_peeling-ea-lo-st-swmr/run9/threadtest3: /home/alexey/tsan-experiments/sql/sqlite/build/test-tsan-dom_peeling-ea-lo-st-swmr/threadtest3  (cwd=/dev/shm/preservation-sqlite-final-b4bf8b8f4613-tsan-dom_peeling-ea-lo-st-swmr/tsan-dom_peeling-ea-lo-st-swmr.9)
    log files for this run: 1
=== [10/10] sqlite cfg=tsan-dom_peeling-ea-lo-st-swmr run=10  (elapsed 2462s)
[2026-09-02T21:57:31] sqlite/tsan-dom_peeling-ea-lo-st-swmr/run10/threadtest3: /home/alexey/tsan-experiments/sql/sqlite/build/test-tsan-dom_peeling-ea-lo-st-swmr/threadtest3  (cwd=/dev/shm/preservation-sqlite-final-b4bf8b8f4613-tsan-dom_peeling-ea-lo-st-swmr/tsan-dom_peeling-ea-lo-st-swmr.10)
    log files for this run: 1
done in 2742s. Aggregate with:
  /home/alexey/tsan-experiments/tools/preservation/tsan_reports.py aggregate --results-dir /home/alexey/tsan-experiments/tools/preservation/results/sqlite/2026-09-02-final-b4bf8b8f4613/tsan-dom_peeling-ea-lo-st-swmr/logs --baseline tsan-dom_peeling-ea-lo-st-swmr
