tsan_compiler.sh: using /opt/tsan-llvm/bin/clang (clang version 19.0.0git (https://github.com/focs-lab/llvm-project f3deebfbab602f4e05289e0acbde0efd06b8058c)) [frozen copy, TSAN_AUDIT_HASH=f3deebfbab60]
==> Running in test-only mode.
./redis.sh: line 246: warning: setlocale: LC_ALL: cannot change locale (en_US.UTF-8): No such file or directory
==> Checking for pre-existing redis-server processes before running benchmarks.
==> Switching to polygon directory for tests.
==> Testing orig
PING_INLINE 4151236.50
PING_MBULK 5558044.00
SET 2883135.50
GET 4426761.00
INCR 3022501.50
RPUSH 3050146.25
LPOP 2146884.25
RPOP 4387930.00
SADD 3323747.50
HSET 2578474.25
SPOP 4407260.00
ZADD 2532779.75
ZPOPMIN 4741460.00
LPUSH 2942494.00
LRANGE_100 168375.83
LRANGE_300 46036.70
LRANGE_500 23160.55
LRANGE_600 18077.38
MSET 589270.75
==> Found running redis-server process(es): 13237
==> Stopping redis-server with SIGTERM
==> redis-server stopped gracefully.
==> Script finished successfully. All results are in __results_redis__
