tsan_compiler.sh: ignoring LLVM_ROOT_PATH=/home/alexey/dev/llvm-project/llvm/build (not the TSan prototype tree)
tsan_compiler.sh: using /home/alexey/dev/llvm-project-focs-lab/llvm/build/bin/clang (clang version 19.0.0git (https://github.com/focs-lab/llvm-project 729521af89653b1bac211c03203ab160d5cb71d0))
==> Running in test-only mode.
==> Checking for pre-existing redis-server processes before running benchmarks.
==> Switching to polygon directory for tests.
==> Testing st
PING_INLINE 464892.22
PING_MBULK 739429.38
SET 342822.81
GET 445370.03
INCR 435860.66
RPUSH 257877.38
LPOP 235924.17
RPOP 476857.94
SADD 385985.59
HSET 286737.31
SPOP 532719.94
ZADD 283312.16
ZPOPMIN 500975.47
LPUSH 214582.75
LRANGE_100 22597.24
LRANGE_300 8599.06
LRANGE_500 5271.57
LRANGE_600 4452.12
MSET 62799.77
==> Found running redis-server process(es): 109266
==> Stopping redis-server with SIGTERM
==> redis-server stopped gracefully.
==> Script finished successfully. All results are in __results_redis__
