tsan_compiler.sh: ignoring LLVM_ROOT_PATH=/home/alexey/dev/llvm-project/llvm/build (not the TSan prototype tree)
tsan_compiler.sh: using /home/alexey/dev/llvm-project-focs-lab/llvm/build/bin/clang (clang version 19.0.0git (https://github.com/focs-lab/llvm-project 729521af89653b1bac211c03203ab160d5cb71d0))
==> Running in test-only mode.
==> Checking for pre-existing redis-server processes before running benchmarks.
==> Switching to polygon directory for tests.
==> Testing dom_peeling-ea-lo-st-swmr
PING_INLINE 478225.62
PING_MBULK 730787.44
SET 328193.84
GET 448948.09
INCR 422576.62
RPUSH 269061.22
LPOP 235397.64
RPOP 513050.25
SADD 385440.03
HSET 274957.84
SPOP 536721.06
ZADD 288289.59
ZPOPMIN 511738.09
LPUSH 225041.11
LRANGE_100 21011.91
LRANGE_300 8836.91
LRANGE_500 5421.58
LRANGE_600 4575.60
MSET 66008.52
==> Found running redis-server process(es): 117735
==> Stopping redis-server with SIGTERM
==> redis-server stopped gracefully.
==> Script finished successfully. All results are in __results_redis__
