tsan_compiler.sh: ignoring LLVM_ROOT_PATH=/home/alexey/dev/llvm-project/llvm/build (not the TSan prototype tree)
tsan_compiler.sh: using /home/alexey/dev/llvm-project-focs-lab/llvm/build/bin/clang (clang version 19.0.0git (https://github.com/focs-lab/llvm-project 729521af89653b1bac211c03203ab160d5cb71d0))
==> Running in test-only mode.
==> Checking for pre-existing redis-server processes before running benchmarks.
==> Switching to polygon directory for tests.
==> Testing dom
PING_INLINE 489935.34
PING_MBULK 747718.94
SET 330301.19
GET 418725.00
INCR 418247.50
RPUSH 271282.88
LPOP 241362.61
RPOP 502485.16
SADD 401628.12
HSET 279845.59
SPOP 549093.31
ZADD 287072.59
ZPOPMIN 554879.62
LPUSH 227840.59
LRANGE_100 23876.47
LRANGE_300 8675.65
LRANGE_500 5322.99
LRANGE_600 4410.43
MSET 63186.63
==> Found running redis-server process(es): 2161663
==> Stopping redis-server with SIGTERM
==> redis-server stopped gracefully.
==> Script finished successfully. All results are in __results_redis__
