tsan_compiler.sh: ignoring LLVM_ROOT_PATH=/home/alexey/dev/llvm-project/llvm/build (not the TSan prototype tree)
tsan_compiler.sh: using /home/alexey/dev/llvm-project-focs-lab/llvm/build/bin/clang (clang version 19.0.0git (https://github.com/focs-lab/llvm-project 729521af89653b1bac211c03203ab160d5cb71d0))
==> Running in test-only mode.
==> Checking for pre-existing redis-server processes before running benchmarks.
==> Switching to polygon directory for tests.
==> Testing sound
PING_INLINE 447427.53
PING_MBULK 679190.75
SET 310505.28
GET 413237.50
INCR 415813.81
RPUSH 255934.52
LPOP 244608.30
RPOP 481679.38
SADD 363270.88
HSET 263831.22
SPOP 495516.59
ZADD 270318.28
ZPOPMIN 479371.38
LPUSH 214091.17
LRANGE_100 23671.31
LRANGE_300 8457.05
LRANGE_500 5183.95
LRANGE_600 4343.56
MSET 57737.78
==> Found running redis-server process(es): 2495240
==> Stopping redis-server with SIGTERM
==> redis-server stopped gracefully.
==> Script finished successfully. All results are in __results_redis__
