tsan_compiler.sh: ignoring LLVM_ROOT_PATH=/home/alexey/dev/llvm-project/llvm/build (not the TSan prototype tree)
tsan_compiler.sh: using /home/alexey/dev/llvm-project-focs-lab/llvm/build/bin/clang (clang version 19.0.0git (https://github.com/focs-lab/llvm-project 729521af89653b1bac211c03203ab160d5cb71d0))
==> Running in test-only mode.
==> Checking for pre-existing redis-server processes before running benchmarks.
==> Switching to polygon directory for tests.
==> Testing sound
PING_INLINE 540198.69
PING_MBULK 855815.19
SET 373301.47
GET 498862.81
INCR 472132.16
RPUSH 294755.69
LPOP 271565.69
RPOP 529617.75
SADD 426630.28
HSET 300615.38
SPOP 570380.88
ZADD 305293.88
ZPOPMIN 571032.00
LPUSH 250990.47
LRANGE_100 29245.83
LRANGE_300 10031.57
LRANGE_500 6100.44
LRANGE_600 5099.96
MSET 67170.20
==> Found running redis-server process(es): 540055
==> Stopping redis-server with SIGTERM
==> redis-server stopped gracefully.
==> Script finished successfully. All results are in __results_redis__
