tsan_compiler.sh: ignoring LLVM_ROOT_PATH=/home/alexey/dev/llvm-project/llvm/build (not the TSan prototype tree)
tsan_compiler.sh: using /home/alexey/dev/llvm-project-focs-lab/llvm/build/bin/clang (clang version 19.0.0git (https://github.com/focs-lab/llvm-project 729521af89653b1bac211c03203ab160d5cb71d0))
==> Running in test-only mode.
==> Checking for pre-existing redis-server processes before running benchmarks.
==> Switching to polygon directory for tests.
==> Testing dom
PING_INLINE 415296.00
PING_MBULK 667855.81
SET 331266.38
GET 444010.50
INCR 433129.25
RPUSH 276468.31
LPOP 244926.34
RPOP 509652.56
SADD 387167.66
HSET 276452.16
SPOP 514369.12
ZADD 290678.28
ZPOPMIN 526828.88
LPUSH 220363.75
LRANGE_100 22443.11
LRANGE_300 8748.39
LRANGE_500 5392.85
LRANGE_600 4527.47
MSET 59966.34
==> Found running redis-server process(es): 94668
==> Stopping redis-server with SIGTERM
==> redis-server stopped gracefully.
==> Script finished successfully. All results are in __results_redis__
