tsan_compiler.sh: using /opt/tsan-llvm/bin/clang (clang version 19.0.0git (https://github.com/focs-lab/llvm-project f3deebfbab602f4e05289e0acbde0efd06b8058c)) [frozen copy, TSAN_AUDIT_HASH=f3deebfbab60]
==> Running in test-only mode.
./redis.sh: line 246: warning: setlocale: LC_ALL: cannot change locale (en_US.UTF-8): No such file or directory
==> Checking for pre-existing redis-server processes before running benchmarks.
==> Switching to polygon directory for tests.
==> Testing sound-nofe
PING_INLINE 461674.19
PING_MBULK 689964.12
SET 337078.19
GET 441309.22
INCR 444841.25
RPUSH 260737.05
LPOP 243004.12
RPOP 493317.53
SADD 398902.72
HSET 308399.50
SPOP 558909.50
ZADD 307357.28
ZPOPMIN 516227.06
LPUSH 239858.06
LRANGE_100 31817.21
LRANGE_300 9655.12
LRANGE_500 5932.25
LRANGE_600 4911.13
MSET 73765.09
==> Found running redis-server process(es): 14892
==> Stopping redis-server with SIGTERM
==> redis-server stopped gracefully.
==> Script finished successfully. All results are in __results_redis__
