tsan_compiler.sh: using /opt/tsan-llvm/bin/clang (clang version 19.0.0git (https://github.com/focs-lab/llvm-project f3deebfbab602f4e05289e0acbde0efd06b8058c)) [frozen copy, TSAN_AUDIT_HASH=f3deebfbab60]
==> Running in test-only mode.
./redis.sh: line 246: warning: setlocale: LC_ALL: cannot change locale (en_US.UTF-8): No such file or directory
==> Checking for pre-existing redis-server processes before running benchmarks.
==> Switching to polygon directory for tests.
==> Testing dom_peeling-ea-lo-st-swmr
PING_INLINE 491137.97
PING_MBULK 668748.62
SET 361694.88
GET 467062.56
INCR 458921.09
RPUSH 292495.31
LPOP 260126.89
RPOP 521610.00
SADD 422843.62
HSET 324715.34
SPOP 565544.38
ZADD 332595.75
ZPOPMIN 568759.56
LPUSH 265159.81
LRANGE_100 29479.44
LRANGE_300 10476.96
LRANGE_500 6304.29
LRANGE_600 5252.83
MSET 76274.85
==> Found running redis-server process(es): 14167
==> Stopping redis-server with SIGTERM
==> redis-server stopped gracefully.
==> Script finished successfully. All results are in __results_redis__
