memcached orig run1 rc=0 47.1s outside_busy=0.0091 inside_busy=0.5448 foreign_cpu_share=0.0111 (warmup, discarded)
memcached tsan run1 rc=0 157.2s outside_busy=0.0069 inside_busy=0.6973 foreign_cpu_share=0.0014 (warmup, discarded)
memcached tsan-dom_peeling-ea-lo-st-swmr-wp run1 rc=0 165.2s outside_busy=0.0082 inside_busy=0.6822 foreign_cpu_share=0.0041 (warmup, discarded)
memcached tsan-dom_peeling-ea-lo-st-swmr-stmt run1 rc=0 162.2s outside_busy=0.0072 inside_busy=0.6908 foreign_cpu_share=0.0027 (warmup, discarded)
memcached tsan-dom_peeling-ea-lo-st-swmr-stmt-wp run1 rc=0 156.2s outside_busy=0.0079 inside_busy=0.7129 foreign_cpu_share=0.0041 (warmup, discarded)
memcached orig run1 rc=0 47.1s outside_busy=0.007 inside_busy=0.5311 foreign_cpu_share=0.0075
memcached tsan run1 rc=0 158.2s outside_busy=0.007 inside_busy=0.707 foreign_cpu_share=0.003
memcached tsan-dom_peeling-ea-lo-st-swmr-wp run1 rc=0 155.2s outside_busy=0.0081 inside_busy=0.7093 foreign_cpu_share=0.0032
memcached tsan-dom_peeling-ea-lo-st-swmr-stmt run1 rc=0 163.2s outside_busy=0.0069 inside_busy=0.6962 foreign_cpu_share=0.0023
memcached tsan-dom_peeling-ea-lo-st-swmr-stmt-wp run1 rc=0 156.2s outside_busy=0.0075 inside_busy=0.7159 foreign_cpu_share=0.0035
memcached orig run2 rc=0 47.1s outside_busy=0.0068 inside_busy=0.5395 foreign_cpu_share=0.0066
memcached tsan run2 rc=0 158.2s outside_busy=0.0083 inside_busy=0.6989 foreign_cpu_share=0.0039
memcached tsan-dom_peeling-ea-lo-st-swmr-wp run2 rc=0 163.2s outside_busy=0.0072 inside_busy=0.6889 foreign_cpu_share=0.0027
memcached tsan-dom_peeling-ea-lo-st-swmr-stmt run2 rc=0 157.2s outside_busy=0.0076 inside_busy=0.6959 foreign_cpu_share=0.0028
memcached tsan-dom_peeling-ea-lo-st-swmr-stmt-wp run2 rc=0 157.2s outside_busy=0.0067 inside_busy=0.7022 foreign_cpu_share=0.0017
memcached orig run3 rc=0 47.1s outside_busy=0.0063 inside_busy=0.543 foreign_cpu_share=0.0081
memcached tsan run3 rc=0 155.2s outside_busy=0.0074 inside_busy=0.7156 foreign_cpu_share=0.0036
memcached tsan-dom_peeling-ea-lo-st-swmr-wp run3 rc=0 151.2s outside_busy=0.007 inside_busy=0.7272 foreign_cpu_share=0.0026
memcached tsan-dom_peeling-ea-lo-st-swmr-stmt run3 rc=0 153.2s outside_busy=0.0076 inside_busy=0.726 foreign_cpu_share=0.0036
memcached tsan-dom_peeling-ea-lo-st-swmr-stmt-wp run3 rc=0 156.2s outside_busy=0.0068 inside_busy=0.7039 foreign_cpu_share=0.0016
memcached orig run4 rc=0 49.1s outside_busy=0.0156 inside_busy=0.5311 foreign_cpu_share=0.021
memcached tsan run4 rc=0 153.2s outside_busy=0.0071 inside_busy=0.724 foreign_cpu_share=0.0017
memcached tsan-dom_peeling-ea-lo-st-swmr-wp run4 rc=0 154.2s outside_busy=0.0077 inside_busy=0.7143 foreign_cpu_share=0.0037
memcached tsan-dom_peeling-ea-lo-st-swmr-stmt run4 rc=0 158.2s outside_busy=0.007 inside_busy=0.7105 foreign_cpu_share=0.0015
memcached tsan-dom_peeling-ea-lo-st-swmr-stmt-wp run4 rc=0 161.2s outside_busy=0.0081 inside_busy=0.6923 foreign_cpu_share=0.0034
memcached orig run5 rc=0 47.1s outside_busy=0.0066 inside_busy=0.5421 foreign_cpu_share=0.0075
memcached tsan run5 rc=0 155.2s outside_busy=0.0069 inside_busy=0.7119 foreign_cpu_share=0.0025
memcached tsan-dom_peeling-ea-lo-st-swmr-wp run5 rc=0 158.2s outside_busy=0.0076 inside_busy=0.7029 foreign_cpu_share=0.0034
memcached tsan-dom_peeling-ea-lo-st-swmr-stmt run5 rc=0 153.2s outside_busy=0.0069 inside_busy=0.7269 foreign_cpu_share=0.0024
memcached tsan-dom_peeling-ea-lo-st-swmr-stmt-wp run5 rc=0 153.2s outside_busy=0.0084 inside_busy=0.7234 foreign_cpu_share=0.0043
DONE memcached
