tsan_compiler.sh: using /opt/tsan-llvm/bin/clang (clang version 19.0.0git (https://github.com/focs-lab/llvm-project f3deebfbab602f4e05289e0acbde0efd06b8058c)) [frozen copy, TSAN_AUDIT_HASH=f3deebfbab60]
==> Running in test-only mode.
./redis.sh: line 246: warning: setlocale: LC_ALL: cannot change locale (en_US.UTF-8): No such file or directory
==> Checking for pre-existing redis-server processes before running benchmarks.
==> Switching to polygon directory for tests.
==> Testing dom_peeling-ea-lo-st-swmr-stmt
PING_INLINE 408328.94
PING_MBULK 603714.75
SET 306727.34
GET 394985.97
INCR 374072.75
RPUSH 233573.66
LPOP 228141.31
RPOP 423916.81
SADD 327201.78
HSET 260617.88
SPOP 437180.62
ZADD 266280.03
ZPOPMIN 438708.84
LPUSH 198837.47
LRANGE_100 22917.18
LRANGE_300 8653.17
LRANGE_500 5248.46
LRANGE_600 4487.75
MSET 56172.61
==> Found running redis-server process(es): 23843
==> Stopping redis-server with SIGTERM
==> redis-server stopped gracefully.
==> Script finished successfully. All results are in __results_redis__
