tsan_compiler.sh: ignoring LLVM_ROOT_PATH=/home/alexey/dev/llvm-project/llvm/build (not the TSan prototype tree)
tsan_compiler.sh: using /home/alexey/dev/llvm-project-focs-lab/llvm/build/bin/clang (clang version 19.0.0git (https://github.com/focs-lab/llvm-project 729521af89653b1bac211c03203ab160d5cb71d0))
==> Running in test-only mode.
==> Checking for pre-existing redis-server processes before running benchmarks.
==> Switching to polygon directory for tests.
==> Testing tsan
PING_INLINE 442676.09
PING_MBULK 608915.38
SET 297009.91
GET 377170.25
INCR 359375.00
RPUSH 229478.67
LPOP 220704.06
RPOP 456408.78
SADD 312959.72
HSET 245463.52
SPOP 489216.59
ZADD 264220.84
ZPOPMIN 472355.03
LPUSH 202403.30
LRANGE_100 21390.15
LRANGE_300 8394.40
LRANGE_500 5157.02
LRANGE_600 4239.14
MSET 53585.33
==> Found running redis-server process(es): 1938144
==> Stopping redis-server with SIGTERM
==> redis-server stopped gracefully.
==> Script finished successfully. All results are in __results_redis__
