10        Threads
50        Connections per thread
10000     Requests per client


BEST RUN RESULTS
============================================================================================================================
Type         Ops/sec     Hits/sec   Misses/sec    Avg. Latency     p50 Latency     p99 Latency   p99.9 Latency       KB/sec 
----------------------------------------------------------------------------------------------------------------------------
Sets       225121.48          ---          ---         4.39658         4.01500        12.73500        24.44700     15359.69 
Gets      2248740.93         0.00   2248740.93         4.22458         3.87100        12.22300        21.75900     56853.66 
Waits           0.00          ---          ---             ---             ---             ---             ---          --- 
Totals    2473862.41         0.00   2248740.93         4.24023         3.87100        12.28700        21.88700     72213.35 


WORST RUN RESULTS
============================================================================================================================
Type         Ops/sec     Hits/sec   Misses/sec    Avg. Latency     p50 Latency     p99 Latency   p99.9 Latency       KB/sec 
----------------------------------------------------------------------------------------------------------------------------
Sets       153866.44          ---          ---         4.65599         4.35100        12.92700        21.11900     10498.07 
Gets      1536973.60         0.00   1536973.60         4.44435         4.12700        12.47900        19.71100     38858.44 
Waits           0.00          ---          ---             ---             ---             ---             ---          --- 
Totals    1690840.04         0.00   1536973.60         4.46361         4.12700        12.47900        19.83900     49356.51 


AGGREGATED AVERAGE RESULTS (25 runs)
============================================================================================================================
Type         Ops/sec     Hits/sec   Misses/sec    Avg. Latency     p50 Latency     p99 Latency   p99.9 Latency       KB/sec 
----------------------------------------------------------------------------------------------------------------------------
Sets       165765.66          ---          ---         4.43911         4.06300        13.05500        23.93500     11309.93 
Gets      1655835.00         0.00   1655835.00         4.26124         3.88700        12.54300        22.01500     41863.55 
Waits           0.00          ---          ---             ---             ---             ---             ---          --- 
Totals    1821600.66         0.00   1655835.00         4.27742         3.90300        12.60700        22.27100     53173.48 
