10        Threads
50        Connections per thread
10000     Requests per client


BEST RUN RESULTS
============================================================================================================================
Type         Ops/sec     Hits/sec   Misses/sec    Avg. Latency     p50 Latency     p99 Latency   p99.9 Latency       KB/sec 
----------------------------------------------------------------------------------------------------------------------------
Sets       214613.94          ---          ---         4.91508         4.57500        13.82300        28.41500     14642.78 
Gets      2143780.96         0.00   2143780.96         4.68540         4.35100        13.31100        26.87900     54200.01 
Waits           0.00          ---          ---             ---             ---             ---             ---          --- 
Totals    2358394.90         0.00   2143780.96         4.70630         4.38300        13.37500        27.00700     68842.79 


WORST RUN RESULTS
============================================================================================================================
Type         Ops/sec     Hits/sec   Misses/sec    Avg. Latency     p50 Latency     p99 Latency   p99.9 Latency       KB/sec 
----------------------------------------------------------------------------------------------------------------------------
Sets       134090.29          ---          ---         5.09540         4.76700        14.14300        22.14300      9148.77 
Gets      1339429.38         0.00   1339429.38         4.84347         4.51100        13.50300        20.73500     33864.04 
Waits           0.00          ---          ---             ---             ---             ---             ---          --- 
Totals    1473519.67         0.00   1339429.38         4.86639         4.54300        13.56700        20.86300     43012.82 


AGGREGATED AVERAGE RESULTS (25 runs)
============================================================================================================================
Type         Ops/sec     Hits/sec   Misses/sec    Avg. Latency     p50 Latency     p99 Latency   p99.9 Latency       KB/sec 
----------------------------------------------------------------------------------------------------------------------------
Sets       148316.12          ---          ---         4.98238         4.67100        13.56700        24.19100     10119.38 
Gets      1481531.32         0.00   1481531.32         4.74150         4.41500        13.05500        22.52700     37456.73 
Waits           0.00          ---          ---             ---             ---             ---             ---          --- 
Totals    1629847.43         0.00   1481531.32         4.76342         4.44700        13.11900        22.65500     47576.11 
