10        Threads
50        Connections per thread
10000     Requests per client


BEST RUN RESULTS
============================================================================================================================
Type         Ops/sec     Hits/sec   Misses/sec    Avg. Latency     p50 Latency     p99 Latency   p99.9 Latency       KB/sec 
----------------------------------------------------------------------------------------------------------------------------
Sets       244295.04          ---          ---         4.45294         4.06300        12.92700        26.23900     16667.87 
Gets      2440265.84         0.00   2440265.84         4.28680         3.90300        12.47900        24.44700     61695.88 
Waits           0.00          ---          ---             ---             ---             ---             ---          --- 
Totals    2684560.88         0.00   2440265.84         4.30192         3.91900        12.54300        24.57500     78363.75 


WORST RUN RESULTS
============================================================================================================================
Type         Ops/sec     Hits/sec   Misses/sec    Avg. Latency     p50 Latency     p99 Latency   p99.9 Latency       KB/sec 
----------------------------------------------------------------------------------------------------------------------------
Sets       150621.20          ---          ---         4.74522         4.38300        13.56700        22.39900     10276.65 
Gets      1504556.87         0.00   1504556.87         4.53167         4.19100        12.92700        21.24700     38038.87 
Waits           0.00          ---          ---             ---             ---             ---             ---          --- 
Totals    1655178.08         0.00   1504556.87         4.55111         4.19100        12.99100        21.37500     48315.52 


AGGREGATED AVERAGE RESULTS (25 runs)
============================================================================================================================
Type         Ops/sec     Hits/sec   Misses/sec    Avg. Latency     p50 Latency     p99 Latency   p99.9 Latency       KB/sec 
----------------------------------------------------------------------------------------------------------------------------
Sets       165652.92          ---          ---         4.47941         4.09500        12.99100        22.27100     11302.24 
Gets      1654708.87         0.00   1654708.87         4.31223         3.93500        12.54300        20.86300     41835.08 
Waits           0.00          ---          ---             ---             ---             ---             ---          --- 
Totals    1820361.80         0.00   1654708.87         4.32745         3.95100        12.60700        20.99100     53137.32 
