10        Threads
50        Connections per thread
10000     Requests per client


BEST RUN RESULTS
============================================================================================================================
Type         Ops/sec     Hits/sec   Misses/sec    Avg. Latency     p50 Latency     p99 Latency   p99.9 Latency       KB/sec 
----------------------------------------------------------------------------------------------------------------------------
Sets       227395.40          ---          ---         4.65566         4.25500        13.43900        30.33500     15514.84 
Gets      2271455.13         0.00   2271455.13         4.47034         4.09500        12.86300        28.28700     57427.93 
Waits           0.00          ---          ---             ---             ---             ---             ---          --- 
Totals    2498850.53         0.00   2271455.13         4.48720         4.12700        12.92700        28.54300     72942.76 


WORST RUN RESULTS
============================================================================================================================
Type         Ops/sec     Hits/sec   Misses/sec    Avg. Latency     p50 Latency     p99 Latency   p99.9 Latency       KB/sec 
----------------------------------------------------------------------------------------------------------------------------
Sets       139684.44          ---          ---         5.02306         4.63900        14.33500        21.75900      9530.45 
Gets      1395309.43         0.00   1395309.43         4.79739         4.41500        13.63100        20.60700     35276.83 
Waits           0.00          ---          ---             ---             ---             ---             ---          --- 
Totals    1534993.87         0.00   1395309.43         4.81792         4.44700        13.69500        20.73500     44807.28 


AGGREGATED AVERAGE RESULTS (25 runs)
============================================================================================================================
Type         Ops/sec     Hits/sec   Misses/sec    Avg. Latency     p50 Latency     p99 Latency   p99.9 Latency       KB/sec 
----------------------------------------------------------------------------------------------------------------------------
Sets       159980.45          ---          ---         4.63226         4.25500        13.43900        22.91100     10915.22 
Gets      1598046.49         0.00   1598046.49         4.45037         4.07900        12.86300        21.37500     40402.52 
Waits           0.00          ---          ---             ---             ---             ---             ---          --- 
Totals    1758026.95         0.00   1598046.49         4.46692         4.07900        12.92700        21.50300     51317.73 
