10        Threads
50        Connections per thread
10000     Requests per client


BEST RUN RESULTS
============================================================================================================================
Type         Ops/sec     Hits/sec   Misses/sec    Avg. Latency     p50 Latency     p99 Latency   p99.9 Latency       KB/sec 
----------------------------------------------------------------------------------------------------------------------------
Sets       238038.56          ---          ---         4.54523         4.25500        12.99100        19.19900     16241.00 
Gets      2377769.81         0.00   2377769.81         4.34933         4.04700        12.54300        18.43100     60115.82 
Waits           0.00          ---          ---             ---             ---             ---             ---          --- 
Totals    2615808.38         0.00   2377769.81         4.36715         4.06300        12.60700        18.55900     76356.83 


WORST RUN RESULTS
============================================================================================================================
Type         Ops/sec     Hits/sec   Misses/sec    Avg. Latency     p50 Latency     p99 Latency   p99.9 Latency       KB/sec 
----------------------------------------------------------------------------------------------------------------------------
Sets       148375.60          ---          ---         4.85246         4.51100        13.95100        20.60700     10123.44 
Gets      1482125.47         0.00   1482125.47         4.59943         4.25500        13.31100        19.83900     37471.75 
Waits           0.00          ---          ---             ---             ---             ---             ---          --- 
Totals    1630501.07         0.00   1482125.47         4.62245         4.25500        13.37500        19.96700     47595.19 


AGGREGATED AVERAGE RESULTS (25 runs)
============================================================================================================================
Type         Ops/sec     Hits/sec   Misses/sec    Avg. Latency     p50 Latency     p99 Latency   p99.9 Latency       KB/sec 
----------------------------------------------------------------------------------------------------------------------------
Sets       166283.22          ---          ---         4.60272         4.28700        13.18300        23.42300     11345.25 
Gets      1661004.87         0.00   1661004.87         4.39363         4.06300        12.60700        21.75900     41994.26 
Waits           0.00          ---          ---             ---             ---             ---             ---          --- 
Totals    1827288.08         0.00   1661004.87         4.41266         4.07900        12.67100        21.88700     53339.50 
