10        Threads
50        Connections per thread
10000     Requests per client


BEST RUN RESULTS
============================================================================================================================
Type         Ops/sec     Hits/sec   Misses/sec    Avg. Latency     p50 Latency     p99 Latency   p99.9 Latency       KB/sec 
----------------------------------------------------------------------------------------------------------------------------
Sets       177800.43          ---          ---         4.46444         3.99900        13.31100        33.53500     12131.05 
Gets      1776050.40         0.00   1776050.40         4.31049         3.87100        12.86300        30.71900     44902.89 
Waits           0.00          ---          ---             ---             ---             ---             ---          --- 
Totals    1953850.83         0.00   1776050.40         4.32450         3.87100        12.92700        30.84700     57033.94 


WORST RUN RESULTS
============================================================================================================================
Type         Ops/sec     Hits/sec   Misses/sec    Avg. Latency     p50 Latency     p99 Latency   p99.9 Latency       KB/sec 
----------------------------------------------------------------------------------------------------------------------------
Sets       151989.64          ---          ---         4.70061         4.35100        13.63100        21.75900     10370.02 
Gets      1518226.23         0.00   1518226.23         4.50568         4.15900        13.05500        20.73500     38384.46 
Waits           0.00          ---          ---             ---             ---             ---             ---          --- 
Totals    1670215.88         0.00   1518226.23         4.52341         4.15900        13.11900        20.86300     48754.48 


AGGREGATED AVERAGE RESULTS (25 runs)
============================================================================================================================
Type         Ops/sec     Hits/sec   Misses/sec    Avg. Latency     p50 Latency     p99 Latency   p99.9 Latency       KB/sec 
----------------------------------------------------------------------------------------------------------------------------
Sets       159426.09          ---          ---         4.47196         4.06300        13.11900        23.29500     10877.40 
Gets      1592508.98         0.00   1592508.98         4.31072         3.91900        12.67100        21.75900     40262.51 
Waits           0.00          ---          ---             ---             ---             ---             ---          --- 
Totals    1751935.07         0.00   1592508.98         4.32540         3.91900        12.73500        21.88700     51139.91 
