10        Threads
50        Connections per thread
10000     Requests per client


BEST RUN RESULTS
============================================================================================================================
Type         Ops/sec     Hits/sec   Misses/sec    Avg. Latency     p50 Latency     p99 Latency   p99.9 Latency       KB/sec 
----------------------------------------------------------------------------------------------------------------------------
Sets       206640.94          ---          ---         4.59458         4.25500        13.18300        18.94300     14098.79 
Gets      2064138.62         0.00   2064138.62         4.39304         4.04700        12.60700        18.04700     52186.46 
Waits           0.00          ---          ---             ---             ---             ---             ---          --- 
Totals    2270779.56         0.00   2064138.62         4.41138         4.06300        12.67100        18.17500     66285.25 


WORST RUN RESULTS
============================================================================================================================
Type         Ops/sec     Hits/sec   Misses/sec    Avg. Latency     p50 Latency     p99 Latency   p99.9 Latency       KB/sec 
----------------------------------------------------------------------------------------------------------------------------
Sets       147750.15          ---          ---         4.85921         4.51100        13.69500        19.96700     10080.76 
Gets      1475877.92         0.00   1475877.92         4.61592         4.25500        13.05500        19.07100     37313.80 
Waits           0.00          ---          ---             ---             ---             ---             ---          --- 
Totals    1623628.07         0.00   1475877.92         4.63806         4.28700        13.11900        19.19900     47394.56 


AGGREGATED AVERAGE RESULTS (25 runs)
============================================================================================================================
Type         Ops/sec     Hits/sec   Misses/sec    Avg. Latency     p50 Latency     p99 Latency   p99.9 Latency       KB/sec 
----------------------------------------------------------------------------------------------------------------------------
Sets       158919.48          ---          ---         4.58331         4.22300        13.18300        22.65500     10842.83 
Gets      1587448.45         0.00   1587448.45         4.38555         4.03100        12.67100        21.11900     40134.57 
Waits           0.00          ---          ---             ---             ---             ---             ---          --- 
Totals    1746367.93         0.00   1587448.45         4.40355         4.04700        12.73500        21.24700     50977.40 
