10        Threads
50        Connections per thread
10000     Requests per client


BEST RUN RESULTS
============================================================================================================================
Type         Ops/sec     Hits/sec   Misses/sec    Avg. Latency     p50 Latency     p99 Latency   p99.9 Latency       KB/sec 
----------------------------------------------------------------------------------------------------------------------------
Sets        93668.43          ---          ---         7.70224         6.91100        22.39900        34.55900      6390.85 
Gets       935654.94         0.00    935654.94         7.27502         6.49500        21.37500        33.27900     23655.64 
Waits           0.00          ---          ---             ---             ---             ---             ---          --- 
Totals    1029323.36         0.00    935654.94         7.31390         6.52700        21.50300        33.27900     30046.49 


WORST RUN RESULTS
============================================================================================================================
Type         Ops/sec     Hits/sec   Misses/sec    Avg. Latency     p50 Latency     p99 Latency   p99.9 Latency       KB/sec 
----------------------------------------------------------------------------------------------------------------------------
Sets        38450.42          ---          ---        18.84429        15.29500        92.15900       175.10300      2623.41 
Gets       384081.63         0.00    384081.63        17.41319        13.88700        87.03900       165.88700      9710.52 
Waits           0.00          ---          ---             ---             ---             ---             ---          --- 
Totals     422532.05         0.00    384081.63        17.54342        14.01500        87.55100       166.91100     12333.93 


AGGREGATED AVERAGE RESULTS (25 runs)
============================================================================================================================
Type         Ops/sec     Hits/sec   Misses/sec    Avg. Latency     p50 Latency     p99 Latency   p99.9 Latency       KB/sec 
----------------------------------------------------------------------------------------------------------------------------
Sets        67541.25          ---          ---        11.52161         9.59900        43.51900        97.27900      4608.23 
Gets       674670.30         0.00    674670.30        10.71739         8.83100        40.70300        91.64700     17057.31 
Waits           0.00          ---          ---             ---             ---             ---             ---          --- 
Totals     742211.55         0.00    674670.30        10.79057         8.89500        40.95900        92.15900     21665.55 
