10        Threads
50        Connections per thread
10000     Requests per client


BEST RUN RESULTS
============================================================================================================================
Type         Ops/sec     Hits/sec   Misses/sec    Avg. Latency     p50 Latency     p99 Latency   p99.9 Latency       KB/sec 
----------------------------------------------------------------------------------------------------------------------------
Sets       201770.70          ---          ---         4.93983         4.67100        13.37500        20.22300     13766.50 
Gets      2015489.78         0.00   2015489.78         4.71264         4.41500        12.92700        19.32700     50956.50 
Waits           0.00          ---          ---             ---             ---             ---             ---          --- 
Totals    2217260.49         0.00   2015489.78         4.73331         4.44700        12.99100        19.45500     64723.00 


WORST RUN RESULTS
============================================================================================================================
Type         Ops/sec     Hits/sec   Misses/sec    Avg. Latency     p50 Latency     p99 Latency   p99.9 Latency       KB/sec 
----------------------------------------------------------------------------------------------------------------------------
Sets       136092.72          ---          ---         5.31348         4.95900        14.33500        21.37500      9285.40 
Gets      1359431.63         0.00   1359431.63         5.01343         4.67100        13.69500        20.22300     34369.75 
Waits           0.00          ---          ---             ---             ---             ---             ---          --- 
Totals    1495524.34         0.00   1359431.63         5.04074         4.70300        13.75900        20.22300     43655.14 


AGGREGATED AVERAGE RESULTS (25 runs)
============================================================================================================================
Type         Ops/sec     Hits/sec   Misses/sec    Avg. Latency     p50 Latency     p99 Latency   p99.9 Latency       KB/sec 
----------------------------------------------------------------------------------------------------------------------------
Sets       149257.96          ---          ---         5.01823         4.70300        13.82300        26.49500     10183.64 
Gets      1490939.44         0.00   1490939.44         4.77167         4.44700        13.24700        24.31900     37694.59 
Waits           0.00          ---          ---             ---             ---             ---             ---          --- 
Totals    1640197.40         0.00   1490939.44         4.79410         4.47900        13.31100        24.57500     47878.23 
