10        Threads
50        Connections per thread
10000     Requests per client


BEST RUN RESULTS
============================================================================================================================
Type         Ops/sec     Hits/sec   Misses/sec    Avg. Latency     p50 Latency     p99 Latency   p99.9 Latency       KB/sec 
----------------------------------------------------------------------------------------------------------------------------
Sets       119492.23          ---          ---         5.97036         5.47100        17.27900        25.21500      8152.77 
Gets      1193609.19         0.00   1193609.19         5.64573         5.15100        16.51100        23.67900     30177.35 
Waits           0.00          ---          ---             ---             ---             ---             ---          --- 
Totals    1313101.42         0.00   1193609.19         5.67527         5.18300        16.63900        23.80700     38330.12 


WORST RUN RESULTS
============================================================================================================================
Type         Ops/sec     Hits/sec   Misses/sec    Avg. Latency     p50 Latency     p99 Latency   p99.9 Latency       KB/sec 
----------------------------------------------------------------------------------------------------------------------------
Sets        70888.47          ---          ---        10.04496         9.08700        30.71900        44.79900      4836.61 
Gets       708105.73         0.00    708105.73         9.64267         8.70300        29.43900        43.51900     17902.64 
Waits           0.00          ---          ---             ---             ---             ---             ---          --- 
Totals     778994.20         0.00    708105.73         9.67928         8.76700        29.56700        43.51900     22739.25 


AGGREGATED AVERAGE RESULTS (25 runs)
============================================================================================================================
Type         Ops/sec     Hits/sec   Misses/sec    Avg. Latency     p50 Latency     p99 Latency   p99.9 Latency       KB/sec 
----------------------------------------------------------------------------------------------------------------------------
Sets        94234.04          ---          ---         7.92251         6.91100        24.83100        38.14300      6429.44 
Gets       941304.86         0.00    941304.86         7.56665         6.59100        23.80700        36.86300     23798.48 
Waits           0.00          ---          ---             ---             ---             ---             ---          --- 
Totals    1035538.90         0.00    941304.86         7.59903         6.59100        23.93500        36.86300     30227.93 
