tsan_compiler.sh: using /opt/tsan-llvm/bin/clang (clang version 19.0.0git (https://github.com/focs-lab/llvm-project f3deebfbab602f4e05289e0acbde0efd06b8058c)) [frozen copy, TSAN_AUDIT_HASH=f3deebfbab60]
==> Running in test-only mode.
./redis.sh: line 246: warning: setlocale: LC_ALL: cannot change locale (en_US.UTF-8): No such file or directory
==> Checking for pre-existing redis-server processes before running benchmarks.
==> Switching to polygon directory for tests.
==> Testing dom_peeling-ea-lo-st-swmr
PING_INLINE 447890.97
PING_MBULK 636893.19
SET 307670.34
GET 401113.94
INCR 376028.16
RPUSH 244434.56
LPOP 218011.88
RPOP 437577.72
SADD 334985.53
HSET 264107.09
SPOP 459554.59
ZADD 271022.28
ZPOPMIN 448683.88
LPUSH 201233.41
LRANGE_100 23805.52
LRANGE_300 8816.56
LRANGE_500 5372.45
LRANGE_600 4580.00
MSET 60547.76
==> Found running redis-server process(es): 21930
==> Stopping redis-server with SIGTERM
==> redis-server stopped gracefully.
==> Script finished successfully. All results are in __results_redis__
