tsan_compiler.sh: ignoring LLVM_ROOT_PATH=/home/alexey/dev/llvm-project/llvm/build (not the TSan prototype tree)
tsan_compiler.sh: using /home/alexey/dev/llvm-project-focs-lab/llvm/build/bin/clang (clang version 19.0.0git (https://github.com/focs-lab/llvm-project 729521af89653b1bac211c03203ab160d5cb71d0))
==> Running in test-only mode.
==> Checking for pre-existing redis-server processes before running benchmarks.
==> Switching to polygon directory for tests.
==> Testing dom_peeling-ea-lo-st-swmr
PING_INLINE 335158.47
PING_MBULK 522427.16
SET 251486.97
GET 323106.03
INCR 312280.53
RPUSH 179733.45
LPOP 180446.95
RPOP 374840.03
SADD 279369.50
HSET 209631.97
SPOP 393877.16
ZADD 207232.03
ZPOPMIN 379532.62
LPUSH 171562.70
LRANGE_100 16667.30
LRANGE_300 6850.96
LRANGE_500 4202.27
LRANGE_600 3517.76
MSET 47181.89
==> Found running redis-server process(es): 2712517
==> Stopping redis-server with SIGTERM
==> redis-server stopped gracefully.
==> Script finished successfully. All results are in __results_redis__
