tsan_compiler.sh: ignoring LLVM_ROOT_PATH=/home/alexey/dev/llvm-project/llvm/build (not the TSan prototype tree)
tsan_compiler.sh: using /home/alexey/dev/llvm-project-focs-lab/llvm/build/bin/clang (clang version 19.0.0git (https://github.com/focs-lab/llvm-project 729521af89653b1bac211c03203ab160d5cb71d0))
==> Running in test-only mode.
==> Checking for pre-existing redis-server processes before running benchmarks.
==> Switching to polygon directory for tests.
==> Testing dom
PING_INLINE 454336.09
PING_MBULK 691872.75
SET 300434.84
GET 384639.75
INCR 429008.56
RPUSH 244907.70
LPOP 224971.44
RPOP 441698.88
SADD 342267.53
HSET 265370.81
SPOP 481911.38
ZADD 273122.56
ZPOPMIN 468155.34
LPUSH 212951.89
LRANGE_100 23313.64
LRANGE_300 8444.37
LRANGE_500 5097.36
LRANGE_600 4291.65
MSET 52608.72
==> Found running redis-server process(es): 2415919
==> Stopping redis-server with SIGTERM
==> redis-server stopped gracefully.
==> Script finished successfully. All results are in __results_redis__
