tsan_compiler.sh: ignoring LLVM_ROOT_PATH=/home/alexey/dev/llvm-project/llvm/build (not the TSan prototype tree)
tsan_compiler.sh: using /home/alexey/dev/llvm-project-focs-lab/llvm/build/bin/clang (clang version 19.0.0git (https://github.com/focs-lab/llvm-project 729521af89653b1bac211c03203ab160d5cb71d0))
==> Running in test-only mode.
==> Checking for pre-existing redis-server processes before running benchmarks.
==> Switching to polygon directory for tests.
==> Testing dom_peeling-ea-lo-st-swmr
PING_INLINE 515694.84
PING_MBULK 853624.56
SET 384491.94
GET 492588.91
INCR 466409.34
RPUSH 294302.44
LPOP 269517.25
RPOP 531023.38
SADD 394966.03
HSET 298285.03
SPOP 557352.69
ZADD 322101.75
ZPOPMIN 562998.31
LPUSH 256327.94
LRANGE_100 30728.43
LRANGE_300 10248.14
LRANGE_500 6157.32
LRANGE_600 5200.52
MSET 71974.16
==> Found running redis-server process(es): 552233
==> Stopping redis-server with SIGTERM
==> redis-server stopped gracefully.
==> Script finished successfully. All results are in __results_redis__
