tsan_compiler.sh: ignoring LLVM_ROOT_PATH=/home/alexey/dev/llvm-project/llvm/build (not the TSan prototype tree)
tsan_compiler.sh: using /home/alexey/dev/llvm-project-focs-lab/llvm/build/bin/clang (clang version 19.0.0git (https://github.com/focs-lab/llvm-project 729521af89653b1bac211c03203ab160d5cb71d0))
==> Running in test-only mode.
==> Checking for pre-existing redis-server processes before running benchmarks.
==> Switching to polygon directory for tests.
==> Testing stmt
PING_INLINE 464676.25
PING_MBULK 653956.38
SET 311755.44
GET 411056.72
INCR 385884.12
RPUSH 248849.08
LPOP 233865.38
RPOP 459513.16
SADD 340926.44
HSET 260089.25
SPOP 456938.88
ZADD 254480.86
ZPOPMIN 440430.09
LPUSH 205800.91
LRANGE_100 19498.10
LRANGE_300 8702.60
LRANGE_500 5354.15
LRANGE_600 4448.34
MSET 58116.85
==> Found running redis-server process(es): 2047058
==> Stopping redis-server with SIGTERM
==> redis-server stopped gracefully.
==> Script finished successfully. All results are in __results_redis__
