tsan_compiler.sh: ignoring LLVM_ROOT_PATH=/home/alexey/dev/llvm-project/llvm/build (not the TSan prototype tree)
tsan_compiler.sh: using /home/alexey/dev/llvm-project-focs-lab/llvm/build/bin/clang (clang version 19.0.0git (https://github.com/focs-lab/llvm-project 729521af89653b1bac211c03203ab160d5cb71d0))
==> Running in test-only mode.
==> Checking for pre-existing redis-server processes before running benchmarks.
==> Switching to polygon directory for tests.
==> Testing yoff
PING_INLINE 496253.97
PING_MBULK 707030.44
SET 336298.59
GET 434222.25
INCR 416332.91
RPUSH 267010.12
LPOP 240376.73
RPOP 458290.41
SADD 360651.78
HSET 312249.69
SPOP 523520.66
ZADD 303718.28
ZPOPMIN 521066.69
LPUSH 232446.11
LRANGE_100 24849.68
LRANGE_300 8958.87
LRANGE_500 5470.17
LRANGE_600 4553.75
MSET 66444.73
==> Found running redis-server process(es): 2621054
==> Stopping redis-server with SIGTERM
==> redis-server stopped gracefully.
==> Script finished successfully. All results are in __results_redis__
