tsan_compiler.sh: ignoring LLVM_ROOT_PATH=/home/alexey/dev/llvm-project/llvm/build (not the TSan prototype tree)
tsan_compiler.sh: using /home/alexey/dev/llvm-project-focs-lab/llvm/build/bin/clang (clang version 19.0.0git (https://github.com/focs-lab/llvm-project 729521af89653b1bac211c03203ab160d5cb71d0))
==> Running in test-only mode.
==> Checking for pre-existing redis-server processes before running benchmarks.
==> Switching to polygon directory for tests.
==> Testing tsan
PING_INLINE 438985.50
PING_MBULK 632394.44
SET 310823.94
GET 387026.84
INCR 407149.22
RPUSH 242054.75
LPOP 202863.84
RPOP 460611.44
SADD 320812.53
HSET 257617.42
SPOP 480522.56
ZADD 243717.25
ZPOPMIN 439950.75
LPUSH 202302.67
LRANGE_100 19308.60
LRANGE_300 7911.80
LRANGE_500 4905.94
LRANGE_600 4152.40
MSET 59234.71
==> Found running redis-server process(es): 2691835
==> Stopping redis-server with SIGTERM
==> redis-server stopped gracefully.
==> Script finished successfully. All results are in __results_redis__
