tsan_compiler.sh: ignoring LLVM_ROOT_PATH=/home/alexey/dev/llvm-project/llvm/build (not the TSan prototype tree)
tsan_compiler.sh: using /home/alexey/dev/llvm-project-focs-lab/llvm/build/bin/clang (clang version 19.0.0git (https://github.com/focs-lab/llvm-project 729521af89653b1bac211c03203ab160d5cb71d0))
==> Running in test-only mode.
==> Checking for pre-existing redis-server processes before running benchmarks.
==> Switching to polygon directory for tests.
==> Testing stmt
PING_INLINE 492588.91
PING_MBULK 777953.31
SET 328123.31
GET 421903.84
INCR 418597.47
RPUSH 255542.28
LPOP 228412.78
RPOP 448832.66
SADD 367811.75
HSET 271344.72
SPOP 519443.41
ZADD 265582.16
ZPOPMIN 468813.47
LPUSH 224870.31
LRANGE_100 23969.22
LRANGE_300 8887.49
LRANGE_500 5463.87
LRANGE_600 4514.50
MSET 63903.77
==> Found running redis-server process(es): 1921610
==> Stopping redis-server with SIGTERM
==> redis-server stopped gracefully.
==> Script finished successfully. All results are in __results_redis__
