tsan_compiler.sh: ignoring LLVM_ROOT_PATH=/home/alexey/dev/llvm-project/llvm/build (not the TSan prototype tree)
tsan_compiler.sh: using /home/alexey/dev/llvm-project-focs-lab/llvm/build/bin/clang (clang version 19.0.0git (https://github.com/focs-lab/llvm-project 729521af89653b1bac211c03203ab160d5cb71d0))
==> Running in test-only mode.
==> Checking for pre-existing redis-server processes before running benchmarks.
==> Switching to polygon directory for tests.
==> Testing tsan
PING_INLINE 451465.69
PING_MBULK 622169.12
SET 302816.84
GET 398500.59
INCR 375985.31
RPUSH 237505.27
LPOP 207540.02
RPOP 446280.72
SADD 334638.97
HSET 250193.17
SPOP 435189.12
ZADD 249883.28
ZPOPMIN 423665.69
LPUSH 202828.89
LRANGE_100 21712.20
LRANGE_300 8354.97
LRANGE_500 5152.33
LRANGE_600 4316.82
MSET 54528.00
==> Found running redis-server process(es): 2051358
==> Stopping redis-server with SIGTERM
==> redis-server stopped gracefully.
==> Script finished successfully. All results are in __results_redis__
