tsan_compiler.sh: ignoring LLVM_ROOT_PATH=/home/alexey/dev/llvm-project/llvm/build (not the TSan prototype tree)
tsan_compiler.sh: using /home/alexey/dev/llvm-project-focs-lab/llvm/build/bin/clang (clang version 19.0.0git (https://github.com/focs-lab/llvm-project 729521af89653b1bac211c03203ab160d5cb71d0))
==> Running in test-only mode.
==> Checking for pre-existing redis-server processes before running benchmarks.
==> Switching to polygon directory for tests.
==> Testing dom_peeling-ea-lo-st-swmr
PING_INLINE 533003.75
PING_MBULK 741072.56
SET 359744.00
GET 484312.81
INCR 461674.19
RPUSH 290574.50
LPOP 270099.34
RPOP 519173.84
SADD 421430.28
HSET 306791.78
SPOP 593033.75
ZADD 325454.78
ZPOPMIN 545203.25
LPUSH 253985.28
LRANGE_100 28007.15
LRANGE_300 9768.32
LRANGE_500 5957.72
LRANGE_600 4990.74
MSET 66465.92
==> Found running redis-server process(es): 526052
==> Stopping redis-server with SIGTERM
==> redis-server stopped gracefully.
==> Script finished successfully. All results are in __results_redis__
