tsan_compiler.sh: ignoring LLVM_ROOT_PATH=/home/alexey/dev/llvm-project/llvm/build (not the TSan prototype tree)
tsan_compiler.sh: using /home/alexey/dev/llvm-project-focs-lab/llvm/build/bin/clang (clang version 19.0.0git (https://github.com/focs-lab/llvm-project 729521af89653b1bac211c03203ab160d5cb71d0))
==> Running in test-only mode.
==> Checking for pre-existing redis-server processes before running benchmarks.
==> Switching to polygon directory for tests.
==> Testing stmt
PING_INLINE 426812.28
PING_MBULK 606354.75
SET 298107.16
GET 391328.44
INCR 370602.94
RPUSH 238172.02
LPOP 228280.84
RPOP 430501.47
SADD 338158.59
HSET 254412.69
SPOP 423140.47
ZADD 253849.70
ZPOPMIN 418471.59
LPUSH 205299.78
LRANGE_100 22068.85
LRANGE_300 8351.95
LRANGE_500 5128.93
LRANGE_600 4296.43
MSET 62425.22
==> Found running redis-server process(es): 2011745
==> Stopping redis-server with SIGTERM
==> redis-server stopped gracefully.
==> Script finished successfully. All results are in __results_redis__
