tsan_compiler.sh: ignoring LLVM_ROOT_PATH=/home/alexey/dev/llvm-project/llvm/build (not the TSan prototype tree)
tsan_compiler.sh: using /home/alexey/dev/llvm-project-focs-lab/llvm/build/bin/clang (clang version 19.0.0git (https://github.com/focs-lab/llvm-project 729521af89653b1bac211c03203ab160d5cb71d0))
==> Running in test-only mode.
==> Checking for pre-existing redis-server processes before running benchmarks.
==> Switching to polygon directory for tests.
==> Testing ea
PING_INLINE 463170.34
PING_MBULK 739429.38
SET 321043.38
GET 417245.25
INCR 424696.34
RPUSH 254402.77
LPOP 214504.50
RPOP 498231.09
SADD 330188.28
HSET 255293.36
SPOP 506043.50
ZADD 269501.47
ZPOPMIN 513577.00
LPUSH 216109.41
LRANGE_100 21744.45
LRANGE_300 8586.55
LRANGE_500 5257.46
LRANGE_600 4411.48
MSET 61205.87
==> Found running redis-server process(es): 87083
==> Stopping redis-server with SIGTERM
==> redis-server stopped gracefully.
==> Script finished successfully. All results are in __results_redis__
