tsan_compiler.sh: ignoring LLVM_ROOT_PATH=/home/alexey/dev/llvm-project/llvm/build (not the TSan prototype tree)
tsan_compiler.sh: using /home/alexey/dev/llvm-project-focs-lab/llvm/build/bin/clang (clang version 19.0.0git (https://github.com/focs-lab/llvm-project 729521af89653b1bac211c03203ab160d5cb71d0))
==> Running in test-only mode.
==> Checking for pre-existing redis-server processes before running benchmarks.
==> Switching to polygon directory for tests.
==> Testing lo
PING_INLINE 453512.22
PING_MBULK 743274.94
SET 342850.97
GET 447537.66
INCR 431461.72
RPUSH 264262.84
LPOP 236800.00
RPOP 487310.28
SADD 362947.38
HSET 289182.50
SPOP 512512.00
ZADD 264760.34
ZPOPMIN 509133.84
LPUSH 217677.58
LRANGE_100 20580.16
LRANGE_300 8591.90
LRANGE_500 5303.84
LRANGE_600 4410.15
MSET 64545.18
==> Found running redis-server process(es): 4012709
==> Stopping redis-server with SIGTERM
==> redis-server stopped gracefully.
==> Script finished successfully. All results are in __results_redis__
