jq found, will generate JSON output to /artifact/results/perf-ffmpeg-20260921-144526/ffmpeg/orig/run3/summary.json.
--- FFmpeg Benchmark Start (using /usr/bin/time) ---
Builds to test: ffmpeg-orig
Video file: ./input/TearsOfSteel-1366x768-100s.mkv
Runs per test: 1

--- Benchmarking: Codec [h264_libx264], Build [ffmpeg-orig] ---

[96;1mffmpeg-orig/bin/ffmpeg -hide_banner -i "./input/TearsOfSteel-1366x768-100s.mkv" -threads 8 -y -c:v libx264 -preset medium -crf 23  -loglevel error /dev/shm/out.mp4[0m

  Run 1/1... OK (Time: 21.16s, Mem: 377248KB)
  Results: Time(avg±std): 21.1600s ± 0s | Mem(peak): 377248KB | Runs: 1/1
--------------------------------------------------------

--- Benchmarking: Codec [copy_passthrough], Build [ffmpeg-orig] ---

[96;1mffmpeg-orig/bin/ffmpeg -hide_banner -i "./input/TearsOfSteel-1366x768-100s.mkv" -threads 8 -y -c:v copy -c:a copy  -loglevel error /dev/shm/out.mkv[0m

  Run 1/1... OK (Time: 0.14s, Mem: 20924KB)
  Results: Time(avg±std): .1400s ± 0s | Mem(peak): 20924KB | Runs: 1/1
--------------------------------------------------------

--- Benchmarking: Codec [mjpeg], Build [ffmpeg-orig] ---

[96;1mffmpeg-orig/bin/ffmpeg -hide_banner -i "./input/TearsOfSteel-1366x768-100s.mkv" -threads 8 -y -c:v mjpeg -pix_fmt yuvj420p -q:v 2  -loglevel error /dev/shm/out.avi[0m

  Run 1/1... OK (Time: 3.66s, Mem: 163004KB)
  Results: Time(avg±std): 3.6600s ± 0s | Mem(peak): 163004KB | Runs: 1/1
--------------------------------------------------------

--- Benchmarking: Codec [h265_libx265], Build [ffmpeg-orig] ---

[96;1mffmpeg-orig/bin/ffmpeg -hide_banner -i "./input/TearsOfSteel-1366x768-100s.mkv" -threads 8 -y -c:v libx265 -preset medium -crf 28 -tag:v hvc1  -loglevel error /dev/shm/out.mp4[0m

  Run 1/1... OK (Time: 28.16s, Mem: 659392KB)
  Results: Time(avg±std): 28.1600s ± 0s | Mem(peak): 659392KB | Runs: 1/1
--------------------------------------------------------

JSON results have been finalized in /artifact/results/perf-ffmpeg-20260921-144526/ffmpeg/orig/run3/summary.json
Benchmark finished. CSV results are in /artifact/results/perf-ffmpeg-20260921-144526/ffmpeg/orig/run3/summary.csv
