10        Threads
50        Connections per thread
10000     Requests per client


BEST RUN RESULTS
============================================================================================================================
Type         Ops/sec     Hits/sec   Misses/sec    Avg. Latency     p50 Latency     p99 Latency   p99.9 Latency       KB/sec 
----------------------------------------------------------------------------------------------------------------------------
Sets        29107.83          ---          ---        27.19935        23.29500        90.11100       160.76700      1985.98 
Gets       290758.43         0.00    290758.43        25.36342        21.63100        85.50300       158.71900      7351.08 
Waits           0.00          ---          ---             ---             ---             ---             ---          --- 
Totals     319866.26         0.00    290758.43        25.53049        21.75900        86.01500       159.74300      9337.06 


WORST RUN RESULTS
============================================================================================================================
Type         Ops/sec     Hits/sec   Misses/sec    Avg. Latency     p50 Latency     p99 Latency   p99.9 Latency       KB/sec 
----------------------------------------------------------------------------------------------------------------------------
Sets        25772.83          ---          ---        27.14905        22.78300        87.03900       183.29500      1758.44 
Gets       257445.11         0.00    257445.11        25.26218        21.11900        82.43100       165.88700      6508.84 
Waits           0.00          ---          ---             ---             ---             ---             ---          --- 
Totals     283217.94         0.00    257445.11        25.43388        21.24700        82.94300       166.91100      8267.28 


AGGREGATED AVERAGE RESULTS (25 runs)
============================================================================================================================
Type         Ops/sec     Hits/sec   Misses/sec    Avg. Latency     p50 Latency     p99 Latency   p99.9 Latency       KB/sec 
----------------------------------------------------------------------------------------------------------------------------
Sets        27350.98          ---          ---        26.87812        22.78300        91.64700       161.79100      1866.12 
Gets       273209.28         0.00    273209.28        25.04101        21.11900        86.01500       152.57500      6907.40 
Waits           0.00          ---          ---             ---             ---             ---             ---          --- 
Totals     300560.26         0.00    273209.28        25.20819        21.24700        86.52700       153.59900      8773.51 
