10        Threads
50        Connections per thread
10000     Requests per client


BEST RUN RESULTS
============================================================================================================================
Type         Ops/sec     Hits/sec   Misses/sec    Avg. Latency     p50 Latency     p99 Latency   p99.9 Latency       KB/sec 
----------------------------------------------------------------------------------------------------------------------------
Sets        28234.36          ---          ---        27.71655        23.29500        97.27900       167.93500      1926.39 
Gets       282033.32         0.00    282033.32        25.77614        21.63100        91.64700       156.67100      7130.49 
Waits           0.00          ---          ---             ---             ---             ---             ---          --- 
Totals     310267.68         0.00    282033.32        25.95272        21.75900        92.15900       158.71900      9056.88 


WORST RUN RESULTS
============================================================================================================================
Type         Ops/sec     Hits/sec   Misses/sec    Avg. Latency     p50 Latency     p99 Latency   p99.9 Latency       KB/sec 
----------------------------------------------------------------------------------------------------------------------------
Sets        24789.69          ---          ---        28.03434        23.55100        99.32700       212.99100      1691.36 
Gets       247624.45         0.00    247624.45        26.13845        21.88700        94.20700       219.13500      6260.55 
Waits           0.00          ---          ---             ---             ---             ---             ---          --- 
Totals     272414.14         0.00    247624.45        26.31098        22.01500        94.71900       218.11100      7951.91 


AGGREGATED AVERAGE RESULTS (25 runs)
============================================================================================================================
Type         Ops/sec     Hits/sec   Misses/sec    Avg. Latency     p50 Latency     p99 Latency   p99.9 Latency       KB/sec 
----------------------------------------------------------------------------------------------------------------------------
Sets        26403.52          ---          ---        27.88182        23.42300        96.25500       175.10300      1801.47 
Gets       263745.06         0.00    263745.06        25.96137        21.63100        91.13500       165.88700      6668.12 
Waits           0.00          ---          ---             ---             ---             ---             ---          --- 
Totals     290148.58         0.00    263745.06        26.13613        21.75900        91.64700       166.91100      8469.59 
