10        Threads
50        Connections per thread
10000     Requests per client


BEST RUN RESULTS
============================================================================================================================
Type         Ops/sec     Hits/sec   Misses/sec    Avg. Latency     p50 Latency     p99 Latency   p99.9 Latency       KB/sec 
----------------------------------------------------------------------------------------------------------------------------
Sets        27950.14          ---          ---        27.64184        23.29500        92.15900       178.17500      1906.99 
Gets       279194.26         0.00    279194.26        25.73753        21.63100        87.03900       181.24700      7058.71 
Waits           0.00          ---          ---             ---             ---             ---             ---          --- 
Totals     307144.40         0.00    279194.26        25.91082        21.75900        87.55100       181.24700      8965.71 


WORST RUN RESULTS
============================================================================================================================
Type         Ops/sec     Hits/sec   Misses/sec    Avg. Latency     p50 Latency     p99 Latency   p99.9 Latency       KB/sec 
----------------------------------------------------------------------------------------------------------------------------
Sets        25156.63          ---          ---        27.73204        23.55100        94.71900       159.74300      1716.40 
Gets       251289.82         0.00    251289.82        25.81685        21.75900        89.59900       150.52700      6353.22 
Waits           0.00          ---          ---             ---             ---             ---             ---          --- 
Totals     276446.44         0.00    251289.82        25.99113        21.88700        89.59900       151.55100      8069.62 


AGGREGATED AVERAGE RESULTS (25 runs)
============================================================================================================================
Type         Ops/sec     Hits/sec   Misses/sec    Avg. Latency     p50 Latency     p99 Latency   p99.9 Latency       KB/sec 
----------------------------------------------------------------------------------------------------------------------------
Sets        26337.91          ---          ---        27.55823        23.16700        95.23100       169.98300      1796.99 
Gets       263089.67         0.00    263089.67        25.66676        21.50300        90.11100       160.76700      6651.55 
Waits           0.00          ---          ---             ---             ---             ---             ---          --- 
Totals     289427.58         0.00    263089.67        25.83889        21.63100        90.62300       161.79100      8448.54 
