10        Threads
50        Connections per thread
10000     Requests per client


BEST RUN RESULTS
============================================================================================================================
Type         Ops/sec     Hits/sec   Misses/sec    Avg. Latency     p50 Latency     p99 Latency   p99.9 Latency       KB/sec 
----------------------------------------------------------------------------------------------------------------------------
Sets        27790.92          ---          ---        27.70967        23.42300        93.69500       194.55900      1896.13 
Gets       277603.80         0.00    277603.80        25.82152        21.75900        88.57500       185.34300      7018.50 
Waits           0.00          ---          ---             ---             ---             ---             ---          --- 
Totals     305394.72         0.00    277603.80        25.99334        21.88700        89.08700       185.34300      8914.63 


WORST RUN RESULTS
============================================================================================================================
Type         Ops/sec     Hits/sec   Misses/sec    Avg. Latency     p50 Latency     p99 Latency   p99.9 Latency       KB/sec 
----------------------------------------------------------------------------------------------------------------------------
Sets        25069.76          ---          ---        27.66092        23.16700        95.74300       179.19900      1710.47 
Gets       250422.12         0.00    250422.12        25.74020        21.50300        90.11100       167.93500      6331.28 
Waits           0.00          ---          ---             ---             ---             ---             ---          --- 
Totals     275491.88         0.00    250422.12        25.91499        21.63100        90.62300       168.95900      8041.75 


AGGREGATED AVERAGE RESULTS (25 runs)
============================================================================================================================
Type         Ops/sec     Hits/sec   Misses/sec    Avg. Latency     p50 Latency     p99 Latency   p99.9 Latency       KB/sec 
----------------------------------------------------------------------------------------------------------------------------
Sets        26505.79          ---          ---        27.74689        23.42300        95.23100       173.05500      1808.45 
Gets       264766.60         0.00    264766.60        25.83491        21.63100        89.59900       162.81500      6693.95 
Waits           0.00          ---          ---             ---             ---             ---             ---          --- 
Totals     291272.39         0.00    264766.60        26.00890        21.75900        90.11100       163.83900      8502.39 
