10        Threads
50        Connections per thread
10000     Requests per client


BEST RUN RESULTS
============================================================================================================================
Type         Ops/sec     Hits/sec   Misses/sec    Avg. Latency     p50 Latency     p99 Latency   p99.9 Latency       KB/sec 
----------------------------------------------------------------------------------------------------------------------------
Sets        28366.34          ---          ---        27.30711        23.03900        96.76700       154.62300      1935.39 
Gets       283351.68         0.00    283351.68        25.43588        21.37500        91.13500       148.47900      7163.82 
Waits           0.00          ---          ---             ---             ---             ---             ---          --- 
Totals     311718.02         0.00    283351.68        25.60616        21.50300        91.64700       148.47900      9099.21 


WORST RUN RESULTS
============================================================================================================================
Type         Ops/sec     Hits/sec   Misses/sec    Avg. Latency     p50 Latency     p99 Latency   p99.9 Latency       KB/sec 
----------------------------------------------------------------------------------------------------------------------------
Sets        25452.89          ---          ---        27.55948        23.42300        93.18300       169.98300      1736.61 
Gets       254249.22         0.00    254249.22        25.64555        21.63100        87.55100       162.81500      6428.04 
Waits           0.00          ---          ---             ---             ---             ---             ---          --- 
Totals     279702.11         0.00    254249.22        25.81972        21.75900        88.06300       163.83900      8164.65 


AGGREGATED AVERAGE RESULTS (25 runs)
============================================================================================================================
Type         Ops/sec     Hits/sec   Misses/sec    Avg. Latency     p50 Latency     p99 Latency   p99.9 Latency       KB/sec 
----------------------------------------------------------------------------------------------------------------------------
Sets        26760.10          ---          ---        27.39017        23.03900        94.20700       171.00700      1825.80 
Gets       267306.93         0.00    267306.93        25.50821        21.24700        88.57500       161.79100      6758.17 
Waits           0.00          ---          ---             ---             ---             ---             ---          --- 
Totals     294067.03         0.00    267306.93        25.67947        21.50300        89.08700       162.81500      8583.97 
