10        Threads
50        Connections per thread
10000     Requests per client


BEST RUN RESULTS
============================================================================================================================
Type         Ops/sec     Hits/sec   Misses/sec    Avg. Latency     p50 Latency     p99 Latency   p99.9 Latency       KB/sec 
----------------------------------------------------------------------------------------------------------------------------
Sets        28867.77          ---          ---        26.97122        22.65500        93.69500       178.17500      1969.60 
Gets       288360.50         0.00    288360.50        25.11755        20.99100        88.57500       171.00700      7290.46 
Waits           0.00          ---          ---             ---             ---             ---             ---          --- 
Totals     317228.27         0.00    288360.50        25.28623        21.11900        89.08700       171.00700      9260.06 


WORST RUN RESULTS
============================================================================================================================
Type         Ops/sec     Hits/sec   Misses/sec    Avg. Latency     p50 Latency     p99 Latency   p99.9 Latency       KB/sec 
----------------------------------------------------------------------------------------------------------------------------
Sets        25854.89          ---          ---        27.03328        22.65500        94.71900       162.81500      1764.04 
Gets       258264.80         0.00    258264.80        25.16020        20.99100        89.59900       155.64700      6529.56 
Waits           0.00          ---          ---             ---             ---             ---             ---          --- 
Totals     284119.69         0.00    258264.80        25.33065        21.11900        90.11100       156.67100      8293.60 


AGGREGATED AVERAGE RESULTS (25 runs)
============================================================================================================================
Type         Ops/sec     Hits/sec   Misses/sec    Avg. Latency     p50 Latency     p99 Latency   p99.9 Latency       KB/sec 
----------------------------------------------------------------------------------------------------------------------------
Sets        27268.02          ---          ---        26.90017        22.65500        92.67100       169.98300      1860.45 
Gets       272380.58         0.00    272380.58        25.04340        20.86300        87.55100       160.76700      6886.45 
Waits           0.00          ---          ---             ---             ---             ---             ---          --- 
Totals     299648.61         0.00    272380.58        25.21237        21.11900        88.06300       161.79100      8746.90 
