tsan_compiler.sh: ignoring LLVM_ROOT_PATH=/home/alexey/dev/llvm-project/llvm/build (not the TSan prototype tree)
tsan_compiler.sh: using /home/alexey/dev/llvm-project-focs-lab/llvm/build/bin/clang (clang version 19.0.0git (https://github.com/focs-lab/llvm-project 729521af89653b1bac211c03203ab160d5cb71d0))
==> Running in test-only mode.
==> Checking for pre-existing redis-server processes before running benchmarks.
==> Switching to polygon directory for tests.
==> Testing dom_peeling-ea-lo-st-swmr-stmt
PING_INLINE 489695.56
PING_MBULK 752216.50
SET 323246.53
GET 415813.81
INCR 409516.16
RPUSH 261867.55
LPOP 231531.58
RPOP 513050.25
SADD 354140.88
HSET 274848.34
SPOP 528498.69
ZADD 283252.53
ZPOPMIN 538164.62
LPUSH 227996.36
LRANGE_100 23949.67
LRANGE_300 8630.87
LRANGE_500 5170.46
LRANGE_600 4352.18
MSET 63830.71
==> Found running redis-server process(es): 2101810
==> Stopping redis-server with SIGTERM
==> redis-server stopped gracefully.
==> Script finished successfully. All results are in __results_redis__
