jq found, will generate JSON output to /home/alexey/tsan-experiments/tools/perf/results/stageB-d3bf9f8c39fe/ffmpeg/tsan-dom/run3/summary.json.
--- FFmpeg Benchmark Start (using /usr/bin/time) ---
Builds to test: ffmpeg-tsan-dom
Video file: ./input/WatchingEyeTexture.mkv
Runs per test: 1

--- Benchmarking: Codec [h264_libx264], Build [ffmpeg-tsan-dom] ---

[96;1mffmpeg-tsan-dom/bin/ffmpeg -hide_banner -i "./input/WatchingEyeTexture.mkv" -threads 4 -y -c:v libx264 -preset medium -crf 23  -loglevel error /dev/shm/out.mp4[0m

  Run 1/1... OK (Time: 42.41s, Mem: 576888KB)
  Results: Time(avg±std): 42.4100s ± 0s | Mem(peak): 576888KB | Runs: 1/1
--------------------------------------------------------

--- Benchmarking: Codec [copy_passthrough], Build [ffmpeg-tsan-dom] ---

[96;1mffmpeg-tsan-dom/bin/ffmpeg -hide_banner -i "./input/WatchingEyeTexture.mkv" -threads 4 -y -c:v copy -c:a copy  -loglevel error /dev/shm/out.mkv[0m

  Run 1/1... OK (Time: 0.7s, Mem: 80640KB)
  Results: Time(avg±std): .7000s ± 0s | Mem(peak): 80640KB | Runs: 1/1
--------------------------------------------------------

--- Benchmarking: Codec [mjpeg], Build [ffmpeg-tsan-dom] ---

[96;1mffmpeg-tsan-dom/bin/ffmpeg -hide_banner -i "./input/WatchingEyeTexture.mkv" -threads 4 -y -c:v mjpeg -pix_fmt yuvj420p -q:v 2  -loglevel error /dev/shm/out.avi[0m

  Run 1/1... OK (Time: 23.45s, Mem: 427320KB)
  Results: Time(avg±std): 23.4500s ± 0s | Mem(peak): 427320KB | Runs: 1/1
--------------------------------------------------------

--- Benchmarking: Codec [h265_libx265], Build [ffmpeg-tsan-dom] ---

[96;1mffmpeg-tsan-dom/bin/ffmpeg -hide_banner -i "./input/WatchingEyeTexture.mkv" -threads 4 -y -c:v libx265 -preset medium -crf 28 -tag:v hvc1  -loglevel error /dev/shm/out.mp4[0m

  Run 1/1... OK (Time: 51.59s, Mem: 1651228KB)
  Results: Time(avg±std): 51.5900s ± 0s | Mem(peak): 1651228KB | Runs: 1/1
--------------------------------------------------------

JSON results have been finalized in /home/alexey/tsan-experiments/tools/perf/results/stageB-d3bf9f8c39fe/ffmpeg/tsan-dom/run3/summary.json
Benchmark finished. CSV results are in /home/alexey/tsan-experiments/tools/perf/results/stageB-d3bf9f8c39fe/ffmpeg/tsan-dom/run3/summary.csv
