tsan_compiler.sh: ignoring LLVM_ROOT_PATH=/home/alexey/dev/llvm-project/llvm/build (not the TSan prototype tree)
tsan_compiler.sh: using /home/alexey/dev/llvm-project-focs-lab/llvm/build/bin/clang (clang version 19.0.0git (https://github.com/focs-lab/llvm-project 729521af89653b1bac211c03203ab160d5cb71d0))
==> Running in test-only mode.
==> Checking for pre-existing redis-server processes before running benchmarks.
==> Switching to polygon directory for tests.
==> Testing tsan
PING_INLINE 546991.81
PING_MBULK 764868.50
SET 362875.59
GET 471464.66
INCR 471686.94
RPUSH 295030.38
LPOP 261077.25
RPOP 555804.44
SADD 406686.19
HSET 315897.69
SPOP 562998.31
ZADD 318411.22
ZPOPMIN 608175.06
LPUSH 243240.47
LRANGE_100 29431.79
LRANGE_300 9817.35
LRANGE_500 6002.40
LRANGE_600 5005.69
MSET 68904.21
==> Found running redis-server process(es): 549910
==> Stopping redis-server with SIGTERM
==> redis-server stopped gracefully.
==> Script finished successfully. All results are in __results_redis__
