10        Threads
50        Connections per thread
10000     Requests per client


BEST RUN RESULTS
============================================================================================================================
Type         Ops/sec     Hits/sec   Misses/sec    Avg. Latency     p50 Latency     p99 Latency   p99.9 Latency       KB/sec 
----------------------------------------------------------------------------------------------------------------------------
Sets       169608.98          ---          ---         5.35351         5.02300        14.78300        25.08700     11572.16 
Gets      1694225.95         0.00   1694225.95         5.05149         4.70300        14.07900        23.67900     42834.17 
Waits           0.00          ---          ---             ---             ---             ---             ---          --- 
Totals    1863834.93         0.00   1694225.95         5.07897         4.73500        14.14300        23.80700     54406.32 


WORST RUN RESULTS
============================================================================================================================
Type         Ops/sec     Hits/sec   Misses/sec    Avg. Latency     p50 Latency     p99 Latency   p99.9 Latency       KB/sec 
----------------------------------------------------------------------------------------------------------------------------
Sets       132238.61          ---          ---         5.42499         5.08700        14.20700        27.64700      9022.44 
Gets      1320932.94         0.00   1320932.94         5.10993         4.76700        13.56700        25.21500     33396.41 
Waits           0.00          ---          ---             ---             ---             ---             ---          --- 
Totals    1453171.55         0.00   1320932.94         5.13860         4.79900        13.63100        25.47100     42418.84 


AGGREGATED AVERAGE RESULTS (25 runs)
============================================================================================================================
Type         Ops/sec     Hits/sec   Misses/sec    Avg. Latency     p50 Latency     p99 Latency   p99.9 Latency       KB/sec 
----------------------------------------------------------------------------------------------------------------------------
Sets       138255.29          ---          ---         5.29045         4.95900        14.46300        27.64700      9432.94 
Gets      1381033.62         0.00   1381033.62         4.99149         4.63900        13.82300        25.59900     34915.90 
Waits           0.00          ---          ---             ---             ---             ---             ---          --- 
Totals    1519288.91         0.00   1381033.62         5.01869         4.67100        13.88700        25.72700     44348.84 
