10        Threads
50        Connections per thread
10000     Requests per client


BEST RUN RESULTS
============================================================================================================================
Type         Ops/sec     Hits/sec   Misses/sec    Avg. Latency     p50 Latency     p99 Latency   p99.9 Latency       KB/sec 
----------------------------------------------------------------------------------------------------------------------------
Sets       199915.38          ---          ---         5.13275         4.83100        13.88700        23.42300     13639.92 
Gets      1996956.89         0.00   1996956.89         4.87275         4.54300        13.37500        22.01500     50487.94 
Waits           0.00          ---          ---             ---             ---             ---             ---          --- 
Totals    2196872.27         0.00   1996956.89         4.89641         4.57500        13.43900        22.01500     64127.86 


WORST RUN RESULTS
============================================================================================================================
Type         Ops/sec     Hits/sec   Misses/sec    Avg. Latency     p50 Latency     p99 Latency   p99.9 Latency       KB/sec 
----------------------------------------------------------------------------------------------------------------------------
Sets       136438.94          ---          ---         5.30069         4.95900        14.39900        21.75900      9309.02 
Gets      1362890.11         0.00   1362890.11         5.01572         4.67100        13.75900        20.86300     34457.19 
Waits           0.00          ---          ---             ---             ---             ---             ---          --- 
Totals    1499329.05         0.00   1362890.11         5.04165         4.70300        13.82300        20.99100     43766.21 


AGGREGATED AVERAGE RESULTS (25 runs)
============================================================================================================================
Type         Ops/sec     Hits/sec   Misses/sec    Avg. Latency     p50 Latency     p99 Latency   p99.9 Latency       KB/sec 
----------------------------------------------------------------------------------------------------------------------------
Sets       145779.93          ---          ---         5.13582         4.79900        14.07900        27.90300      9946.34 
Gets      1456197.31         0.00   1456197.31         4.87569         4.54300        13.50300        25.59900     36816.22 
Waits           0.00          ---          ---             ---             ---             ---             ---          --- 
Totals    1601977.24         0.00   1456197.31         4.89937         4.57500        13.50300        25.85500     46762.56 
