10        Threads
50        Connections per thread
10000     Requests per client


BEST RUN RESULTS
============================================================================================================================
Type         Ops/sec     Hits/sec   Misses/sec    Avg. Latency     p50 Latency     p99 Latency   p99.9 Latency       KB/sec 
----------------------------------------------------------------------------------------------------------------------------
Sets       211217.36          ---          ---         4.93946         4.60700        13.88700        23.16700     14411.03 
Gets      2109852.52         0.00   2109852.52         4.71779         4.38300        13.31100        22.01500     53342.22 
Waits           0.00          ---          ---             ---             ---             ---             ---          --- 
Totals    2321069.88         0.00   2109852.52         4.73796         4.41500        13.37500        22.14300     67753.25 


WORST RUN RESULTS
============================================================================================================================
Type         Ops/sec     Hits/sec   Misses/sec    Avg. Latency     p50 Latency     p99 Latency   p99.9 Latency       KB/sec 
----------------------------------------------------------------------------------------------------------------------------
Sets       132962.48          ---          ---         5.43519         5.05500        14.97500        23.80700      9071.82 
Gets      1328163.67         0.00   1328163.67         5.13912         4.76700        14.14300        22.27100     33579.22 
Waits           0.00          ---          ---             ---             ---             ---             ---          --- 
Totals    1461126.15         0.00   1328163.67         5.16607         4.79900        14.20700        22.39900     42651.04 


AGGREGATED AVERAGE RESULTS (25 runs)
============================================================================================================================
Type         Ops/sec     Hits/sec   Misses/sec    Avg. Latency     p50 Latency     p99 Latency   p99.9 Latency       KB/sec 
----------------------------------------------------------------------------------------------------------------------------
Sets       152786.24          ---          ---         5.02427         4.67100        14.07900        26.49500     10424.37 
Gets      1526183.46         0.00   1526183.46         4.78692         4.44700        13.50300        24.31900     38585.64 
Waits           0.00          ---          ---             ---             ---             ---             ---          --- 
Totals    1678969.70         0.00   1526183.46         4.80852         4.47900        13.50300        24.57500     49010.01 
