10        Threads
50        Connections per thread
10000     Requests per client


BEST RUN RESULTS
============================================================================================================================
Type         Ops/sec     Hits/sec   Misses/sec    Avg. Latency     p50 Latency     p99 Latency   p99.9 Latency       KB/sec 
----------------------------------------------------------------------------------------------------------------------------
Sets       189186.20          ---          ---         5.06948         4.67100        13.95100        26.62300     12907.88 
Gets      1889783.03         0.00   1889783.03         4.82711         4.44700        13.43900        24.95900     47778.33 
Waits           0.00          ---          ---             ---             ---             ---             ---          --- 
Totals    2078969.23         0.00   1889783.03         4.84917         4.47900        13.43900        25.21500     60686.21 


WORST RUN RESULTS
============================================================================================================================
Type         Ops/sec     Hits/sec   Misses/sec    Avg. Latency     p50 Latency     p99 Latency   p99.9 Latency       KB/sec 
----------------------------------------------------------------------------------------------------------------------------
Sets       134385.78          ---          ---         5.37598         4.99100        14.71900        23.67900      9168.93 
Gets      1342380.99         0.00   1342380.99         5.08567         4.70300        13.95100        22.78300     33938.67 
Waits           0.00          ---          ---             ---             ---             ---             ---          --- 
Totals    1476766.77         0.00   1342380.99         5.11209         4.73500        14.01500        22.91100     43107.60 


AGGREGATED AVERAGE RESULTS (25 runs)
============================================================================================================================
Type         Ops/sec     Hits/sec   Misses/sec    Avg. Latency     p50 Latency     p99 Latency   p99.9 Latency       KB/sec 
----------------------------------------------------------------------------------------------------------------------------
Sets       144755.74          ---          ---         5.02258         4.67100        14.01500        28.28700      9876.46 
Gets      1445966.69         0.00   1445966.69         4.78577         4.44700        13.43900        25.85500     36557.57 
Waits           0.00          ---          ---             ---             ---             ---             ---          --- 
Totals    1590722.43         0.00   1445966.69         4.80732         4.44700        13.50300        26.11100     46434.03 
