10        Threads
50        Connections per thread
10000     Requests per client


BEST RUN RESULTS
============================================================================================================================
Type         Ops/sec     Hits/sec   Misses/sec    Avg. Latency     p50 Latency     p99 Latency   p99.9 Latency       KB/sec 
----------------------------------------------------------------------------------------------------------------------------
Sets       187546.65          ---          ---         5.06879         4.76700        13.88700        35.83900     12796.02 
Gets      1873405.60         0.00   1873405.60         4.80903         4.51100        13.31100        31.99900     47364.27 
Waits           0.00          ---          ---             ---             ---             ---             ---          --- 
Totals    2060952.25         0.00   1873405.60         4.83267         4.51100        13.37500        32.38300     60160.28 


WORST RUN RESULTS
============================================================================================================================
Type         Ops/sec     Hits/sec   Misses/sec    Avg. Latency     p50 Latency     p99 Latency   p99.9 Latency       KB/sec 
----------------------------------------------------------------------------------------------------------------------------
Sets       134832.39          ---          ---         5.37100         5.02300        14.39900        25.21500      9199.41 
Gets      1346842.25         0.00   1346842.25         5.07146         4.73500        13.82300        23.29500     34051.46 
Waits           0.00          ---          ---             ---             ---             ---             ---          --- 
Totals    1481674.65         0.00   1346842.25         5.09872         4.76700        13.88700        23.42300     43250.86 


AGGREGATED AVERAGE RESULTS (25 runs)
============================================================================================================================
Type         Ops/sec     Hits/sec   Misses/sec    Avg. Latency     p50 Latency     p99 Latency   p99.9 Latency       KB/sec 
----------------------------------------------------------------------------------------------------------------------------
Sets       143079.50          ---          ---         5.17744         4.83100        14.33500        28.54300      9762.09 
Gets      1429222.73         0.00   1429222.73         4.90062         4.57500        13.69500        25.98300     36134.24 
Waits           0.00          ---          ---             ---             ---             ---             ---          --- 
Totals    1572302.23         0.00   1429222.73         4.92581         4.57500        13.75900        26.23900     45896.33 
