10        Threads
50        Connections per thread
10000     Requests per client


BEST RUN RESULTS
============================================================================================================================
Type         Ops/sec     Hits/sec   Misses/sec    Avg. Latency     p50 Latency     p99 Latency   p99.9 Latency       KB/sec 
----------------------------------------------------------------------------------------------------------------------------
Sets       180175.04          ---          ---         5.16208         4.83100        14.14300        25.59900     12293.06 
Gets      1799770.48         0.00   1799770.48         4.89025         4.54300        13.56700        24.31900     45502.59 
Waits           0.00          ---          ---             ---             ---             ---             ---          --- 
Totals    1979945.53         0.00   1799770.48         4.91498         4.57500        13.63100        24.44700     57795.65 


WORST RUN RESULTS
============================================================================================================================
Type         Ops/sec     Hits/sec   Misses/sec    Avg. Latency     p50 Latency     p99 Latency   p99.9 Latency       KB/sec 
----------------------------------------------------------------------------------------------------------------------------
Sets       134189.19          ---          ---         5.42626         5.11900        14.46300        26.49500      9155.52 
Gets      1340417.34         0.00   1340417.34         5.11544         4.79900        13.88700        23.42300     33889.02 
Waits           0.00          ---          ---             ---             ---             ---             ---          --- 
Totals    1474606.54         0.00   1340417.34         5.14373         4.83100        13.95100        23.67900     43044.54 


AGGREGATED AVERAGE RESULTS (25 runs)
============================================================================================================================
Type         Ops/sec     Hits/sec   Misses/sec    Avg. Latency     p50 Latency     p99 Latency   p99.9 Latency       KB/sec 
----------------------------------------------------------------------------------------------------------------------------
Sets       141499.56          ---          ---         5.15405         4.83100        14.20700        26.62300      9654.30 
Gets      1413440.70         0.00   1413440.70         4.88220         4.54300        13.56700        24.57500     35735.23 
Waits           0.00          ---          ---             ---             ---             ---             ---          --- 
Totals    1554940.26         0.00   1413440.70         4.90694         4.57500        13.63100        24.83100     45389.53 
