10        Threads
50        Connections per thread
10000     Requests per client


BEST RUN RESULTS
============================================================================================================================
Type         Ops/sec     Hits/sec   Misses/sec    Avg. Latency     p50 Latency     p99 Latency   p99.9 Latency       KB/sec 
----------------------------------------------------------------------------------------------------------------------------
Sets       199438.24          ---          ---         5.18596         4.86300        14.20700        23.03900     13607.36 
Gets      1992190.79         0.00   1992190.79         4.90989         4.60700        13.56700        21.75900     50367.44 
Waits           0.00          ---          ---             ---             ---             ---             ---          --- 
Totals    2191629.03         0.00   1992190.79         4.93501         4.63900        13.63100        22.01500     63974.81 


WORST RUN RESULTS
============================================================================================================================
Type         Ops/sec     Hits/sec   Misses/sec    Avg. Latency     p50 Latency     p99 Latency   p99.9 Latency       KB/sec 
----------------------------------------------------------------------------------------------------------------------------
Sets       134041.50          ---          ---         5.39495         5.02300        14.52700        22.27100      9145.44 
Gets      1338942.06         0.00   1338942.06         5.08803         4.73500        13.88700        21.11900     33851.72 
Waits           0.00          ---          ---             ---             ---             ---             ---          --- 
Totals    1472983.57         0.00   1338942.06         5.11596         4.73500        13.95100        21.24700     42997.17 


AGGREGATED AVERAGE RESULTS (25 runs)
============================================================================================================================
Type         Ops/sec     Hits/sec   Misses/sec    Avg. Latency     p50 Latency     p99 Latency   p99.9 Latency       KB/sec 
----------------------------------------------------------------------------------------------------------------------------
Sets       147672.72          ---          ---         5.13220         4.79900        14.14300        27.39100     10075.48 
Gets      1475104.38         0.00   1475104.38         4.86535         4.54300        13.50300        25.21500     37294.24 
Waits           0.00          ---          ---             ---             ---             ---             ---          --- 
Totals    1622777.09         0.00   1475104.38         4.88964         4.54300        13.56700        25.47100     47369.72 
