10        Threads
50        Connections per thread
10000     Requests per client


BEST RUN RESULTS
============================================================================================================================
Type         Ops/sec     Hits/sec   Misses/sec    Avg. Latency     p50 Latency     p99 Latency   p99.9 Latency       KB/sec 
----------------------------------------------------------------------------------------------------------------------------
Sets       177872.16          ---          ---         5.13673         4.79900        13.75900        29.56700     12135.94 
Gets      1776766.93         0.00   1776766.93         4.86639         4.54300        13.18300        25.85500     44921.00 
Waits           0.00          ---          ---             ---             ---             ---             ---          --- 
Totals    1954639.08         0.00   1776766.93         4.89099         4.57500        13.24700        26.49500     57056.95 


WORST RUN RESULTS
============================================================================================================================
Type         Ops/sec     Hits/sec   Misses/sec    Avg. Latency     p50 Latency     p99 Latency   p99.9 Latency       KB/sec 
----------------------------------------------------------------------------------------------------------------------------
Sets       135913.32          ---          ---         5.33072         4.99100        14.59100        26.62300      9273.16 
Gets      1357639.61         0.00   1357639.61         5.04307         4.70300        13.95100        24.57500     34324.44 
Waits           0.00          ---          ---             ---             ---             ---             ---          --- 
Totals    1493552.93         0.00   1357639.61         5.06924         4.73500        14.01500        24.70300     43597.60 


AGGREGATED AVERAGE RESULTS (25 runs)
============================================================================================================================
Type         Ops/sec     Hits/sec   Misses/sec    Avg. Latency     p50 Latency     p99 Latency   p99.9 Latency       KB/sec 
----------------------------------------------------------------------------------------------------------------------------
Sets       143319.97          ---          ---         5.13294         4.79900        14.20700        27.39100      9778.50 
Gets      1431624.73         0.00   1431624.73         4.86652         4.54300        13.56700        24.95900     36194.97 
Waits           0.00          ---          ---             ---             ---             ---             ---          --- 
Totals    1574944.70         0.00   1431624.73         4.89077         4.57500        13.63100        25.21500     45973.47 
