10        Threads
50        Connections per thread
10000     Requests per client


BEST RUN RESULTS
============================================================================================================================
Type         Ops/sec     Hits/sec   Misses/sec    Avg. Latency     p50 Latency     p99 Latency   p99.9 Latency       KB/sec 
----------------------------------------------------------------------------------------------------------------------------
Sets       198574.19          ---          ---         5.13430         4.79900        13.69500        36.86300     13548.41 
Gets      1983559.80         0.00   1983559.80         4.87744         4.54300        13.11900        33.53500     50149.23 
Waits           0.00          ---          ---             ---             ---             ---             ---          --- 
Totals    2182134.00         0.00   1983559.80         4.90082         4.57500        13.18300        33.79100     63697.64 


WORST RUN RESULTS
============================================================================================================================
Type         Ops/sec     Hits/sec   Misses/sec    Avg. Latency     p50 Latency     p99 Latency   p99.9 Latency       KB/sec 
----------------------------------------------------------------------------------------------------------------------------
Sets       134163.44          ---          ---         5.41580         5.08700        14.52700        25.08700      9153.76 
Gets      1340160.04         0.00   1340160.04         5.12148         4.79900        14.01500        23.42300     33882.52 
Waits           0.00          ---          ---             ---             ---             ---             ---          --- 
Totals    1474323.48         0.00   1340160.04         5.14826         4.83100        14.07900        23.55100     43036.28 


AGGREGATED AVERAGE RESULTS (25 runs)
============================================================================================================================
Type         Ops/sec     Hits/sec   Misses/sec    Avg. Latency     p50 Latency     p99 Latency   p99.9 Latency       KB/sec 
----------------------------------------------------------------------------------------------------------------------------
Sets       143682.23          ---          ---         5.14645         4.79900        14.20700        27.77500      9803.22 
Gets      1435243.38         0.00   1435243.38         4.88614         4.54300        13.56700        25.72700     36286.46 
Waits           0.00          ---          ---             ---             ---             ---             ---          --- 
Totals    1578925.62         0.00   1435243.38         4.90983         4.57500        13.63100        25.98300     46089.67 
