10        Threads
50        Connections per thread
10000     Requests per client


BEST RUN RESULTS
============================================================================================================================
Type         Ops/sec     Hits/sec   Misses/sec    Avg. Latency     p50 Latency     p99 Latency   p99.9 Latency       KB/sec 
----------------------------------------------------------------------------------------------------------------------------
Sets       192712.26          ---          ---         5.29831         4.99100        14.20700        24.95900     13148.46 
Gets      1925004.86         0.00   1925004.86         4.99979         4.67100        13.56700        23.29500     48668.82 
Waits           0.00          ---          ---             ---             ---             ---             ---          --- 
Totals    2117717.12         0.00   1925004.86         5.02696         4.70300        13.56700        23.42300     61817.28 


WORST RUN RESULTS
============================================================================================================================
Type         Ops/sec     Hits/sec   Misses/sec    Avg. Latency     p50 Latency     p99 Latency   p99.9 Latency       KB/sec 
----------------------------------------------------------------------------------------------------------------------------
Sets       134367.92          ---          ---         5.37447         5.02300        14.52700        23.16700      9167.71 
Gets      1342202.60         0.00   1342202.60         5.05888         4.70300        13.82300        21.37500     33934.16 
Waits           0.00          ---          ---             ---             ---             ---             ---          --- 
Totals    1476570.52         0.00   1342202.60         5.08760         4.73500        13.88700        21.63100     43101.87 


AGGREGATED AVERAGE RESULTS (25 runs)
============================================================================================================================
Type         Ops/sec     Hits/sec   Misses/sec    Avg. Latency     p50 Latency     p99 Latency   p99.9 Latency       KB/sec 
----------------------------------------------------------------------------------------------------------------------------
Sets       144778.29          ---          ---         5.27249         4.92700        14.39900        27.90300      9878.00 
Gets      1446191.95         0.00   1446191.95         4.98060         4.63900        13.75900        25.59900     36563.26 
Waits           0.00          ---          ---             ---             ---             ---             ---          --- 
Totals    1590970.24         0.00   1446191.95         5.00716         4.67100        13.82300        25.85500     46441.26 
