10        Threads
50        Connections per thread
10000     Requests per client


BEST RUN RESULTS
============================================================================================================================
Type         Ops/sec     Hits/sec   Misses/sec    Avg. Latency     p50 Latency     p99 Latency   p99.9 Latency       KB/sec 
----------------------------------------------------------------------------------------------------------------------------
Sets       194264.21          ---          ---         5.18599         4.83100        14.20700        36.60700     13254.35 
Gets      1940507.33         0.00   1940507.33         4.90500         4.54300        13.56700        33.79100     49060.76 
Waits           0.00          ---          ---             ---             ---             ---             ---          --- 
Totals    2134771.54         0.00   1940507.33         4.93057         4.57500        13.63100        34.04700     62315.11 


WORST RUN RESULTS
============================================================================================================================
Type         Ops/sec     Hits/sec   Misses/sec    Avg. Latency     p50 Latency     p99 Latency   p99.9 Latency       KB/sec 
----------------------------------------------------------------------------------------------------------------------------
Sets       130276.71          ---          ---         5.33908         5.02300        14.59100        27.00700      8888.58 
Gets      1301335.47         0.00   1301335.47         5.03979         4.70300        13.95100        25.08700     32900.94 
Waits           0.00          ---          ---             ---             ---             ---             ---          --- 
Totals    1431612.17         0.00   1301335.47         5.06702         4.73500        14.01500        25.34300     41789.51 


AGGREGATED AVERAGE RESULTS (25 runs)
============================================================================================================================
Type         Ops/sec     Hits/sec   Misses/sec    Avg. Latency     p50 Latency     p99 Latency   p99.9 Latency       KB/sec 
----------------------------------------------------------------------------------------------------------------------------
Sets       146065.56          ---          ---         5.30825         4.99100        14.46300        27.64700      9965.83 
Gets      1459050.51         0.00   1459050.51         5.01219         4.67100        13.82300        25.47100     36888.36 
Waits           0.00          ---          ---             ---             ---             ---             ---          --- 
Totals    1605116.07         0.00   1459050.51         5.03913         4.70300        13.88700        25.72700     46854.18 
