tsan_compiler.sh: using /opt/tsan-llvm/bin/clang (clang version 19.0.0git (https://github.com/focs-lab/llvm-project f3deebfbab602f4e05289e0acbde0efd06b8058c)) [frozen copy, TSAN_AUDIT_HASH=f3deebfbab60]
==> Running in test-only mode.
./redis.sh: line 246: warning: setlocale: LC_ALL: cannot change locale (en_US.UTF-8): No such file or directory
==> Checking for pre-existing redis-server processes before running benchmarks.
==> Switching to polygon directory for tests.
==> Testing orig
PING_INLINE 4764038.00
PING_MBULK 5749701.50
SET 2703913.50
GET 4387930.00
INCR 4631703.50
RPUSH 3678117.50
LPOP 2416541.00
RPOP 4050396.75
SADD 4257225.50
HSET 3301808.50
SPOP 5620494.50
ZADD 2986411.75
ZPOPMIN 3449820.75
LPUSH 2857771.50
LRANGE_100 174410.16
LRANGE_300 47028.04
LRANGE_500 28316.38
LRANGE_600 23100.00
MSET 676463.62
==> Found running redis-server process(es): 16926
==> Stopping redis-server with SIGTERM
==> redis-server stopped gracefully.
==> Script finished successfully. All results are in __results_redis__
