tsan_compiler.sh: ignoring LLVM_ROOT_PATH=/home/alexey/dev/llvm-project/llvm/build (not the TSan prototype tree)
tsan_compiler.sh: using /home/alexey/dev/llvm-project-focs-lab/llvm/build/bin/clang (clang version 19.0.0git (https://github.com/focs-lab/llvm-project 729521af89653b1bac211c03203ab160d5cb71d0))
==> Running in test-only mode.
==> Checking for pre-existing redis-server processes before running benchmarks.
==> Switching to polygon directory for tests.
==> Testing orig
PING_INLINE 4239186.50
PING_MBULK 5990706.50
SET 3078301.75
GET 3690848.75
INCR 4133153.00
RPUSH 2874850.75
LPOP 2652663.00
RPOP 4466285.50
SADD 3472406.50
HSET 2605333.25
SPOP 5078416.50
ZADD 2422392.25
ZPOPMIN 4719094.50
LPUSH 2578474.25
LRANGE_100 136347.83
LRANGE_300 38577.36
LRANGE_500 23285.71
LRANGE_600 18197.61
MSET 532074.50
==> Found running redis-server process(es): 2147383
==> Stopping redis-server with SIGTERM
==> redis-server stopped gracefully.
==> Script finished successfully. All results are in __results_redis__
