tsan_compiler.sh: ignoring LLVM_ROOT_PATH=/home/alexey/dev/llvm-project/llvm/build (not the TSan prototype tree)
tsan_compiler.sh: using /home/alexey/dev/llvm-project-focs-lab/llvm/build/bin/clang (clang version 19.0.0git (https://github.com/focs-lab/llvm-project 729521af89653b1bac211c03203ab160d5cb71d0))
==> Running in test-only mode.
==> Checking for pre-existing redis-server processes before running benchmarks.
==> Switching to polygon directory for tests.
==> Testing dom
PING_INLINE 534427.38
PING_MBULK 763118.25
SET 360521.78
GET 467499.03
INCR 466626.84
RPUSH 284218.19
LPOP 266501.88
RPOP 557974.38
SADD 385975.31
HSET 302890.72
SPOP 551819.12
ZADD 301976.47
ZPOPMIN 559847.81
LPUSH 250927.52
LRANGE_100 29431.79
LRANGE_300 9955.04
LRANGE_500 6074.90
LRANGE_600 5113.33
MSET 69771.43
==> Found running redis-server process(es): 538893
==> Stopping redis-server with SIGTERM
==> redis-server stopped gracefully.
==> Script finished successfully. All results are in __results_redis__
