tsan_compiler.sh: using /opt/tsan-llvm/bin/clang (clang version 19.0.0git (https://github.com/focs-lab/llvm-project f3deebfbab602f4e05289e0acbde0efd06b8058c)) [frozen copy, TSAN_AUDIT_HASH=f3deebfbab60]
==> Running in test-only mode.
./redis.sh: line 246: warning: setlocale: LC_ALL: cannot change locale (en_US.UTF-8): No such file or directory
==> Checking for pre-existing redis-server processes before running benchmarks.
==> Switching to polygon directory for tests.
==> Testing stmt
PING_INLINE 400763.66
PING_MBULK 709034.75
SET 302994.16
GET 393117.03
INCR 372118.81
RPUSH 233211.48
LPOP 225632.23
RPOP 470991.31
SADD 329843.66
HSET 255442.91
SPOP 445993.03
ZADD 263183.84
ZPOPMIN 443098.22
LPUSH 202368.44
LRANGE_100 22054.72
LRANGE_300 8548.44
LRANGE_500 5243.48
LRANGE_600 4389.26
MSET 63295.11
==> Found running redis-server process(es): 21778
==> Stopping redis-server with SIGTERM
==> redis-server stopped gracefully.
==> Script finished successfully. All results are in __results_redis__
