tsan_compiler.sh: using /opt/tsan-llvm/bin/clang (clang version 19.0.0git (https://github.com/focs-lab/llvm-project f3deebfbab602f4e05289e0acbde0efd06b8058c)) [frozen copy, TSAN_AUDIT_HASH=f3deebfbab60]
==> Running in test-only mode.
./redis.sh: line 246: warning: setlocale: LC_ALL: cannot change locale (en_US.UTF-8): No such file or directory
==> Checking for pre-existing redis-server processes before running benchmarks.
==> Switching to polygon directory for tests.
==> Testing dom_peeling-ea-lo-st-swmr
PING_INLINE 442872.06
PING_MBULK 629212.56
SET 307735.47
GET 399699.56
INCR 405532.22
RPUSH 237805.58
LPOP 219204.20
RPOP 453306.75
SADD 350788.22
HSET 269082.31
SPOP 504258.06
ZADD 288563.03
ZPOPMIN 504258.06
LPUSH 214919.00
LRANGE_100 24408.92
LRANGE_300 8984.24
LRANGE_500 5456.67
LRANGE_600 4572.99
MSET 66046.26
==> Found running redis-server process(es): 8408
==> Stopping redis-server with SIGTERM
==> redis-server stopped gracefully.
==> Script finished successfully. All results are in __results_redis__
