tsan_compiler.sh: ignoring LLVM_ROOT_PATH=/home/alexey/dev/llvm-project/llvm/build (not the TSan prototype tree)
tsan_compiler.sh: using /home/alexey/dev/llvm-project-focs-lab/llvm/build/bin/clang (clang version 19.0.0git (https://github.com/focs-lab/llvm-project 729521af89653b1bac211c03203ab160d5cb71d0))
==> Running in test-only mode.
==> Checking for pre-existing redis-server processes before running benchmarks.
==> Switching to polygon directory for tests.
==> Testing stmt
PING_INLINE 468593.91
PING_MBULK 662987.44
SET 321737.03
GET 419142.28
INCR 406928.78
RPUSH 250871.69
LPOP 230527.39
RPOP 474821.06
SADD 351832.19
HSET 269806.31
SPOP 509652.56
ZADD 270810.56
ZPOPMIN 486126.31
LPUSH 209775.81
LRANGE_100 23081.21
LRANGE_300 8658.01
LRANGE_500 5262.94
LRANGE_600 4320.87
MSET 60350.60
==> Found running redis-server process(es): 1957706 1959827
==> Stopping redis-server with SIGTERM
==> redis-server stopped gracefully.
==> Script finished successfully. All results are in __results_redis__
