tsan_compiler.sh: ignoring LLVM_ROOT_PATH=/home/alexey/dev/llvm-project/llvm/build (not the TSan prototype tree)
tsan_compiler.sh: using /home/alexey/dev/llvm-project-focs-lab/llvm/build/bin/clang (clang version 19.0.0git (https://github.com/focs-lab/llvm-project 729521af89653b1bac211c03203ab160d5cb71d0))
==> Running in test-only mode.
==> Checking for pre-existing redis-server processes before running benchmarks.
==> Switching to polygon directory for tests.
==> Testing lo
PING_INLINE 441698.88
PING_MBULK 669643.94
SET 327050.66
GET 419123.56
INCR 408346.12
RPUSH 254768.20
LPOP 232084.94
RPOP 435735.19
SADD 346535.50
HSET 259317.78
SPOP 427724.66
ZADD 263900.81
ZPOPMIN 532153.19
LPUSH 214826.70
LRANGE_100 25224.44
LRANGE_300 8006.80
LRANGE_500 4891.86
LRANGE_600 4226.27
MSET 59327.46
==> Found running redis-server process(es): 2026149
==> Stopping redis-server with SIGTERM
==> redis-server stopped gracefully.
==> Script finished successfully. All results are in __results_redis__
