tsan_compiler.sh: using /opt/tsan-llvm/bin/clang (clang version 19.0.0git (https://github.com/focs-lab/llvm-project f3deebfbab602f4e05289e0acbde0efd06b8058c)) [frozen copy, TSAN_AUDIT_HASH=f3deebfbab60]
==> Running in test-only mode.
./redis.sh: line 246: warning: setlocale: LC_ALL: cannot change locale (en_US.UTF-8): No such file or directory
==> Checking for pre-existing redis-server processes before running benchmarks.
==> Switching to polygon directory for tests.
==> Testing dom_peeling-ea-lo-st-swmr
PING_INLINE 462100.69
PING_MBULK 716140.31
SET 325358.50
GET 404548.31
INCR 398426.12
RPUSH 247881.08
LPOP 232716.45
RPOP 468155.34
SADD 345220.16
HSET 266643.91
SPOP 486362.69
ZADD 290574.50
ZPOPMIN 471020.69
LPUSH 210975.95
LRANGE_100 24234.65
LRANGE_300 8809.51
LRANGE_500 5460.30
LRANGE_600 4577.72
MSET 61689.61
==> Found running redis-server process(es): 19387
==> Stopping redis-server with SIGTERM
==> redis-server stopped gracefully.
==> Script finished successfully. All results are in __results_redis__
