tsan_compiler.sh: using /opt/tsan-llvm/bin/clang (clang version 19.0.0git (https://github.com/focs-lab/llvm-project f3deebfbab602f4e05289e0acbde0efd06b8058c)) [frozen copy, TSAN_AUDIT_HASH=f3deebfbab60]
==> Running in test-only mode.
./redis.sh: line 246: warning: setlocale: LC_ALL: cannot change locale (en_US.UTF-8): No such file or directory
==> Checking for pre-existing redis-server processes before running benchmarks.
==> Switching to polygon directory for tests.
==> Testing dom_peeling-ea-lo-st-swmr-stmt
PING_INLINE 447027.72
PING_MBULK 632380.06
SET 298758.19
GET 385688.47
INCR 361355.03
RPUSH 230969.50
LPOP 221400.56
RPOP 394586.69
SADD 322486.12
HSET 248249.89
SPOP 423236.69
ZADD 257230.95
ZPOPMIN 415922.03
LPUSH 191390.08
LRANGE_100 22472.63
LRANGE_300 8499.68
LRANGE_500 5253.27
LRANGE_600 4398.47
MSET 55989.20
==> Found running redis-server process(es): 9343
==> Stopping redis-server with SIGTERM
==> redis-server stopped gracefully.
==> Script finished successfully. All results are in __results_redis__
