tsan_compiler.sh: using /opt/tsan-llvm/bin/clang (clang version 19.0.0git (https://github.com/focs-lab/llvm-project f3deebfbab602f4e05289e0acbde0efd06b8058c)) [frozen copy, TSAN_AUDIT_HASH=f3deebfbab60]
==> Running in test-only mode.
./redis.sh: line 246: warning: setlocale: LC_ALL: cannot change locale (en_US.UTF-8): No such file or directory
==> Checking for pre-existing redis-server processes before running benchmarks.
==> Switching to polygon directory for tests.
==> Testing tsan
PING_INLINE 485654.38
PING_MBULK 804865.62
SET 335158.47
GET 408346.12
INCR 427541.91
RPUSH 246658.77
LPOP 223314.28
RPOP 481911.38
SADD 310601.69
HSET 257184.56
SPOP 512000.00
ZADD 261691.88
ZPOPMIN 454542.50
LPUSH 201216.41
LRANGE_100 23431.66
LRANGE_300 8703.01
LRANGE_500 5255.10
LRANGE_600 4402.04
MSET 66178.22
==> Found running redis-server process(es): 17347
==> Stopping redis-server with SIGTERM
==> redis-server stopped gracefully.
==> Script finished successfully. All results are in __results_redis__
