tsan_compiler.sh: ignoring LLVM_ROOT_PATH=/home/alexey/dev/llvm-project/llvm/build (not the TSan prototype tree)
tsan_compiler.sh: using /home/alexey/dev/llvm-project-focs-lab/llvm/build/bin/clang (clang version 19.0.0git (https://github.com/focs-lab/llvm-project 729521af89653b1bac211c03203ab160d5cb71d0))
==> Running in test-only mode.
==> Checking for pre-existing redis-server processes before running benchmarks.
==> Switching to polygon directory for tests.
==> Testing ea
PING_INLINE 418772.72
PING_MBULK 663427.06
SET 313718.41
GET 400019.22
INCR 388221.97
RPUSH 227607.19
LPOP 218010.02
RPOP 449437.53
SADD 346175.78
HSET 257449.31
SPOP 548491.25
ZADD 262447.00
ZPOPMIN 480291.91
LPUSH 211287.84
LRANGE_100 23399.36
LRANGE_300 8531.27
LRANGE_500 5214.38
LRANGE_600 4380.77
MSET 58273.84
==> Found running redis-server process(es): 2023110
==> Stopping redis-server with SIGTERM
==> redis-server stopped gracefully.
==> Script finished successfully. All results are in __results_redis__
