tsan_compiler.sh: ignoring LLVM_ROOT_PATH=/home/alexey/dev/llvm-project/llvm/build (not the TSan prototype tree)
tsan_compiler.sh: using /home/alexey/dev/llvm-project-focs-lab/llvm/build/bin/clang (clang version 19.0.0git (https://github.com/focs-lab/llvm-project 729521af89653b1bac211c03203ab160d5cb71d0))
==> Running in test-only mode.
==> Checking for pre-existing redis-server processes before running benchmarks.
==> Switching to polygon directory for tests.
==> Testing dom_peeling-ea-lo-st-swmr
PING_INLINE 529617.75
PING_MBULK 808769.62
SET 363031.56
GET 457452.22
INCR 459131.72
RPUSH 283654.09
LPOP 250864.59
RPOP 507069.44
SADD 416506.25
HSET 295117.41
SPOP 541075.19
ZADD 323664.81
ZPOPMIN 533287.81
LPUSH 248805.78
LRANGE_100 27272.09
LRANGE_300 9818.07
LRANGE_500 6028.10
LRANGE_600 5049.78
MSET 67473.83
==> Found running redis-server process(es): 2490003
==> Stopping redis-server with SIGTERM
==> redis-server stopped gracefully.
==> Script finished successfully. All results are in __results_redis__
