10        Threads
50        Connections per thread
10000     Requests per client


BEST RUN RESULTS
============================================================================================================================
Type         Ops/sec     Hits/sec   Misses/sec    Avg. Latency     p50 Latency     p99 Latency   p99.9 Latency       KB/sec 
----------------------------------------------------------------------------------------------------------------------------
Sets       151560.07          ---          ---         5.55834         5.15100        15.61500        26.87900     10340.71 
Gets      1513935.20         0.00   1513935.20         5.27300         4.89500        14.91100        24.57500     38275.98 
Waits           0.00          ---          ---             ---             ---             ---             ---          --- 
Totals    1665495.27         0.00   1513935.20         5.29897         4.92700        14.97500        24.83100     48616.69 


WORST RUN RESULTS
============================================================================================================================
Type         Ops/sec     Hits/sec   Misses/sec    Avg. Latency     p50 Latency     p99 Latency   p99.9 Latency       KB/sec 
----------------------------------------------------------------------------------------------------------------------------
Sets       123705.64          ---          ---         5.65675         5.31100        15.55100        24.83100      8440.24 
Gets      1235697.04         0.00   1235697.04         5.34575         4.99100        14.97500        23.67900     31241.44 
Waits           0.00          ---          ---             ---             ---             ---             ---          --- 
Totals    1359402.69         0.00   1235697.04         5.37405         5.02300        15.03900        23.67900     39681.68 


AGGREGATED AVERAGE RESULTS (25 runs)
============================================================================================================================
Type         Ops/sec     Hits/sec   Misses/sec    Avg. Latency     p50 Latency     p99 Latency   p99.9 Latency       KB/sec 
----------------------------------------------------------------------------------------------------------------------------
Sets       130223.48          ---          ---         5.60435         5.24700        15.35900        27.64700      8884.95 
Gets      1300803.76         0.00   1300803.76         5.29760         4.92700        14.71900        25.72700     32887.49 
Waits           0.00          ---          ---             ---             ---             ---             ---          --- 
Totals    1431027.24         0.00   1300803.76         5.32551         4.95900        14.78300        25.98300     41772.44 
