10        Threads
50        Connections per thread
10000     Requests per client


BEST RUN RESULTS
============================================================================================================================
Type         Ops/sec     Hits/sec   Misses/sec    Avg. Latency     p50 Latency     p99 Latency   p99.9 Latency       KB/sec 
----------------------------------------------------------------------------------------------------------------------------
Sets       189070.01          ---          ---         5.04434         4.73500        13.88700        32.25500     12899.95 
Gets      1888622.39         0.00   1888622.39         4.78808         4.47900        13.37500        30.07900     47748.98 
Waits           0.00          ---          ---             ---             ---             ---             ---          --- 
Totals    2077692.40         0.00   1888622.39         4.81140         4.51100        13.43900        30.33500     60648.94 


WORST RUN RESULTS
============================================================================================================================
Type         Ops/sec     Hits/sec   Misses/sec    Avg. Latency     p50 Latency     p99 Latency   p99.9 Latency       KB/sec 
----------------------------------------------------------------------------------------------------------------------------
Sets       128225.65          ---          ---         5.08033         4.76700        14.27100        23.67900      8748.64 
Gets      1280847.43         0.00   1280847.43         4.81931         4.51100        13.63100        22.52700     32382.95 
Waits           0.00          ---          ---             ---             ---             ---             ---          --- 
Totals    1409073.08         0.00   1280847.43         4.84306         4.54300        13.69500        22.65500     41131.59 


AGGREGATED AVERAGE RESULTS (25 runs)
============================================================================================================================
Type         Ops/sec     Hits/sec   Misses/sec    Avg. Latency     p50 Latency     p99 Latency   p99.9 Latency       KB/sec 
----------------------------------------------------------------------------------------------------------------------------
Sets       144411.72          ---          ---         5.10984         4.79900        14.07900        26.87900      9852.99 
Gets      1442530.24         0.00   1442530.24         4.84638         4.51100        13.43900        24.83100     36470.68 
Waits           0.00          ---          ---             ---             ---             ---             ---          --- 
Totals    1586941.96         0.00   1442530.24         4.87036         4.54300        13.50300        24.95900     46323.67 
