10        Threads
50        Connections per thread
10000     Requests per client


BEST RUN RESULTS
============================================================================================================================
Type         Ops/sec     Hits/sec   Misses/sec    Avg. Latency     p50 Latency     p99 Latency   p99.9 Latency       KB/sec 
----------------------------------------------------------------------------------------------------------------------------
Sets       161569.13          ---          ---         5.46640         5.15100        14.39900        33.53500     11023.61 
Gets      1613915.82         0.00   1613915.82         5.17288         4.86300        13.82300        30.59100     40803.73 
Waits           0.00          ---          ---             ---             ---             ---             ---          --- 
Totals    1775484.96         0.00   1613915.82         5.19959         4.86300        13.88700        30.71900     51827.34 


WORST RUN RESULTS
============================================================================================================================
Type         Ops/sec     Hits/sec   Misses/sec    Avg. Latency     p50 Latency     p99 Latency   p99.9 Latency       KB/sec 
----------------------------------------------------------------------------------------------------------------------------
Sets       113907.33          ---          ---         5.53359         5.18300        15.16700        27.51900      7771.72 
Gets      1137821.62         0.00   1137821.62         5.22705         4.89500        14.46300        25.98300     28766.91 
Waits           0.00          ---          ---             ---             ---             ---             ---          --- 
Totals    1251728.95         0.00   1137821.62         5.25495         4.92700        14.52700        26.23900     36538.63 


AGGREGATED AVERAGE RESULTS (25 runs)
============================================================================================================================
Type         Ops/sec     Hits/sec   Misses/sec    Avg. Latency     p50 Latency     p99 Latency   p99.9 Latency       KB/sec 
----------------------------------------------------------------------------------------------------------------------------
Sets       131759.90          ---          ---         5.59886         5.24700        15.35900        27.13500      8989.77 
Gets      1316151.10         0.00   1316151.10         5.30238         4.95900        14.71900        25.34300     33275.51 
Waits           0.00          ---          ---             ---             ---             ---             ---          --- 
Totals    1447911.00         0.00   1316151.10         5.32936         4.95900        14.78300        25.47100     42265.29 
