10        Threads
50        Connections per thread
10000     Requests per client


BEST RUN RESULTS
============================================================================================================================
Type         Ops/sec     Hits/sec   Misses/sec    Avg. Latency     p50 Latency     p99 Latency   p99.9 Latency       KB/sec 
----------------------------------------------------------------------------------------------------------------------------
Sets       167286.98          ---          ---         5.18100         4.86300        13.82300        30.97500     11413.73 
Gets      1671031.45         0.00   1671031.45         4.93787         4.60700        13.24700        29.31100     42247.75 
Waits           0.00          ---          ---             ---             ---             ---             ---          --- 
Totals    1838318.42         0.00   1671031.45         4.96000         4.63900        13.31100        29.43900     53661.48 


WORST RUN RESULTS
============================================================================================================================
Type         Ops/sec     Hits/sec   Misses/sec    Avg. Latency     p50 Latency     p99 Latency   p99.9 Latency       KB/sec 
----------------------------------------------------------------------------------------------------------------------------
Sets        68353.07          ---          ---        10.90553         7.32700        61.69500        97.79100      4663.62 
Gets       682779.56         0.00    682779.56        10.07724         6.71900        58.36700        93.69500     17262.33 
Waits           0.00          ---          ---             ---             ---             ---             ---          --- 
Totals     751132.63         0.00    682779.56        10.15261         6.75100        58.62300        94.20700     21925.96 


AGGREGATED AVERAGE RESULTS (25 runs)
============================================================================================================================
Type         Ops/sec     Hits/sec   Misses/sec    Avg. Latency     p50 Latency     p99 Latency   p99.9 Latency       KB/sec 
----------------------------------------------------------------------------------------------------------------------------
Sets       129928.12          ---          ---         6.02836         5.18300        26.87900        67.07100      8864.79 
Gets      1297853.42         0.00   1297853.42         5.68512         4.89500        24.70300        63.23100     32812.90 
Waits           0.00          ---          ---             ---             ---             ---             ---          --- 
Totals    1427781.54         0.00   1297853.42         5.71635         4.92700        24.95900        63.48700     41677.70 
