10        Threads
50        Connections per thread
10000     Requests per client


BEST RUN RESULTS
============================================================================================================================
Type         Ops/sec     Hits/sec   Misses/sec    Avg. Latency     p50 Latency     p99 Latency   p99.9 Latency       KB/sec 
----------------------------------------------------------------------------------------------------------------------------
Sets       167845.77          ---          ---         5.00119         4.70300        13.43900        27.13500     11451.86 
Gets      1676613.22         0.00   1676613.22         4.76578         4.44700        12.92700        26.23900     42388.87 
Waits           0.00          ---          ---             ---             ---             ---             ---          --- 
Totals    1844458.99         0.00   1676613.22         4.78721         4.47900        12.99100        26.23900     53840.73 


WORST RUN RESULTS
============================================================================================================================
Type         Ops/sec     Hits/sec   Misses/sec    Avg. Latency     p50 Latency     p99 Latency   p99.9 Latency       KB/sec 
----------------------------------------------------------------------------------------------------------------------------
Sets        39858.13          ---          ---        17.72989        14.27100        65.53500        96.25500      2719.46 
Gets       398143.26         0.00    398143.26        16.32987        12.86300        62.20700        92.15900     10066.03 
Waits           0.00          ---          ---             ---             ---             ---             ---          --- 
Totals     438001.39         0.00    398143.26        16.45727        12.99100        62.46300        92.67100     12785.49 


AGGREGATED AVERAGE RESULTS (25 runs)
============================================================================================================================
Type         Ops/sec     Hits/sec   Misses/sec    Avg. Latency     p50 Latency     p99 Latency   p99.9 Latency       KB/sec 
----------------------------------------------------------------------------------------------------------------------------
Sets       123768.06          ---          ---         6.78655         5.21500        38.65500        75.77500      8444.50 
Gets      1236320.55         0.00   1236320.55         6.37989         4.92700        36.09500        71.67900     31257.20 
Waits           0.00          ---          ---             ---             ---             ---             ---          --- 
Totals    1360088.61         0.00   1236320.55         6.41689         4.95900        36.35100        71.67900     39701.70 
