10        Threads
50        Connections per thread
10000     Requests per client


BEST RUN RESULTS
============================================================================================================================
Type         Ops/sec     Hits/sec   Misses/sec    Avg. Latency     p50 Latency     p99 Latency   p99.9 Latency       KB/sec 
----------------------------------------------------------------------------------------------------------------------------
Sets       190652.26          ---          ---         5.03285         4.67100        13.82300        23.16700     13007.91 
Gets      1904427.49         0.00   1904427.49         4.78240         4.44700        13.24700        21.63100     48148.57 
Waits           0.00          ---          ---             ---             ---             ---             ---          --- 
Totals    2095079.75         0.00   1904427.49         4.80520         4.44700        13.31100        21.75900     61156.48 


WORST RUN RESULTS
============================================================================================================================
Type         Ops/sec     Hits/sec   Misses/sec    Avg. Latency     p50 Latency     p99 Latency   p99.9 Latency       KB/sec 
----------------------------------------------------------------------------------------------------------------------------
Sets       132621.90          ---          ---         5.47901         4.89500        15.42300        95.23100      9048.59 
Gets      1324761.59         0.00   1324761.59         5.19333         4.63900        14.65500        86.01500     33493.21 
Waits           0.00          ---          ---             ---             ---             ---             ---          --- 
Totals    1457383.48         0.00   1324761.59         5.21932         4.67100        14.71900        86.01500     42541.79 


AGGREGATED AVERAGE RESULTS (25 runs)
============================================================================================================================
Type         Ops/sec     Hits/sec   Misses/sec    Avg. Latency     p50 Latency     p99 Latency   p99.9 Latency       KB/sec 
----------------------------------------------------------------------------------------------------------------------------
Sets       143690.48          ---          ---         5.09987         4.76700        14.14300        26.62300      9803.78 
Gets      1435325.75         0.00   1435325.75         4.84575         4.51100        13.50300        24.70300     36288.54 
Waits           0.00          ---          ---             ---             ---             ---             ---          --- 
Totals    1579016.23         0.00   1435325.75         4.86888         4.51100        13.56700        24.83100     46092.32 
