10        Threads
50        Connections per thread
10000     Requests per client


BEST RUN RESULTS
============================================================================================================================
Type         Ops/sec     Hits/sec   Misses/sec    Avg. Latency     p50 Latency     p99 Latency   p99.9 Latency       KB/sec 
----------------------------------------------------------------------------------------------------------------------------
Sets       177984.53          ---          ---         5.12905         4.83100        13.75900        32.25500     12143.61 
Gets      1777889.39         0.00   1777889.39         4.86196         4.54300        13.05500        29.43900     44949.38 
Waits           0.00          ---          ---             ---             ---             ---             ---          --- 
Totals    1955873.92         0.00   1777889.39         4.88627         4.57500        13.11900        29.69500     57092.99 


WORST RUN RESULTS
============================================================================================================================
Type         Ops/sec     Hits/sec   Misses/sec    Avg. Latency     p50 Latency     p99 Latency   p99.9 Latency       KB/sec 
----------------------------------------------------------------------------------------------------------------------------
Sets       135682.26          ---          ---         5.34677         5.08700        13.82300        23.03900      9257.39 
Gets      1355331.55         0.00   1355331.55         5.05101         4.76700        13.31100        21.75900     34266.09 
Waits           0.00          ---          ---             ---             ---             ---             ---          --- 
Totals    1491013.81         0.00   1355331.55         5.07792         4.79900        13.37500        21.88700     43523.48 


AGGREGATED AVERAGE RESULTS (25 runs)
============================================================================================================================
Type         Ops/sec     Hits/sec   Misses/sec    Avg. Latency     p50 Latency     p99 Latency   p99.9 Latency       KB/sec 
----------------------------------------------------------------------------------------------------------------------------
Sets       141909.56          ---          ---         5.16073         4.83100        14.07900        25.72700      9682.27 
Gets      1417536.15         0.00   1417536.15         4.88900         4.57500        13.43900        23.93500     35838.77 
Waits           0.00          ---          ---             ---             ---             ---             ---          --- 
Totals    1559445.70         0.00   1417536.15         4.91372         4.60700        13.50300        24.19100     45521.04 
