10        Threads
50        Connections per thread
10000     Requests per client


BEST RUN RESULTS
============================================================================================================================
Type         Ops/sec     Hits/sec   Misses/sec    Avg. Latency     p50 Latency     p99 Latency   p99.9 Latency       KB/sec 
----------------------------------------------------------------------------------------------------------------------------
Sets       168835.05          ---          ---         5.30467         4.99100        14.33500        22.39900     11519.35 
Gets      1686495.20         0.00   1686495.20         5.01122         4.70300        13.75900        21.11900     42638.71 
Waits           0.00          ---          ---             ---             ---             ---             ---          --- 
Totals    1855330.25         0.00   1686495.20         5.03793         4.73500        13.82300        21.24700     54158.07 


WORST RUN RESULTS
============================================================================================================================
Type         Ops/sec     Hits/sec   Misses/sec    Avg. Latency     p50 Latency     p99 Latency   p99.9 Latency       KB/sec 
----------------------------------------------------------------------------------------------------------------------------
Sets       127937.11          ---          ---         5.26701         4.95900        13.95100        28.03100      8728.95 
Gets      1277965.15         0.00   1277965.15         4.97469         4.67100        13.37500        26.36700     32310.08 
Waits           0.00          ---          ---             ---             ---             ---             ---          --- 
Totals    1405902.26         0.00   1277965.15         5.00129         4.70300        13.43900        26.49500     41039.03 


AGGREGATED AVERAGE RESULTS (25 runs)
============================================================================================================================
Type         Ops/sec     Hits/sec   Misses/sec    Avg. Latency     p50 Latency     p99 Latency   p99.9 Latency       KB/sec 
----------------------------------------------------------------------------------------------------------------------------
Sets       138517.50          ---          ---         5.24517         4.92700        14.33500        27.51900      9450.83 
Gets      1383652.81         0.00   1383652.81         4.95719         4.63900        13.69500        25.21500     34982.12 
Waits           0.00          ---          ---             ---             ---             ---             ---          --- 
Totals    1522170.31         0.00   1383652.81         4.98340         4.63900        13.75900        25.47100     44432.95 
