10        Threads
50        Connections per thread
10000     Requests per client


BEST RUN RESULTS
============================================================================================================================
Type         Ops/sec     Hits/sec   Misses/sec    Avg. Latency     p50 Latency     p99 Latency   p99.9 Latency       KB/sec 
----------------------------------------------------------------------------------------------------------------------------
Sets       188548.59          ---          ---         5.36831         5.02300        14.97500        22.91100     12864.38 
Gets      1883413.98         0.00   1883413.98         5.10460         4.76700        14.27100        21.50300     47617.30 
Waits           0.00          ---          ---             ---             ---             ---             ---          --- 
Totals    2071962.58         0.00   1883413.98         5.12860         4.79900        14.33500        21.63100     60481.68 


WORST RUN RESULTS
============================================================================================================================
Type         Ops/sec     Hits/sec   Misses/sec    Avg. Latency     p50 Latency     p99 Latency   p99.9 Latency       KB/sec 
----------------------------------------------------------------------------------------------------------------------------
Sets       124330.12          ---          ---         5.44387         5.08700        14.59100        33.02300      8482.85 
Gets      1241934.94         0.00   1241934.94         5.17195         4.83100        13.95100        30.33500     31399.15 
Waits           0.00          ---          ---             ---             ---             ---             ---          --- 
Totals    1366265.06         0.00   1241934.94         5.19669         4.86300        14.01500        30.46300     39882.00 


AGGREGATED AVERAGE RESULTS (25 runs)
============================================================================================================================
Type         Ops/sec     Hits/sec   Misses/sec    Avg. Latency     p50 Latency     p99 Latency   p99.9 Latency       KB/sec 
----------------------------------------------------------------------------------------------------------------------------
Sets       140115.29          ---          ---         5.47250         5.11900        14.97500        26.87900      9559.85 
Gets      1399613.12         0.00   1399613.12         5.19321         4.83100        14.27100        24.83100     35385.64 
Waits           0.00          ---          ---             ---             ---             ---             ---          --- 
Totals    1539728.41         0.00   1399613.12         5.21863         4.86300        14.33500        25.08700     44945.48 
