10        Threads
50        Connections per thread
10000     Requests per client


BEST RUN RESULTS
============================================================================================================================
Type         Ops/sec     Hits/sec   Misses/sec    Avg. Latency     p50 Latency     p99 Latency   p99.9 Latency       KB/sec 
----------------------------------------------------------------------------------------------------------------------------
Sets       145838.99          ---          ---         4.93154         4.57500        14.07900        38.39900      9950.37 
Gets      1456787.27         0.00   1456787.27         4.70312         4.35100        13.56700        34.30300     36831.14 
Waits           0.00          ---          ---             ---             ---             ---             ---          --- 
Totals    1602626.26         0.00   1456787.27         4.72391         4.38300        13.63100        34.81500     46781.51 


WORST RUN RESULTS
============================================================================================================================
Type         Ops/sec     Hits/sec   Misses/sec    Avg. Latency     p50 Latency     p99 Latency   p99.9 Latency       KB/sec 
----------------------------------------------------------------------------------------------------------------------------
Sets       118417.39          ---          ---         6.11643         5.59900        18.43100        32.76700      8079.44 
Gets      1182872.63         0.00   1182872.63         5.79410         5.27900        17.53500        30.71900     29905.91 
Waits           0.00          ---          ---             ---             ---             ---             ---          --- 
Totals    1301290.02         0.00   1182872.63         5.82343         5.31100        17.66300        30.97500     37985.34 


AGGREGATED AVERAGE RESULTS (25 runs)
============================================================================================================================
Type         Ops/sec     Hits/sec   Misses/sec    Avg. Latency     p50 Latency     p99 Latency   p99.9 Latency       KB/sec 
----------------------------------------------------------------------------------------------------------------------------
Sets       133149.84          ---          ---         5.42149         5.02300        15.23100        27.64700      9084.61 
Gets      1330035.25         0.00   1330035.25         5.15430         4.76700        14.59100        25.72700     33626.54 
Waits           0.00          ---          ---             ---             ---             ---             ---          --- 
Totals    1463185.09         0.00   1330035.25         5.17861         4.79900        14.65500        25.85500     42711.14 
