10        Threads
50        Connections per thread
10000     Requests per client


BEST RUN RESULTS
============================================================================================================================
Type         Ops/sec     Hits/sec   Misses/sec    Avg. Latency     p50 Latency     p99 Latency   p99.9 Latency       KB/sec 
----------------------------------------------------------------------------------------------------------------------------
Sets       146713.90          ---          ---         5.24307         4.95900        13.95100        20.99100     10010.06 
Gets      1465526.75         0.00   1465526.75         4.95594         4.67100        13.43900        19.96700     37052.09 
Waits           0.00          ---          ---             ---             ---             ---             ---          --- 
Totals    1612240.65         0.00   1465526.75         4.98207         4.67100        13.50300        20.09500     47062.15 


WORST RUN RESULTS
============================================================================================================================
Type         Ops/sec     Hits/sec   Misses/sec    Avg. Latency     p50 Latency     p99 Latency   p99.9 Latency       KB/sec 
----------------------------------------------------------------------------------------------------------------------------
Sets       131685.92          ---          ---         5.49960         5.08700        15.80700        34.30300      8984.73 
Gets      1315412.09         0.00   1315412.09         5.18086         4.76700        14.97500        31.61500     33256.83 
Waits           0.00          ---          ---             ---             ---             ---             ---          --- 
Totals    1447098.00         0.00   1315412.09         5.20987         4.79900        15.03900        31.99900     42241.55 


AGGREGATED AVERAGE RESULTS (25 runs)
============================================================================================================================
Type         Ops/sec     Hits/sec   Misses/sec    Avg. Latency     p50 Latency     p99 Latency   p99.9 Latency       KB/sec 
----------------------------------------------------------------------------------------------------------------------------
Sets       138778.45          ---          ---         5.24668         4.92700        14.20700        28.15900      9468.64 
Gets      1386259.43         0.00   1386259.43         4.95782         4.63900        13.56700        25.85500     35048.02 
Waits           0.00          ---          ---             ---             ---             ---             ---          --- 
Totals    1525037.88         0.00   1386259.43         4.98411         4.63900        13.63100        26.11100     44516.66 
