10        Threads
50        Connections per thread
10000     Requests per client


BEST RUN RESULTS
============================================================================================================================
Type         Ops/sec     Hits/sec   Misses/sec    Avg. Latency     p50 Latency     p99 Latency   p99.9 Latency       KB/sec 
----------------------------------------------------------------------------------------------------------------------------
Sets       177234.86          ---          ---         5.50471         5.11900        15.35900        31.35900     12092.46 
Gets      1770401.00         0.00   1770401.00         5.24770         4.86300        14.71900        30.07900     44760.06 
Waits           0.00          ---          ---             ---             ---             ---             ---          --- 
Totals    1947635.86         0.00   1770401.00         5.27109         4.89500        14.78300        30.20700     56852.52 


WORST RUN RESULTS
============================================================================================================================
Type         Ops/sec     Hits/sec   Misses/sec    Avg. Latency     p50 Latency     p99 Latency   p99.9 Latency       KB/sec 
----------------------------------------------------------------------------------------------------------------------------
Sets       126113.61          ---          ---         5.66785         5.24700        15.35900        29.31100      8604.54 
Gets      1259750.25         0.00   1259750.25         5.37523         4.95900        14.78300        27.77500     31849.56 
Waits           0.00          ---          ---             ---             ---             ---             ---          --- 
Totals    1385863.86         0.00   1259750.25         5.40186         4.99100        14.84700        27.90300     40454.10 


AGGREGATED AVERAGE RESULTS (25 runs)
============================================================================================================================
Type         Ops/sec     Hits/sec   Misses/sec    Avg. Latency     p50 Latency     p99 Latency   p99.9 Latency       KB/sec 
----------------------------------------------------------------------------------------------------------------------------
Sets       137829.56          ---          ---         5.51922         5.15100        15.16700        27.39100      9403.90 
Gets      1376781.02         0.00   1376781.02         5.23678         4.86300        14.52700        25.47100     34808.38 
Waits           0.00          ---          ---             ---             ---             ---             ---          --- 
Totals    1514610.58         0.00   1376781.02         5.26248         4.89500        14.59100        25.72700     44212.28 
