tsan_compiler.sh: ignoring LLVM_ROOT_PATH=/home/alexey/dev/llvm-project/llvm/build (not the TSan prototype tree)
tsan_compiler.sh: using /home/alexey/dev/llvm-project-focs-lab/llvm/build/bin/clang (clang version 19.0.0git (https://github.com/focs-lab/llvm-project 729521af89653b1bac211c03203ab160d5cb71d0))
==> Running in test-only mode.
==> Checking for pre-existing redis-server processes before running benchmarks.
==> Switching to polygon directory for tests.
==> Testing tsan
PING_INLINE 380398.47
PING_MBULK 543721.75
SET 260737.70
GET 369457.19
INCR 360417.00
RPUSH 224627.92
LPOP 202811.50
RPOP 401141.94
SADD 289519.09
HSET 225399.25
SPOP 442089.25
ZADD 234690.58
ZPOPMIN 455162.88
LPUSH 182866.52
LRANGE_100 21232.98
LRANGE_300 7656.38
LRANGE_500 4751.72
LRANGE_600 4023.78
MSET 52805.07
==> Found running redis-server process(es): 1975319
==> Stopping redis-server with SIGTERM
==> redis-server stopped gracefully.
==> Script finished successfully. All results are in __results_redis__
