tsan_compiler.sh: using /opt/tsan-llvm/bin/clang (clang version 19.0.0git (https://github.com/focs-lab/llvm-project f3deebfbab602f4e05289e0acbde0efd06b8058c)) [frozen copy, TSAN_AUDIT_HASH=f3deebfbab60]
==> Running in test-only mode.
./redis.sh: line 246: warning: setlocale: LC_ALL: cannot change locale (en_US.UTF-8): No such file or directory
==> Checking for pre-existing redis-server processes before running benchmarks.
==> Switching to polygon directory for tests.
==> Testing dom_peeling-ea-lo-st-swmr-stmt
PING_INLINE 441309.22
PING_MBULK 699614.00
SET 305768.97
GET 398053.25
INCR 356230.56
RPUSH 237750.39
LPOP 225743.69
RPOP 461570.97
SADD 322700.50
HSET 255617.25
SPOP 453782.97
ZADD 264134.72
ZPOPMIN 429744.25
LPUSH 202339.31
LRANGE_100 22778.04
LRANGE_300 8641.42
LRANGE_500 5328.93
LRANGE_600 4460.99
MSET 63887.16
==> Found running redis-server process(es): 12635
==> Stopping redis-server with SIGTERM
==> redis-server stopped gracefully.
==> Script finished successfully. All results are in __results_redis__
