tsan_compiler.sh: using /opt/tsan-llvm/bin/clang (clang version 19.0.0git (https://github.com/focs-lab/llvm-project f3deebfbab602f4e05289e0acbde0efd06b8058c)) [frozen copy, TSAN_AUDIT_HASH=f3deebfbab60]
==> Running in test-only mode.
./redis.sh: line 246: warning: setlocale: LC_ALL: cannot change locale (en_US.UTF-8): No such file or directory
==> Checking for pre-existing redis-server processes before running benchmarks.
==> Switching to polygon directory for tests.
==> Testing dom_peeling-ea-lo-st-swmr
PING_INLINE 486811.97
PING_MBULK 738909.12
SET 343869.81
GET 448333.19
INCR 302177.41
RPUSH 170112.14
LPOP 169101.20
RPOP 348435.44
SADD 396522.09
HSET 318303.78
SPOP 514359.41
ZADD 315516.28
ZPOPMIN 339332.03
LPUSH 155759.31
LRANGE_100 26896.21
LRANGE_300 9873.05
LRANGE_500 6135.86
LRANGE_600 5244.58
MSET 43657.18
==> Found running redis-server process(es): 4838
==> Stopping redis-server with SIGTERM
==> redis-server stopped gracefully.
==> Script finished successfully. All results are in __results_redis__
