10        Threads
50        Connections per thread
10000     Requests per client


BEST RUN RESULTS
============================================================================================================================
Type         Ops/sec     Hits/sec   Misses/sec    Avg. Latency     p50 Latency     p99 Latency   p99.9 Latency       KB/sec 
----------------------------------------------------------------------------------------------------------------------------
Sets       127851.26          ---          ---         7.17520         6.11100        23.55100        64.25500      8723.09 
Gets      1277107.63         0.00   1277107.63         6.79639         5.79100        22.39900        61.18300     32288.40 
Waits           0.00          ---          ---             ---             ---             ---             ---          --- 
Totals    1404958.89         0.00   1277107.63         6.83087         5.79100        22.52700        61.18300     41011.49 


WORST RUN RESULTS
============================================================================================================================
Type         Ops/sec     Hits/sec   Misses/sec    Avg. Latency     p50 Latency     p99 Latency   p99.9 Latency       KB/sec 
----------------------------------------------------------------------------------------------------------------------------
Sets        55171.09          ---          ---        13.28135        11.64700        45.82300        83.96700      3764.24 
Gets       551104.62         0.00    551104.62        12.46156        10.87900        43.26300        79.35900     13933.27 
Waits           0.00          ---          ---             ---             ---             ---             ---          --- 
Totals     606275.71         0.00    551104.62        12.53616        10.94300        43.51900        79.87100     17697.51 


AGGREGATED AVERAGE RESULTS (25 runs)
============================================================================================================================
Type         Ops/sec     Hits/sec   Misses/sec    Avg. Latency     p50 Latency     p99 Latency   p99.9 Latency       KB/sec 
----------------------------------------------------------------------------------------------------------------------------
Sets        89046.40          ---          ---         9.18167         7.45500        37.63100        82.94300      6075.50 
Gets       889485.44         0.00    889485.44         8.63606         7.00700        35.32700        77.82300     22488.36 
Waits           0.00          ---          ---             ---             ---             ---             ---          --- 
Totals     978531.83         0.00    889485.44         8.68571         7.03900        35.58300        78.33500     28563.86 
