10        Threads
50        Connections per thread
10000     Requests per client


BEST RUN RESULTS
============================================================================================================================
Type         Ops/sec     Hits/sec   Misses/sec    Avg. Latency     p50 Latency     p99 Latency   p99.9 Latency       KB/sec 
----------------------------------------------------------------------------------------------------------------------------
Sets       119432.54          ---          ---         7.29762         6.30300        23.80700        57.85500      8148.70 
Gets      1193012.96         0.00   1193012.96         6.91594         5.95100        22.27100        50.94300     30162.28 
Waits           0.00          ---          ---             ---             ---             ---             ---          --- 
Totals    1312445.50         0.00   1193012.96         6.95068         5.98300        22.39900        51.45500     38310.98 


WORST RUN RESULTS
============================================================================================================================
Type         Ops/sec     Hits/sec   Misses/sec    Avg. Latency     p50 Latency     p99 Latency   p99.9 Latency       KB/sec 
----------------------------------------------------------------------------------------------------------------------------
Sets        80640.94          ---          ---         8.19410         6.97500        25.47100        80.38300      5502.01 
Gets       805523.28         0.00    805523.28         7.76124         6.62300        24.19100        73.21500     20365.59 
Waits           0.00          ---          ---             ---             ---             ---             ---          --- 
Totals     886164.23         0.00    805523.28         7.80063         6.65500        24.31900        73.21500     25867.60 


AGGREGATED AVERAGE RESULTS (25 runs)
============================================================================================================================
Type         Ops/sec     Hits/sec   Misses/sec    Avg. Latency     p50 Latency     p99 Latency   p99.9 Latency       KB/sec 
----------------------------------------------------------------------------------------------------------------------------
Sets       101300.79          ---          ---         7.36328         6.33500        24.06300        57.85500      6911.60 
Gets      1011894.72         0.00   1011894.72         6.97668         5.98300        22.78300        52.73500     25583.17 
Waits           0.00          ---          ---             ---             ---             ---             ---          --- 
Totals    1113195.51         0.00   1011894.72         7.01186         6.01500        22.91100        52.99100     32494.76 
