10        Threads
50        Connections per thread
10000     Requests per client


BEST RUN RESULTS
============================================================================================================================
Type         Ops/sec     Hits/sec   Misses/sec    Avg. Latency     p50 Latency     p99 Latency   p99.9 Latency       KB/sec 
----------------------------------------------------------------------------------------------------------------------------
Sets       119524.18          ---          ---         5.96726         5.11900        18.55900        70.65500      8154.95 
Gets      1193928.38         0.00   1193928.38         5.69859         4.89500        17.66300        62.97500     30185.42 
Waits           0.00          ---          ---             ---             ---             ---             ---          --- 
Totals    1313452.57         0.00   1193928.38         5.72304         4.92700        17.79100        63.23100     38340.37 


WORST RUN RESULTS
============================================================================================================================
Type         Ops/sec     Hits/sec   Misses/sec    Avg. Latency     p50 Latency     p99 Latency   p99.9 Latency       KB/sec 
----------------------------------------------------------------------------------------------------------------------------
Sets        23301.13          ---          ---        33.17253        20.09500       191.48700       319.48700      1589.80 
Gets       232755.21         0.00    232755.21        30.67687        18.17500       181.24700       305.15100      5884.62 
Waits           0.00          ---          ---             ---             ---             ---             ---          --- 
Totals     256056.33         0.00    232755.21        30.90397        18.43100       182.27100       305.15100      7474.42 


AGGREGATED AVERAGE RESULTS (25 runs)
============================================================================================================================
Type         Ops/sec     Hits/sec   Misses/sec    Avg. Latency     p50 Latency     p99 Latency   p99.9 Latency       KB/sec 
----------------------------------------------------------------------------------------------------------------------------
Sets        97374.69          ---          ---         8.83120         6.07900        66.55900       155.64700      6643.72 
Gets       972676.84         0.00    972676.84         8.31645         5.75900        61.69500       148.47900     24591.64 
Waits           0.00          ---          ---             ---             ---             ---             ---          --- 
Totals    1070051.53         0.00    972676.84         8.36329         5.79100        62.20700       149.50300     31235.37 
