10        Threads
50        Connections per thread
10000     Requests per client


BEST RUN RESULTS
============================================================================================================================
Type         Ops/sec     Hits/sec   Misses/sec    Avg. Latency     p50 Latency     p99 Latency   p99.9 Latency       KB/sec 
----------------------------------------------------------------------------------------------------------------------------
Sets       106164.00          ---          ---         8.38175         7.61500        23.80700        61.69500      7243.41 
Gets      1060473.35         0.00   1060473.35         7.83847         7.07100        22.52700        59.39100     26811.35 
Waits           0.00          ---          ---             ---             ---             ---             ---          --- 
Totals    1166637.35         0.00   1060473.35         7.88791         7.10300        22.65500        59.90300     34054.76 


WORST RUN RESULTS
============================================================================================================================
Type         Ops/sec     Hits/sec   Misses/sec    Avg. Latency     p50 Latency     p99 Latency   p99.9 Latency       KB/sec 
----------------------------------------------------------------------------------------------------------------------------
Sets        50077.26          ---          ---        15.72356        10.94300        95.23100       166.91100      3416.69 
Gets       500222.32         0.00    500222.32        14.52543        10.04700        90.11100       158.71900     12646.84 
Waits           0.00          ---          ---             ---             ---             ---             ---          --- 
Totals     550299.58         0.00    500222.32        14.63446        10.11100        90.62300       160.76700     16063.54 


AGGREGATED AVERAGE RESULTS (25 runs)
============================================================================================================================
Type         Ops/sec     Hits/sec   Misses/sec    Avg. Latency     p50 Latency     p99 Latency   p99.9 Latency       KB/sec 
----------------------------------------------------------------------------------------------------------------------------
Sets        84717.62          ---          ---         9.49682         7.93500        43.26300       118.78300      5780.15 
Gets       846245.23         0.00    846245.23         8.84373         7.32700        39.67900       110.59100     21395.14 
Waits           0.00          ---          ---             ---             ---             ---             ---          --- 
Totals     930962.85         0.00    846245.23         8.90316         7.39100        39.93500       111.61500     27175.30 
