10        Threads
50        Connections per thread
10000     Requests per client


BEST RUN RESULTS
============================================================================================================================
Type         Ops/sec     Hits/sec   Misses/sec    Avg. Latency     p50 Latency     p99 Latency   p99.9 Latency       KB/sec 
----------------------------------------------------------------------------------------------------------------------------
Sets        93458.60          ---          ---         7.78494         7.13500        22.27100        57.85500      6376.54 
Gets       933558.95         0.00    933558.95         7.27407         6.59100        20.99100        49.66300     23602.65 
Waits           0.00          ---          ---             ---             ---             ---             ---          --- 
Totals    1027017.55         0.00    933558.95         7.32056         6.65500        21.11900        50.17500     29979.18 


WORST RUN RESULTS
============================================================================================================================
Type         Ops/sec     Hits/sec   Misses/sec    Avg. Latency     p50 Latency     p99 Latency   p99.9 Latency       KB/sec 
----------------------------------------------------------------------------------------------------------------------------
Sets        21993.64          ---          ---        35.52857        29.56700       139.26300       230.39900      1500.59 
Gets       219694.70         0.00    219694.70        32.61272        26.75100       130.55900       218.11100      5554.42 
Waits           0.00          ---          ---             ---             ---             ---             ---          --- 
Totals     241688.34         0.00    219694.70        32.87806        27.00700       131.07100       219.13500      7055.01 


AGGREGATED AVERAGE RESULTS (25 runs)
============================================================================================================================
Type         Ops/sec     Hits/sec   Misses/sec    Avg. Latency     p50 Latency     p99 Latency   p99.9 Latency       KB/sec 
----------------------------------------------------------------------------------------------------------------------------
Sets        50862.59          ---          ---        17.01377        12.92700        78.84700       156.67100      3470.28 
Gets       508067.01         0.00    508067.01        15.72143        11.83900        74.23900       147.45500     12845.17 
Waits           0.00          ---          ---             ---             ---             ---             ---          --- 
Totals     558929.61         0.00    508067.01        15.83904        11.96700        74.75100       148.47900     16315.45 
