10        Threads
50        Connections per thread
10000     Requests per client


BEST RUN RESULTS
============================================================================================================================
Type         Ops/sec     Hits/sec   Misses/sec    Avg. Latency     p50 Latency     p99 Latency   p99.9 Latency       KB/sec 
----------------------------------------------------------------------------------------------------------------------------
Sets       125966.48          ---          ---         7.33895         6.33500        23.93500        55.80700      8594.50 
Gets      1258280.57         0.00   1258280.57         6.91757         5.95100        22.52700        52.22300     31812.40 
Waits           0.00          ---          ---             ---             ---             ---             ---          --- 
Totals    1384247.05         0.00   1258280.57         6.95591         5.98300        22.65500        52.47900     40406.90 


WORST RUN RESULTS
============================================================================================================================
Type         Ops/sec     Hits/sec   Misses/sec    Avg. Latency     p50 Latency     p99 Latency   p99.9 Latency       KB/sec 
----------------------------------------------------------------------------------------------------------------------------
Sets        58972.44          ---          ---        12.62607        11.39100        37.37500        63.23100      4023.60 
Gets       589076.31         0.00    589076.31        11.77982        10.55900        35.58300        61.43900     14893.29 
Waits           0.00          ---          ---             ---             ---             ---             ---          --- 
Totals     648048.74         0.00    589076.31        11.85683        10.62300        35.83900        61.69500     18916.88 


AGGREGATED AVERAGE RESULTS (25 runs)
============================================================================================================================
Type         Ops/sec     Hits/sec   Misses/sec    Avg. Latency     p50 Latency     p99 Latency   p99.9 Latency       KB/sec 
----------------------------------------------------------------------------------------------------------------------------
Sets        96714.34          ---          ---         7.95238         6.49500        33.27900        81.91900      6598.67 
Gets       966080.62         0.00    966080.62         7.49005         6.11100        30.71900        77.31100     24424.88 
Waits           0.00          ---          ---             ---             ---             ---             ---          --- 
Totals    1062794.96         0.00    966080.62         7.53212         6.14300        30.97500        77.82300     31023.55 
