10        Threads
50        Connections per thread
10000     Requests per client


BEST RUN RESULTS
============================================================================================================================
Type         Ops/sec     Hits/sec   Misses/sec    Avg. Latency     p50 Latency     p99 Latency   p99.9 Latency       KB/sec 
----------------------------------------------------------------------------------------------------------------------------
Sets       114311.30          ---          ---         7.51466         6.33500        25.59900        84.99100      7799.28 
Gets      1141856.80         0.00   1141856.80         7.11668         6.01500        23.93500        73.21500     28868.93 
Waits           0.00          ---          ---             ---             ---             ---             ---          --- 
Totals    1256168.10         0.00   1141856.80         7.15290         6.04700        24.06300        73.21500     36668.21 


WORST RUN RESULTS
============================================================================================================================
Type         Ops/sec     Hits/sec   Misses/sec    Avg. Latency     p50 Latency     p99 Latency   p99.9 Latency       KB/sec 
----------------------------------------------------------------------------------------------------------------------------
Sets        52709.20          ---          ---        15.46914        13.18300        56.31900       195.58300      3596.27 
Gets       526512.79         0.00    526512.79        14.31950        12.09500        53.24700       178.17500     13311.53 
Waits           0.00          ---          ---             ---             ---             ---             ---          --- 
Totals     579221.99         0.00    526512.79        14.42412        12.22300        53.50300       180.22300     16907.80 


AGGREGATED AVERAGE RESULTS (25 runs)
============================================================================================================================
Type         Ops/sec     Hits/sec   Misses/sec    Avg. Latency     p50 Latency     p99 Latency   p99.9 Latency       KB/sec 
----------------------------------------------------------------------------------------------------------------------------
Sets        85727.85          ---          ---         9.27751         7.48700        38.91100       102.91100      5849.08 
Gets       856336.46         0.00    856336.46         8.71844         7.00700        36.35100        96.25500     21650.28 
Waits           0.00          ---          ---             ---             ---             ---             ---          --- 
Totals     942064.31         0.00    856336.46         8.76931         7.07100        36.60700        96.76700     27499.35 
