10        Threads
50        Connections per thread
10000     Requests per client


BEST RUN RESULTS
============================================================================================================================
Type         Ops/sec     Hits/sec   Misses/sec    Avg. Latency     p50 Latency     p99 Latency   p99.9 Latency       KB/sec 
----------------------------------------------------------------------------------------------------------------------------
Sets        95645.80          ---          ---         8.44328         7.42300        25.85500        71.16700      6525.77 
Gets       955406.98         0.00    955406.98         7.88055         6.91100        24.44700        67.07100     24155.02 
Waits           0.00          ---          ---             ---             ---             ---             ---          --- 
Totals    1051052.79         0.00    955406.98         7.93175         6.94300        24.57500        67.58300     30680.79 


WORST RUN RESULTS
============================================================================================================================
Type         Ops/sec     Hits/sec   Misses/sec    Avg. Latency     p50 Latency     p99 Latency   p99.9 Latency       KB/sec 
----------------------------------------------------------------------------------------------------------------------------
Sets        48914.75          ---          ---        15.16328        13.43900        46.33500       150.52700      3337.38 
Gets       488610.01         0.00    488610.01        14.07808        12.41500        43.51900       143.35900     12353.25 
Waits           0.00          ---          ---             ---             ---             ---             ---          --- 
Totals     537524.77         0.00    488610.01        14.17683        12.54300        43.77500       144.38300     15690.63 


AGGREGATED AVERAGE RESULTS (25 runs)
============================================================================================================================
Type         Ops/sec     Hits/sec   Misses/sec    Avg. Latency     p50 Latency     p99 Latency   p99.9 Latency       KB/sec 
----------------------------------------------------------------------------------------------------------------------------
Sets        72021.69          ---          ---        10.71619         9.21500        36.86300        83.45500      4913.93 
Gets       719425.46         0.00    719425.46         9.96775         8.51100        34.55900        77.82300     18188.83 
Waits           0.00          ---          ---             ---             ---             ---             ---          --- 
Totals     791447.15         0.00    719425.46        10.03586         8.57500        34.81500        78.33500     23102.76 
