tsan_compiler.sh: ignoring LLVM_ROOT_PATH=/home/alexey/dev/llvm-project/llvm/build (not the TSan prototype tree)
tsan_compiler.sh: using /home/alexey/dev/llvm-project-focs-lab/llvm/build/bin/clang (clang version 19.0.0git (https://github.com/focs-lab/llvm-project 729521af89653b1bac211c03203ab160d5cb71d0))
==> Running in test-only mode.
==> Checking for pre-existing redis-server processes before running benchmarks.
==> Switching to polygon directory for tests.
==> Testing dom_peeling
PING_INLINE 465324.62
PING_MBULK 696205.94
SET 323593.69
GET 424180.69
INCR 425909.53
RPUSH 264621.50
LPOP 217520.89
RPOP 466626.84
SADD 363507.69
HSET 263697.25
SPOP 527106.44
ZADD 280436.31
ZPOPMIN 541075.19
LPUSH 211714.58
LRANGE_100 20900.41
LRANGE_300 8780.15
LRANGE_500 5403.81
LRANGE_600 4539.74
MSET 60061.46
==> Found running redis-server process(es): 56917
==> Stopping redis-server with SIGTERM
==> redis-server stopped gracefully.
==> Script finished successfully. All results are in __results_redis__
