jq found, will generate JSON output to /artifact/results/perf-ffmpeg-20260921-144526/ffmpeg/tsan-stmt/run2/summary.json.
--- FFmpeg Benchmark Start (using /usr/bin/time) ---
Builds to test: ffmpeg-tsan-stmt
Video file: ./input/TearsOfSteel-1366x768-100s.mkv
Runs per test: 1

--- Benchmarking: Codec [h264_libx264], Build [ffmpeg-tsan-stmt] ---

[96;1mffmpeg-tsan-stmt/bin/ffmpeg -hide_banner -i "./input/TearsOfSteel-1366x768-100s.mkv" -threads 8 -y -c:v libx264 -preset medium -crf 23  -loglevel error /dev/shm/out.mp4[0m

  Run 1/1... OK (Time: 26.89s, Mem: 643176KB)
  Results: Time(avg±std): 26.8900s ± 0s | Mem(peak): 643176KB | Runs: 1/1
--------------------------------------------------------

--- Benchmarking: Codec [copy_passthrough], Build [ffmpeg-tsan-stmt] ---

[96;1mffmpeg-tsan-stmt/bin/ffmpeg -hide_banner -i "./input/TearsOfSteel-1366x768-100s.mkv" -threads 8 -y -c:v copy -c:a copy  -loglevel error /dev/shm/out.mkv[0m

  Run 1/1... OK (Time: 0.51s, Mem: 75620KB)
  Results: Time(avg±std): .5100s ± 0s | Mem(peak): 75620KB | Runs: 1/1
--------------------------------------------------------

--- Benchmarking: Codec [mjpeg], Build [ffmpeg-tsan-stmt] ---

[96;1mffmpeg-tsan-stmt/bin/ffmpeg -hide_banner -i "./input/TearsOfSteel-1366x768-100s.mkv" -threads 8 -y -c:v mjpeg -pix_fmt yuvj420p -q:v 2  -loglevel error /dev/shm/out.avi[0m

  Run 1/1... OK (Time: 18.89s, Mem: 550548KB)
  Results: Time(avg±std): 18.8900s ± 0s | Mem(peak): 550548KB | Runs: 1/1
--------------------------------------------------------

--- Benchmarking: Codec [h265_libx265], Build [ffmpeg-tsan-stmt] ---

[96;1mffmpeg-tsan-stmt/bin/ffmpeg -hide_banner -i "./input/TearsOfSteel-1366x768-100s.mkv" -threads 8 -y -c:v libx265 -preset medium -crf 28 -tag:v hvc1  -loglevel error /dev/shm/out.mp4[0m

  Run 1/1... OK (Time: 39.6s, Mem: 1885204KB)
  Results: Time(avg±std): 39.6000s ± 0s | Mem(peak): 1885204KB | Runs: 1/1
--------------------------------------------------------

JSON results have been finalized in /artifact/results/perf-ffmpeg-20260921-144526/ffmpeg/tsan-stmt/run2/summary.json
Benchmark finished. CSV results are in /artifact/results/perf-ffmpeg-20260921-144526/ffmpeg/tsan-stmt/run2/summary.csv
