tsan_compiler.sh: using /opt/tsan-llvm/bin/clang (clang version 19.0.0git (https://github.com/focs-lab/llvm-project f3deebfbab602f4e05289e0acbde0efd06b8058c)) [frozen copy, TSAN_AUDIT_HASH=f3deebfbab60]
==> Running in test-only mode.
./redis.sh: line 246: warning: setlocale: LC_ALL: cannot change locale (en_US.UTF-8): No such file or directory
==> Checking for pre-existing redis-server processes before running benchmarks.
==> Switching to polygon directory for tests.
==> Testing tsan
PING_INLINE 500880.56
PING_MBULK 763118.25
SET 231065.28
GET 349025.31
INCR 396295.72
RPUSH 283749.38
LPOP 261761.48
RPOP 544609.69
SADD 430091.88
HSET 323171.53
SPOP 502485.16
ZADD 317318.34
ZPOPMIN 542248.25
LPUSH 238779.12
LRANGE_100 26276.59
LRANGE_300 10426.48
LRANGE_500 6194.64
LRANGE_600 5198.60
MSET 75853.98
==> Found running redis-server process(es): 9264
==> Stopping redis-server with SIGTERM
==> redis-server stopped gracefully.
==> Script finished successfully. All results are in __results_redis__
