tsan_compiler.sh: ignoring LLVM_ROOT_PATH=/home/alexey/dev/llvm-project/llvm/build (not the TSan prototype tree)
tsan_compiler.sh: using /home/alexey/dev/llvm-project-focs-lab/llvm/build/bin/clang (clang version 19.0.0git (https://github.com/focs-lab/llvm-project 729521af89653b1bac211c03203ab160d5cb71d0))
==> Running in test-only mode.
==> Checking for pre-existing redis-server processes before running benchmarks.
==> Switching to polygon directory for tests.
==> Testing dom_peeling-ea-lo-st-swmr
PING_INLINE 531587.69
PING_MBULK 855815.19
SET 382434.25
GET 480413.06
INCR 476978.09
RPUSH 288280.69
LPOP 264949.16
RPOP 533572.25
SADD 435166.59
HSET 326516.97
SPOP 557663.31
ZADD 317501.75
ZPOPMIN 561733.88
LPUSH 250362.36
LRANGE_100 30289.71
LRANGE_300 10161.88
LRANGE_500 6239.71
LRANGE_600 5155.23
MSET 64768.20
==> Found running redis-server process(es): 544012
==> Stopping redis-server with SIGTERM
==> redis-server stopped gracefully.
==> Script finished successfully. All results are in __results_redis__
