tsan_compiler.sh: ignoring LLVM_ROOT_PATH=/home/alexey/dev/llvm-project/llvm/build (not the TSan prototype tree)
tsan_compiler.sh: using /home/alexey/dev/llvm-project-focs-lab/llvm/build/bin/clang (clang version 19.0.0git (https://github.com/focs-lab/llvm-project 729521af89653b1bac211c03203ab160d5cb71d0))
==> Running in test-only mode.
==> Checking for pre-existing redis-server processes before running benchmarks.
==> Switching to polygon directory for tests.
==> Testing dom_peeling-ea-lo-st-swmr
PING_INLINE 472801.53
PING_MBULK 725488.06
SET 325985.00
GET 413750.22
INCR 429930.41
RPUSH 261077.25
LPOP 229355.34
RPOP 504766.91
SADD 376532.94
HSET 282054.69
SPOP 506812.56
ZADD 302982.44
ZPOPMIN 519983.38
LPUSH 230199.72
LRANGE_100 24432.34
LRANGE_300 8923.77
LRANGE_500 5446.09
LRANGE_600 4506.25
MSET 61188.60
==> Found running redis-server process(es): 2137491
==> Stopping redis-server with SIGTERM
==> redis-server stopped gracefully.
==> Script finished successfully. All results are in __results_redis__
