jq found, will generate JSON output to /artifact/results/perf-ffmpeg-20260921-135106/ffmpeg/tsan-dom_peeling-ea-lo-st-swmr/run1/summary.json.
--- FFmpeg Benchmark Start (using /usr/bin/time) ---
Builds to test: ffmpeg-tsan-dom_peeling-ea-lo-st-swmr
Video file: ./input/TearsOfSteel-1366x768-100s.mkv
Runs per test: 1

--- Benchmarking: Codec [h264_libx264], Build [ffmpeg-tsan-dom_peeling-ea-lo-st-swmr] ---

[96;1mffmpeg-tsan-dom_peeling-ea-lo-st-swmr/bin/ffmpeg -hide_banner -i "./input/TearsOfSteel-1366x768-100s.mkv" -threads 16 -y -c:v libx264 -preset medium -crf 23  -loglevel error /dev/shm/out.mp4[0m

  Run 1/1... OK (Time: 17.44s, Mem: 757544KB)
  Results: Time(avg±std): 17.4400s ± 0s | Mem(peak): 757544KB | Runs: 1/1
--------------------------------------------------------

--- Benchmarking: Codec [copy_passthrough], Build [ffmpeg-tsan-dom_peeling-ea-lo-st-swmr] ---

[96;1mffmpeg-tsan-dom_peeling-ea-lo-st-swmr/bin/ffmpeg -hide_banner -i "./input/TearsOfSteel-1366x768-100s.mkv" -threads 16 -y -c:v copy -c:a copy  -loglevel error /dev/shm/out.mkv[0m

  Run 1/1... OK (Time: 0.81s, Mem: 75404KB)
  Results: Time(avg±std): .8100s ± 0s | Mem(peak): 75404KB | Runs: 1/1
--------------------------------------------------------

--- Benchmarking: Codec [mjpeg], Build [ffmpeg-tsan-dom_peeling-ea-lo-st-swmr] ---

[96;1mffmpeg-tsan-dom_peeling-ea-lo-st-swmr/bin/ffmpeg -hide_banner -i "./input/TearsOfSteel-1366x768-100s.mkv" -threads 16 -y -c:v mjpeg -pix_fmt yuvj420p -q:v 2  -loglevel error /dev/shm/out.avi[0m

  Run 1/1... OK (Time: 14.22s, Mem: 803424KB)
  Results: Time(avg±std): 14.2200s ± 0s | Mem(peak): 803424KB | Runs: 1/1
--------------------------------------------------------

--- Benchmarking: Codec [h265_libx265], Build [ffmpeg-tsan-dom_peeling-ea-lo-st-swmr] ---

[96;1mffmpeg-tsan-dom_peeling-ea-lo-st-swmr/bin/ffmpeg -hide_banner -i "./input/TearsOfSteel-1366x768-100s.mkv" -threads 16 -y -c:v libx265 -preset medium -crf 28 -tag:v hvc1  -loglevel error /dev/shm/out.mp4[0m

  Run 1/1... OK (Time: 35.39s, Mem: 2256276KB)
  Results: Time(avg±std): 35.3900s ± 0s | Mem(peak): 2256276KB | Runs: 1/1
--------------------------------------------------------

JSON results have been finalized in /artifact/results/perf-ffmpeg-20260921-135106/ffmpeg/tsan-dom_peeling-ea-lo-st-swmr/run1/summary.json
Benchmark finished. CSV results are in /artifact/results/perf-ffmpeg-20260921-135106/ffmpeg/tsan-dom_peeling-ea-lo-st-swmr/run1/summary.csv
