tsan_compiler.sh: ignoring LLVM_ROOT_PATH=/home/alexey/dev/llvm-project/llvm/build (not the TSan prototype tree)
tsan_compiler.sh: using /home/alexey/dev/llvm-project-focs-lab/llvm/build/bin/clang (clang version 19.0.0git (https://github.com/focs-lab/llvm-project 729521af89653b1bac211c03203ab160d5cb71d0))
==> Running in test-only mode.
==> Checking for pre-existing redis-server processes before running benchmarks.
==> Switching to polygon directory for tests.
==> Testing sound
PING_INLINE 443068.22
PING_MBULK 663427.06
SET 312933.38
GET 400179.19
INCR 404058.16
RPUSH 249154.47
LPOP 235306.83
RPOP 477085.38
SADD 355525.25
HSET 265300.47
SPOP 486599.22
ZADD 274622.03
ZPOPMIN 481679.38
LPUSH 227788.70
LRANGE_100 23693.35
LRANGE_300 8565.65
LRANGE_500 5239.04
LRANGE_600 4381.78
MSET 51714.21
==> Found running redis-server process(es): 2454468
==> Stopping redis-server with SIGTERM
==> redis-server stopped gracefully.
==> Script finished successfully. All results are in __results_redis__
