jq found, will generate JSON output to /home/alexey/tsan-experiments/tools/perf/results/campaign-f3deebfbab60/primary/ffmpeg/tsan-dom_peeling-ea-lo-st-swmr/run2/summary.json.
--- FFmpeg Benchmark Start (using /usr/bin/time) ---
Builds to test: ffmpeg-tsan-dom_peeling-ea-lo-st-swmr
Video file: ./input/TearsOfSteel-1366x768-100s.mkv
Runs per test: 1

--- Benchmarking: Codec [h264_libx264], Build [ffmpeg-tsan-dom_peeling-ea-lo-st-swmr] ---

[96;1mffmpeg-tsan-dom_peeling-ea-lo-st-swmr/bin/ffmpeg -hide_banner -i "./input/TearsOfSteel-1366x768-100s.mkv" -threads 4 -y -c:v libx264 -preset medium -crf 23  -loglevel error /dev/shm/out.mp4[0m

  Run 1/1... OK (Time: 45.87s, Mem: 581816KB)
  Results: Time(avg±std): 45.8700s ± 0s | Mem(peak): 581816KB | Runs: 1/1
--------------------------------------------------------

--- Benchmarking: Codec [copy_passthrough], Build [ffmpeg-tsan-dom_peeling-ea-lo-st-swmr] ---

[96;1mffmpeg-tsan-dom_peeling-ea-lo-st-swmr/bin/ffmpeg -hide_banner -i "./input/TearsOfSteel-1366x768-100s.mkv" -threads 4 -y -c:v copy -c:a copy  -loglevel error /dev/shm/out.mkv[0m

  Run 1/1... OK (Time: 0.83s, Mem: 76520KB)
  Results: Time(avg±std): .8300s ± 0s | Mem(peak): 76520KB | Runs: 1/1
--------------------------------------------------------

--- Benchmarking: Codec [mjpeg], Build [ffmpeg-tsan-dom_peeling-ea-lo-st-swmr] ---

[96;1mffmpeg-tsan-dom_peeling-ea-lo-st-swmr/bin/ffmpeg -hide_banner -i "./input/TearsOfSteel-1366x768-100s.mkv" -threads 4 -y -c:v mjpeg -pix_fmt yuvj420p -q:v 2  -loglevel error /dev/shm/out.avi[0m

  Run 1/1... OK (Time: 20.66s, Mem: 418172KB)
  Results: Time(avg±std): 20.6600s ± 0s | Mem(peak): 418172KB | Runs: 1/1
--------------------------------------------------------

--- Benchmarking: Codec [h265_libx265], Build [ffmpeg-tsan-dom_peeling-ea-lo-st-swmr] ---

[96;1mffmpeg-tsan-dom_peeling-ea-lo-st-swmr/bin/ffmpeg -hide_banner -i "./input/TearsOfSteel-1366x768-100s.mkv" -threads 4 -y -c:v libx265 -preset medium -crf 28 -tag:v hvc1  -loglevel error /dev/shm/out.mp4[0m

  Run 1/1... OK (Time: 43.19s, Mem: 1667388KB)
  Results: Time(avg±std): 43.1900s ± 0s | Mem(peak): 1667388KB | Runs: 1/1
--------------------------------------------------------

JSON results have been finalized in /home/alexey/tsan-experiments/tools/perf/results/campaign-f3deebfbab60/primary/ffmpeg/tsan-dom_peeling-ea-lo-st-swmr/run2/summary.json
Benchmark finished. CSV results are in /home/alexey/tsan-experiments/tools/perf/results/campaign-f3deebfbab60/primary/ffmpeg/tsan-dom_peeling-ea-lo-st-swmr/run2/summary.csv
