tsan_compiler.sh: ignoring LLVM_ROOT_PATH=/home/alexey/dev/llvm-project/llvm/build (not the TSan prototype tree)
tsan_compiler.sh: using /home/alexey/dev/llvm-project-focs-lab/llvm/build/bin/clang (clang version 19.0.0git (https://github.com/focs-lab/llvm-project 729521af89653b1bac211c03203ab160d5cb71d0))
==> Running in test-only mode.
==> Checking for pre-existing redis-server processes before running benchmarks.
==> Switching to polygon directory for tests.
==> Testing sound
PING_INLINE 453512.22
PING_MBULK 713586.31
SET 291420.91
GET 386721.31
INCR 415641.03
RPUSH 228935.47
LPOP 182463.62
RPOP 432532.66
SADD 322517.09
HSET 257581.88
SPOP 445633.88
ZADD 251495.23
ZPOPMIN 497735.31
LPUSH 215567.34
LRANGE_100 22914.45
LRANGE_300 7901.73
LRANGE_500 5021.29
LRANGE_600 4210.75
MSET 55782.46
==> Found running redis-server process(es): 2403946
==> Stopping redis-server with SIGTERM
==> redis-server stopped gracefully.
==> Script finished successfully. All results are in __results_redis__
