tsan_compiler.sh: ignoring LLVM_ROOT_PATH=/home/alexey/dev/llvm-project/llvm/build (not the TSan prototype tree)
tsan_compiler.sh: using /home/alexey/dev/llvm-project-focs-lab/llvm/build/bin/clang (clang version 19.0.0git (https://github.com/focs-lab/llvm-project 729521af89653b1bac211c03203ab160d5cb71d0))
==> Running in test-only mode.
==> Checking for pre-existing redis-server processes before running benchmarks.
==> Switching to polygon directory for tests.
==> Testing stmt-yoff
PING_INLINE 473696.97
PING_MBULK 736706.88
SET 339826.09
GET 421064.00
INCR 413579.19
RPUSH 267785.88
LPOP 232500.12
RPOP 450855.31
SADD 368896.78
HSET 279376.72
SPOP 512787.28
ZADD 296692.78
ZPOPMIN 553345.12
LPUSH 228673.83
LRANGE_100 23682.32
LRANGE_300 8598.13
LRANGE_500 5242.50
LRANGE_600 4323.44
MSET 63951.45
==> Found running redis-server process(es): 2587245
==> Stopping redis-server with SIGTERM
==> redis-server stopped gracefully.
==> Script finished successfully. All results are in __results_redis__
