tsan_compiler.sh: using /opt/tsan-llvm/bin/clang (clang version 19.0.0git (https://github.com/focs-lab/llvm-project f3deebfbab602f4e05289e0acbde0efd06b8058c)) [frozen copy, TSAN_AUDIT_HASH=f3deebfbab60]
==> Running in test-only mode.
./redis.sh: line 246: warning: setlocale: LC_ALL: cannot change locale (en_US.UTF-8): No such file or directory
==> Checking for pre-existing redis-server processes before running benchmarks.
==> Switching to polygon directory for tests.
==> Testing dom_peeling-ea-lo-st-swmr-stmt
PING_INLINE 442872.06
PING_MBULK 709537.62
SET 310891.25
GET 395277.78
INCR 425360.53
RPUSH 249612.78
LPOP 220703.28
RPOP 438216.38
SADD 350419.62
HSET 267285.06
SPOP 489456.00
ZADD 270099.34
ZPOPMIN 486362.69
LPUSH 211287.84
LRANGE_100 24315.66
LRANGE_300 8828.50
LRANGE_500 5408.07
LRANGE_600 4512.60
MSET 61770.40
==> Found running redis-server process(es): 9444
==> Stopping redis-server with SIGTERM
==> redis-server stopped gracefully.
==> Script finished successfully. All results are in __results_redis__
