tsan_compiler.sh: ignoring LLVM_ROOT_PATH=/home/alexey/dev/llvm-project/llvm/build (not the TSan prototype tree)
tsan_compiler.sh: using /home/alexey/dev/llvm-project-focs-lab/llvm/build/bin/clang (clang version 19.0.0git (https://github.com/focs-lab/llvm-project 729521af89653b1bac211c03203ab160d5cb71d0))
==> Running in test-only mode.
==> Checking for pre-existing redis-server processes before running benchmarks.
==> Switching to polygon directory for tests.
==> Testing dom_peeling
PING_INLINE 498976.53
PING_MBULK 795901.38
SET 333816.50
GET 427493.19
INCR 432906.94
RPUSH 276596.06
LPOP 250049.48
RPOP 480522.56
SADD 377100.62
HSET 298641.19
SPOP 553345.12
ZADD 284946.75
ZPOPMIN 514369.12
LPUSH 222965.91
LRANGE_100 29265.82
LRANGE_300 8946.42
LRANGE_500 5479.34
LRANGE_600 4500.45
MSET 60161.43
==> Found running redis-server process(es): 2113470
==> Stopping redis-server with SIGTERM
==> redis-server stopped gracefully.
==> Script finished successfully. All results are in __results_redis__
