tsan_compiler.sh: ignoring LLVM_ROOT_PATH=/home/alexey/dev/llvm-project/llvm/build (not the TSan prototype tree)
tsan_compiler.sh: using /home/alexey/dev/llvm-project-focs-lab/llvm/build/bin/clang (clang version 19.0.0git (https://github.com/focs-lab/llvm-project 729521af89653b1bac211c03203ab160d5cb71d0))
==> Running in test-only mode.
==> Checking for pre-existing redis-server processes before running benchmarks.
==> Switching to polygon directory for tests.
==> Testing stmt
PING_INLINE 477768.84
PING_MBULK 691872.75
SET 347377.75
GET 419299.25
INCR 426630.28
RPUSH 263553.22
LPOP 238827.39
RPOP 489456.00
SADD 368896.78
HSET 296604.81
SPOP 511476.50
ZADD 276672.56
ZPOPMIN 513840.78
LPUSH 227477.95
LRANGE_100 24444.07
LRANGE_300 8705.12
LRANGE_500 5336.04
LRANGE_600 4438.94
MSET 63650.35
==> Found running redis-server process(es): 2604392
==> Stopping redis-server with SIGTERM
==> redis-server stopped gracefully.
==> Script finished successfully. All results are in __results_redis__
