jq found, will generate JSON output to /home/alexey/tsan-experiments/tools/perf/results/contention-d3bf9f8c39fe/ffmpeg-t8/ffmpeg/orig/run4/summary.json.
--- FFmpeg Benchmark Start (using /usr/bin/time) ---
Builds to test: ffmpeg-orig
Video file: ./input/WatchingEyeTexture.mkv
Runs per test: 1

--- Benchmarking: Codec [h264_libx264], Build [ffmpeg-orig] ---

[96;1mffmpeg-orig/bin/ffmpeg -hide_banner -i "./input/WatchingEyeTexture.mkv" -threads 8 -y -c:v libx264 -preset medium -crf 23  -loglevel error /dev/shm/out.mp4[0m

  Run 1/1... OK (Time: 21.45s, Mem: 377528KB)
  Results: Time(avg±std): 21.4500s ± 0s | Mem(peak): 377528KB | Runs: 1/1
--------------------------------------------------------

--- Benchmarking: Codec [copy_passthrough], Build [ffmpeg-orig] ---

[96;1mffmpeg-orig/bin/ffmpeg -hide_banner -i "./input/WatchingEyeTexture.mkv" -threads 8 -y -c:v copy -c:a copy  -loglevel error /dev/shm/out.mkv[0m

  Run 1/1... OK (Time: 0.14s, Mem: 23116KB)
  Results: Time(avg±std): .1400s ± 0s | Mem(peak): 23116KB | Runs: 1/1
--------------------------------------------------------

--- Benchmarking: Codec [mjpeg], Build [ffmpeg-orig] ---

[96;1mffmpeg-orig/bin/ffmpeg -hide_banner -i "./input/WatchingEyeTexture.mkv" -threads 8 -y -c:v mjpeg -pix_fmt yuvj420p -q:v 2  -loglevel error /dev/shm/out.avi[0m

  Run 1/1... OK (Time: 3.67s, Mem: 169164KB)
  Results: Time(avg±std): 3.6700s ± 0s | Mem(peak): 169164KB | Runs: 1/1
--------------------------------------------------------

--- Benchmarking: Codec [h265_libx265], Build [ffmpeg-orig] ---

[96;1mffmpeg-orig/bin/ffmpeg -hide_banner -i "./input/WatchingEyeTexture.mkv" -threads 8 -y -c:v libx265 -preset medium -crf 28 -tag:v hvc1  -loglevel error /dev/shm/out.mp4[0m

  Run 1/1... OK (Time: 40.26s, Mem: 630608KB)
  Results: Time(avg±std): 40.2600s ± 0s | Mem(peak): 630608KB | Runs: 1/1
--------------------------------------------------------

JSON results have been finalized in /home/alexey/tsan-experiments/tools/perf/results/contention-d3bf9f8c39fe/ffmpeg-t8/ffmpeg/orig/run4/summary.json
Benchmark finished. CSV results are in /home/alexey/tsan-experiments/tools/perf/results/contention-d3bf9f8c39fe/ffmpeg-t8/ffmpeg/orig/run4/summary.csv
