tsan_compiler.sh: using /opt/tsan-llvm/bin/clang (clang version 19.0.0git (https://github.com/focs-lab/llvm-project f3deebfbab602f4e05289e0acbde0efd06b8058c)) [frozen copy, TSAN_AUDIT_HASH=f3deebfbab60]
==> Running in test-only mode.
./redis.sh: line 246: warning: setlocale: LC_ALL: cannot change locale (en_US.UTF-8): No such file or directory
==> Checking for pre-existing redis-server processes before running benchmarks.
==> Switching to polygon directory for tests.
==> Testing dom_peeling-ea-lo-st-swmr
PING_INLINE 497240.53
PING_MBULK 770167.81
SET 361648.31
GET 451134.88
INCR 408972.94
RPUSH 271134.31
LPOP 254001.50
RPOP 506601.88
SADD 395333.84
HSET 302705.62
SPOP 512512.50
ZADD 308547.16
ZPOPMIN 483624.09
LPUSH 244733.88
LRANGE_100 27377.49
LRANGE_300 10148.35
LRANGE_500 6283.02
LRANGE_600 5332.48
MSET 66624.62
==> Found running redis-server process(es): 8073
==> Stopping redis-server with SIGTERM
==> redis-server stopped gracefully.
==> Script finished successfully. All results are in __results_redis__
