tsan_compiler.sh: using /opt/tsan-llvm/bin/clang (clang version 19.0.0git (https://github.com/focs-lab/llvm-project f3deebfbab602f4e05289e0acbde0efd06b8058c)) [frozen copy, TSAN_AUDIT_HASH=f3deebfbab60]
==> Running in test-only mode.
./redis.sh: line 246: warning: setlocale: LC_ALL: cannot change locale (en_US.UTF-8): No such file or directory
==> Checking for pre-existing redis-server processes before running benchmarks.
==> Switching to polygon directory for tests.
==> Testing dom_peeling-ea-lo-st-swmr-nofe
PING_INLINE 510172.38
PING_MBULK 763700.81
SET 365794.53
GET 441114.66
INCR 467717.62
RPUSH 266289.06
LPOP 246902.27
RPOP 511536.56
SADD 390647.38
HSET 308780.25
SPOP 532719.94
ZADD 301521.41
ZPOPMIN 531587.69
LPUSH 227788.70
LRANGE_100 26911.73
LRANGE_300 9671.87
LRANGE_500 5877.44
LRANGE_600 4849.47
MSET 73067.94
==> Found running redis-server process(es): 15915
==> Stopping redis-server with SIGTERM
==> redis-server stopped gracefully.
==> Script finished successfully. All results are in __results_redis__
