tsan_compiler.sh: ignoring LLVM_ROOT_PATH=/home/alexey/dev/llvm-project/llvm/build (not the TSan prototype tree)
tsan_compiler.sh: using /home/alexey/dev/llvm-project-focs-lab/llvm/build/bin/clang (clang version 19.0.0git (https://github.com/focs-lab/llvm-project 729521af89653b1bac211c03203ab160d5cb71d0))
==> Running in test-only mode.
==> Checking for pre-existing redis-server processes before running benchmarks.
==> Switching to polygon directory for tests.
==> Testing sound-yoff
PING_INLINE 509133.84
PING_MBULK 690917.12
SET 328457.12
GET 433608.16
INCR 423559.69
RPUSH 269135.09
LPOP 248707.80
RPOP 505532.09
SADD 406195.78
HSET 287815.88
SPOP 556422.69
ZADD 306322.09
ZPOPMIN 567147.38
LPUSH 236680.38
LRANGE_100 24705.00
LRANGE_300 8927.09
LRANGE_500 5419.48
LRANGE_600 4504.76
MSET 64470.06
==> Found running redis-server process(es): 2615580
==> Stopping redis-server with SIGTERM
==> redis-server stopped gracefully.
==> Script finished successfully. All results are in __results_redis__
