tsan_compiler.sh: ignoring LLVM_ROOT_PATH=/home/alexey/dev/llvm-project/llvm/build (not the TSan prototype tree)
tsan_compiler.sh: using /home/alexey/dev/llvm-project-focs-lab/llvm/build/bin/clang (clang version 19.0.0git (https://github.com/focs-lab/llvm-project 729521af89653b1bac211c03203ab160d5cb71d0))
==> Running in test-only mode.
==> Checking for pre-existing redis-server processes before running benchmarks.
==> Switching to polygon directory for tests.
==> Testing dom_peeling
PING_INLINE 533287.81
PING_MBULK 842837.38
SET 378814.09
GET 463599.62
INCR 467062.56
RPUSH 295103.56
LPOP 272973.53
RPOP 524069.12
SADD 412726.06
HSET 307357.28
SPOP 572011.44
ZADD 318208.66
ZPOPMIN 599429.56
LPUSH 247268.41
LRANGE_100 28637.23
LRANGE_300 10130.83
LRANGE_500 6209.91
LRANGE_600 5177.32
MSET 64657.42
==> Found running redis-server process(es): 539499
==> Stopping redis-server with SIGTERM
==> redis-server stopped gracefully.
==> Script finished successfully. All results are in __results_redis__
