tsan_compiler.sh: ignoring LLVM_ROOT_PATH=/home/alexey/dev/llvm-project/llvm/build (not the TSan prototype tree)
tsan_compiler.sh: using /home/alexey/dev/llvm-project-focs-lab/llvm/build/bin/clang (clang version 19.0.0git (https://github.com/focs-lab/llvm-project 729521af89653b1bac211c03203ab160d5cb71d0))
==> Running in test-only mode.
==> Checking for pre-existing redis-server processes before running benchmarks.
==> Switching to polygon directory for tests.
==> Testing stmt
PING_INLINE 436486.91
PING_MBULK 649103.31
SET 303139.22
GET 407048.78
INCR 384455.97
RPUSH 243329.11
LPOP 229833.81
RPOP 418582.59
SADD 336823.28
HSET 263925.53
SPOP 478504.66
ZADD 259447.91
ZPOPMIN 438731.78
LPUSH 209108.47
LRANGE_100 22594.72
LRANGE_300 8683.01
LRANGE_500 5355.97
LRANGE_600 4453.50
MSET 64899.16
==> Found running redis-server process(es): 2041326
==> Stopping redis-server with SIGTERM
==> redis-server stopped gracefully.
==> Script finished successfully. All results are in __results_redis__
