tsan_compiler.sh: using /opt/tsan-llvm/bin/clang (clang version 19.0.0git (https://github.com/focs-lab/llvm-project f3deebfbab602f4e05289e0acbde0efd06b8058c)) [frozen copy, TSAN_AUDIT_HASH=f3deebfbab60]
==> Running in test-only mode.
./redis.sh: line 246: warning: setlocale: LC_ALL: cannot change locale (en_US.UTF-8): No such file or directory
==> Checking for pre-existing redis-server processes before running benchmarks.
==> Switching to polygon directory for tests.
==> Testing tsan
PING_INLINE 491620.62
PING_MBULK 760796.94
SET 362087.59
GET 465218.59
INCR 455784.97
RPUSH 287072.59
LPOP 258513.70
RPOP 520253.78
SADD 409013.88
HSET 306415.91
SPOP 557352.69
ZADD 309928.12
ZPOPMIN 540490.56
LPUSH 255411.80
LRANGE_100 24415.66
LRANGE_300 10124.67
LRANGE_500 6216.75
LRANGE_600 5097.82
MSET 51187.72
==> Found running redis-server process(es): 16093
==> Stopping redis-server with SIGTERM
==> redis-server stopped gracefully.
==> Script finished successfully. All results are in __results_redis__
