tsan_compiler.sh: using /opt/tsan-llvm/bin/clang (clang version 19.0.0git (https://github.com/focs-lab/llvm-project f3deebfbab602f4e05289e0acbde0efd06b8058c)) [frozen copy, TSAN_AUDIT_HASH=f3deebfbab60]
==> Running in test-only mode.
./redis.sh: line 246: warning: setlocale: LC_ALL: cannot change locale (en_US.UTF-8): No such file or directory
==> Checking for pre-existing redis-server processes before running benchmarks.
==> Switching to polygon directory for tests.
==> Testing dom_peeling-ea-lo-st-swmr
PING_INLINE 450449.34
PING_MBULK 710545.44
SET 310167.22
GET 400710.59
INCR 381313.56
RPUSH 243935.86
LPOP 234247.27
RPOP 482688.84
SADD 333422.16
HSET 264243.19
SPOP 446623.94
ZADD 270558.28
ZPOPMIN 430364.31
LPUSH 206360.95
LRANGE_100 23664.35
LRANGE_300 8920.82
LRANGE_500 5480.79
LRANGE_600 4576.50
MSET 58412.33
==> Found running redis-server process(es): 11208
==> Stopping redis-server with SIGTERM
==> redis-server stopped gracefully.
==> Script finished successfully. All results are in __results_redis__
