tsan_compiler.sh: ignoring LLVM_ROOT_PATH=/home/alexey/dev/llvm-project/llvm/build (not the TSan prototype tree)
tsan_compiler.sh: using /home/alexey/dev/llvm-project-focs-lab/llvm/build/bin/clang (clang version 19.0.0git (https://github.com/focs-lab/llvm-project 729521af89653b1bac211c03203ab160d5cb71d0))
==> Running in test-only mode.
==> Checking for pre-existing redis-server processes before running benchmarks.
==> Switching to polygon directory for tests.
==> Testing tsan
PING_INLINE 527384.31
PING_MBULK 747718.94
SET 328015.75
GET 416853.31
INCR 429561.19
RPUSH 262515.88
LPOP 250487.73
RPOP 495026.25
SADD 363534.88
HSET 308304.47
SPOP 516493.53
ZADD 304828.75
ZPOPMIN 551211.00
LPUSH 229302.78
LRANGE_100 25806.89
LRANGE_300 8678.19
LRANGE_500 5310.40
LRANGE_600 4435.28
MSET 63070.77
==> Found running redis-server process(es): 2091462
==> Stopping redis-server with SIGTERM
==> redis-server stopped gracefully.
==> Script finished successfully. All results are in __results_redis__
