tsan_compiler.sh: ignoring LLVM_ROOT_PATH=/home/alexey/dev/llvm-project/llvm/build (not the TSan prototype tree)
tsan_compiler.sh: using /home/alexey/dev/llvm-project-focs-lab/llvm/build/bin/clang (clang version 19.0.0git (https://github.com/focs-lab/llvm-project 729521af89653b1bac211c03203ab160d5cb71d0))
==> Running in test-only mode.
==> Checking for pre-existing redis-server processes before running benchmarks.
==> Switching to polygon directory for tests.
==> Testing dom
PING_INLINE 438408.41
PING_MBULK 729189.50
SET 302707.41
GET 428310.91
INCR 410019.66
RPUSH 253727.61
LPOP 227477.95
RPOP 464892.22
SADD 351404.31
HSET 265935.12
SPOP 488738.66
ZADD 280709.31
ZPOPMIN 477768.84
LPUSH 209757.59
LRANGE_100 23335.01
LRANGE_300 8494.86
LRANGE_500 5164.19
LRANGE_600 4334.43
MSET 60988.59
==> Found running redis-server process(es): 2379448
==> Stopping redis-server with SIGTERM
==> redis-server stopped gracefully.
==> Script finished successfully. All results are in __results_redis__
