tsan_compiler.sh: using /opt/tsan-llvm/bin/clang (clang version 19.0.0git (https://github.com/focs-lab/llvm-project f3deebfbab602f4e05289e0acbde0efd06b8058c)) [frozen copy, TSAN_AUDIT_HASH=f3deebfbab60]
==> Running in test-only mode.
./redis.sh: line 246: warning: setlocale: LC_ALL: cannot change locale (en_US.UTF-8): No such file or directory
==> Checking for pre-existing redis-server processes before running benchmarks.
==> Switching to polygon directory for tests.
==> Testing orig
PING_INLINE 4407260.00
PING_MBULK 6669653.00
SET 4100196.75
GET 4952712.50
INCR 4151236.50
RPUSH 3847877.00
LPOP 2238138.75
RPOP 5407827.00
SADD 3597313.00
HSET 3368512.00
SPOP 5589095.00
ZADD 3040875.50
ZPOPMIN 5716846.00
LPUSH 3510344.00
LRANGE_100 168375.83
LRANGE_300 47245.37
LRANGE_500 28150.84
LRANGE_600 23083.97
MSET 625150.00
==> Found running redis-server process(es): 15679
==> Stopping redis-server with SIGTERM
==> redis-server stopped gracefully.
==> Script finished successfully. All results are in __results_redis__
