jq found, will generate JSON output to /home/alexey/tsan-experiments/tools/perf/results/campaign-f3deebfbab60/primary/ffmpeg/tsan-ea/run4/summary.json.
--- FFmpeg Benchmark Start (using /usr/bin/time) ---
Builds to test: ffmpeg-tsan-ea
Video file: ./input/TearsOfSteel-1366x768-100s.mkv
Runs per test: 1

--- Benchmarking: Codec [h264_libx264], Build [ffmpeg-tsan-ea] ---

[96;1mffmpeg-tsan-ea/bin/ffmpeg -hide_banner -i "./input/TearsOfSteel-1366x768-100s.mkv" -threads 4 -y -c:v libx264 -preset medium -crf 23  -loglevel error /dev/shm/out.mp4[0m

  Run 1/1... OK (Time: 45.41s, Mem: 587416KB)
  Results: Time(avg±std): 45.4100s ± 0s | Mem(peak): 587416KB | Runs: 1/1
--------------------------------------------------------

--- Benchmarking: Codec [copy_passthrough], Build [ffmpeg-tsan-ea] ---

[96;1mffmpeg-tsan-ea/bin/ffmpeg -hide_banner -i "./input/TearsOfSteel-1366x768-100s.mkv" -threads 4 -y -c:v copy -c:a copy  -loglevel error /dev/shm/out.mkv[0m

  Run 1/1... OK (Time: 0.8s, Mem: 73320KB)
  Results: Time(avg±std): .8000s ± 0s | Mem(peak): 73320KB | Runs: 1/1
--------------------------------------------------------

--- Benchmarking: Codec [mjpeg], Build [ffmpeg-tsan-ea] ---

[96;1mffmpeg-tsan-ea/bin/ffmpeg -hide_banner -i "./input/TearsOfSteel-1366x768-100s.mkv" -threads 4 -y -c:v mjpeg -pix_fmt yuvj420p -q:v 2  -loglevel error /dev/shm/out.avi[0m

  Run 1/1... OK (Time: 21.39s, Mem: 415916KB)
  Results: Time(avg±std): 21.3900s ± 0s | Mem(peak): 415916KB | Runs: 1/1
--------------------------------------------------------

--- Benchmarking: Codec [h265_libx265], Build [ffmpeg-tsan-ea] ---

[96;1mffmpeg-tsan-ea/bin/ffmpeg -hide_banner -i "./input/TearsOfSteel-1366x768-100s.mkv" -threads 4 -y -c:v libx265 -preset medium -crf 28 -tag:v hvc1  -loglevel error /dev/shm/out.mp4[0m

  Run 1/1... OK (Time: 42.93s, Mem: 1664800KB)
  Results: Time(avg±std): 42.9300s ± 0s | Mem(peak): 1664800KB | Runs: 1/1
--------------------------------------------------------

JSON results have been finalized in /home/alexey/tsan-experiments/tools/perf/results/campaign-f3deebfbab60/primary/ffmpeg/tsan-ea/run4/summary.json
Benchmark finished. CSV results are in /home/alexey/tsan-experiments/tools/perf/results/campaign-f3deebfbab60/primary/ffmpeg/tsan-ea/run4/summary.csv
