tsan_compiler.sh: using /opt/tsan-llvm/bin/clang (clang version 19.0.0git (https://github.com/focs-lab/llvm-project f3deebfbab602f4e05289e0acbde0efd06b8058c)) [frozen copy, TSAN_AUDIT_HASH=f3deebfbab60]
==> Running in test-only mode.
./redis.sh: line 246: warning: setlocale: LC_ALL: cannot change locale (en_US.UTF-8): No such file or directory
==> Checking for pre-existing redis-server processes before running benchmarks.
==> Switching to polygon directory for tests.
==> Testing dom_peeling-ea-lo-st-swmr-stmt
PING_INLINE 466192.00
PING_MBULK 659491.12
SET 327157.62
GET 403243.88
INCR 402432.81
RPUSH 249177.59
LPOP 232230.27
RPOP 465757.91
SADD 342033.50
HSET 266643.91
SPOP 487073.06
ZADD 266218.22
ZPOPMIN 483074.81
LPUSH 213087.95
LRANGE_100 26299.23
LRANGE_300 8775.11
LRANGE_500 5328.47
LRANGE_600 4268.06
MSET 60309.20
==> Found running redis-server process(es): 13887
==> Stopping redis-server with SIGTERM
==> redis-server stopped gracefully.
==> Script finished successfully. All results are in __results_redis__
