tsan_compiler.sh: ignoring LLVM_ROOT_PATH=/home/alexey/dev/llvm-project/llvm/build (not the TSan prototype tree)
tsan_compiler.sh: using /home/alexey/dev/llvm-project-focs-lab/llvm/build/bin/clang (clang version 19.0.0git (https://github.com/focs-lab/llvm-project 729521af89653b1bac211c03203ab160d5cb71d0))
==> Running in test-only mode.
==> Checking for pre-existing redis-server processes before running benchmarks.
==> Switching to polygon directory for tests.
==> Testing dom_peeling-ea-lo-st-swmr
PING_INLINE 405250.97
PING_MBULK 609523.81
SET 288791.28
GET 378142.41
INCR 361479.50
RPUSH 231173.89
LPOP 223479.62
RPOP 406057.84
SADD 320487.56
HSET 246848.00
SPOP 429170.19
ZADD 248548.33
ZPOPMIN 421225.84
LPUSH 203103.78
LRANGE_100 22044.72
LRANGE_300 8284.51
LRANGE_500 5141.88
LRANGE_600 4310.28
MSET 57102.34
==> Found running redis-server process(es): 2037062
==> Stopping redis-server with SIGTERM
==> redis-server stopped gracefully.
==> Script finished successfully. All results are in __results_redis__
