tsan_compiler.sh: ignoring LLVM_ROOT_PATH=/home/alexey/dev/llvm-project/llvm/build (not the TSan prototype tree)
tsan_compiler.sh: using /home/alexey/dev/llvm-project-focs-lab/llvm/build/bin/clang (clang version 19.0.0git (https://github.com/focs-lab/llvm-project 729521af89653b1bac211c03203ab160d5cb71d0))
==> Running in test-only mode.
==> Checking for pre-existing redis-server processes before running benchmarks.
==> Switching to polygon directory for tests.
==> Testing swmr
PING_INLINE 460399.44
PING_MBULK 764868.50
SET 337305.44
GET 421241.25
INCR 425360.53
RPUSH 257456.89
LPOP 241654.11
RPOP 513840.78
SADD 350911.25
HSET 287733.09
SPOP 557663.31
ZADD 287650.38
ZPOPMIN 531587.69
LPUSH 219830.36
LRANGE_100 23649.33
LRANGE_300 8604.21
LRANGE_500 5200.71
LRANGE_600 4348.57
MSET 64234.70
==> Found running redis-server process(es): 2124761
==> Stopping redis-server with SIGTERM
==> redis-server stopped gracefully.
==> Script finished successfully. All results are in __results_redis__
