tsan_compiler.sh: ignoring LLVM_ROOT_PATH=/home/alexey/dev/llvm-project/llvm/build (not the TSan prototype tree)
tsan_compiler.sh: using /home/alexey/dev/llvm-project-focs-lab/llvm/build/bin/clang (clang version 19.0.0git (https://github.com/focs-lab/llvm-project 729521af89653b1bac211c03203ab160d5cb71d0))
==> Running in test-only mode.
==> Checking for pre-existing redis-server processes before running benchmarks.
==> Switching to polygon directory for tests.
==> Testing orig
PING_INLINE 3611725.50
PING_MBULK 5816558.00
SET 2908279.00
GET 3877705.75
INCR 4017863.50
RPUSH 2842181.75
LPOP 2404923.00
RPOP 4426761.00
SADD 3426191.75
HSET 2578474.25
SPOP 4349774.00
ZADD 2359547.25
ZPOPMIN 4610359.50
LPUSH 2618973.75
LRANGE_100 132278.91
LRANGE_300 38284.64
LRANGE_500 23178.90
LRANGE_600 18418.18
MSET 483033.66
==> Found running redis-server process(es): 85255
==> Stopping redis-server with SIGTERM
==> redis-server stopped gracefully.
==> Script finished successfully. All results are in __results_redis__
