tsan_compiler.sh: using /opt/tsan-llvm/bin/clang (clang version 19.0.0git (https://github.com/focs-lab/llvm-project f3deebfbab602f4e05289e0acbde0efd06b8058c)) [frozen copy, TSAN_AUDIT_HASH=f3deebfbab60]
==> Running in test-only mode.
./redis.sh: line 246: warning: setlocale: LC_ALL: cannot change locale (en_US.UTF-8): No such file or directory
==> Checking for pre-existing redis-server processes before running benchmarks.
==> Switching to polygon directory for tests.
==> Testing tsan
PING_INLINE 426448.44
PING_MBULK 621396.25
SET 358455.06
GET 465324.62
INCR 453512.22
RPUSH 288729.59
LPOP 263692.16
RPOP 517294.72
SADD 407182.75
HSET 327157.62
SPOP 567147.38
ZADD 317804.31
ZPOPMIN 557352.69
LPUSH 260873.02
LRANGE_100 29134.10
LRANGE_300 10228.51
LRANGE_500 6375.99
LRANGE_600 5249.97
MSET 79226.38
==> Found running redis-server process(es): 3923
==> Stopping redis-server with SIGTERM
==> redis-server stopped gracefully.
==> Script finished successfully. All results are in __results_redis__
