tsan_compiler.sh: using /opt/tsan-llvm/bin/clang (clang version 19.0.0git (https://github.com/focs-lab/llvm-project f3deebfbab602f4e05289e0acbde0efd06b8058c)) [frozen copy, TSAN_AUDIT_HASH=f3deebfbab60]
==> Running in test-only mode.
./redis.sh: line 246: warning: setlocale: LC_ALL: cannot change locale (en_US.UTF-8): No such file or directory
==> Checking for pre-existing redis-server processes before running benchmarks.
==> Switching to polygon directory for tests.
==> Testing dom_peeling-ea-lo-st-swmr
PING_INLINE 450652.25
PING_MBULK 694273.44
SET 314292.50
GET 408802.59
INCR 367201.44
RPUSH 246982.89
LPOP 233398.56
RPOP 444767.28
SADD 336131.84
HSET 260129.92
SPOP 437233.12
ZADD 266154.59
ZPOPMIN 442715.09
LPUSH 207126.92
LRANGE_100 22997.93
LRANGE_300 8916.89
LRANGE_500 5504.64
LRANGE_600 4582.54
MSET 64836.03
==> Found running redis-server process(es): 7916
==> Stopping redis-server with SIGTERM
==> redis-server stopped gracefully.
==> Script finished successfully. All results are in __results_redis__
