tsan_compiler.sh: ignoring LLVM_ROOT_PATH=/home/alexey/dev/llvm-project/llvm/build (not the TSan prototype tree)
tsan_compiler.sh: using /home/alexey/dev/llvm-project-focs-lab/llvm/build/bin/clang (clang version 19.0.0git (https://github.com/focs-lab/llvm-project 729521af89653b1bac211c03203ab160d5cb71d0))
==> Running in test-only mode.
==> Checking for pre-existing redis-server processes before running benchmarks.
==> Switching to polygon directory for tests.
==> Testing dom_peeling-ea-lo-st-swmr
PING_INLINE 499225.56
PING_MBULK 709034.75
SET 336285.06
GET 432758.97
INCR 439851.81
RPUSH 271977.72
LPOP 252475.14
RPOP 489216.59
SADD 394654.03
HSET 289397.75
SPOP 526551.56
ZADD 290574.50
ZPOPMIN 494048.38
LPUSH 232554.16
LRANGE_100 24996.07
LRANGE_300 9107.97
LRANGE_500 5547.21
LRANGE_600 4592.34
MSET 65610.74
==> Found running redis-server process(es): 2626050
==> Stopping redis-server with SIGTERM
==> redis-server stopped gracefully.
==> Script finished successfully. All results are in __results_redis__
