tsan_compiler.sh: ignoring LLVM_ROOT_PATH=/home/alexey/dev/llvm-project/llvm/build (not the TSan prototype tree)
tsan_compiler.sh: using /home/alexey/dev/llvm-project-focs-lab/llvm/build/bin/clang (clang version 19.0.0git (https://github.com/focs-lab/llvm-project 729521af89653b1bac211c03203ab160d5cb71d0))
==> Running in test-only mode.
==> Checking for pre-existing redis-server processes before running benchmarks.
==> Switching to polygon directory for tests.
==> Testing st
PING_INLINE 492588.91
PING_MBULK 759065.25
SET 317769.56
GET 421235.34
INCR 422576.62
RPUSH 250259.61
LPOP 232431.80
RPOP 501477.69
SADD 341305.72
HSET 265650.66
SPOP 520795.41
ZADD 288207.94
ZPOPMIN 524343.81
LPUSH 215909.81
LRANGE_100 20547.50
LRANGE_300 8488.53
LRANGE_500 5230.45
LRANGE_600 4428.23
MSET 65836.87
==> Found running redis-server process(es): 4014071
==> Stopping redis-server with SIGTERM
==> redis-server stopped gracefully.
==> Script finished successfully. All results are in __results_redis__
