tsan_compiler.sh: using /opt/tsan-llvm/bin/clang (clang version 19.0.0git (https://github.com/focs-lab/llvm-project f3deebfbab602f4e05289e0acbde0efd06b8058c)) [frozen copy, TSAN_AUDIT_HASH=f3deebfbab60]
==> Running in test-only mode.
./redis.sh: line 246: warning: setlocale: LC_ALL: cannot change locale (en_US.UTF-8): No such file or directory
==> Checking for pre-existing redis-server processes before running benchmarks.
==> Switching to polygon directory for tests.
==> Testing tsan
PING_INLINE 455992.72
PING_MBULK 688066.00
SET 310543.59
GET 396767.03
INCR 381590.91
RPUSH 236618.05
LPOP 220609.59
RPOP 448570.34
SADD 341570.06
HSET 260617.88
SPOP 426840.16
ZADD 265711.84
ZPOPMIN 413737.38
LPUSH 203637.62
LRANGE_100 22451.51
LRANGE_300 8659.97
LRANGE_500 5392.53
LRANGE_600 4491.50
MSET 64434.97
==> Found running redis-server process(es): 17062
==> Stopping redis-server with SIGTERM
==> redis-server stopped gracefully.
==> Script finished successfully. All results are in __results_redis__
