tsan_compiler.sh: ignoring LLVM_ROOT_PATH=/home/alexey/dev/llvm-project/llvm/build (not the TSan prototype tree)
tsan_compiler.sh: using /home/alexey/dev/llvm-project-focs-lab/llvm/build/bin/clang (clang version 19.0.0git (https://github.com/focs-lab/llvm-project 729521af89653b1bac211c03203ab160d5cb71d0))
==> Running in test-only mode.
==> Checking for pre-existing redis-server processes before running benchmarks.
==> Switching to polygon directory for tests.
==> Testing orig
PING_INLINE 4117070.00
PING_MBULK 6625483.50
SET 2959905.25
GET 3691690.00
INCR 3560313.25
RPUSH 2818163.50
LPOP 2545669.25
RPOP 4368768.50
SADD 3344659.00
HSET 2513688.50
SPOP 5210666.50
ZADD 2332046.75
ZPOPMIN 4952712.50
LPUSH 2571845.75
LRANGE_100 130666.66
LRANGE_300 39782.10
LRANGE_500 23834.91
LRANGE_600 19113.21
MSET 476990.50
==> Found running redis-server process(es): 2601545
==> Stopping redis-server with SIGTERM
==> redis-server stopped gracefully.
==> Script finished successfully. All results are in __results_redis__
