tsan_compiler.sh: using /opt/tsan-llvm/bin/clang (clang version 19.0.0git (https://github.com/focs-lab/llvm-project f3deebfbab602f4e05289e0acbde0efd06b8058c)) [frozen copy, TSAN_AUDIT_HASH=f3deebfbab60]
==> Running in test-only mode.
./redis.sh: line 246: warning: setlocale: LC_ALL: cannot change locale (en_US.UTF-8): No such file or directory
==> Checking for pre-existing redis-server processes before running benchmarks.
==> Switching to polygon directory for tests.
==> Testing dom_peeling-ea-lo-st-swmr-stmt
PING_INLINE 447427.53
PING_MBULK 708031.12
SET 303727.84
GET 389841.16
INCR 367042.69
RPUSH 229822.86
LPOP 223907.52
RPOP 417451.59
SADD 326300.91
HSET 248315.66
SPOP 429784.19
ZADD 256008.52
ZPOPMIN 432067.53
LPUSH 200664.84
LRANGE_100 22062.08
LRANGE_300 8574.96
LRANGE_500 5250.18
LRANGE_600 4430.56
MSET 63851.90
==> Found running redis-server process(es): 6061
==> Stopping redis-server with SIGTERM
==> redis-server stopped gracefully.
==> Script finished successfully. All results are in __results_redis__
