tsan_compiler.sh: using /opt/tsan-llvm/bin/clang (clang version 19.0.0git (https://github.com/focs-lab/llvm-project f3deebfbab602f4e05289e0acbde0efd06b8058c)) [frozen copy, TSAN_AUDIT_HASH=f3deebfbab60]
==> Running in test-only mode.
./redis.sh: line 246: warning: setlocale: LC_ALL: cannot change locale (en_US.UTF-8): No such file or directory
==> Checking for pre-existing redis-server processes before running benchmarks.
==> Switching to polygon directory for tests.
==> Testing dom_peeling-ea-lo-st-swmr
PING_INLINE 490436.81
PING_MBULK 788996.81
SET 382833.28
GET 491582.44
INCR 475077.38
RPUSH 299855.56
LPOP 269989.88
RPOP 562049.44
SADD 430534.66
HSET 309035.22
SPOP 553801.62
ZADD 332608.03
ZPOPMIN 552428.50
LPUSH 263401.97
LRANGE_100 25557.80
LRANGE_300 10686.50
LRANGE_500 6280.69
LRANGE_600 5286.14
MSET 78011.27
==> Found running redis-server process(es): 4485
==> Stopping redis-server with SIGTERM
==> redis-server stopped gracefully.
==> Script finished successfully. All results are in __results_redis__
