tsan_compiler.sh: ignoring LLVM_ROOT_PATH=/home/alexey/dev/llvm-project/llvm/build (not the TSan prototype tree)
tsan_compiler.sh: using /home/alexey/dev/llvm-project-focs-lab/llvm/build/bin/clang (clang version 19.0.0git (https://github.com/focs-lab/llvm-project 729521af89653b1bac211c03203ab160d5cb71d0))
==> Running in test-only mode.
==> Checking for pre-existing redis-server processes before running benchmarks.
==> Switching to polygon directory for tests.
==> Testing orig
PING_INLINE 3970031.75
PING_MBULK 6100292.50
SET 3236738.00
GET 3803551.25
INCR 3877705.75
RPUSH 2883135.50
LPOP 2689376.25
RPOP 4589211.00
SADD 3236673.25
HSET 2428271.75
SPOP 4568256.00
ZADD 2446083.00
ZPOPMIN 4426761.00
LPUSH 2667861.25
LRANGE_100 130317.13
LRANGE_300 41209.68
LRANGE_500 24862.07
LRANGE_600 19356.69
MSET 547634.94
==> Found running redis-server process(es): 2684144
==> Stopping redis-server with SIGTERM
==> redis-server stopped gracefully.
==> Script finished successfully. All results are in __results_redis__
