tsan_compiler.sh: ignoring LLVM_ROOT_PATH=/home/alexey/dev/llvm-project/llvm/build (not the TSan prototype tree)
tsan_compiler.sh: using /home/alexey/dev/llvm-project-focs-lab/llvm/build/bin/clang (clang version 19.0.0git (https://github.com/focs-lab/llvm-project 729521af89653b1bac211c03203ab160d5cb71d0))
==> Running in test-only mode.
==> Checking for pre-existing redis-server processes before running benchmarks.
==> Switching to polygon directory for tests.
==> Testing st
PING_INLINE 476857.94
PING_MBULK 726541.75
SET 352270.44
GET 440531.94
INCR 408421.00
RPUSH 267183.22
LPOP 241304.39
RPOP 462314.22
SADD 365249.84
HSET 303257.97
SPOP 517294.72
ZADD 278987.19
ZPOPMIN 518366.84
LPUSH 229302.78
LRANGE_100 24304.06
LRANGE_300 8851.42
LRANGE_500 5363.31
LRANGE_600 4445.23
MSET 62339.89
==> Found running redis-server process(es): 2108066
==> Stopping redis-server with SIGTERM
==> redis-server stopped gracefully.
==> Script finished successfully. All results are in __results_redis__
