jq found, will generate JSON output to /home/alexey/tsan-experiments/tools/perf/results/campaign-f3deebfbab60/primary/ffmpeg/tsan-dom_peeling-ea-lo-st-swmr/run4/summary.json.
--- FFmpeg Benchmark Start (using /usr/bin/time) ---
Builds to test: ffmpeg-tsan-dom_peeling-ea-lo-st-swmr
Video file: ./input/TearsOfSteel-1366x768-100s.mkv
Runs per test: 1

--- Benchmarking: Codec [h264_libx264], Build [ffmpeg-tsan-dom_peeling-ea-lo-st-swmr] ---

[96;1mffmpeg-tsan-dom_peeling-ea-lo-st-swmr/bin/ffmpeg -hide_banner -i "./input/TearsOfSteel-1366x768-100s.mkv" -threads 4 -y -c:v libx264 -preset medium -crf 23  -loglevel error /dev/shm/out.mp4[0m

  Run 1/1... OK (Time: 44.94s, Mem: 582680KB)
  Results: Time(avg±std): 44.9400s ± 0s | Mem(peak): 582680KB | Runs: 1/1
--------------------------------------------------------

--- Benchmarking: Codec [copy_passthrough], Build [ffmpeg-tsan-dom_peeling-ea-lo-st-swmr] ---

[96;1mffmpeg-tsan-dom_peeling-ea-lo-st-swmr/bin/ffmpeg -hide_banner -i "./input/TearsOfSteel-1366x768-100s.mkv" -threads 4 -y -c:v copy -c:a copy  -loglevel error /dev/shm/out.mkv[0m

  Run 1/1... OK (Time: 0.81s, Mem: 76524KB)
  Results: Time(avg±std): .8100s ± 0s | Mem(peak): 76524KB | Runs: 1/1
--------------------------------------------------------

--- Benchmarking: Codec [mjpeg], Build [ffmpeg-tsan-dom_peeling-ea-lo-st-swmr] ---

[96;1mffmpeg-tsan-dom_peeling-ea-lo-st-swmr/bin/ffmpeg -hide_banner -i "./input/TearsOfSteel-1366x768-100s.mkv" -threads 4 -y -c:v mjpeg -pix_fmt yuvj420p -q:v 2  -loglevel error /dev/shm/out.avi[0m

  Run 1/1... OK (Time: 20.48s, Mem: 420000KB)
  Results: Time(avg±std): 20.4800s ± 0s | Mem(peak): 420000KB | Runs: 1/1
--------------------------------------------------------

--- Benchmarking: Codec [h265_libx265], Build [ffmpeg-tsan-dom_peeling-ea-lo-st-swmr] ---

[96;1mffmpeg-tsan-dom_peeling-ea-lo-st-swmr/bin/ffmpeg -hide_banner -i "./input/TearsOfSteel-1366x768-100s.mkv" -threads 4 -y -c:v libx265 -preset medium -crf 28 -tag:v hvc1  -loglevel error /dev/shm/out.mp4[0m

  Run 1/1... OK (Time: 43.11s, Mem: 1667828KB)
  Results: Time(avg±std): 43.1100s ± 0s | Mem(peak): 1667828KB | Runs: 1/1
--------------------------------------------------------

JSON results have been finalized in /home/alexey/tsan-experiments/tools/perf/results/campaign-f3deebfbab60/primary/ffmpeg/tsan-dom_peeling-ea-lo-st-swmr/run4/summary.json
Benchmark finished. CSV results are in /home/alexey/tsan-experiments/tools/perf/results/campaign-f3deebfbab60/primary/ffmpeg/tsan-dom_peeling-ea-lo-st-swmr/run4/summary.csv
