tsan_compiler.sh: ignoring LLVM_ROOT_PATH=/home/alexey/dev/llvm-project/llvm/build (not the TSan prototype tree)
tsan_compiler.sh: using /home/alexey/dev/llvm-project-focs-lab/llvm/build/bin/clang (clang version 19.0.0git (https://github.com/focs-lab/llvm-project 729521af89653b1bac211c03203ab160d5cb71d0))
==> Running in test-only mode.
==> Checking for pre-existing redis-server processes before running benchmarks.
==> Switching to polygon directory for tests.
==> Testing ea
PING_INLINE 462741.91
PING_MBULK 717681.44
SET 337365.34
GET 424056.53
INCR 416740.88
RPUSH 262058.17
LPOP 234605.55
RPOP 465757.91
SADD 346427.12
HSET 259201.66
SPOP 517562.34
ZADD 280895.88
ZPOPMIN 522973.34
LPUSH 220751.03
LRANGE_100 21010.66
LRANGE_300 8676.79
LRANGE_500 5335.70
LRANGE_600 4515.19
MSET 66082.67
==> Found running redis-server process(es): 4011436
==> Stopping redis-server with SIGTERM
==> redis-server stopped gracefully.
==> Script finished successfully. All results are in __results_redis__
