tsan_compiler.sh: ignoring LLVM_ROOT_PATH=/home/alexey/dev/llvm-project/llvm/build (not the TSan prototype tree)
tsan_compiler.sh: using /home/alexey/dev/llvm-project-focs-lab/llvm/build/bin/clang (clang version 19.0.0git (https://github.com/focs-lab/llvm-project 729521af89653b1bac211c03203ab160d5cb71d0))
==> Running in test-only mode.
==> Checking for pre-existing redis-server processes before running benchmarks.
==> Switching to polygon directory for tests.
==> Testing dom
PING_INLINE 464245.03
PING_MBULK 726014.50
SET 326384.75
GET 427720.50
INCR 434842.38
RPUSH 253963.50
LPOP 217702.50
RPOP 495271.28
SADD 371535.50
HSET 286750.16
SPOP 541661.06
ZADD 292086.09
ZPOPMIN 527940.88
LPUSH 223107.50
LRANGE_100 22330.43
LRANGE_300 8835.78
LRANGE_500 5394.33
LRANGE_600 4564.06
MSET 64727.06
==> Found running redis-server process(es): 3998268
==> Stopping redis-server with SIGTERM
==> redis-server stopped gracefully.
==> Script finished successfully. All results are in __results_redis__
