tsan_compiler.sh: using /opt/tsan-llvm/bin/clang (clang version 19.0.0git (https://github.com/focs-lab/llvm-project f3deebfbab602f4e05289e0acbde0efd06b8058c)) [frozen copy, TSAN_AUDIT_HASH=f3deebfbab60]
==> Running in test-only mode.
./redis.sh: line 246: warning: setlocale: LC_ALL: cannot change locale (en_US.UTF-8): No such file or directory
==> Checking for pre-existing redis-server processes before running benchmarks.
==> Switching to polygon directory for tests.
==> Testing dom_peeling-ea-lo-st-swmr-stmt
PING_INLINE 482608.78
PING_MBULK 779772.44
SET 363799.28
GET 426266.75
INCR 440531.94
RPUSH 280298.75
LPOP 252702.19
RPOP 503750.28
SADD 400660.00
HSET 308494.59
SPOP 536433.25
ZADD 323351.00
ZPOPMIN 499724.25
LPUSH 252829.92
LRANGE_100 28221.18
LRANGE_300 9710.18
LRANGE_500 6022.17
LRANGE_600 4920.11
MSET 76192.95
==> Found running redis-server process(es): 10312
==> Stopping redis-server with SIGTERM
==> redis-server stopped gracefully.
==> Script finished successfully. All results are in __results_redis__
