tsan_compiler.sh: ignoring LLVM_ROOT_PATH=/home/alexey/dev/llvm-project/llvm/build (not the TSan prototype tree)
tsan_compiler.sh: using /home/alexey/dev/llvm-project-focs-lab/llvm/build/bin/clang (clang version 19.0.0git (https://github.com/focs-lab/llvm-project 729521af89653b1bac211c03203ab160d5cb71d0))
==> Running in test-only mode.
==> Checking for pre-existing redis-server processes before running benchmarks.
==> Switching to polygon directory for tests.
==> Testing sound
PING_INLINE 473472.81
PING_MBULK 689013.75
SET 326810.84
GET 426294.81
INCR 395364.66
RPUSH 259216.86
LPOP 224047.16
RPOP 498727.81
SADD 384027.88
HSET 288281.09
SPOP 524069.12
ZADD 274704.88
ZPOPMIN 525445.38
LPUSH 230136.14
LRANGE_100 20726.32
LRANGE_300 8675.56
LRANGE_500 5365.02
LRANGE_600 4452.57
MSET 61199.40
==> Found running redis-server process(es): 4007106
==> Stopping redis-server with SIGTERM
==> redis-server stopped gracefully.
==> Script finished successfully. All results are in __results_redis__
